Scheduler started.
[MEMCACHED] cores updated to: ['0', '1', '2']
[radix] started on cores: [3] with 1 threads.
[monitor] ['5%', '1%', '1%', '100%']  memcached=7.6%
[MEMCACHED] cores updated to: ['0']
[barnes] started on cores: [1, 2] with 2 threads.
[monitor] ['19%', '15%', '89%', '100%']  memcached=19.0%
[monitor] ['22%', '76%', '100%', '100%']  memcached=22.3%
[monitor] ['22%', '100%', '97%', '100%']  memcached=21.6%
[monitor] ['23%', '100%', '100%', '100%']  memcached=22.6%
[monitor] ['12%', '100%', '100%', '100%']  memcached=11.8%
[monitor] ['30%', '100%', '100%', '100%']  memcached=29.8%
[monitor] ['86%', '100%', '100%', '100%']  memcached=85.8%
[MEMCACHED] cores updated to: ['0', '3']
[radix] paused.
[monitor] ['54%', '100%', '100%', '45%']  memcached=99.2%
[monitor] ['54%', '100%', '100%', '53%']  memcached=106.3%
[monitor] ['53%', '100%', '100%', '58%']  memcached=110.9%
[monitor] ['51%', '100%', '100%', '52%']  memcached=103.2%
[monitor] ['53%', '100%', '100%', '57%']  memcached=110.1%
[monitor] ['54%', '100%', '100%', '59%']  memcached=112.9%
[monitor] ['56%', '100%', '100%', '59%']  memcached=115.8%
[monitor] ['52%', '100%', '100%', '53%']  memcached=104.2%
[monitor] ['54%', '100%', '100%', '57%']  memcached=110.8%
[monitor] ['50%', '100%', '100%', '53%']  memcached=103.2%
[monitor] ['52%', '100%', '100%', '53%']  memcached=104.8%
[monitor] ['59%', '100%', '100%', '62%']  memcached=121.4%
[monitor] ['60%', '100%', '100%', '59%']  memcached=118.7%
[monitor] ['87%', '100%', '100%', '86%']  memcached=172.3%
[MEMCACHED] cores updated to: ['0', '1', '3']
[radix] unpaused.
[radix] cores updated to: [2]
[barnes] paused.
[monitor] ['75%', '75%', '100%', '76%']  memcached=226.5%
[monitor] ['73%', '75%', '100%', '74%']  memcached=222.7%
[monitor] ['76%', '73%', '100%', '76%']  memcached=225.2%
[monitor] ['75%', '74%', '100%', '75%']  memcached=225.0%
[monitor] ['74%', '73%', '100%', '75%']  memcached=222.2%
[monitor] ['78%', '75%', '100%', '76%']  memcached=229.5%
[monitor] ['77%', '74%', '100%', '77%']  memcached=228.2%
[monitor] ['76%', '73%', '100%', '75%']  memcached=224.0%
[monitor] ['78%', '76%', '100%', '76%']  memcached=229.6%
[monitor] ['74%', '73%', '100%', '73%']  memcached=220.6%
[monitor] ['79%', '75%', '100%', '77%']  memcached=230.3%
[monitor] ['77%', '76%', '100%', '75%']  memcached=227.8%
[monitor] ['79%', '76%', '100%', '75%']  memcached=229.3%
[monitor] ['51%', '48%', '100%', '50%']  memcached=149.4%
[MEMCACHED] cores updated to: ['0', '3']
[radix] paused.
[barnes] unpaused.
[monitor] ['59%', '100%', '100%', '65%']  memcached=123.5%
[monitor] ['58%', '100%', '10%', '58%']  memcached=116.1%
[monitor] ['53%', '100%', '80%', '59%']  memcached=112.1%
[monitor] ['59%', '100%', '100%', '65%']  memcached=124.1%
[monitor] ['51%', '100%', '100%', '57%']  memcached=107.2%
[monitor] ['60%', '100%', '100%', '67%']  memcached=127.9%
[monitor] ['58%', '100%', '100%', '62%']  memcached=120.2%
[monitor] ['48%', '100%', '100%', '54%']  memcached=102.0%
[monitor] ['51%', '100%', '100%', '55%']  memcached=106.2%
[monitor] ['50%', '100%', '100%', '57%']  memcached=107.5%
[monitor] ['60%', '100%', '100%', '65%']  memcached=124.8%
[monitor] ['62%', '100%', '100%', '65%']  memcached=126.9%
[monitor] ['60%', '100%', '100%', '65%']  memcached=125.2%
[monitor] ['48%', '100%', '100%', '52%']  memcached=100.1%
[monitor] ['23%', '100%', '100%', '27%']  memcached=49.7%
[MEMCACHED] cores updated to: ['0']
[radix] unpaused.
[radix] cores updated to: [3]
[monitor] ['59%', '100%', '100%', '100%']  memcached=59.2%
[monitor] ['55%', '100%', '100%', '100%']  memcached=55.4%
[monitor] ['62%', '100%', '100%', '100%']  memcached=61.8%
[monitor] ['57%', '100%', '100%', '100%']  memcached=56.8%
[monitor] ['58%', '100%', '100%', '100%']  memcached=58.1%
[monitor] ['62%', '100%', '100%', '100%']  memcached=62.3%
[monitor] ['59%', '100%', '100%', '100%']  memcached=59.5%
[monitor] ['54%', '100%', '100%', '100%']  memcached=54.2%
[monitor] ['55%', '100%', '86%', '100%']  memcached=54.9%
[monitor] ['61%', '100%', '60%', '100%']  memcached=61.3%
[monitor] ['67%', '76%', '100%', '100%']  memcached=67.1%
[monitor] ['58%', '100%', '100%', '100%']  memcached=58.3%
[monitor] ['61%', '100%', '100%', '100%']  memcached=60.8%
[monitor] ['85%', '100%', '100%', '100%']  memcached=84.6%
[monitor] ['84%', '100%', '100%', '100%']  memcached=84.2%
[monitor] ['86%', '100%', '100%', '100%']  memcached=86.3%
[MEMCACHED] cores updated to: ['0', '3']
[radix] paused.
[monitor] ['43%', '100%', '100%', '39%']  memcached=82.0%
[monitor] ['40%', '100%', '100%', '45%']  memcached=84.9%
[monitor] ['44%', '100%', '100%', '46%']  memcached=89.4%
[monitor] ['41%', '100%', '100%', '42%']  memcached=83.5%
[monitor] ['39%', '100%', '100%', '40%']  memcached=79.0%
[MEMCACHED] cores updated to: ['0']
[radix] unpaused.
[monitor] ['82%', '100%', '100%', '100%']  memcached=82.2%
[monitor] ['84%', '100%', '100%', '100%']  memcached=84.3%
[monitor] ['87%', '100%', '100%', '92%']  memcached=87.0%
[radix] ended.
[MEMCACHED] cores updated to: ['0', '3']
[monitor] ['45%', '100%', '100%', '38%']  memcached=82.6%
[monitor] ['49%', '100%', '100%', '56%']  memcached=105.1%
[monitor] ['41%', '100%', '100%', '45%']  memcached=86.1%
[monitor] ['28%', '100%', '100%', '25%']  memcached=52.8%
[MEMCACHED] cores updated to: ['0']
[blackscholes] started on cores: [3] with 3 threads.
[monitor] ['80%', '100%', '100%', '100%']  memcached=79.8%
[monitor] ['100%', '100%', '100%', '100%']  memcached=100.0%
[MEMCACHED] cores updated to: ['0', '1', '2']
[barnes] paused.
[monitor] ['100%', '100%', '100%', '100%']  memcached=300.0%
[monitor] ['92%', '93%', '97%', '100%']  memcached=281.1%
[monitor] ['79%', '80%', '81%', '100%']  memcached=239.8%
[monitor] ['80%', '81%', '82%', '100%']  memcached=242.3%
[monitor] ['77%', '78%', '80%', '100%']  memcached=234.9%
[monitor] ['79%', '80%', '80%', '100%']  memcached=239.8%
[monitor] ['76%', '76%', '78%', '100%']  memcached=229.5%
[monitor] ['76%', '78%', '79%', '100%']  memcached=232.3%
[monitor] ['77%', '80%', '78%', '100%']  memcached=235.8%
[monitor] ['85%', '95%', '82%', '100%']  memcached=261.8%
[monitor] ['85%', '85%', '98%', '100%']  memcached=268.0%
[monitor] ['79%', '85%', '96%', '100%']  memcached=259.2%
[monitor] ['83%', '95%', '85%', '100%']  memcached=263.5%
[monitor] ['78%', '82%', '80%', '100%']  memcached=239.2%
[monitor] ['78%', '76%', '77%', '100%']  memcached=231.0%
[monitor] ['79%', '81%', '78%', '100%']  memcached=238.6%
[monitor] ['76%', '75%', '75%', '100%']  memcached=225.0%
[monitor] ['76%', '79%', '77%', '100%']  memcached=232.0%
[monitor] ['79%', '84%', '80%', '100%']  memcached=242.2%
[monitor] ['77%', '78%', '79%', '100%']  memcached=233.8%
[monitor] ['79%', '81%', '79%', '100%']  memcached=238.9%
[monitor] ['79%', '83%', '79%', '100%']  memcached=240.5%
[monitor] ['78%', '76%', '78%', '100%']  memcached=232.3%
[monitor] ['77%', '73%', '77%', '100%']  memcached=226.9%
[monitor] ['77%', '74%', '77%', '100%']  memcached=227.5%
[monitor] ['80%', '73%', '77%', '100%']  memcached=230.1%
[monitor] ['78%', '73%', '77%', '100%']  memcached=227.8%
[monitor] ['68%', '62%', '69%', '100%']  memcached=199.3%
[monitor] ['71%', '65%', '70%', '100%']  memcached=206.2%
[monitor] ['71%', '67%', '71%', '100%']  memcached=208.0%
[monitor] ['69%', '63%', '68%', '100%']  memcached=199.5%
[monitor] ['67%', '60%', '71%', '100%']  memcached=197.5%
[monitor] ['69%', '65%', '71%', '100%']  memcached=205.4%
[monitor] ['71%', '66%', '71%', '100%']  memcached=208.4%
[monitor] ['68%', '62%', '69%', '100%']  memcached=198.6%
[monitor] ['67%', '64%', '69%', '100%']  memcached=200.4%
[monitor] ['67%', '64%', '68%', '100%']  memcached=199.1%
[monitor] ['70%', '67%', '70%', '100%']  memcached=207.2%
[monitor] ['69%', '65%', '68%', '100%']  memcached=201.9%
[monitor] ['71%', '65%', '70%', '100%']  memcached=206.9%
[monitor] ['69%', '65%', '68%', '100%']  memcached=201.5%
[monitor] ['29%', '17%', '20%', '100%']  memcached=66.7%
[MEMCACHED] cores updated to: ['0']
[barnes] unpaused.
[monitor] ['44%', '100%', '100%', '100%']  memcached=43.8%
[monitor] ['56%', '100%', '100%', '100%']  memcached=55.9%
[monitor] ['51%', '100%', '100%', '100%']  memcached=50.7%
[monitor] ['41%', '100%', '100%', '100%']  memcached=41.0%
[monitor] ['40%', '100%', '100%', '100%']  memcached=40.3%
[monitor] ['48%', '100%', '100%', '100%']  memcached=48.5%
[monitor] ['48%', '100%', '100%', '100%']  memcached=48.5%
[monitor] ['47%', '100%', '100%', '100%']  memcached=47.0%
[monitor] ['50%', '100%', '100%', '100%']  memcached=50.0%
[monitor] ['40%', '33%', '100%', '100%']  memcached=40.0%
[monitor] ['46%', '24%', '56%', '100%']  memcached=46.0%
[barnes] ended.
[blackscholes] cores updated to: [1, 2, 3]
[monitor] ['51%', '100%', '100%', '100%']  memcached=50.8%
[monitor] ['52%', '100%', '100%', '100%']  memcached=51.5%
[monitor] ['28%', '100%', '100%', '100%']  memcached=27.8%
[monitor] ['21%', '100%', '100%', '100%']  memcached=20.8%
[monitor] ['18%', '100%', '100%', '100%']  memcached=17.9%
[monitor] ['14%', '100%', '100%', '100%']  memcached=14.3%
[monitor] ['17%', '100%', '100%', '100%']  memcached=16.7%
[monitor] ['25%', '100%', '100%', '100%']  memcached=25.2%
[monitor] ['12%', '100%', '100%', '100%']  memcached=12.2%
[monitor] ['10%', '100%', '100%', '100%']  memcached=10.1%
[monitor] ['19%', '100%', '100%', '100%']  memcached=19.2%
[monitor] ['11%', '100%', '100%', '100%']  memcached=11.2%
[monitor] ['14%', '100%', '100%', '100%']  memcached=14.0%
[monitor] ['18%', '100%', '23%', '100%']  memcached=18.4%
[monitor] ['16%', '100%', '1%', '100%']  memcached=16.0%
[monitor] ['24%', '100%', '3%', '100%']  memcached=23.5%
[monitor] ['19%', '92%', '1%', '100%']  memcached=19.4%
[monitor] ['84%', '38%', '6%', '74%']  memcached=83.5%
[monitor] ['97%', '6%', '6%', '100%']  memcached=97.0%
[MEMCACHED] cores updated to: ['0', '1', '2']
[blackscholes] cores updated to: [3]
[monitor] ['44%', '45%', '45%', '100%']  memcached=134.3%
[MEMCACHED] cores updated to: ['0', '2']
[blackscholes] cores updated to: [1, 3]
[monitor] ['66%', '29%', '64%', '84%']  memcached=130.4%
[monitor] ['65%', '100%', '66%', '6%']  memcached=131.7%
[monitor] ['70%', '71%', '78%', '44%']  memcached=147.9%
[monitor] ['68%', '9%', '66%', '28%']  memcached=133.3%
[blackscholes] ended.
[MEMCACHED] cores updated to: ['0', '3']
[canneal] started on cores: [1, 2] with 3 threads.
[monitor] ['71%', '67%', '57%', '72%']  memcached=143.2%
[monitor] ['68%', '7%', '100%', '68%']  memcached=136.2%
[monitor] ['55%', '7%', '100%', '57%']  memcached=112.3%
[monitor] ['4%', '0%', '100%', '2%']  memcached=5.9%
[MEMCACHED] cores updated to: ['0']
[canneal] cores updated to: [1, 2, 3]
[monitor] ['1%', '1%', '100%', '1%']  memcached=1.4%
[monitor] ['3%', '4%', '100%', '15%']  memcached=2.8%
[monitor] ['4%', '0%', '100%', '3%']  memcached=4.0%
[monitor] ['3%', '1%', '100%', '0%']  memcached=2.7%
[monitor] ['3%', '1%', '100%', '1%']  memcached=2.7%
[monitor] ['3%', '3%', '100%', '0%']  memcached=2.7%
[monitor] ['5%', '0%', '100%', '0%']  memcached=5.3%
[monitor] ['5%', '2%', '100%', '19%']  memcached=5.3%
[monitor] ['3%', '2%', '100%', '1%']  memcached=2.7%
[monitor] ['4%', '0%', '100%', '0%']  memcached=4.0%
[monitor] ['3%', '2%', '100%', '0%']  memcached=2.7%
[monitor] ['4%', '2%', '100%', '2%']  memcached=4.0%
[monitor] ['4%', '2%', '100%', '2%']  memcached=4.1%
[monitor] ['35%', '1%', '100%', '2%']  memcached=34.7%
[monitor] ['73%', '4%', '100%', '1%']  memcached=73.2%
[monitor] ['72%', '3%', '100%', '1%']  memcached=71.6%
[monitor] ['70%', '2%', '100%', '4%']  memcached=70.0%
[monitor] ['72%', '2%', '100%', '2%']  memcached=71.6%
[monitor] ['69%', '3%', '100%', '2%']  memcached=69.1%
[monitor] ['74%', '5%', '100%', '2%']  memcached=73.8%
[monitor] ['72%', '2%', '100%', '2%']  memcached=72.5%
[monitor] ['73%', '6%', '100%', '4%']  memcached=73.2%
[monitor] ['72%', '2%', '100%', '2%']  memcached=71.6%
[monitor] ['76%', '2%', '100%', '3%']  memcached=75.9%
[monitor] ['74%', '2%', '100%', '2%']  memcached=74.4%
[monitor] ['72%', '4%', '100%', '2%']  memcached=72.3%
[monitor] ['72%', '2%', '100%', '5%']  memcached=71.6%
[monitor] ['72%', '2%', '100%', '3%']  memcached=71.8%
[monitor] ['28%', '1%', '100%', '1%']  memcached=27.5%
[monitor] ['8%', '2%', '100%', '1%']  memcached=7.8%
[monitor] ['8%', '2%', '100%', '0%']  memcached=7.8%
[monitor] ['8%', '3%', '100%', '2%']  memcached=7.8%
[monitor] ['8%', '2%', '100%', '0%']  memcached=7.7%
[monitor] ['8%', '2%', '100%', '1%']  memcached=7.7%
[monitor] ['9%', '2%', '100%', '0%']  memcached=9.4%
[monitor] ['9%', '1%', '100%', '1%']  memcached=9.1%
[monitor] ['9%', '1%', '100%', '0%']  memcached=9.4%
[monitor] ['10%', '2%', '100%', '0%']  memcached=9.5%
[monitor] ['10%', '1%', '100%', '0%']  memcached=9.5%
[monitor] ['10%', '2%', '100%', '3%']  memcached=9.5%
[monitor] ['14%', '63%', '99%', '62%']  memcached=13.6%
[monitor] ['16%', '99%', '95%', '99%']  memcached=16.4%
[monitor] ['11%', '99%', '97%', '99%']  memcached=10.9%
[monitor] ['100%', '96%', '97%', '97%']  memcached=100.0%
[MEMCACHED] cores updated to: ['0', '1', '2']
[canneal] cores updated to: [3]
[monitor] ['92%', '88%', '91%', '100%']  memcached=270.7%
[monitor] ['71%', '70%', '71%', '100%']  memcached=212.3%
[monitor] ['69%', '68%', '71%', '100%']  memcached=208.3%
[monitor] ['69%', '68%', '70%', '100%']  memcached=206.8%
[monitor] ['71%', '70%', '69%', '100%']  memcached=210.3%
[monitor] ['70%', '67%', '69%', '100%']  memcached=206.0%
[monitor] ['71%', '70%', '70%', '100%']  memcached=210.9%
[monitor] ['71%', '72%', '71%', '100%']  memcached=213.8%
[monitor] ['68%', '70%', '69%', '100%']  memcached=207.0%
[monitor] ['69%', '69%', '69%', '100%']  memcached=207.2%
[monitor] ['70%', '67%', '71%', '100%']  memcached=208.7%
[monitor] ['70%', '69%', '69%', '100%']  memcached=207.6%
[monitor] ['70%', '69%', '67%', '100%']  memcached=205.6%
[monitor] ['43%', '30%', '33%', '100%']  memcached=105.5%
[MEMCACHED] cores updated to: ['0', '2']
[canneal] cores updated to: [1, 3]
[monitor] ['26%', '96%', '9%', '96%']  memcached=35.0%
[MEMCACHED] cores updated to: ['0']
[canneal] cores updated to: [1, 2, 3]
[monitor] ['20%', '98%', '96%', '98%']  memcached=20.2%
[monitor] ['25%', '99%', '97%', '99%']  memcached=24.7%
[monitor] ['18%', '98%', '96%', '98%']  memcached=18.5%
[monitor] ['19%', '99%', '95%', '99%']  memcached=18.7%
[monitor] ['16%', '99%', '94%', '100%']  memcached=15.7%
[monitor] ['21%', '98%', '97%', '97%']  memcached=21.1%
[monitor] ['17%', '98%', '97%', '99%']  memcached=16.7%
[monitor] ['23%', '98%', '96%', '98%']  memcached=22.9%
[monitor] ['19%', '99%', '97%', '99%']  memcached=19.4%
[monitor] ['19%', '99%', '95%', '99%']  memcached=18.7%
[monitor] ['21%', '97%', '97%', '98%']  memcached=21.3%
[monitor] ['26%', '98%', '98%', '97%']  memcached=25.8%
[monitor] ['17%', '98%', '96%', '98%']  memcached=16.7%
[monitor] ['9%', '99%', '97%', '99%']  memcached=8.6%
[monitor] ['11%', '96%', '99%', '96%']  memcached=11.3%
[monitor] ['10%', '98%', '96%', '99%']  memcached=9.9%
[monitor] ['10%', '97%', '98%', '97%']  memcached=9.9%
[monitor] ['11%', '95%', '99%', '96%']  memcached=11.1%
[monitor] ['6%', '96%', '99%', '95%']  memcached=6.0%
[monitor] ['9%', '98%', '99%', '99%']  memcached=8.7%
[monitor] ['10%', '95%', '99%', '94%']  memcached=10.1%
[monitor] ['11%', '99%', '94%', '98%']  memcached=11.3%
[monitor] ['10%', '97%', '96%', '98%']  memcached=9.7%
[monitor] ['11%', '98%', '96%', '98%']  memcached=11.1%
[monitor] ['6%', '100%', '96%', '99%']  memcached=5.8%
[monitor] ['9%', '99%', '97%', '99%']  memcached=8.6%
[monitor] ['7%', '99%', '98%', '99%']  memcached=7.1%
[monitor] ['51%', '99%', '96%', '99%']  memcached=50.6%
[monitor] ['100%', '97%', '99%', '98%']  memcached=100.0%
[MEMCACHED] cores updated to: ['0', '1', '3']
[canneal] cores updated to: [2]
[monitor] ['79%', '72%', '100%', '76%']  memcached=227.2%
[monitor] ['60%', '59%', '100%', '61%']  memcached=180.2%
[monitor] ['59%', '56%', '100%', '59%']  memcached=173.6%
[monitor] ['59%', '57%', '100%', '58%']  memcached=174.7%
[monitor] ['63%', '59%', '100%', '62%']  memcached=183.8%
[monitor] ['61%', '58%', '100%', '60%']  memcached=178.8%
[monitor] ['58%', '58%', '100%', '58%']  memcached=173.3%
[monitor] ['58%', '58%', '100%', '61%']  memcached=177.4%
[monitor] ['58%', '56%', '100%', '58%']  memcached=172.2%
[monitor] ['61%', '61%', '100%', '62%']  memcached=183.7%
[monitor] ['57%', '57%', '100%', '57%']  memcached=170.9%
[monitor] ['64%', '60%', '100%', '61%']  memcached=184.7%
[monitor] ['63%', '59%', '100%', '60%']  memcached=181.8%
[monitor] ['14%', '10%', '100%', '9%']  memcached=32.5%
[MEMCACHED] cores updated to: ['0']
[canneal] cores updated to: [1, 2, 3]
[monitor] ['14%', '98%', '95%', '98%']  memcached=13.7%
[monitor] ['12%', '98%', '95%', '98%']  memcached=12.0%
[monitor] ['15%', '99%', '93%', '99%']  memcached=15.3%
[monitor] ['19%', '99%', '95%', '99%']  memcached=18.8%
[monitor] ['14%', '100%', '92%', '99%']  memcached=14.4%
[monitor] ['14%', '97%', '95%', '97%']  memcached=13.8%
[monitor] ['17%', '99%', '94%', '99%']  memcached=17.2%
[monitor] ['17%', '96%', '96%', '96%']  memcached=17.3%
[monitor] ['19%', '98%', '97%', '98%']  memcached=18.8%
[monitor] ['13%', '98%', '97%', '97%']  memcached=12.9%
[monitor] ['16%', '98%', '97%', '97%']  memcached=16.2%
[monitor] ['21%', '99%', '95%', '100%']  memcached=21.2%
[monitor] ['19%', '97%', '96%', '97%']  memcached=18.8%
[monitor] ['36%', '98%', '97%', '98%']  memcached=35.6%
[monitor] ['92%', '95%', '97%', '97%']  memcached=91.8%
[MEMCACHED] cores updated to: ['0', '2']
[canneal] cores updated to: [1, 3]
[monitor] ['47%', '97%', '47%', '96%']  memcached=93.4%
[monitor] ['47%', '96%', '45%', '97%']  memcached=92.4%
[monitor] ['49%', '97%', '48%', '96%']  memcached=97.3%
[monitor] ['46%', '96%', '47%', '95%']  memcached=93.3%
[monitor] ['45%', '97%', '49%', '96%']  memcached=93.2%
[monitor] ['47%', '96%', '49%', '96%']  memcached=96.0%
[monitor] ['48%', '96%', '52%', '97%']  memcached=100.0%
[monitor] ['47%', '97%', '49%', '96%']  memcached=96.6%
[monitor] ['48%', '96%', '52%', '97%']  memcached=99.9%
[monitor] ['48%', '95%', '47%', '98%']  memcached=95.3%
[monitor] ['47%', '97%', '47%', '95%']  memcached=93.2%
[monitor] ['53%', '97%', '48%', '97%']  memcached=100.6%
[monitor] ['53%', '97%', '47%', '96%']  memcached=99.2%
[monitor] ['28%', '97%', '17%', '95%']  memcached=44.5%
[MEMCACHED] cores updated to: ['0']
[canneal] cores updated to: [1, 2, 3]
[monitor] ['11%', '96%', '98%', '97%']  memcached=10.9%
[monitor] ['12%', '98%', '99%', '99%']  memcached=12.1%
[monitor] ['9%', '97%', '98%', '97%']  memcached=9.4%
[monitor] ['12%', '99%', '97%', '99%']  memcached=12.3%
[monitor] ['9%', '99%', '96%', '100%']  memcached=9.4%
[monitor] ['11%', '98%', '97%', '99%']  memcached=10.9%
[monitor] ['12%', '98%', '97%', '99%']  memcached=12.5%
[monitor] ['12%', '99%', '98%', '99%']  memcached=12.1%
[monitor] ['9%', '99%', '98%', '99%']  memcached=9.4%
[monitor] ['14%', '15%', '100%', '16%']  memcached=14.1%
[monitor] ['9%', '1%', '100%', '2%']  memcached=9.4%
[monitor] ['8%', '1%', '100%', '1%']  memcached=7.7%
[monitor] ['5%', '1%', '100%', '0%']  memcached=4.7%
[monitor] ['22%', '1%', '100%', '0%']  memcached=22.4%
[monitor] ['100%', '89%', '20%', '5%']  memcached=100.0%
[MEMCACHED] cores updated to: ['0', '1', '3']
[canneal] cores updated to: [2]
[monitor] ['99%', '100%', '67%', '96%']  memcached=294.9%
[canneal] ended.
[MEMCACHED] cores updated to: ['0', '2', '3']
[freqmine] started on cores: [1] with 3 threads.
[monitor] ['73%', '100%', '72%', '79%']  memcached=223.1%
[monitor] ['71%', '100%', '69%', '72%']  memcached=211.7%
[monitor] ['56%', '100%', '57%', '56%']  memcached=168.8%
[monitor] ['16%', '100%', '11%', '7%']  memcached=33.9%
[MEMCACHED] cores updated to: ['0']
[freqmine] cores updated to: [1, 2, 3]
[monitor] ['42%', '93%', '91%', '100%']  memcached=41.5%
[monitor] ['49%', '100%', '100%', '100%']  memcached=49.3%
[monitor] ['47%', '100%', '100%', '100%']  memcached=47.1%
[monitor] ['33%', '100%', '100%', '100%']  memcached=33.3%
[monitor] ['33%', '97%', '100%', '98%']  memcached=33.3%
[monitor] ['23%', '66%', '100%', '65%']  memcached=23.3%
[monitor] ['34%', '100%', '100%', '100%']  memcached=33.8%
[monitor] ['75%', '100%', '100%', '100%']  memcached=75.4%
[monitor] ['69%', '100%', '100%', '100%']  memcached=68.7%
[monitor] ['42%', '100%', '100%', '100%']  memcached=42.0%
[monitor] ['31%', '100%', '100%', '100%']  memcached=31.2%
[monitor] ['34%', '100%', '100%', '100%']  memcached=34.3%
[monitor] ['38%', '100%', '100%', '100%']  memcached=37.9%
[monitor] ['84%', '100%', '100%', '100%']  memcached=84.1%
[monitor] ['100%', '100%', '100%', '100%']  memcached=100.0%
[MEMCACHED] cores updated to: ['0', '1', '2']
[freqmine] cores updated to: [3]
[monitor] ['57%', '48%', '56%', '100%']  memcached=161.4%
[monitor] ['51%', '46%', '52%', '100%']  memcached=149.2%
[MEMCACHED] cores updated to: ['0', '2']
[freqmine] cores updated to: [1, 3]
[monitor] ['72%', '100%', '69%', '100%']  memcached=140.6%
[monitor] ['74%', '100%', '73%', '100%']  memcached=146.7%
[monitor] ['72%', '100%', '71%', '100%']  memcached=142.2%
[monitor] ['74%', '100%', '70%', '100%']  memcached=143.9%
[monitor] ['72%', '100%', '72%', '100%']  memcached=143.7%
[monitor] ['74%', '100%', '72%', '100%']  memcached=146.0%
[monitor] ['69%', '100%', '70%', '100%']  memcached=139.6%
[monitor] ['72%', '100%', '76%', '100%']  memcached=147.1%
[monitor] ['72%', '100%', '74%', '100%']  memcached=146.0%
[monitor] ['74%', '100%', '78%', '100%']  memcached=152.0%
[monitor] ['73%', '100%', '74%', '100%']  memcached=147.7%
[monitor] ['74%', '100%', '75%', '100%']  memcached=149.4%
[monitor] ['73%', '100%', '75%', '100%']  memcached=147.2%
[monitor] ['74%', '100%', '75%', '100%']  memcached=148.6%
[monitor] ['71%', '100%', '74%', '100%']  memcached=144.9%
[monitor] ['72%', '100%', '73%', '100%']  memcached=144.6%
[monitor] ['71%', '100%', '78%', '100%']  memcached=148.7%
[monitor] ['70%', '100%', '76%', '100%']  memcached=146.5%
[monitor] ['71%', '100%', '78%', '100%']  memcached=148.6%
[monitor] ['72%', '100%', '77%', '100%']  memcached=148.9%
[monitor] ['69%', '100%', '76%', '100%']  memcached=145.3%
[monitor] ['67%', '100%', '80%', '100%']  memcached=147.9%
[monitor] ['67%', '100%', '80%', '100%']  memcached=147.1%
[monitor] ['70%', '100%', '76%', '100%']  memcached=146.9%
[monitor] ['66%', '100%', '74%', '100%']  memcached=140.7%
[monitor] ['50%', '100%', '54%', '100%']  memcached=103.8%
[monitor] ['39%', '100%', '43%', '100%']  memcached=82.3%
[monitor] ['43%', '100%', '41%', '100%']  memcached=84.1%
[monitor] ['41%', '100%', '42%', '100%']  memcached=83.3%
[monitor] ['39%', '100%', '42%', '100%']  memcached=81.4%
[monitor] ['43%', '100%', '43%', '100%']  memcached=86.3%
[monitor] ['42%', '100%', '45%', '100%']  memcached=87.2%
[monitor] ['43%', '100%', '43%', '100%']  memcached=85.7%
[monitor] ['41%', '100%', '43%', '100%']  memcached=83.5%
[monitor] ['41%', '100%', '44%', '100%']  memcached=84.9%
[monitor] ['42%', '100%', '43%', '100%']  memcached=85.0%
[monitor] ['44%', '100%', '45%', '100%']  memcached=88.8%
[monitor] ['45%', '100%', '47%', '100%']  memcached=91.5%
[monitor] ['44%', '100%', '45%', '100%']  memcached=88.2%
[monitor] ['41%', '100%', '43%', '100%']  memcached=84.0%
[monitor] ['53%', '100%', '59%', '100%']  memcached=112.4%
[monitor] ['53%', '100%', '57%', '100%']  memcached=110.4%
[monitor] ['54%', '100%', '59%', '100%']  memcached=113.1%
[monitor] ['51%', '100%', '56%', '100%']  memcached=107.5%
[monitor] ['55%', '100%', '59%', '100%']  memcached=113.6%
[monitor] ['53%', '100%', '58%', '100%']  memcached=111.2%
[monitor] ['54%', '100%', '54%', '100%']  memcached=107.4%
[monitor] ['54%', '100%', '56%', '100%']  memcached=110.5%
[monitor] ['54%', '100%', '59%', '100%']  memcached=112.9%
[monitor] ['52%', '100%', '54%', '100%']  memcached=105.7%
[monitor] ['52%', '100%', '54%', '100%']  memcached=106.9%
[monitor] ['52%', '100%', '57%', '100%']  memcached=108.9%
[monitor] ['55%', '100%', '56%', '100%']  memcached=110.4%
[monitor] ['54%', '100%', '55%', '100%']  memcached=108.3%
[monitor] ['41%', '100%', '40%', '100%']  memcached=80.2%
[monitor] ['25%', '100%', '21%', '100%']  memcached=45.2%
[MEMCACHED] cores updated to: ['0']
[freqmine] cores updated to: [1, 2, 3]
[monitor] ['48%', '100%', '100%', '100%']  memcached=47.9%
[monitor] ['54%', '100%', '100%', '100%']  memcached=53.9%
[monitor] ['51%', '100%', '100%', '100%']  memcached=51.4%
[monitor] ['51%', '100%', '100%', '100%']  memcached=51.4%
[monitor] ['46%', '100%', '100%', '100%']  memcached=45.7%
[monitor] ['43%', '100%', '100%', '100%']  memcached=42.9%
[monitor] ['40%', '100%', '100%', '100%']  memcached=39.7%
[monitor] ['44%', '100%', '100%', '100%']  memcached=44.4%
[monitor] ['41%', '100%', '100%', '100%']  memcached=41.4%
[monitor] ['44%', '100%', '100%', '100%']  memcached=43.8%
[monitor] ['49%', '100%', '100%', '100%']  memcached=48.6%
[monitor] ['44%', '100%', '100%', '100%']  memcached=44.3%
[monitor] ['49%', '100%', '100%', '100%']  memcached=49.3%
[monitor] ['99%', '100%', '100%', '100%']  memcached=99.0%
[MEMCACHED] cores updated to: ['0', '1', '3']
[freqmine] cores updated to: [2]
[monitor] ['69%', '67%', '100%', '69%']  memcached=205.0%
[monitor] ['60%', '58%', '100%', '58%']  memcached=176.7%
[monitor] ['59%', '58%', '100%', '59%']  memcached=176.0%
[monitor] ['58%', '56%', '100%', '58%']  memcached=172.6%
[monitor] ['59%', '57%', '100%', '56%']  memcached=172.3%
[monitor] ['56%', '55%', '100%', '56%']  memcached=167.7%
[monitor] ['60%', '59%', '100%', '59%']  memcached=178.3%
[monitor] ['58%', '58%', '100%', '59%']  memcached=175.1%
[monitor] ['56%', '53%', '100%', '54%']  memcached=163.0%
[monitor] ['54%', '55%', '100%', '55%']  memcached=163.0%
[monitor] ['54%', '56%', '100%', '56%']  memcached=165.3%
[monitor] ['54%', '54%', '100%', '55%']  memcached=163.3%
[monitor] ['56%', '56%', '100%', '55%']  memcached=167.3%
[monitor] ['41%', '38%', '100%', '40%']  memcached=118.9%
[MEMCACHED] cores updated to: ['0', '3']
[freqmine] cores updated to: [1, 2]
[monitor] ['25%', '100%', '100%', '24%']  memcached=48.3%
[MEMCACHED] cores updated to: ['0']
[freqmine] cores updated to: [1, 2, 3]
[monitor] ['60%', '100%', '100%', '100%']  memcached=59.7%
[monitor] ['67%', '100%', '100%', '100%']  memcached=67.5%
[monitor] ['62%', '100%', '100%', '100%']  memcached=61.7%
[monitor] ['61%', '100%', '100%', '100%']  memcached=61.0%
[monitor] ['61%', '100%', '100%', '100%']  memcached=60.8%
[monitor] ['65%', '100%', '100%', '100%']  memcached=65.0%
[monitor] ['63%', '100%', '100%', '100%']  memcached=63.3%
[monitor] ['62%', '100%', '100%', '100%']  memcached=62.5%
[monitor] ['59%', '100%', '100%', '100%']  memcached=59.2%
[monitor] ['63%', '100%', '100%', '100%']  memcached=62.8%
[monitor] ['65%', '100%', '100%', '100%']  memcached=65.4%
[monitor] ['58%', '100%', '100%', '100%']  memcached=57.9%
[monitor] ['61%', '100%', '100%', '100%']  memcached=61.0%
[monitor] ['79%', '100%', '100%', '100%']  memcached=78.7%
[monitor] ['82%', '100%', '100%', '100%']  memcached=82.4%
[monitor] ['79%', '100%', '100%', '100%']  memcached=79.1%
[monitor] ['81%', '100%', '100%', '100%']  memcached=80.6%
[monitor] ['87%', '100%', '100%', '100%']  memcached=87.2%
[MEMCACHED] cores updated to: ['0', '2']
[freqmine] cores updated to: [1, 3]
[monitor] ['43%', '100%', '43%', '100%']  memcached=85.5%
[monitor] ['43%', '100%', '43%', '100%']  memcached=86.1%
[monitor] ['46%', '100%', '45%', '100%']  memcached=91.5%
[monitor] ['48%', '100%', '45%', '100%']  memcached=93.4%
[monitor] ['45%', '100%', '45%', '100%']  memcached=89.7%
[monitor] ['46%', '100%', '47%', '100%']  memcached=93.6%
[monitor] ['48%', '100%', '47%', '100%']  memcached=94.9%
[monitor] ['47%', '100%', '48%', '100%']  memcached=95.5%
[monitor] ['47%', '100%', '46%', '100%']  memcached=92.8%
[monitor] ['40%', '100%', '39%', '100%']  memcached=78.9%
[MEMCACHED] cores updated to: ['0']
[freqmine] cores updated to: [1, 2, 3]
[monitor] ['48%', '100%', '100%', '100%']  memcached=47.9%
[monitor] ['45%', '100%', '100%', '100%']  memcached=45.1%
[monitor] ['46%', '100%', '100%', '100%']  memcached=46.5%
[monitor] ['49%', '100%', '100%', '100%']  memcached=49.3%
[monitor] ['49%', '100%', '100%', '100%']  memcached=49.3%
[monitor] ['52%', '100%', '100%', '100%']  memcached=52.1%
[monitor] ['53%', '100%', '100%', '100%']  memcached=52.7%
[monitor] ['55%', '100%', '100%', '100%']  memcached=55.4%
[monitor] ['51%', '100%', '100%', '100%']  memcached=51.4%
[monitor] ['49%', '100%', '100%', '100%']  memcached=49.3%
[monitor] ['51%', '100%', '100%', '100%']  memcached=51.4%
[monitor] ['50%', '100%', '100%', '100%']  memcached=50.0%
[monitor] ['47%', '100%', '100%', '100%']  memcached=47.1%
[monitor] ['57%', '100%', '100%', '100%']  memcached=57.1%
[monitor] ['23%', '100%', '100%', '100%']  memcached=23.3%
[monitor] ['11%', '100%', '100%', '100%']  memcached=11.0%
[monitor] ['8%', '100%', '100%', '100%']  memcached=8.2%
[monitor] ['4%', '100%', '100%', '100%']  memcached=4.3%
[monitor] ['6%', '100%', '100%', '100%']  memcached=5.8%
[monitor] ['8%', '100%', '100%', '100%']  memcached=8.2%
[monitor] ['10%', '100%', '100%', '100%']  memcached=9.6%
[monitor] ['12%', '100%', '100%', '100%']  memcached=12.5%
[monitor] ['10%', '100%', '100%', '100%']  memcached=9.7%
[monitor] ['14%', '100%', '100%', '100%']  memcached=13.7%
[monitor] ['6%', '100%', '100%', '100%']  memcached=5.9%
[monitor] ['6%', '100%', '100%', '100%']  memcached=5.7%
[monitor] ['4%', '100%', '100%', '100%']  memcached=4.3%
[monitor] ['8%', '100%', '100%', '100%']  memcached=8.1%
[monitor] ['25%', '100%', '100%', '100%']  memcached=25.3%
[monitor] ['100%', '100%', '100%', '100%']  memcached=100.0%
[MEMCACHED] cores updated to: ['0', '1', '3']
[freqmine] cores updated to: [2]
[monitor] ['60%', '62%', '100%', '62%']  memcached=184.3%
[monitor] ['58%', '55%', '100%', '58%']  memcached=170.7%
[monitor] ['55%', '56%', '100%', '57%']  memcached=168.5%
[monitor] ['54%', '55%', '100%', '56%']  memcached=165.0%
[monitor] ['52%', '54%', '100%', '56%']  memcached=162.4%
[monitor] ['53%', '54%', '100%', '55%']  memcached=161.2%
[monitor] ['57%', '57%', '100%', '57%']  memcached=170.8%
[monitor] ['55%', '54%', '100%', '57%']  memcached=165.7%
[monitor] ['55%', '54%', '100%', '55%']  memcached=164.0%
[monitor] ['54%', '56%', '100%', '58%']  memcached=167.7%
[monitor] ['54%', '55%', '100%', '58%']  memcached=167.3%
[monitor] ['56%', '54%', '100%', '59%']  memcached=168.6%
[monitor] ['56%', '56%', '100%', '58%']  memcached=169.0%
[monitor] ['42%', '44%', '100%', '46%']  memcached=132.3%
[MEMCACHED] cores updated to: ['0', '3']
[freqmine] cores updated to: [1, 2]
[monitor] ['58%', '100%', '100%', '62%']  memcached=120.2%
[monitor] ['63%', '100%', '100%', '62%']  memcached=124.8%
[monitor] ['51%', '100%', '100%', '54%']  memcached=105.7%
[monitor] ['50%', '100%', '100%', '54%']  memcached=104.3%
[monitor] ['48%', '100%', '100%', '54%']  memcached=102.3%
[monitor] ['54%', '100%', '100%', '61%']  memcached=115.8%
[monitor] ['59%', '100%', '100%', '65%']  memcached=123.6%
[monitor] ['58%', '100%', '100%', '62%']  memcached=119.9%
[monitor] ['60%', '100%', '100%', '64%']  memcached=124.1%
[monitor] ['57%', '100%', '100%', '61%']  memcached=118.2%
[monitor] ['49%', '100%', '100%', '53%']  memcached=101.8%
[monitor] ['56%', '100%', '100%', '65%']  memcached=121.4%
[monitor] ['58%', '100%', '100%', '64%']  memcached=122.1%
[monitor] ['59%', '100%', '100%', '62%']  memcached=120.9%
[monitor] ['83%', '100%', '100%', '86%']  memcached=169.6%
[monitor] ['81%', '100%', '100%', '82%']  memcached=163.6%
[monitor] ['77%', '100%', '100%', '82%']  memcached=159.4%
[monitor] ['84%', '100%', '100%', '91%']  memcached=174.1%
[MEMCACHED] cores updated to: ['0', '2', '3']
[freqmine] cores updated to: [1]
[monitor] ['66%', '100%', '67%', '66%']  memcached=198.1%
[monitor] ['65%', '100%', '65%', '61%']  memcached=191.0%
[monitor] ['65%', '100%', '64%', '63%']  memcached=192.1%
[monitor] ['66%', '100%', '65%', '62%']  memcached=193.8%
[monitor] ['64%', '100%', '62%', '59%']  memcached=185.6%
[monitor] ['66%', '100%', '66%', '66%']  memcached=198.9%
[monitor] ['67%', '100%', '68%', '68%']  memcached=203.4%
[monitor] ['63%', '100%', '65%', '64%']  memcached=192.1%
[monitor] ['66%', '100%', '68%', '65%']  memcached=199.2%
[monitor] ['65%', '100%', '70%', '66%']  memcached=201.5%
[monitor] ['75%', '100%', '79%', '75%']  memcached=229.5%
[monitor] ['80%', '100%', '80%', '78%']  memcached=238.5%
[monitor] ['84%', '100%', '86%', '82%']  memcached=252.0%
[monitor] ['86%', '100%', '86%', '82%']  memcached=254.8%
[monitor] ['84%', '100%', '84%', '82%']  memcached=249.7%
[monitor] ['81%', '100%', '82%', '80%']  memcached=242.4%
[monitor] ['82%', '100%', '85%', '84%']  memcached=250.9%
[monitor] ['85%', '100%', '85%', '82%']  memcached=252.0%
[monitor] ['79%', '100%', '80%', '77%']  memcached=236.0%
[monitor] ['85%', '100%', '86%', '81%']  memcached=251.9%
[monitor] ['80%', '100%', '82%', '80%']  memcached=241.5%
[monitor] ['84%', '100%', '86%', '82%']  memcached=252.2%
[monitor] ['82%', '100%', '81%', '81%']  memcached=244.5%
[monitor] ['83%', '100%', '81%', '78%']  memcached=242.4%
[monitor] ['80%', '100%', '80%', '76%']  memcached=236.0%
[monitor] ['60%', '100%', '59%', '59%']  memcached=177.5%
[monitor] ['57%', '100%', '56%', '56%']  memcached=168.7%
[monitor] ['56%', '100%', '57%', '55%']  memcached=168.7%
[monitor] ['58%', '100%', '56%', '55%']  memcached=168.9%
[monitor] ['61%', '100%', '59%', '59%']  memcached=179.7%
[monitor] ['59%', '100%', '57%', '57%']  memcached=172.6%
[monitor] ['56%', '100%', '54%', '54%']  memcached=164.4%
[monitor] ['60%', '100%', '60%', '59%']  memcached=179.3%
[monitor] ['57%', '100%', '56%', '55%']  memcached=168.5%
[monitor] ['57%', '100%', '58%', '55%']  memcached=170.5%
[monitor] ['59%', '100%', '57%', '56%']  memcached=173.0%
[monitor] ['58%', '100%', '58%', '58%']  memcached=174.6%
[monitor] ['59%', '100%', '58%', '55%']  memcached=171.9%
[monitor] ['60%', '100%', '60%', '60%']  memcached=180.7%
[monitor] ['37%', '100%', '39%', '32%']  memcached=108.2%
[MEMCACHED] cores updated to: ['0', '3']
[freqmine] cores updated to: [1, 2]
[monitor] ['26%', '100%', '100%', '23%']  memcached=48.9%
[MEMCACHED] cores updated to: ['0']
[freqmine] cores updated to: [3, 1, 2]
[monitor] ['53%', '100%', '100%', '100%']  memcached=53.3%
[monitor] ['55%', '100%', '100%', '100%']  memcached=55.3%
[monitor] ['53%', '100%', '100%', '100%']  memcached=52.7%
[monitor] ['53%', '100%', '100%', '100%']  memcached=53.3%
[monitor] ['48%', '100%', '100%', '100%']  memcached=47.9%
[monitor] ['45%', '100%', '100%', '100%']  memcached=44.8%
[monitor] ['46%', '100%', '100%', '100%']  memcached=45.7%
[monitor] ['52%', '100%', '100%', '100%']  memcached=52.1%
[monitor] ['49%', '100%', '100%', '100%']  memcached=48.6%
[monitor] ['49%', '100%', '100%', '100%']  memcached=49.3%
[monitor] ['54%', '100%', '100%', '100%']  memcached=53.9%
[monitor] ['47%', '100%', '100%', '100%']  memcached=47.2%
[monitor] ['45%', '100%', '100%', '100%']  memcached=44.9%
[monitor] ['5%', '100%', '100%', '100%']  memcached=5.3%
[monitor] ['4%', '100%', '100%', '100%']  memcached=4.1%
[monitor] ['6%', '100%', '100%', '100%']  memcached=6.5%
[monitor] ['11%', '100%', '100%', '100%']  memcached=11.1%
[monitor] ['7%', '100%', '100%', '100%']  memcached=6.7%
[monitor] ['4%', '100%', '100%', '100%']  memcached=4.1%
[monitor] ['10%', '100%', '100%', '100%']  memcached=10.0%
[monitor] ['4%', '100%', '100%', '100%']  memcached=4.0%
[monitor] ['8%', '100%', '100%', '100%']  memcached=7.7%
[monitor] ['9%', '100%', '100%', '100%']  memcached=8.9%
[monitor] ['7%', '100%', '100%', '100%']  memcached=6.6%
[monitor] ['6%', '100%', '100%', '100%']  memcached=6.5%
[monitor] ['7%', '100%', '100%', '100%']  memcached=6.8%
[monitor] ['8%', '100%', '100%', '100%']  memcached=7.8%
[monitor] ['51%', '100%', '100%', '100%']  memcached=50.6%
[monitor] ['100%', '100%', '100%', '100%']  memcached=100.0%
[MEMCACHED] cores updated to: ['0', '2', '3']
[freqmine] cores updated to: [1]
[monitor] ['60%', '64%', '60%', '61%']  memcached=181.1%
[freqmine] ended.
[streamcluster] started on cores: [1] with 3 threads.
[monitor] ['51%', '100%', '50%', '55%']  memcached=155.9%
[MEMCACHED] cores updated to: ['0', '3']
[streamcluster] cores updated to: [1, 2]
[monitor] ['74%', '95%', '96%', '76%']  memcached=150.3%
[monitor] ['75%', '96%', '95%', '80%']  memcached=155.5%
[monitor] ['75%', '95%', '96%', '74%']  memcached=149.4%
[monitor] ['76%', '96%', '96%', '75%']  memcached=151.1%
[monitor] ['75%', '94%', '98%', '76%']  memcached=151.1%
[monitor] ['74%', '93%', '98%', '73%']  memcached=147.2%
[monitor] ['75%', '95%', '97%', '74%']  memcached=149.2%
[monitor] ['79%', '94%', '98%', '78%']  memcached=156.5%
[monitor] ['76%', '97%', '95%', '73%']  memcached=149.7%
[monitor] ['78%', '89%', '98%', '75%']  memcached=153.0%
[monitor] ['76%', '94%', '97%', '74%']  memcached=150.5%
[monitor] ['73%', '97%', '95%', '74%']  memcached=147.5%
[monitor] ['74%', '95%', '97%', '71%']  memcached=144.7%
[monitor] ['73%', '95%', '98%', '74%']  memcached=147.2%
[monitor] ['75%', '95%', '96%', '73%']  memcached=148.0%
[monitor] ['73%', '96%', '96%', '73%']  memcached=146.7%
[monitor] ['69%', '95%', '97%', '71%']  memcached=140.7%
[monitor] ['67%', '95%', '97%', '72%']  memcached=139.3%
[monitor] ['72%', '96%', '97%', '77%']  memcached=149.1%
[monitor] ['76%', '95%', '94%', '73%']  memcached=149.7%
[monitor] ['76%', '93%', '96%', '73%']  memcached=148.9%
[monitor] ['73%', '94%', '97%', '72%']  memcached=145.6%
[monitor] ['75%', '95%', '98%', '75%']  memcached=150.3%
[monitor] ['72%', '94%', '98%', '72%']  memcached=143.8%
[monitor] ['84%', '94%', '97%', '84%']  memcached=167.8%
[monitor] ['87%', '96%', '97%', '85%']  memcached=172.2%
[MEMCACHED] cores updated to: ['0', '1', '3']
[streamcluster] cores updated to: [2]
[monitor] ['71%', '67%', '100%', '65%']  memcached=202.9%
[monitor] ['71%', '68%', '100%', '67%']  memcached=205.1%
[monitor] ['70%', '66%', '100%', '67%']  memcached=201.8%
[monitor] ['67%', '66%', '100%', '64%']  memcached=197.3%
[monitor] ['70%', '64%', '100%', '66%']  memcached=201.0%
[monitor] ['72%', '67%', '100%', '69%']  memcached=208.0%
[monitor] ['67%', '62%', '100%', '65%']  memcached=194.5%
[monitor] ['71%', '67%', '100%', '66%']  memcached=203.6%
[monitor] ['73%', '68%', '100%', '67%']  memcached=207.8%
[monitor] ['73%', '67%', '100%', '68%']  memcached=208.2%
[monitor] ['70%', '65%', '100%', '67%']  memcached=202.5%
[monitor] ['69%', '64%', '100%', '64%']  memcached=196.9%
[monitor] ['59%', '54%', '100%', '53%']  memcached=165.8%
[monitor] ['27%', '25%', '100%', '27%']  memcached=78.6%
[MEMCACHED] cores updated to: ['0']
[streamcluster] cores updated to: [1, 2, 3]
[monitor] ['90%', '98%', '89%', '100%']  memcached=89.8%
[MEMCACHED] cores updated to: ['0', '2']
[streamcluster] cores updated to: [1, 3]
[monitor] ['45%', '99%', '44%', '98%']  memcached=89.5%
[monitor] ['47%', '99%', '45%', '99%']  memcached=92.8%
[monitor] ['45%', '98%', '45%', '98%']  memcached=90.2%
[monitor] ['45%', '99%', '45%', '98%']  memcached=89.9%
[monitor] ['46%', '97%', '43%', '99%']  memcached=89.4%
[monitor] ['42%', '98%', '42%', '98%']  memcached=83.8%
[monitor] ['44%', '98%', '43%', '98%']  memcached=87.4%
[monitor] ['43%', '98%', '40%', '99%']  memcached=83.7%
[monitor] ['45%', '99%', '45%', '98%']  memcached=90.2%
[monitor] ['43%', '98%', '41%', '97%']  memcached=84.8%
[monitor] ['45%', '97%', '44%', '99%']  memcached=89.5%
[monitor] ['45%', '99%', '45%', '98%']  memcached=90.0%
[monitor] ['24%', '98%', '14%', '98%']  memcached=37.6%
[MEMCACHED] cores updated to: ['0']
[streamcluster] cores updated to: [1, 2, 3]
[monitor] ['21%', '100%', '87%', '100%']  memcached=20.6%
[monitor] ['23%', '99%', '87%', '99%']  memcached=22.7%
[monitor] ['23%', '100%', '87%', '99%']  memcached=22.7%
[monitor] ['17%', '100%', '82%', '100%']  memcached=17.5%
[monitor] ['22%', '98%', '80%', '100%']  memcached=21.5%
[monitor] ['16%', '99%', '82%', '100%']  memcached=16.1%
[monitor] ['20%', '100%', '83%', '99%']  memcached=20.0%
[monitor] ['23%', '100%', '85%', '100%']  memcached=22.7%
[monitor] ['26%', '99%', '90%', '99%']  memcached=25.8%
[monitor] ['17%', '100%', '84%', '99%']  memcached=17.5%
[monitor] ['22%', '99%', '89%', '99%']  memcached=21.9%
[monitor] ['20%', '99%', '88%', '100%']  memcached=20.3%
[monitor] ['25%', '99%', '91%', '99%']  memcached=24.6%
[monitor] ['58%', '99%', '65%', '74%']  memcached=57.7%
[monitor] ['100%', '94%', '92%', '98%']  memcached=100.0%
[MEMCACHED] cores updated to: ['0', '1', '3']
[streamcluster] cores updated to: [2]
[monitor] ['58%', '55%', '100%', '59%']  memcached=172.6%
[monitor] ['54%', '51%', '100%', '53%']  memcached=158.3%
[MEMCACHED] cores updated to: ['0', '3']
[streamcluster] cores updated to: [1, 2]
[monitor] ['71%', '95%', '96%', '75%']  memcached=146.4%
[monitor] ['78%', '90%', '97%', '80%']  memcached=158.5%
[monitor] ['71%', '97%', '96%', '70%']  memcached=140.9%
[monitor] ['73%', '95%', '97%', '76%']  memcached=148.7%
[monitor] ['74%', '94%', '97%', '74%']  memcached=148.9%
[monitor] ['72%', '93%', '96%', '77%']  memcached=149.0%
[monitor] ['80%', '96%', '94%', '76%']  memcached=156.4%
[monitor] ['68%', '96%', '96%', '72%']  memcached=139.7%
[monitor] ['71%', '97%', '97%', '73%']  memcached=144.1%
[monitor] ['70%', '94%', '96%', '70%']  memcached=140.1%
[monitor] ['71%', '91%', '97%', '73%']  memcached=143.8%
[monitor] ['59%', '97%', '96%', '59%']  memcached=117.8%
[monitor] ['54%', '96%', '96%', '55%']  memcached=109.2%
[monitor] ['58%', '96%', '95%', '61%']  memcached=119.5%
[monitor] ['57%', '97%', '95%', '57%']  memcached=114.6%
[monitor] ['57%', '97%', '94%', '60%']  memcached=116.6%
[monitor] ['59%', '95%', '96%', '60%']  memcached=118.8%
[monitor] ['53%', '95%', '97%', '58%']  memcached=110.9%
[monitor] ['59%', '95%', '97%', '59%']  memcached=117.1%
[monitor] ['60%', '97%', '96%', '61%']  memcached=120.5%
[monitor] ['54%', '96%', '95%', '56%']  memcached=109.8%
[monitor] ['53%', '95%', '98%', '56%']  memcached=109.6%
[monitor] ['54%', '94%', '96%', '56%']  memcached=110.2%
[monitor] ['54%', '98%', '96%', '56%']  memcached=110.3%
[monitor] ['54%', '94%', '96%', '54%']  memcached=108.1%
[monitor] ['51%', '94%', '97%', '53%']  memcached=104.3%
[monitor] ['37%', '97%', '95%', '38%']  memcached=75.3%
[MEMCACHED] cores updated to: ['0']
[streamcluster] cores updated to: [1, 2, 3]
[monitor] ['82%', '99%', '88%', '99%']  memcached=81.5%
[monitor] ['81%', '99%', '91%', '99%']  memcached=81.1%
[monitor] ['80%', '97%', '89%', '100%']  memcached=79.6%
[monitor] ['81%', '98%', '91%', '100%']  memcached=81.1%
[monitor] ['78%', '99%', '88%', '99%']  memcached=78.0%
[monitor] ['82%', '99%', '93%', '100%']  memcached=82.3%
[monitor] ['82%', '98%', '93%', '99%']  memcached=81.7%
[monitor] ['79%', '99%', '92%', '100%']  memcached=79.3%
[monitor] ['78%', '100%', '90%', '98%']  memcached=77.5%
[monitor] ['79%', '99%', '85%', '100%']  memcached=79.1%
[monitor] ['80%', '99%', '89%', '100%']  memcached=80.2%
[monitor] ['80%', '99%', '91%', '99%']  memcached=79.6%
[monitor] ['79%', '99%', '86%', '99%']  memcached=79.3%
[monitor] ['84%', '99%', '89%', '99%']  memcached=83.9%
[monitor] ['87%', '99%', '88%', '99%']  memcached=86.7%
[MEMCACHED] cores updated to: ['0', '2']
[streamcluster] cores updated to: [1, 3]
[monitor] ['45%', '99%', '43%', '98%']  memcached=87.7%
[monitor] ['41%', '97%', '42%', '72%']  memcached=82.6%
[monitor] ['44%', '98%', '44%', '99%']  memcached=87.6%
[monitor] ['40%', '98%', '42%', '98%']  memcached=81.7%
[monitor] ['42%', '98%', '44%', '98%']  memcached=85.6%
[monitor] ['42%', '98%', '44%', '98%']  memcached=86.1%
[monitor] ['45%', '98%', '47%', '97%']  memcached=91.8%
[monitor] ['43%', '99%', '45%', '98%']  memcached=88.0%
[monitor] ['42%', '98%', '46%', '99%']  memcached=87.7%
[monitor] ['39%', '99%', '42%', '98%']  memcached=81.7%
[monitor] ['42%', '98%', '43%', '98%']  memcached=85.0%
[monitor] ['39%', '98%', '40%', '98%']  memcached=79.5%
[MEMCACHED] cores updated to: ['0']
[streamcluster] cores updated to: [1, 2, 3]
[monitor] ['77%', '99%', '88%', '99%']  memcached=76.7%
[monitor] ['57%', '99%', '92%', '99%']  memcached=57.0%
[monitor] ['54%', '98%', '83%', '98%']  memcached=53.9%
[monitor] ['57%', '99%', '87%', '99%']  memcached=56.6%
[monitor] ['57%', '100%', '89%', '100%']  memcached=57.1%
[monitor] ['54%', '99%', '88%', '99%']  memcached=54.1%
[monitor] ['55%', '98%', '92%', '99%']  memcached=54.7%
[monitor] ['58%', '100%', '92%', '99%']  memcached=57.7%
[monitor] ['53%', '98%', '88%', '99%']  memcached=52.7%
[monitor] ['52%', '100%', '90%', '98%']  memcached=52.1%
[monitor] ['53%', '99%', '89%', '99%']  memcached=52.7%
[monitor] ['60%', '99%', '94%', '99%']  memcached=59.7%
[monitor] ['52%', '99%', '85%', '99%']  memcached=52.1%
[monitor] ['59%', '98%', '92%', '99%']  memcached=58.7%
[monitor] ['57%', '99%', '86%', '99%']  memcached=57.1%
[monitor] ['89%', '98%', '85%', '99%']  memcached=89.2%
[MEMCACHED] cores updated to: ['0', '3']
[streamcluster] cores updated to: [1, 2]
[monitor] ['73%', '97%', '96%', '74%']  memcached=146.1%
[monitor] ['71%', '97%', '96%', '75%']  memcached=145.5%
[monitor] ['71%', '96%', '97%', '71%']  memcached=142.7%
[monitor] ['71%', '95%', '97%', '70%']  memcached=140.6%
[monitor] ['66%', '96%', '96%', '63%']  memcached=128.9%
[monitor] ['61%', '94%', '95%', '65%']  memcached=126.2%
[monitor] ['64%', '93%', '96%', '64%']  memcached=128.3%
[monitor] ['61%', '97%', '92%', '61%']  memcached=122.0%
[monitor] ['70%', '95%', '97%', '72%']  memcached=141.9%
[monitor] ['70%', '96%', '97%', '72%']  memcached=142.7%
[monitor] ['69%', '96%', '94%', '67%']  memcached=135.2%
[monitor] ['65%', '96%', '97%', '64%']  memcached=129.1%
[monitor] ['67%', '96%', '97%', '70%']  memcached=137.9%
[monitor] ['64%', '93%', '97%', '66%']  memcached=129.8%
[monitor] ['72%', '96%', '97%', '74%']  memcached=145.7%
[monitor] ['74%', '95%', '97%', '70%']  memcached=144.1%
[monitor] ['78%', '95%', '97%', '80%']  memcached=158.2%
[monitor] ['74%', '93%', '97%', '73%']  memcached=146.9%
[monitor] ['80%', '95%', '97%', '78%']  memcached=158.0%
[monitor] ['78%', '91%', '97%', '74%']  memcached=152.7%
[monitor] ['80%', '93%', '97%', '80%']  memcached=160.4%
[monitor] ['79%', '95%', '97%', '83%']  memcached=161.4%
[monitor] ['74%', '96%', '98%', '74%']  memcached=148.0%
[monitor] ['76%', '94%', '95%', '76%']  memcached=151.6%
[monitor] ['74%', '93%', '98%', '74%']  memcached=148.0%
[monitor] ['77%', '95%', '98%', '75%']  memcached=151.6%
[monitor] ['76%', '96%', '97%', '75%']  memcached=151.6%
[monitor] ['77%', '95%', '95%', '76%']  memcached=153.4%
[monitor] ['66%', '97%', '96%', '64%']  memcached=129.7%
[monitor] ['48%', '96%', '96%', '49%']  memcached=97.4%
[monitor] ['50%', '95%', '97%', '48%']  memcached=98.1%
[monitor] ['53%', '96%', '96%', '52%']  memcached=105.7%
[monitor] ['49%', '95%', '97%', '50%']  memcached=98.7%
[monitor] ['50%', '97%', '76%', '53%']  memcached=102.6%
[monitor] ['53%', '94%', '91%', '52%']  memcached=104.5%
[monitor] ['59%', '95%', '97%', '58%']  memcached=116.7%
[monitor] ['53%', '96%', '97%', '56%']  memcached=108.7%
[monitor] ['57%', '97%', '96%', '56%']  memcached=112.8%
[monitor] ['51%', '97%', '97%', '48%']  memcached=98.7%
[monitor] ['51%', '97%', '97%', '51%']  memcached=101.3%
[monitor] ['56%', '97%', '96%', '59%']  memcached=114.8%
[monitor] ['53%', '96%', '94%', '56%']  memcached=108.1%
[monitor] ['49%', '96%', '97%', '49%']  memcached=97.4%
[monitor] ['51%', '97%', '97%', '51%']  memcached=101.9%
[monitor] ['50%', '97%', '96%', '53%']  memcached=103.1%
[monitor] ['49%', '96%', '96%', '47%']  memcached=96.2%
[monitor] ['53%', '94%', '97%', '52%']  memcached=105.6%
[monitor] ['49%', '97%', '95%', '51%']  memcached=99.9%
[monitor] ['54%', '96%', '97%', '57%']  memcached=110.9%
[monitor] ['52%', '95%', '96%', '56%']  memcached=108.6%
[monitor] ['52%', '96%', '98%', '54%']  memcached=106.1%
[monitor] ['52%', '98%', '96%', '54%']  memcached=106.2%
[monitor] ['49%', '96%', '97%', '51%']  memcached=100.0%
[monitor] ['57%', '98%', '95%', '57%']  memcached=114.5%
[monitor] ['54%', '95%', '98%', '54%']  memcached=107.3%
[monitor] ['50%', '96%', '95%', '49%']  memcached=98.7%
[monitor] ['54%', '97%', '96%', '55%']  memcached=108.4%
[monitor] ['73%', '93%', '96%', '73%']  memcached=146.1%
[monitor] ['96%', '94%', '95%', '96%']  memcached=191.8%
[MEMCACHED] cores updated to: ['0', '1', '3']
[streamcluster] cores updated to: [2]
[monitor] ['77%', '72%', '100%', '72%']  memcached=220.9%
[monitor] ['75%', '71%', '100%', '72%']  memcached=217.4%
[monitor] ['77%', '72%', '100%', '74%']  memcached=222.3%
[monitor] ['76%', '70%', '100%', '71%']  memcached=216.7%
[monitor] ['76%', '73%', '100%', '72%']  memcached=220.4%
[monitor] ['75%', '72%', '100%', '74%']  memcached=221.4%
[monitor] ['76%', '72%', '100%', '74%']  memcached=222.5%
[monitor] ['80%', '73%', '100%', '74%']  memcached=227.5%
[monitor] ['77%', '73%', '100%', '74%']  memcached=224.1%
[monitor] ['73%', '68%', '100%', '71%']  memcached=212.2%
[monitor] ['74%', '72%', '100%', '73%']  memcached=219.5%
[monitor] ['73%', '69%', '100%', '70%']  memcached=211.1%
[monitor] ['80%', '73%', '100%', '74%']  memcached=226.5%
[monitor] ['13%', '9%', '100%', '7%']  memcached=28.6%
[MEMCACHED] cores updated to: ['0']
[streamcluster] cores updated to: [1, 2, 3]
[monitor] ['11%', '100%', '83%', '99%']  memcached=11.0%
[monitor] ['18%', '100%', '81%', '100%']  memcached=18.4%
[monitor] ['15%', '99%', '81%', '100%']  memcached=15.5%
[monitor] ['8%', '99%', '78%', '100%']  memcached=7.9%
[monitor] ['12%', '99%', '77%', '100%']  memcached=12.1%
[monitor] ['12%', '100%', '81%', '99%']  memcached=11.8%
[monitor] ['16%', '99%', '82%', '99%']  memcached=15.6%
[monitor] ['20%', '100%', '84%', '100%']  memcached=19.6%
[monitor] ['17%', '100%', '84%', '99%']  memcached=17.3%
[monitor] ['20%', '100%', '84%', '100%']  memcached=20.4%
[monitor] ['18%', '99%', '85%', '100%']  memcached=17.5%
[monitor] ['19%', '100%', '83%', '100%']  memcached=19.0%
[monitor] ['13%', '99%', '83%', '99%']  memcached=12.9%
[monitor] ['13%', '100%', '86%', '100%']  memcached=12.6%
[monitor] ['7%', '99%', '92%', '98%']  memcached=7.2%
[monitor] ['7%', '100%', '90%', '100%']  memcached=7.1%
[monitor] ['7%', '99%', '83%', '99%']  memcached=7.0%
[monitor] ['6%', '100%', '85%', '100%']  memcached=5.7%
[monitor] ['4%', '100%', '85%', '99%']  memcached=4.3%
[monitor] ['7%', '99%', '84%', '100%']  memcached=7.0%
[monitor] ['8%', '99%', '82%', '99%']  memcached=8.5%
[monitor] ['10%', '100%', '88%', '100%']  memcached=9.9%
[monitor] ['6%', '99%', '83%', '99%']  memcached=5.7%
[monitor] ['10%', '100%', '87%', '100%']  memcached=9.7%
[monitor] ['13%', '99%', '87%', '99%']  memcached=13.3%
[monitor] ['19%', '99%', '62%', '75%']  memcached=18.8%
[monitor] ['13%', '100%', '87%', '99%']  memcached=13.0%
[monitor] ['13%', '100%', '81%', '100%']  memcached=13.2%
[monitor] ['19%', '99%', '81%', '100%']  memcached=19.1%
[monitor] ['21%', '100%', '84%', '99%']  memcached=21.4%
[monitor] ['21%', '100%', '85%', '100%']  memcached=21.2%
[monitor] ['21%', '100%', '85%', '99%']  memcached=20.6%
[monitor] ['14%', '100%', '88%', '98%']  memcached=14.3%
[monitor] ['25%', '100%', '88%', '98%']  memcached=24.5%
[monitor] ['19%', '100%', '83%', '100%']  memcached=18.8%
[monitor] ['19%', '100%', '85%', '100%']  memcached=18.8%
[monitor] ['11%', '100%', '81%', '100%']  memcached=11.2%
[monitor] ['17%', '100%', '82%', '99%']  memcached=17.0%
[monitor] ['23%', '99%', '83%', '100%']  memcached=22.5%
[monitor] ['22%', '100%', '83%', '100%']  memcached=22.2%
[monitor] ['16%', '99%', '85%', '100%']  memcached=16.3%
[monitor] ['10%', '100%', '78%', '99%']  memcached=10.5%
[monitor] ['19%', '99%', '78%', '100%']  memcached=19.1%
[monitor] ['85%', '99%', '88%', '99%']  memcached=84.9%
[monitor] ['80%', '98%', '88%', '100%']  memcached=80.2%
[monitor] ['87%', '97%', '96%', '98%']  memcached=87.4%
[MEMCACHED] cores updated to: ['0', '2']
[streamcluster] cores updated to: [1, 3]
[monitor] ['38%', '99%', '36%', '99%']  memcached=74.5%
[MEMCACHED] cores updated to: ['0']
[streamcluster] cores updated to: [1, 2, 3]
[monitor] ['87%', '98%', '93%', '99%']  memcached=86.6%
[MEMCACHED] cores updated to: ['0', '3']
[streamcluster] cores updated to: [1, 2]
[monitor] ['41%', '95%', '97%', '41%']  memcached=81.3%
[monitor] ['44%', '95%', '97%', '44%']  memcached=88.2%
[monitor] ['47%', '95%', '96%', '49%']  memcached=95.6%
[monitor] ['41%', '95%', '97%', '45%']  memcached=86.1%
[monitor] ['40%', '95%', '97%', '42%']  memcached=82.7%
[monitor] ['42%', '97%', '95%', '41%']  memcached=82.4%
[monitor] ['42%', '93%', '96%', '41%']  memcached=82.9%
[monitor] ['41%', '95%', '99%', '46%']  memcached=86.8%
[monitor] ['46%', '94%', '95%', '51%']  memcached=96.2%
[monitor] ['22%', '96%', '93%', '13%']  memcached=35.5%
[MEMCACHED] cores updated to: ['0']
[streamcluster] cores updated to: [1, 2, 3]
[monitor] ['7%', '100%', '82%', '98%']  memcached=7.4%
[monitor] ['6%', '99%', '81%', '100%']  memcached=5.9%
[monitor] ['7%', '99%', '81%', '100%']  memcached=7.2%
[monitor] ['9%', '100%', '81%', '100%']  memcached=8.6%
[monitor] ['13%', '99%', '81%', '100%']  memcached=12.7%
[monitor] ['4%', '99%', '80%', '99%']  memcached=4.5%
[monitor] ['6%', '100%', '84%', '100%']  memcached=6.0%
[monitor] ['9%', '99%', '81%', '99%']  memcached=8.7%
[monitor] ['6%', '99%', '81%', '100%']  memcached=6.0%
[monitor] ['9%', '99%', '80%', '100%']  memcached=8.6%
[monitor] ['7%', '100%', '80%', '99%']  memcached=7.2%
[monitor] ['9%', '100%', '81%', '100%']  memcached=8.7%
[monitor] ['10%', '100%', '81%', '99%']  memcached=10.1%
[monitor] ['23%', '20%', '11%', '11%']  memcached=23.0%
[streamcluster] ended.
[vips] started on cores: [1, 2, 3] with 3 threads.
[monitor] ['67%', '40%', '14%', '65%']  memcached=66.7%
[monitor] ['61%', '94%', '7%', '13%']  memcached=60.8%
[monitor] ['66%', '79%', '67%', '89%']  memcached=66.3%
[monitor] ['70%', '100%', '100%', '100%']  memcached=69.8%
[monitor] ['75%', '100%', '100%', '100%']  memcached=74.7%
[monitor] ['72%', '100%', '100%', '100%']  memcached=71.6%
[monitor] ['85%', '100%', '100%', '100%']  memcached=85.2%
[MEMCACHED] cores updated to: ['0', '1']
[vips] cores updated to: [2, 3]
[monitor] ['33%', '31%', '100%', '100%']  memcached=64.0%
[MEMCACHED] cores updated to: ['0']
[vips] cores updated to: [1, 2, 3]
[monitor] ['56%', '100%', '100%', '100%']  memcached=55.8%
[monitor] ['12%', '100%', '100%', '100%']  memcached=11.6%
[monitor] ['4%', '100%', '100%', '100%']  memcached=4.4%
[monitor] ['32%', '100%', '100%', '100%']  memcached=31.9%
[monitor] ['100%', '100%', '100%', '100%']  memcached=100.0%
[MEMCACHED] cores updated to: ['0', '2', '3']
[vips] cores updated to: [1]
[monitor] ['100%', '100%', '7%', '5%']  memcached=111.6%
[MEMCACHED] cores updated to: ['0', '3']
[vips] cores updated to: [1, 2]
[monitor] ['100%', '100%', '100%', '8%']  memcached=108.4%
[monitor] ['100%', '100%', '100%', '6%']  memcached=106.3%
[monitor] ['100%', '100%', '100%', '6%']  memcached=106.3%
[monitor] ['100%', '100%', '99%', '7%']  memcached=107.4%
[monitor] ['100%', '100%', '100%', '6%']  memcached=106.2%
[monitor] ['47%', '100%', '100%', '73%']  memcached=119.5%
[monitor] ['69%', '100%', '100%', '41%']  memcached=110.6%
[monitor] ['100%', '100%', '100%', '6%']  memcached=106.2%
[monitor] ['100%', '100%', '100%', '57%']  memcached=156.8%
[monitor] ['100%', '100%', '100%', '94%']  memcached=193.8%
[MEMCACHED] cores updated to: ['0', '1', '3']
[vips] cores updated to: [2]
[monitor] ['67%', '62%', '100%', '64%']  memcached=193.0%
[monitor] ['64%', '64%', '100%', '63%']  memcached=190.9%
[monitor] ['62%', '61%', '100%', '61%']  memcached=184.6%
[monitor] ['66%', '64%', '100%', '66%']  memcached=195.3%
[monitor] ['64%', '64%', '100%', '65%']  memcached=193.6%
[monitor] ['64%', '64%', '100%', '64%']  memcached=192.0%
[monitor] ['61%', '60%', '100%', '64%']  memcached=184.0%
[monitor] ['67%', '63%', '100%', '64%']  memcached=194.2%
[monitor] ['65%', '64%', '100%', '66%']  memcached=194.2%
[monitor] ['67%', '66%', '100%', '66%']  memcached=197.7%
[monitor] ['63%', '62%', '100%', '62%']  memcached=187.2%
[monitor] ['68%', '64%', '100%', '66%']  memcached=198.1%
[monitor] ['60%', '60%', '100%', '60%']  memcached=180.9%
[monitor] ['39%', '36%', '100%', '37%']  memcached=111.4%
[MEMCACHED] cores updated to: ['0', '3']
[vips] cores updated to: [1, 2]
[monitor] ['56%', '100%', '100%', '56%']  memcached=111.7%
[monitor] ['50%', '100%', '100%', '57%']  memcached=107.3%
[monitor] ['45%', '100%', '100%', '53%']  memcached=98.0%
[monitor] ['52%', '100%', '100%', '51%']  memcached=103.7%
[monitor] ['48%', '100%', '100%', '61%']  memcached=109.4%
[monitor] ['52%', '100%', '100%', '64%']  memcached=115.9%
[monitor] ['47%', '100%', '100%', '60%']  memcached=106.4%
[monitor] ['49%', '100%', '100%', '57%']  memcached=105.4%
[monitor] ['51%', '100%', '100%', '62%']  memcached=113.6%
[monitor] ['45%', '100%', '100%', '60%']  memcached=105.0%
[monitor] ['41%', '100%', '100%', '57%']  memcached=98.5%
[monitor] ['95%', '100%', '100%', '71%']  memcached=166.2%
[monitor] ['100%', '100%', '100%', '67%']  memcached=167.0%
[monitor] ['100%', '100%', '100%', '85%']  memcached=184.8%
[MEMCACHED] cores updated to: ['0', '2', '3']
[vips] cores updated to: [1]
[monitor] ['88%', '100%', '93%', '82%']  memcached=263.0%
[monitor] ['75%', '100%', '78%', '74%']  memcached=227.6%
[monitor] ['80%', '100%', '81%', '81%']  memcached=242.1%
[monitor] ['79%', '100%', '79%', '80%']  memcached=237.9%
[monitor] ['84%', '100%', '82%', '82%']  memcached=248.1%
[monitor] ['80%', '100%', '80%', '78%']  memcached=237.1%
[monitor] ['79%', '100%', '79%', '79%']  memcached=236.8%
[monitor] ['82%', '98%', '81%', '81%']  memcached=244.0%
[monitor] ['83%', '81%', '83%', '81%']  memcached=247.3%
[vips] ended.
[MEMCACHED] cores updated to: ['0', '1', '2', '3']
