Scheduler started.
[MEMCACHED] cores updated to: ['0', '1', '2']
[radix] started on cores: [3] with 1 threads.
[monitor] ['10%', '5%', '3%', '100%']  memcached=18.5%
[MEMCACHED] cores updated to: ['0']
[barnes] started on cores: [1, 2] with 2 threads.
[monitor] ['25%', '16%', '90%', '100%']  memcached=25.2%
[monitor] ['22%', '79%', '99%', '100%']  memcached=21.6%
[monitor] ['16%', '100%', '96%', '100%']  memcached=16.3%
[monitor] ['16%', '100%', '100%', '100%']  memcached=16.5%
[monitor] ['17%', '100%', '100%', '100%']  memcached=17.2%
[monitor] ['16%', '100%', '100%', '100%']  memcached=15.8%
[monitor] ['22%', '100%', '100%', '100%']  memcached=22.1%
[monitor] ['24%', '100%', '100%', '100%']  memcached=24.3%
[monitor] ['26%', '100%', '100%', '100%']  memcached=25.9%
[monitor] ['92%', '100%', '100%', '100%']  memcached=91.7%
[MEMCACHED] cores updated to: ['0', '3']
[radix] paused.
[monitor] ['69%', '100%', '100%', '64%']  memcached=132.7%
[monitor] ['69%', '100%', '100%', '62%']  memcached=130.8%
[monitor] ['68%', '100%', '100%', '60%']  memcached=127.9%
[monitor] ['65%', '100%', '100%', '59%']  memcached=124.7%
[monitor] ['68%', '100%', '100%', '66%']  memcached=133.9%
[monitor] ['63%', '100%', '100%', '66%']  memcached=128.7%
[monitor] ['61%', '100%', '100%', '64%']  memcached=125.4%
[monitor] ['62%', '100%', '100%', '61%']  memcached=122.7%
[monitor] ['61%', '100%', '100%', '62%']  memcached=123.8%
[monitor] ['61%', '100%', '100%', '63%']  memcached=124.0%
[monitor] ['65%', '100%', '68%', '64%']  memcached=128.9%
[monitor] ['61%', '100%', '3%', '63%']  memcached=124.7%
[monitor] ['60%', '100%', '6%', '63%']  memcached=122.6%
[monitor] ['69%', '100%', '70%', '71%']  memcached=140.1%
[monitor] ['98%', '89%', '100%', '99%']  memcached=197.0%
[MEMCACHED] cores updated to: ['0', '1', '3']
[radix] unpaused.
[radix] cores updated to: [2]
[barnes] paused.
[monitor] ['78%', '81%', '100%', '83%']  memcached=242.0%
[monitor] ['77%', '78%', '100%', '81%']  memcached=236.5%
[monitor] ['81%', '80%', '100%', '82%']  memcached=243.9%
[monitor] ['81%', '81%', '100%', '84%']  memcached=246.9%
[monitor] ['78%', '79%', '100%', '83%']  memcached=239.1%
[monitor] ['79%', '79%', '100%', '82%']  memcached=240.5%
[monitor] ['82%', '80%', '100%', '83%']  memcached=246.0%
[monitor] ['82%', '82%', '100%', '84%']  memcached=248.1%
[monitor] ['79%', '79%', '100%', '81%']  memcached=238.1%
[monitor] ['76%', '77%', '100%', '81%']  memcached=234.3%
[monitor] ['78%', '77%', '100%', '82%']  memcached=237.6%
[monitor] ['78%', '78%', '100%', '81%']  memcached=237.2%
[monitor] ['77%', '77%', '100%', '82%']  memcached=235.6%
[monitor] ['69%', '70%', '100%', '71%']  memcached=209.8%
[monitor] ['55%', '57%', '100%', '59%']  memcached=171.6%
[monitor] ['59%', '59%', '100%', '61%']  memcached=179.0%
[monitor] ['56%', '56%', '100%', '59%']  memcached=171.8%
[monitor] ['58%', '59%', '100%', '60%']  memcached=176.4%
[monitor] ['58%', '59%', '100%', '59%']  memcached=174.7%
[monitor] ['57%', '57%', '100%', '60%']  memcached=174.2%
[monitor] ['60%', '58%', '100%', '62%']  memcached=179.6%
[monitor] ['58%', '58%', '100%', '61%']  memcached=176.4%
[monitor] ['57%', '56%', '100%', '59%']  memcached=172.4%
[monitor] ['55%', '56%', '100%', '59%']  memcached=170.5%
[monitor] ['62%', '58%', '100%', '59%']  memcached=178.6%
[monitor] ['62%', '57%', '100%', '59%']  memcached=177.7%
[monitor] ['63%', '57%', '100%', '60%']  memcached=180.0%
[monitor] ['65%', '58%', '100%', '60%']  memcached=182.6%
[monitor] ['56%', '47%', '100%', '50%']  memcached=153.4%
[MEMCACHED] cores updated to: ['0', '3']
[radix] paused.
[barnes] unpaused.
[monitor] ['55%', '100%', '100%', '55%']  memcached=110.2%
[monitor] ['55%', '100%', '100%', '56%']  memcached=110.6%
[monitor] ['56%', '100%', '100%', '54%']  memcached=109.6%
[monitor] ['50%', '100%', '100%', '51%']  memcached=100.9%
[monitor] ['50%', '100%', '100%', '49%']  memcached=99.1%
[monitor] ['48%', '100%', '100%', '50%']  memcached=97.5%
[monitor] ['49%', '100%', '100%', '50%']  memcached=99.1%
[monitor] ['48%', '100%', '100%', '49%']  memcached=96.7%
[monitor] ['50%', '100%', '100%', '50%']  memcached=99.5%
[monitor] ['50%', '100%', '100%', '50%']  memcached=100.0%
[monitor] ['53%', '100%', '100%', '52%']  memcached=105.1%
[monitor] ['53%', '100%', '100%', '53%']  memcached=105.6%
[monitor] ['52%', '100%', '100%', '53%']  memcached=105.0%
[monitor] ['47%', '100%', '100%', '49%']  memcached=95.6%
[monitor] ['56%', '100%', '100%', '56%']  memcached=112.4%
[monitor] ['67%', '100%', '100%', '65%']  memcached=131.8%
[monitor] ['64%', '100%', '100%', '65%']  memcached=129.8%
[monitor] ['63%', '100%', '100%', '61%']  memcached=124.5%
[monitor] ['65%', '100%', '92%', '65%']  memcached=129.8%
[monitor] ['62%', '90%', '100%', '62%']  memcached=123.9%
[monitor] ['64%', '100%', '100%', '64%']  memcached=127.6%
[monitor] ['63%', '100%', '100%', '62%']  memcached=125.6%
[monitor] ['62%', '100%', '100%', '62%']  memcached=123.8%
[monitor] ['61%', '100%', '100%', '62%']  memcached=123.1%
[monitor] ['62%', '100%', '100%', '62%']  memcached=125.0%
[monitor] ['61%', '100%', '100%', '62%']  memcached=123.7%
[monitor] ['61%', '100%', '100%', '64%']  memcached=125.5%
[monitor] ['60%', '100%', '100%', '65%']  memcached=124.9%
[monitor] ['62%', '100%', '100%', '63%']  memcached=125.3%
[monitor] ['54%', '100%', '100%', '55%']  memcached=109.3%
[monitor] ['50%', '100%', '100%', '50%']  memcached=100.0%
[monitor] ['46%', '100%', '100%', '47%']  memcached=93.3%
[monitor] ['45%', '100%', '100%', '46%']  memcached=91.2%
[monitor] ['47%', '100%', '100%', '47%']  memcached=93.7%
[monitor] ['45%', '100%', '100%', '47%']  memcached=92.2%
[monitor] ['46%', '100%', '100%', '47%']  memcached=92.3%
[monitor] ['45%', '100%', '100%', '47%']  memcached=91.6%
[monitor] ['46%', '100%', '100%', '47%']  memcached=92.4%
[monitor] ['46%', '97%', '100%', '47%']  memcached=93.2%
[monitor] ['46%', '91%', '100%', '47%']  memcached=93.3%
[monitor] ['47%', '100%', '100%', '47%']  memcached=93.3%
[monitor] ['46%', '100%', '100%', '46%']  memcached=91.3%
[monitor] ['46%', '100%', '100%', '47%']  memcached=92.2%
[monitor] ['45%', '100%', '100%', '46%']  memcached=91.4%
[monitor] ['81%', '100%', '100%', '82%']  memcached=163.4%
[monitor] ['98%', '100%', '100%', '99%']  memcached=197.0%
[MEMCACHED] cores updated to: ['0', '1', '3']
[radix] unpaused.
[barnes] paused.
[monitor] ['92%', '81%', '100%', '84%']  memcached=258.1%
[monitor] ['92%', '80%', '100%', '82%']  memcached=254.6%
[monitor] ['89%', '80%', '100%', '84%']  memcached=252.7%
[monitor] ['84%', '80%', '100%', '84%']  memcached=247.9%
[monitor] ['84%', '84%', '72%', '86%']  memcached=254.0%
[radix] ended.
[blackscholes] started on cores: [2] with 3 threads.
[monitor] ['85%', '81%', '100%', '84%']  memcached=250.8%
[monitor] ['85%', '80%', '100%', '83%']  memcached=248.2%
[monitor] ['79%', '80%', '100%', '83%']  memcached=242.3%
[monitor] ['82%', '81%', '100%', '84%']  memcached=247.5%
[monitor] ['80%', '80%', '100%', '83%']  memcached=242.7%
[monitor] ['80%', '82%', '100%', '85%']  memcached=246.3%
[monitor] ['80%', '83%', '100%', '85%']  memcached=248.4%
[monitor] ['83%', '83%', '100%', '87%']  memcached=253.8%
[monitor] ['84%', '84%', '100%', '86%']  memcached=254.6%
[monitor] ['85%', '84%', '100%', '88%']  memcached=257.3%
[monitor] ['83%', '83%', '100%', '86%']  memcached=251.5%
[monitor] ['87%', '88%', '100%', '87%']  memcached=261.8%
[monitor] ['100%', '83%', '100%', '85%']  memcached=267.3%
[monitor] ['100%', '82%', '100%', '86%']  memcached=268.4%
[monitor] ['87%', '95%', '100%', '85%']  memcached=267.5%
[monitor] ['85%', '94%', '100%', '89%']  memcached=267.8%
[monitor] ['87%', '81%', '100%', '85%']  memcached=252.7%
[monitor] ['81%', '81%', '100%', '83%']  memcached=245.4%
[monitor] ['81%', '81%', '100%', '85%']  memcached=246.5%
[monitor] ['81%', '82%', '100%', '84%']  memcached=246.4%
[monitor] ['82%', '82%', '100%', '85%']  memcached=248.3%
[monitor] ['83%', '82%', '100%', '85%']  memcached=249.2%
[monitor] ['81%', '81%', '100%', '84%']  memcached=246.4%
[monitor] ['79%', '77%', '100%', '81%']  memcached=237.1%
[monitor] ['76%', '78%', '100%', '80%']  memcached=233.5%
[monitor] ['77%', '77%', '100%', '81%']  memcached=234.6%
[monitor] ['74%', '77%', '100%', '79%']  memcached=230.1%
[monitor] ['73%', '77%', '100%', '79%']  memcached=229.2%
[monitor] ['79%', '80%', '100%', '82%']  memcached=240.5%
[monitor] ['75%', '78%', '100%', '80%']  memcached=233.3%
[monitor] ['77%', '79%', '100%', '81%']  memcached=237.4%
[monitor] ['76%', '78%', '100%', '79%']  memcached=232.5%
[monitor] ['74%', '76%', '100%', '79%']  memcached=228.8%
[monitor] ['74%', '77%', '100%', '79%']  memcached=229.8%
[monitor] ['75%', '79%', '100%', '81%']  memcached=234.3%
[monitor] ['75%', '77%', '100%', '79%']  memcached=231.3%
[monitor] ['77%', '79%', '100%', '80%']  memcached=236.4%
[monitor] ['61%', '63%', '100%', '65%']  memcached=189.6%
[monitor] ['31%', '35%', '100%', '36%']  memcached=102.5%
[MEMCACHED] cores updated to: ['0', '3']
[barnes] unpaused.
[blackscholes] paused.
[monitor] ['51%', '100%', '100%', '52%']  memcached=103.2%
[monitor] ['47%', '100%', '100%', '46%']  memcached=92.8%
[monitor] ['44%', '100%', '100%', '47%']  memcached=91.3%
[monitor] ['45%', '100%', '100%', '45%']  memcached=89.7%
[monitor] ['44%', '100%', '100%', '45%']  memcached=89.2%
[monitor] ['47%', '100%', '100%', '47%']  memcached=93.7%
[monitor] ['43%', '100%', '100%', '44%']  memcached=86.6%
[monitor] ['45%', '100%', '100%', '45%']  memcached=89.7%
[monitor] ['44%', '100%', '100%', '45%']  memcached=88.3%
[monitor] ['47%', '100%', '100%', '47%']  memcached=93.8%
[monitor] ['45%', '100%', '100%', '46%']  memcached=91.3%
[monitor] ['47%', '98%', '84%', '46%']  memcached=93.2%
[barnes] ended.
[blackscholes] unpaused.
[blackscholes] cores updated to: [1, 2]
[monitor] ['44%', '100%', '100%', '44%']  memcached=87.6%
[monitor] ['28%', '100%', '100%', '24%']  memcached=52.4%
[MEMCACHED] cores updated to: ['0']
[blackscholes] cores updated to: [1, 2, 3]
[monitor] ['12%', '100%', '100%', '100%']  memcached=12.1%
[monitor] ['15%', '100%', '100%', '100%']  memcached=15.2%
[monitor] ['14%', '100%', '100%', '100%']  memcached=14.0%
[monitor] ['10%', '100%', '100%', '100%']  memcached=10.2%
[monitor] ['14%', '100%', '100%', '100%']  memcached=14.0%
[monitor] ['16%', '100%', '100%', '100%']  memcached=16.0%
[monitor] ['18%', '100%', '100%', '100%']  memcached=17.9%
[monitor] ['13%', '100%', '100%', '100%']  memcached=13.0%
[monitor] ['13%', '100%', '100%', '100%']  memcached=13.0%
[monitor] ['11%', '100%', '100%', '100%']  memcached=11.4%
[monitor] ['11%', '100%', '100%', '100%']  memcached=11.1%
[monitor] ['15%', '100%', '100%', '100%']  memcached=15.4%
[monitor] ['12%', '100%', '100%', '100%']  memcached=12.0%
[monitor] ['12%', '100%', '100%', '100%']  memcached=12.2%
[monitor] ['68%', '100%', '100%', '100%']  memcached=68.0%
[monitor] ['100%', '100%', '100%', '100%']  memcached=100.0%
[MEMCACHED] cores updated to: ['0', '1', '3']
[blackscholes] cores updated to: [2]
[monitor] ['60%', '62%', '100%', '64%']  memcached=186.3%
[monitor] ['59%', '60%', '100%', '63%']  memcached=182.4%
[monitor] ['61%', '63%', '100%', '64%']  memcached=188.0%
[monitor] ['61%', '63%', '100%', '66%']  memcached=189.6%
[monitor] ['61%', '64%', '100%', '66%']  memcached=191.0%
[monitor] ['61%', '64%', '100%', '67%']  memcached=191.6%
[monitor] ['59%', '62%', '100%', '65%']  memcached=186.7%
[monitor] ['62%', '64%', '100%', '65%']  memcached=191.2%
[monitor] ['60%', '62%', '100%', '65%']  memcached=187.1%
[monitor] ['61%', '64%', '100%', '67%']  memcached=192.0%
[monitor] ['60%', '63%', '100%', '65%']  memcached=187.5%
[monitor] ['62%', '62%', '100%', '65%']  memcached=188.9%
[monitor] ['62%', '63%', '100%', '64%']  memcached=188.6%
[monitor] ['27%', '23%', '100%', '24%']  memcached=74.9%
[MEMCACHED] cores updated to: ['0']
[blackscholes] cores updated to: [1, 2, 3]
[monitor] ['16%', '2%', '100%', '0%']  memcached=16.3%
[monitor] ['16%', '2%', '100%', '2%']  memcached=16.3%
[monitor] ['17%', '32%', '69%', '9%']  memcached=17.4%
[blackscholes] ended.
[canneal] started on cores: [1, 2, 3] with 3 threads.
[monitor] ['20%', '20%', '76%', '16%']  memcached=19.5%
[monitor] ['22%', '2%', '100%', '2%']  memcached=22.2%
[monitor] ['22%', '2%', '100%', '0%']  memcached=22.2%
[monitor] ['17%', '0%', '100%', '2%']  memcached=17.4%
[monitor] ['20%', '1%', '100%', '1%']  memcached=19.5%
[monitor] ['21%', '22%', '100%', '2%']  memcached=21.3%
[monitor] ['18%', '1%', '100%', '1%']  memcached=17.6%
[monitor] ['22%', '3%', '100%', '0%']  memcached=21.6%
[monitor] ['20%', '0%', '100%', '2%']  memcached=20.5%
[monitor] ['20%', '3%', '100%', '0%']  memcached=20.5%
[monitor] ['82%', '1%', '100%', '1%']  memcached=82.5%
[monitor] ['85%', '24%', '100%', '6%']  memcached=85.1%
[MEMCACHED] cores updated to: ['0', '1']
[canneal] cores updated to: [2, 3]
[monitor] ['53%', '54%', '100%', '7%']  memcached=106.8%
[monitor] ['53%', '54%', '100%', '5%']  memcached=106.5%
[monitor] ['54%', '53%', '100%', '3%']  memcached=107.4%
[monitor] ['56%', '56%', '100%', '7%']  memcached=111.7%
[monitor] ['55%', '54%', '100%', '7%']  memcached=109.0%
[monitor] ['57%', '56%', '100%', '6%']  memcached=112.4%
[monitor] ['54%', '55%', '100%', '3%']  memcached=109.1%
[monitor] ['56%', '56%', '100%', '2%']  memcached=112.0%
[monitor] ['54%', '56%', '100%', '5%']  memcached=110.2%
[monitor] ['55%', '55%', '100%', '5%']  memcached=109.9%
[monitor] ['55%', '55%', '100%', '5%']  memcached=109.9%
[monitor] ['54%', '54%', '100%', '5%']  memcached=107.7%
[monitor] ['52%', '54%', '100%', '6%']  memcached=105.9%
[monitor] ['21%', '17%', '100%', '1%']  memcached=38.3%
[MEMCACHED] cores updated to: ['0']
[canneal] cores updated to: [1, 2, 3]
[monitor] ['44%', '1%', '100%', '1%']  memcached=44.0%
[monitor] ['34%', '64%', '41%', '2%']  memcached=34.0%
[monitor] ['30%', '100%', '2%', '1%']  memcached=30.1%
[monitor] ['30%', '100%', '2%', '1%']  memcached=30.4%
[monitor] ['29%', '100%', '3%', '1%']  memcached=29.3%
[monitor] ['32%', '100%', '3%', '1%']  memcached=32.3%
[monitor] ['30%', '100%', '1%', '2%']  memcached=30.1%
[monitor] ['30%', '100%', '2%', '2%']  memcached=29.7%
[monitor] ['29%', '100%', '17%', '16%']  memcached=29.3%
[monitor] ['42%', '99%', '94%', '100%']  memcached=41.8%
[monitor] ['40%', '97%', '97%', '98%']  memcached=39.6%
[monitor] ['41%', '97%', '95%', '98%']  memcached=41.1%
[monitor] ['37%', '99%', '94%', '99%']  memcached=36.6%
[monitor] ['48%', '98%', '96%', '99%']  memcached=48.0%
[monitor] ['100%', '96%', '99%', '99%']  memcached=100.0%
[MEMCACHED] cores updated to: ['0', '2', '3']
[canneal] cores updated to: [1]
[monitor] ['91%', '100%', '90%', '96%']  memcached=277.7%
[monitor] ['75%', '100%', '75%', '79%']  memcached=228.8%
[monitor] ['75%', '100%', '76%', '78%']  memcached=228.7%
[monitor] ['79%', '100%', '78%', '82%']  memcached=239.1%
[monitor] ['74%', '100%', '76%', '80%']  memcached=229.8%
[monitor] ['75%', '100%', '77%', '78%']  memcached=230.5%
[monitor] ['77%', '100%', '78%', '81%']  memcached=235.6%
[monitor] ['76%', '100%', '75%', '79%']  memcached=229.9%
[monitor] ['75%', '100%', '76%', '79%']  memcached=229.8%
[monitor] ['77%', '100%', '77%', '81%']  memcached=235.8%
[monitor] ['78%', '100%', '77%', '81%']  memcached=235.7%
[monitor] ['76%', '100%', '78%', '81%']  memcached=235.5%
[monitor] ['76%', '100%', '76%', '80%']  memcached=231.4%
[monitor] ['63%', '100%', '61%', '65%']  memcached=188.6%
[monitor] ['8%', '100%', '5%', '4%']  memcached=18.2%
[MEMCACHED] cores updated to: ['0']
[canneal] cores updated to: [3, 1, 2]
[monitor] ['15%', '98%', '96%', '98%']  memcached=14.9%
[monitor] ['17%', '98%', '98%', '98%']  memcached=17.0%
[monitor] ['15%', '99%', '95%', '100%']  memcached=14.9%
[monitor] ['16%', '98%', '93%', '98%']  memcached=15.7%
[monitor] ['16%', '99%', '94%', '99%']  memcached=16.3%
[monitor] ['16%', '99%', '93%', '99%']  memcached=16.5%
[monitor] ['15%', '96%', '95%', '97%']  memcached=14.8%
[monitor] ['14%', '98%', '97%', '98%']  memcached=14.1%
[monitor] ['16%', '99%', '91%', '100%']  memcached=15.7%
[monitor] ['14%', '97%', '95%', '97%']  memcached=14.0%
[monitor] ['13%', '99%', '93%', '99%']  memcached=12.9%
[monitor] ['18%', '97%', '96%', '97%']  memcached=18.0%
[monitor] ['16%', '98%', '95%', '99%']  memcached=15.9%
[monitor] ['15%', '98%', '95%', '98%']  memcached=15.3%
[monitor] ['26%', '99%', '93%', '99%']  memcached=25.6%
[monitor] ['27%', '98%', '92%', '100%']  memcached=27.3%
[monitor] ['27%', '99%', '94%', '99%']  memcached=27.0%
[monitor] ['27%', '99%', '94%', '100%']  memcached=27.0%
[monitor] ['31%', '97%', '97%', '97%']  memcached=31.1%
[monitor] ['31%', '98%', '96%', '99%']  memcached=31.2%
[monitor] ['30%', '97%', '96%', '98%']  memcached=30.4%
[monitor] ['31%', '98%', '95%', '99%']  memcached=31.1%
[monitor] ['28%', '98%', '96%', '98%']  memcached=28.1%
[monitor] ['29%', '98%', '97%', '99%']  memcached=28.9%
[monitor] ['31%', '97%', '96%', '98%']  memcached=31.2%
[monitor] ['30%', '99%', '95%', '99%']  memcached=29.7%
[monitor] ['30%', '97%', '96%', '98%']  memcached=30.0%
[monitor] ['31%', '98%', '98%', '98%']  memcached=30.8%
[monitor] ['57%', '96%', '97%', '98%']  memcached=56.8%
[monitor] ['100%', '96%', '98%', '100%']  memcached=100.0%
[MEMCACHED] cores updated to: ['0', '1', '3']
[canneal] cores updated to: [2]
[monitor] ['83%', '83%', '100%', '83%']  memcached=250.0%
[monitor] ['71%', '71%', '100%', '73%']  memcached=214.3%
[monitor] ['72%', '72%', '100%', '74%']  memcached=217.6%
[monitor] ['72%', '71%', '100%', '73%']  memcached=215.5%
[monitor] ['73%', '73%', '100%', '74%']  memcached=219.4%
[monitor] ['73%', '71%', '100%', '74%']  memcached=217.4%
[monitor] ['70%', '70%', '100%', '73%']  memcached=213.5%
[monitor] ['72%', '72%', '100%', '73%']  memcached=217.2%
[monitor] ['71%', '72%', '100%', '73%']  memcached=215.9%
[monitor] ['70%', '70%', '100%', '72%']  memcached=212.7%
[monitor] ['71%', '71%', '100%', '73%']  memcached=215.4%
[monitor] ['74%', '73%', '100%', '74%']  memcached=221.1%
[monitor] ['70%', '71%', '100%', '72%']  memcached=213.0%
[monitor] ['44%', '42%', '100%', '44%']  memcached=129.8%
[MEMCACHED] cores updated to: ['0', '3']
[canneal] cores updated to: [1, 2]
[monitor] ['14%', '92%', '92%', '3%']  memcached=17.1%
[MEMCACHED] cores updated to: ['0']
[canneal] cores updated to: [3, 1, 2]
[monitor] ['14%', '98%', '94%', '98%']  memcached=14.4%
[monitor] ['13%', '98%', '95%', '99%']  memcached=12.8%
[monitor] ['11%', '99%', '92%', '99%']  memcached=10.8%
[monitor] ['17%', '100%', '90%', '100%']  memcached=17.0%
[monitor] ['15%', '98%', '93%', '99%']  memcached=15.3%
[monitor] ['19%', '99%', '93%', '99%']  memcached=19.2%
[monitor] ['14%', '98%', '97%', '98%']  memcached=14.4%
[monitor] ['15%', '99%', '94%', '98%']  memcached=15.3%
[monitor] ['15%', '98%', '93%', '99%']  memcached=15.5%
[monitor] ['20%', '99%', '92%', '100%']  memcached=20.2%
[monitor] ['18%', '99%', '92%', '98%']  memcached=18.2%
[monitor] ['24%', '99%', '97%', '100%']  memcached=24.1%
[monitor] ['20%', '99%', '92%', '99%']  memcached=20.2%
[monitor] ['64%', '98%', '72%', '74%']  memcached=63.9%
[monitor] ['88%', '100%', '5%', '2%']  memcached=87.5%
[MEMCACHED] cores updated to: ['0', '2']
[canneal] cores updated to: [3, 1]
[monitor] ['67%', '32%', '66%', '81%']  memcached=133.6%
[monitor] ['66%', '100%', '64%', '8%']  memcached=130.2%
[monitor] ['66%', '100%', '66%', '6%']  memcached=132.8%
[monitor] ['66%', '100%', '66%', '7%']  memcached=131.6%
[monitor] ['69%', '26%', '69%', '18%']  memcached=137.7%
[canneal] ended.
[MEMCACHED] cores updated to: ['0', '3']
[freqmine] started on cores: [1, 2] with 3 threads.
[monitor] ['68%', '45%', '76%', '70%']  memcached=137.7%
[monitor] ['66%', '8%', '99%', '67%']  memcached=133.3%
[monitor] ['64%', '8%', '100%', '66%']  memcached=129.2%
[monitor] ['68%', '83%', '100%', '71%']  memcached=138.6%
[monitor] ['66%', '100%', '100%', '68%']  memcached=133.9%
[monitor] ['65%', '100%', '100%', '71%']  memcached=136.1%
[monitor] ['71%', '100%', '100%', '71%']  memcached=141.8%
[monitor] ['66%', '100%', '100%', '68%']  memcached=133.9%
[monitor] ['28%', '100%', '100%', '25%']  memcached=53.1%
[MEMCACHED] cores updated to: ['0']
[freqmine] cores updated to: [1, 2, 3]
[monitor] ['38%', '86%', '100%', '91%']  memcached=37.5%
[monitor] ['37%', '78%', '99%', '79%']  memcached=36.8%
[monitor] ['58%', '100%', '100%', '100%']  memcached=58.2%
[monitor] ['85%', '100%', '100%', '99%']  memcached=84.5%
[monitor] ['40%', '100%', '100%', '100%']  memcached=40.2%
[monitor] ['38%', '100%', '100%', '100%']  memcached=37.5%
[monitor] ['38%', '100%', '100%', '100%']  memcached=37.6%
[monitor] ['39%', '100%', '100%', '100%']  memcached=38.9%
[monitor] ['38%', '100%', '100%', '100%']  memcached=37.6%
[monitor] ['37%', '100%', '100%', '100%']  memcached=36.8%
[monitor] ['39%', '100%', '100%', '100%']  memcached=38.9%
[monitor] ['40%', '100%', '100%', '100%']  memcached=39.6%
[monitor] ['36%', '100%', '100%', '100%']  memcached=36.2%
[monitor] ['36%', '100%', '100%', '100%']  memcached=36.2%
[monitor] ['99%', '100%', '100%', '100%']  memcached=99.0%
[MEMCACHED] cores updated to: ['0', '1', '2']
[freqmine] cores updated to: [3]
[monitor] ['97%', '94%', '98%', '100%']  memcached=289.0%
[monitor] ['81%', '79%', '80%', '100%']  memcached=239.8%
[monitor] ['78%', '77%', '78%', '100%']  memcached=234.0%
[monitor] ['78%', '79%', '79%', '100%']  memcached=235.8%
[monitor] ['81%', '81%', '81%', '100%']  memcached=243.1%
[monitor] ['77%', '76%', '79%', '100%']  memcached=231.5%
[monitor] ['77%', '76%', '77%', '100%']  memcached=231.1%
[monitor] ['81%', '80%', '81%', '100%']  memcached=242.1%
[monitor] ['78%', '76%', '79%', '100%']  memcached=233.1%
[monitor] ['79%', '78%', '78%', '100%']  memcached=234.9%
[monitor] ['77%', '76%', '78%', '100%']  memcached=230.7%
[monitor] ['78%', '75%', '78%', '100%']  memcached=230.9%
[monitor] ['79%', '78%', '79%', '100%']  memcached=236.1%
[monitor] ['75%', '75%', '76%', '100%']  memcached=225.7%
[monitor] ['28%', '24%', '26%', '100%']  memcached=78.1%
[MEMCACHED] cores updated to: ['0']
[freqmine] cores updated to: [1, 2, 3]
[monitor] ['66%', '100%', '100%', '100%']  memcached=66.1%
[monitor] ['63%', '100%', '100%', '100%']  memcached=63.2%
[monitor] ['62%', '100%', '100%', '100%']  memcached=62.3%
[monitor] ['63%', '100%', '100%', '100%']  memcached=62.8%
[monitor] ['61%', '100%', '100%', '100%']  memcached=61.1%
[monitor] ['65%', '100%', '100%', '100%']  memcached=64.6%
[monitor] ['63%', '100%', '100%', '100%']  memcached=63.1%
[monitor] ['64%', '100%', '100%', '100%']  memcached=64.1%
[monitor] ['63%', '100%', '100%', '100%']  memcached=62.6%
[monitor] ['63%', '100%', '100%', '100%']  memcached=62.8%
[monitor] ['62%', '100%', '100%', '100%']  memcached=62.4%
[monitor] ['61%', '100%', '100%', '100%']  memcached=61.5%
[monitor] ['64%', '100%', '100%', '100%']  memcached=63.7%
[monitor] ['70%', '100%', '100%', '100%']  memcached=70.2%
[monitor] ['100%', '100%', '100%', '100%']  memcached=100.0%
[MEMCACHED] cores updated to: ['0', '1', '3']
[freqmine] cores updated to: [2]
[monitor] ['63%', '67%', '100%', '68%']  memcached=198.4%
[monitor] ['63%', '64%', '100%', '66%']  memcached=193.9%
[monitor] ['62%', '64%', '100%', '67%']  memcached=193.1%
[monitor] ['64%', '63%', '100%', '67%']  memcached=194.0%
[monitor] ['63%', '64%', '100%', '66%']  memcached=193.2%
[monitor] ['61%', '62%', '100%', '65%']  memcached=188.7%
[monitor] ['60%', '63%', '100%', '64%']  memcached=187.5%
[monitor] ['64%', '65%', '100%', '68%']  memcached=196.0%
[monitor] ['64%', '65%', '100%', '68%']  memcached=197.2%
[monitor] ['63%', '63%', '100%', '66%']  memcached=192.5%
[monitor] ['61%', '63%', '100%', '64%']  memcached=187.6%
[monitor] ['61%', '63%', '100%', '66%']  memcached=190.1%
[monitor] ['61%', '64%', '100%', '66%']  memcached=191.3%
[monitor] ['62%', '63%', '100%', '66%']  memcached=190.9%
[monitor] ['64%', '65%', '100%', '68%']  memcached=196.5%
[monitor] ['65%', '67%', '100%', '68%']  memcached=201.1%
[monitor] ['66%', '67%', '100%', '70%']  memcached=202.2%
[monitor] ['63%', '66%', '100%', '68%']  memcached=196.5%
[monitor] ['64%', '65%', '100%', '67%']  memcached=196.4%
[monitor] ['66%', '68%', '100%', '68%']  memcached=201.7%
[monitor] ['64%', '66%', '100%', '68%']  memcached=197.9%
[monitor] ['64%', '66%', '100%', '68%']  memcached=197.6%
[monitor] ['62%', '66%', '100%', '67%']  memcached=194.7%
[monitor] ['64%', '67%', '100%', '68%']  memcached=198.7%
[monitor] ['62%', '66%', '100%', '68%']  memcached=196.1%
[monitor] ['64%', '67%', '100%', '68%']  memcached=198.5%
[monitor] ['66%', '67%', '100%', '69%']  memcached=201.7%
[monitor] ['63%', '65%', '100%', '68%']  memcached=196.3%
[monitor] ['59%', '61%', '100%', '63%']  memcached=183.3%
[monitor] ['48%', '50%', '100%', '52%']  memcached=150.4%
[MEMCACHED] cores updated to: ['0', '3']
[freqmine] cores updated to: [1, 2]
[monitor] ['62%', '100%', '100%', '58%']  memcached=119.3%
[monitor] ['61%', '100%', '100%', '58%']  memcached=119.0%
[monitor] ['66%', '100%', '100%', '60%']  memcached=125.6%
[monitor] ['61%', '100%', '100%', '58%']  memcached=118.7%
[monitor] ['60%', '100%', '100%', '58%']  memcached=117.8%
[monitor] ['62%', '100%', '100%', '57%']  memcached=119.0%
[monitor] ['62%', '100%', '100%', '56%']  memcached=118.1%
[monitor] ['60%', '100%', '100%', '59%']  memcached=118.2%
[monitor] ['58%', '100%', '100%', '58%']  memcached=116.7%
[monitor] ['57%', '100%', '100%', '59%']  memcached=115.7%
[monitor] ['58%', '100%', '100%', '60%']  memcached=118.2%
[monitor] ['66%', '100%', '100%', '56%']  memcached=121.6%
[monitor] ['66%', '100%', '100%', '55%']  memcached=120.8%
[monitor] ['71%', '100%', '100%', '60%']  memcached=130.7%
[monitor] ['70%', '100%', '100%', '69%']  memcached=139.1%
[monitor] ['67%', '100%', '100%', '66%']  memcached=132.7%
[monitor] ['69%', '100%', '100%', '71%']  memcached=139.9%
[monitor] ['68%', '100%', '100%', '69%']  memcached=137.0%
[monitor] ['66%', '100%', '100%', '70%']  memcached=135.9%
[monitor] ['64%', '100%', '100%', '68%']  memcached=132.4%
[monitor] ['65%', '100%', '100%', '68%']  memcached=133.6%
[monitor] ['63%', '100%', '100%', '70%']  memcached=133.1%
[monitor] ['56%', '100%', '100%', '75%']  memcached=131.4%
[monitor] ['58%', '100%', '100%', '73%']  memcached=130.8%
[monitor] ['57%', '100%', '100%', '77%']  memcached=133.9%
[monitor] ['56%', '100%', '100%', '77%']  memcached=132.7%
[monitor] ['53%', '100%', '100%', '74%']  memcached=127.3%
[monitor] ['57%', '100%', '100%', '74%']  memcached=130.4%
[monitor] ['47%', '100%', '100%', '60%']  memcached=107.1%
[monitor] ['41%', '100%', '100%', '42%']  memcached=82.2%
[monitor] ['41%', '100%', '100%', '42%']  memcached=82.6%
[monitor] ['41%', '100%', '100%', '41%']  memcached=82.4%
[monitor] ['41%', '100%', '100%', '42%']  memcached=82.2%
[monitor] ['42%', '100%', '100%', '40%']  memcached=82.2%
[monitor] ['42%', '100%', '100%', '42%']  memcached=84.3%
[monitor] ['42%', '100%', '100%', '44%']  memcached=85.7%
[monitor] ['40%', '100%', '100%', '42%']  memcached=81.6%
[monitor] ['38%', '100%', '100%', '40%']  memcached=77.9%
[MEMCACHED] cores updated to: ['0']
[freqmine] cores updated to: [1, 2, 3]
[monitor] ['67%', '100%', '100%', '100%']  memcached=67.0%
[monitor] ['67%', '100%', '100%', '100%']  memcached=67.2%
[monitor] ['68%', '100%', '100%', '100%']  memcached=67.5%
[monitor] ['69%', '100%', '100%', '100%']  memcached=68.6%
[monitor] ['67%', '100%', '100%', '100%']  memcached=67.2%
[monitor] ['85%', '100%', '100%', '100%']  memcached=85.2%
[MEMCACHED] cores updated to: ['0', '2']
[freqmine] cores updated to: [1, 3]
[monitor] ['86%', '100%', '87%', '100%']  memcached=173.0%
[MEMCACHED] cores updated to: ['0', '2', '3']
[freqmine] cores updated to: [1]
[monitor] ['67%', '100%', '68%', '69%']  memcached=203.1%
[monitor] ['70%', '100%', '69%', '71%']  memcached=209.8%
[monitor] ['69%', '100%', '69%', '70%']  memcached=208.4%
[monitor] ['69%', '100%', '70%', '72%']  memcached=210.4%
[monitor] ['69%', '100%', '68%', '71%']  memcached=208.9%
[monitor] ['68%', '100%', '69%', '71%']  memcached=207.9%
[monitor] ['68%', '100%', '69%', '68%']  memcached=205.0%
[monitor] ['68%', '100%', '68%', '68%']  memcached=203.5%
[monitor] ['67%', '100%', '66%', '68%']  memcached=201.4%
[monitor] ['67%', '100%', '67%', '68%']  memcached=201.7%
[monitor] ['67%', '100%', '66%', '68%']  memcached=202.0%
[monitor] ['67%', '100%', '66%', '67%']  memcached=200.3%
[monitor] ['67%', '100%', '67%', '69%']  memcached=202.9%
[monitor] ['48%', '100%', '47%', '48%']  memcached=141.9%
[MEMCACHED] cores updated to: ['0', '3']
[freqmine] cores updated to: [1, 2]
[monitor] ['50%', '100%', '100%', '50%']  memcached=99.5%
[monitor] ['50%', '100%', '100%', '52%']  memcached=101.9%
[monitor] ['50%', '100%', '100%', '50%']  memcached=100.0%
[monitor] ['48%', '100%', '100%', '50%']  memcached=98.0%
[monitor] ['49%', '100%', '100%', '50%']  memcached=99.1%
[monitor] ['49%', '100%', '100%', '51%']  memcached=100.0%
[monitor] ['51%', '100%', '100%', '52%']  memcached=102.8%
[monitor] ['48%', '100%', '100%', '50%']  memcached=98.5%
[monitor] ['47%', '100%', '100%', '50%']  memcached=96.5%
[monitor] ['50%', '100%', '100%', '50%']  memcached=99.0%
[monitor] ['48%', '100%', '100%', '49%']  memcached=96.1%
[monitor] ['50%', '100%', '100%', '53%']  memcached=102.3%
[monitor] ['50%', '100%', '100%', '50%']  memcached=100.0%
[monitor] ['49%', '100%', '100%', '50%']  memcached=99.5%
[monitor] ['59%', '100%', '100%', '59%']  memcached=118.5%
[monitor] ['62%', '100%', '100%', '57%']  memcached=119.4%
[monitor] ['61%', '100%', '100%', '57%']  memcached=117.4%
[monitor] ['61%', '100%', '100%', '57%']  memcached=117.4%
[monitor] ['63%', '100%', '100%', '56%']  memcached=118.8%
[monitor] ['65%', '100%', '100%', '54%']  memcached=118.4%
[monitor] ['61%', '100%', '100%', '55%']  memcached=116.1%
[monitor] ['62%', '100%', '100%', '56%']  memcached=118.2%
[monitor] ['64%', '100%', '100%', '58%']  memcached=121.7%
[monitor] ['63%', '100%', '100%', '57%']  memcached=119.8%
[monitor] ['64%', '100%', '100%', '56%']  memcached=119.8%
[monitor] ['63%', '100%', '100%', '59%']  memcached=122.0%
[monitor] ['63%', '100%', '100%', '57%']  memcached=119.9%
[monitor] ['65%', '100%', '100%', '55%']  memcached=120.6%
[monitor] ['60%', '100%', '100%', '60%']  memcached=120.0%
[monitor] ['46%', '100%', '100%', '46%']  memcached=91.7%
[monitor] ['40%', '100%', '100%', '44%']  memcached=84.1%
[monitor] ['40%', '100%', '100%', '43%']  memcached=82.5%
[monitor] ['42%', '100%', '100%', '45%']  memcached=86.7%
[monitor] ['42%', '100%', '100%', '45%']  memcached=87.2%
[monitor] ['46%', '100%', '100%', '49%']  memcached=95.1%
[monitor] ['44%', '100%', '100%', '47%']  memcached=90.8%
[monitor] ['44%', '100%', '100%', '45%']  memcached=89.1%
[monitor] ['40%', '100%', '100%', '45%']  memcached=85.1%
[monitor] ['43%', '100%', '100%', '43%']  memcached=85.7%
[monitor] ['42%', '100%', '100%', '43%']  memcached=85.1%
[monitor] ['43%', '100%', '100%', '47%']  memcached=89.7%
[monitor] ['41%', '100%', '100%', '44%']  memcached=85.1%
[monitor] ['47%', '100%', '100%', '47%']  memcached=93.7%
[monitor] ['43%', '100%', '100%', '46%']  memcached=88.8%
[monitor] ['19%', '100%', '100%', '14%']  memcached=32.8%
[MEMCACHED] cores updated to: ['0']
[freqmine] cores updated to: [3, 1, 2]
[monitor] ['29%', '100%', '100%', '100%']  memcached=28.9%
[monitor] ['25%', '100%', '100%', '100%']  memcached=25.0%
[monitor] ['23%', '100%', '100%', '100%']  memcached=23.0%
[monitor] ['22%', '100%', '100%', '100%']  memcached=22.4%
[monitor] ['23%', '100%', '100%', '100%']  memcached=23.3%
[monitor] ['22%', '100%', '100%', '100%']  memcached=22.4%
[monitor] ['24%', '100%', '100%', '100%']  memcached=24.1%
[monitor] ['21%', '100%', '100%', '100%']  memcached=21.4%
[monitor] ['23%', '100%', '100%', '100%']  memcached=23.0%
[monitor] ['23%', '100%', '100%', '100%']  memcached=23.0%
[monitor] ['24%', '100%', '100%', '100%']  memcached=24.1%
[monitor] ['25%', '100%', '100%', '100%']  memcached=25.3%
[monitor] ['24%', '100%', '100%', '100%']  memcached=24.4%
[monitor] ['24%', '100%', '100%', '100%']  memcached=23.9%
[monitor] ['100%', '100%', '100%', '100%']  memcached=100.0%
[MEMCACHED] cores updated to: ['0', '1', '3']
[freqmine] cores updated to: [2]
[monitor] ['73%', '72%', '100%', '76%']  memcached=221.6%
[monitor] ['66%', '69%', '100%', '71%']  memcached=206.6%
[monitor] ['66%', '68%', '100%', '71%']  memcached=204.9%
[monitor] ['68%', '70%', '100%', '72%']  memcached=210.1%
[monitor] ['68%', '69%', '100%', '71%']  memcached=207.2%
[monitor] ['68%', '69%', '100%', '71%']  memcached=208.9%
[monitor] ['68%', '70%', '100%', '72%']  memcached=209.5%
[monitor] ['67%', '69%', '100%', '71%']  memcached=207.2%
[monitor] ['67%', '69%', '100%', '72%']  memcached=208.2%
[monitor] ['66%', '68%', '100%', '70%']  memcached=204.4%
[monitor] ['69%', '70%', '100%', '73%']  memcached=212.0%
[monitor] ['68%', '69%', '100%', '72%']  memcached=209.0%
[monitor] ['69%', '71%', '100%', '72%']  memcached=211.5%
[monitor] ['68%', '69%', '100%', '70%']  memcached=207.8%
[monitor] ['55%', '55%', '100%', '58%']  memcached=168.4%
[monitor] ['57%', '57%', '100%', '61%']  memcached=175.6%
[monitor] ['54%', '57%', '100%', '59%']  memcached=170.7%
[monitor] ['58%', '60%', '100%', '61%']  memcached=179.1%
[monitor] ['56%', '59%', '100%', '61%']  memcached=175.6%
[monitor] ['55%', '58%', '100%', '61%']  memcached=173.2%
[monitor] ['57%', '58%', '100%', '61%']  memcached=175.3%
[monitor] ['56%', '57%', '100%', '60%']  memcached=173.5%
[monitor] ['57%', '58%', '100%', '61%']  memcached=176.6%
[monitor] ['57%', '58%', '100%', '59%']  memcached=173.4%
[monitor] ['56%', '58%', '100%', '59%']  memcached=172.7%
[monitor] ['57%', '58%', '100%', '61%']  memcached=175.3%
[monitor] ['56%', '58%', '100%', '60%']  memcached=173.6%
[monitor] ['55%', '57%', '100%', '59%']  memcached=171.4%
[monitor] ['59%', '60%', '100%', '62%']  memcached=181.2%
[monitor] ['71%', '73%', '100%', '77%']  memcached=221.4%
[monitor] ['70%', '74%', '100%', '75%']  memcached=219.2%
[monitor] ['70%', '73%', '100%', '73%']  memcached=216.9%
[monitor] ['70%', '71%', '100%', '74%']  memcached=215.2%
[monitor] ['69%', '71%', '100%', '73%']  memcached=212.6%
[monitor] ['70%', '71%', '100%', '75%']  memcached=216.0%
[monitor] ['70%', '72%', '100%', '76%']  memcached=218.0%
[monitor] ['69%', '72%', '100%', '74%']  memcached=214.5%
[monitor] ['70%', '72%', '100%', '74%']  memcached=215.3%
[monitor] ['70%', '72%', '100%', '75%']  memcached=216.9%
[monitor] ['70%', '72%', '100%', '74%']  memcached=215.9%
[monitor] ['70%', '73%', '100%', '74%']  memcached=216.8%
[monitor] ['71%', '72%', '100%', '75%']  memcached=218.0%
[monitor] ['70%', '71%', '100%', '75%']  memcached=216.1%
[monitor] ['74%', '76%', '100%', '79%']  memcached=228.3%
[monitor] ['80%', '83%', '100%', '86%']  memcached=249.3%
[monitor] ['82%', '85%', '100%', '86%']  memcached=252.6%
[monitor] ['81%', '84%', '100%', '88%']  memcached=252.9%
[monitor] ['81%', '83%', '100%', '86%']  memcached=249.8%
[monitor] ['80%', '83%', '100%', '86%']  memcached=248.7%
[monitor] ['79%', '82%', '100%', '85%']  memcached=245.1%
[monitor] ['79%', '82%', '100%', '86%']  memcached=247.8%
[monitor] ['81%', '84%', '100%', '86%']  memcached=251.1%
[monitor] ['84%', '87%', '100%', '90%']  memcached=260.6%
[monitor] ['80%', '84%', '100%', '87%']  memcached=251.4%
[monitor] ['82%', '83%', '100%', '88%']  memcached=253.0%
[monitor] ['80%', '83%', '100%', '84%']  memcached=247.7%
[monitor] ['79%', '82%', '100%', '84%']  memcached=244.5%
[monitor] ['79%', '82%', '100%', '85%']  memcached=246.7%
[monitor] ['77%', '78%', '100%', '81%']  memcached=236.0%
[monitor] ['66%', '67%', '100%', '69%']  memcached=202.4%
[monitor] ['68%', '69%', '100%', '71%']  memcached=207.8%
[monitor] ['68%', '69%', '100%', '72%']  memcached=208.4%
[monitor] ['67%', '70%', '100%', '72%']  memcached=208.6%
[monitor] ['65%', '68%', '100%', '70%']  memcached=202.3%
[monitor] ['66%', '69%', '100%', '71%']  memcached=206.0%
[monitor] ['67%', '69%', '100%', '72%']  memcached=207.2%
[monitor] ['65%', '70%', '100%', '70%']  memcached=205.1%
[monitor] ['66%', '68%', '100%', '70%']  memcached=204.0%
[monitor] ['70%', '71%', '100%', '73%']  memcached=213.4%
[monitor] ['67%', '69%', '100%', '72%']  memcached=208.0%
[monitor] ['68%', '71%', '100%', '72%']  memcached=210.9%
[monitor] ['66%', '69%', '100%', '72%']  memcached=206.5%
[monitor] ['67%', '69%', '100%', '71%']  memcached=206.1%
[monitor] ['56%', '59%', '100%', '61%']  memcached=176.5%
[monitor] ['32%', '33%', '100%', '35%']  memcached=101.0%
[MEMCACHED] cores updated to: ['0', '3']
[freqmine] cores updated to: [1, 2]
[monitor] ['47%', '100%', '100%', '50%']  memcached=96.1%
[monitor] ['43%', '100%', '100%', '45%']  memcached=88.1%
[monitor] ['47%', '100%', '100%', '47%']  memcached=94.1%
[monitor] ['48%', '100%', '100%', '50%']  memcached=97.6%
[monitor] ['47%', '100%', '100%', '49%']  memcached=96.2%
[monitor] ['47%', '100%', '100%', '50%']  memcached=96.1%
[monitor] ['47%', '100%', '100%', '50%']  memcached=96.1%
[monitor] ['43%', '100%', '100%', '48%']  memcached=91.1%
[monitor] ['47%', '100%', '100%', '48%']  memcached=95.1%
[monitor] ['46%', '100%', '100%', '49%']  memcached=94.2%
[monitor] ['48%', '100%', '100%', '48%']  memcached=95.6%
[monitor] ['44%', '100%', '100%', '46%']  memcached=89.7%
[monitor] ['43%', '100%', '100%', '42%']  memcached=84.4%
[monitor] ['34%', '100%', '100%', '32%']  memcached=65.6%
[MEMCACHED] cores updated to: ['0']
[freqmine] cores updated to: [3, 1, 2]
[monitor] ['16%', '100%', '100%', '100%']  memcached=15.9%
[monitor] ['15%', '100%', '100%', '100%']  memcached=14.6%
[monitor] ['18%', '100%', '100%', '100%']  memcached=18.1%
[monitor] ['16%', '100%', '100%', '100%']  memcached=15.7%
[monitor] ['19%', '100%', '100%', '100%']  memcached=18.6%
[monitor] ['22%', '100%', '100%', '100%']  memcached=22.1%
[monitor] ['22%', '100%', '100%', '100%']  memcached=22.4%
[monitor] ['18%', '100%', '100%', '100%']  memcached=17.6%
[monitor] ['17%', '100%', '100%', '100%']  memcached=16.7%
[monitor] ['18%', '100%', '100%', '100%']  memcached=17.6%
[monitor] ['18%', '100%', '100%', '100%']  memcached=18.1%
[monitor] ['16%', '100%', '100%', '100%']  memcached=15.9%
[monitor] ['20%', '100%', '100%', '100%']  memcached=19.8%
[monitor] ['21%', '93%', '94%', '97%']  memcached=20.9%
[freqmine] ended.
[streamcluster] started on cores: [1, 2, 3] with 3 threads.
[monitor] ['80%', '68%', '35%', '40%']  memcached=79.6%
[monitor] ['100%', '96%', '82%', '96%']  memcached=100.0%
[MEMCACHED] cores updated to: ['0', '1', '2']
[streamcluster] cores updated to: [3]
[monitor] ['70%', '71%', '70%', '100%']  memcached=211.8%
[monitor] ['65%', '68%', '65%', '100%']  memcached=197.6%
[monitor] ['62%', '63%', '62%', '100%']  memcached=187.6%
[monitor] ['62%', '63%', '63%', '100%']  memcached=187.7%
[monitor] ['61%', '63%', '62%', '100%']  memcached=186.4%
[monitor] ['64%', '66%', '63%', '100%']  memcached=193.1%
[monitor] ['63%', '68%', '66%', '100%']  memcached=197.0%
[monitor] ['63%', '64%', '63%', '100%']  memcached=189.5%
[monitor] ['63%', '65%', '63%', '100%']  memcached=191.5%
[monitor] ['64%', '65%', '64%', '100%']  memcached=193.2%
[monitor] ['64%', '66%', '64%', '100%']  memcached=194.4%
[monitor] ['63%', '67%', '63%', '100%']  memcached=193.1%
[monitor] ['63%', '65%', '63%', '100%']  memcached=190.4%
[monitor] ['62%', '63%', '62%', '100%']  memcached=186.3%
[monitor] ['61%', '64%', '63%', '100%']  memcached=188.5%
[monitor] ['63%', '66%', '63%', '100%']  memcached=192.9%
[monitor] ['64%', '66%', '64%', '100%']  memcached=193.5%
[monitor] ['63%', '64%', '62%', '100%']  memcached=189.5%
[monitor] ['63%', '65%', '64%', '100%']  memcached=192.6%
[monitor] ['63%', '65%', '63%', '100%']  memcached=191.3%
[monitor] ['64%', '66%', '64%', '100%']  memcached=194.1%
[monitor] ['65%', '66%', '64%', '100%']  memcached=194.8%
[monitor] ['62%', '64%', '63%', '100%']  memcached=189.3%
[monitor] ['62%', '65%', '64%', '100%']  memcached=191.2%
[monitor] ['62%', '65%', '63%', '100%']  memcached=190.1%
[monitor] ['62%', '63%', '60%', '100%']  memcached=185.1%
[monitor] ['63%', '66%', '64%', '100%']  memcached=194.2%
[monitor] ['63%', '65%', '63%', '100%']  memcached=190.2%
[monitor] ['73%', '74%', '73%', '100%']  memcached=219.2%
[monitor] ['74%', '75%', '75%', '100%']  memcached=223.9%
[monitor] ['73%', '76%', '74%', '100%']  memcached=222.1%
[monitor] ['73%', '74%', '73%', '100%']  memcached=220.5%
[monitor] ['74%', '75%', '74%', '100%']  memcached=223.6%
[monitor] ['74%', '75%', '73%', '100%']  memcached=222.6%
[monitor] ['73%', '76%', '74%', '100%']  memcached=223.2%
[monitor] ['73%', '74%', '73%', '100%']  memcached=220.1%
[monitor] ['75%', '76%', '75%', '100%']  memcached=225.9%
[monitor] ['73%', '76%', '75%', '100%']  memcached=223.6%
[monitor] ['74%', '77%', '75%', '100%']  memcached=225.2%
[monitor] ['76%', '78%', '76%', '100%']  memcached=229.8%
[monitor] ['74%', '76%', '75%', '100%']  memcached=225.2%
[monitor] ['75%', '77%', '75%', '100%']  memcached=226.6%
[monitor] ['73%', '75%', '73%', '100%']  memcached=221.5%
[monitor] ['52%', '54%', '51%', '100%']  memcached=156.4%
[MEMCACHED] cores updated to: ['0', '2']
[streamcluster] cores updated to: [1, 3]
[monitor] ['64%', '98%', '64%', '98%']  memcached=128.1%
[monitor] ['63%', '98%', '64%', '98%']  memcached=127.3%
[monitor] ['65%', '99%', '65%', '98%']  memcached=129.5%
[monitor] ['64%', '98%', '64%', '98%']  memcached=128.1%
[monitor] ['65%', '98%', '65%', '98%']  memcached=129.8%
[monitor] ['65%', '99%', '65%', '98%']  memcached=129.8%
[monitor] ['64%', '98%', '65%', '98%']  memcached=128.2%
[monitor] ['64%', '99%', '64%', '98%']  memcached=128.7%
[monitor] ['64%', '97%', '63%', '98%']  memcached=127.8%
[monitor] ['64%', '99%', '65%', '99%']  memcached=129.3%
[monitor] ['64%', '98%', '65%', '98%']  memcached=129.3%
[monitor] ['65%', '99%', '65%', '98%']  memcached=129.9%
[monitor] ['65%', '98%', '64%', '98%']  memcached=128.9%
[monitor] ['62%', '97%', '63%', '99%']  memcached=125.7%
[monitor] ['26%', '98%', '25%', '98%']  memcached=50.8%
[MEMCACHED] cores updated to: ['0']
[streamcluster] cores updated to: [1, 2, 3]
[monitor] ['54%', '99%', '83%', '100%']  memcached=53.8%
[monitor] ['54%', '99%', '81%', '100%']  memcached=54.2%
[monitor] ['54%', '98%', '81%', '100%']  memcached=53.8%
[monitor] ['53%', '99%', '82%', '100%']  memcached=52.8%
[monitor] ['54%', '99%', '83%', '100%']  memcached=54.3%
[monitor] ['52%', '98%', '83%', '99%']  memcached=52.4%
[monitor] ['53%', '98%', '82%', '100%']  memcached=53.3%
[monitor] ['54%', '99%', '82%', '100%']  memcached=53.8%
[monitor] ['55%', '99%', '83%', '100%']  memcached=54.5%
[monitor] ['54%', '98%', '83%', '100%']  memcached=53.7%
[monitor] ['52%', '99%', '83%', '100%']  memcached=51.9%
[monitor] ['52%', '98%', '80%', '100%']  memcached=52.4%
[monitor] ['53%', '99%', '80%', '100%']  memcached=53.3%
[monitor] ['58%', '98%', '81%', '100%']  memcached=57.5%
[monitor] ['100%', '97%', '87%', '100%']  memcached=100.0%
[MEMCACHED] cores updated to: ['0', '1', '3']
[streamcluster] cores updated to: [2]
[monitor] ['72%', '70%', '100%', '73%']  memcached=214.3%
[monitor] ['66%', '64%', '100%', '67%']  memcached=197.0%
[monitor] ['64%', '64%', '100%', '65%']  memcached=193.3%
[monitor] ['64%', '63%', '100%', '64%']  memcached=191.0%
[monitor] ['65%', '63%', '100%', '66%']  memcached=193.7%
[monitor] ['67%', '66%', '100%', '69%']  memcached=202.4%
[monitor] ['68%', '65%', '100%', '68%']  memcached=201.7%
[monitor] ['68%', '67%', '100%', '67%']  memcached=202.4%
[monitor] ['66%', '64%', '100%', '65%']  memcached=195.3%
[monitor] ['65%', '63%', '100%', '66%']  memcached=194.3%
[monitor] ['65%', '62%', '100%', '66%']  memcached=193.0%
[monitor] ['68%', '66%', '100%', '67%']  memcached=201.8%
[monitor] ['69%', '67%', '100%', '69%']  memcached=204.9%
[monitor] ['65%', '62%', '100%', '66%']  memcached=192.8%
[monitor] ['59%', '56%', '100%', '58%']  memcached=172.7%
[monitor] ['59%', '56%', '100%', '59%']  memcached=173.5%
[monitor] ['58%', '56%', '100%', '58%']  memcached=172.4%
[monitor] ['61%', '56%', '100%', '57%']  memcached=173.8%
[monitor] ['56%', '55%', '100%', '57%']  memcached=168.7%
[monitor] ['58%', '55%', '100%', '57%']  memcached=169.2%
[monitor] ['56%', '57%', '100%', '57%']  memcached=169.8%
[monitor] ['56%', '54%', '100%', '55%']  memcached=165.2%
[monitor] ['56%', '56%', '100%', '58%']  memcached=169.9%
[monitor] ['59%', '56%', '100%', '57%']  memcached=172.1%
[monitor] ['60%', '56%', '100%', '58%']  memcached=173.6%
[monitor] ['56%', '56%', '100%', '56%']  memcached=168.8%
[monitor] ['53%', '52%', '100%', '53%']  memcached=158.3%
[MEMCACHED] cores updated to: ['0', '3']
[streamcluster] cores updated to: [1, 2]
[monitor] ['72%', '95%', '95%', '68%']  memcached=140.4%
[monitor] ['69%', '92%', '97%', '65%']  memcached=134.5%
[monitor] ['62%', '95%', '94%', '62%']  memcached=124.4%
[monitor] ['55%', '92%', '95%', '59%']  memcached=114.7%
[monitor] ['57%', '92%', '96%', '60%']  memcached=117.4%
[monitor] ['61%', '93%', '97%', '64%']  memcached=125.4%
[monitor] ['61%', '94%', '96%', '64%']  memcached=124.7%
[monitor] ['62%', '96%', '96%', '64%']  memcached=125.6%
[monitor] ['58%', '94%', '95%', '60%']  memcached=118.6%
[monitor] ['59%', '92%', '98%', '61%']  memcached=120.3%
[monitor] ['59%', '94%', '95%', '59%']  memcached=118.0%
[monitor] ['57%', '93%', '97%', '59%']  memcached=116.3%
[monitor] ['62%', '96%', '94%', '64%']  memcached=126.0%
[monitor] ['58%', '95%', '94%', '58%']  memcached=116.7%
[monitor] ['55%', '96%', '94%', '61%']  memcached=116.2%
[monitor] ['57%', '91%', '96%', '60%']  memcached=116.8%
[monitor] ['59%', '95%', '95%', '62%']  memcached=121.0%
[monitor] ['60%', '92%', '96%', '64%']  memcached=123.9%
[monitor] ['63%', '94%', '95%', '64%']  memcached=127.1%
[monitor] ['61%', '92%', '96%', '64%']  memcached=125.5%
[monitor] ['61%', '92%', '95%', '64%']  memcached=125.5%
[monitor] ['65%', '93%', '95%', '67%']  memcached=132.1%
[monitor] ['64%', '94%', '97%', '65%']  memcached=129.1%
[monitor] ['68%', '95%', '95%', '68%']  memcached=136.0%
[monitor] ['69%', '94%', '97%', '66%']  memcached=135.4%
[monitor] ['67%', '94%', '95%', '66%']  memcached=133.3%
[monitor] ['63%', '92%', '97%', '64%']  memcached=127.3%
[monitor] ['66%', '95%', '93%', '65%']  memcached=130.9%
[monitor] ['65%', '92%', '95%', '66%']  memcached=131.2%
[monitor] ['68%', '95%', '95%', '66%']  memcached=134.2%
[monitor] ['64%', '95%', '95%', '64%']  memcached=127.9%
[monitor] ['56%', '95%', '95%', '62%']  memcached=118.8%
[monitor] ['48%', '96%', '93%', '51%']  memcached=99.5%
[monitor] ['44%', '94%', '70%', '44%']  memcached=87.1%
[monitor] ['47%', '95%', '97%', '45%']  memcached=92.2%
[monitor] ['46%', '95%', '95%', '50%']  memcached=96.0%
[monitor] ['48%', '96%', '94%', '51%']  memcached=98.5%
[monitor] ['47%', '95%', '95%', '47%']  memcached=93.8%
[monitor] ['48%', '95%', '98%', '50%']  memcached=97.6%
[monitor] ['43%', '97%', '95%', '44%']  memcached=87.0%
[monitor] ['43%', '96%', '96%', '43%']  memcached=85.7%
[monitor] ['43%', '95%', '97%', '46%']  memcached=89.6%
[monitor] ['46%', '96%', '95%', '47%']  memcached=92.2%
[monitor] ['43%', '94%', '95%', '40%']  memcached=83.3%
[monitor] ['42%', '94%', '96%', '46%']  memcached=88.1%
[monitor] ['44%', '96%', '95%', '48%']  memcached=92.0%
[monitor] ['59%', '95%', '95%', '59%']  memcached=118.3%
[monitor] ['77%', '91%', '94%', '75%']  memcached=151.8%
[monitor] ['80%', '95%', '96%', '70%']  memcached=150.2%
[monitor] ['80%', '93%', '97%', '71%']  memcached=150.5%
[monitor] ['78%', '92%', '95%', '73%']  memcached=151.1%
[monitor] ['75%', '92%', '97%', '73%']  memcached=148.2%
[monitor] ['75%', '95%', '96%', '75%']  memcached=150.0%
[monitor] ['76%', '92%', '98%', '78%']  memcached=154.0%
[monitor] ['75%', '93%', '97%', '74%']  memcached=148.2%
[monitor] ['75%', '90%', '96%', '78%']  memcached=152.9%
[monitor] ['75%', '92%', '97%', '79%']  memcached=154.1%
[monitor] ['78%', '93%', '97%', '77%']  memcached=154.6%
[monitor] ['76%', '90%', '95%', '77%']  memcached=153.2%
[monitor] ['74%', '91%', '97%', '75%']  memcached=149.1%
[monitor] ['75%', '95%', '95%', '76%']  memcached=150.2%
[monitor] ['76%', '91%', '98%', '79%']  memcached=154.9%
[monitor] ['79%', '92%', '96%', '82%']  memcached=161.3%
[monitor] ['80%', '89%', '97%', '81%']  memcached=161.9%
[monitor] ['80%', '92%', '98%', '81%']  memcached=161.5%
[monitor] ['81%', '92%', '97%', '83%']  memcached=163.7%
[monitor] ['79%', '94%', '96%', '81%']  memcached=159.8%
[monitor] ['80%', '93%', '97%', '81%']  memcached=161.5%
[monitor] ['81%', '94%', '96%', '82%']  memcached=163.3%
[monitor] ['79%', '93%', '97%', '82%']  memcached=161.1%
[monitor] ['78%', '91%', '98%', '81%']  memcached=159.8%
[monitor] ['79%', '91%', '97%', '82%']  memcached=161.1%
[monitor] ['80%', '94%', '96%', '81%']  memcached=161.3%
[monitor] ['79%', '91%', '98%', '82%']  memcached=160.7%
[monitor] ['81%', '92%', '96%', '82%']  memcached=163.0%
[monitor] ['84%', '91%', '97%', '86%']  memcached=169.5%
[monitor] ['72%', '94%', '97%', '73%']  memcached=145.7%
[monitor] ['68%', '94%', '97%', '71%']  memcached=138.5%
[monitor] ['67%', '93%', '96%', '68%']  memcached=135.7%
[monitor] ['68%', '95%', '96%', '70%']  memcached=137.8%
[monitor] ['67%', '89%', '98%', '65%']  memcached=132.4%
[monitor] ['66%', '93%', '94%', '64%']  memcached=129.8%
[monitor] ['70%', '95%', '94%', '67%']  memcached=137.0%
[monitor] ['71%', '96%', '91%', '66%']  memcached=137.3%
[monitor] ['66%', '89%', '96%', '65%']  memcached=131.5%
[monitor] ['73%', '95%', '96%', '66%']  memcached=138.9%
[monitor] ['67%', '89%', '95%', '66%']  memcached=133.3%
[monitor] ['67%', '93%', '96%', '66%']  memcached=133.0%
[monitor] ['71%', '91%', '97%', '68%']  memcached=139.0%
[monitor] ['72%', '95%', '95%', '67%']  memcached=138.5%
[monitor] ['66%', '91%', '97%', '67%']  memcached=133.0%
[monitor] ['65%', '68%', '95%', '67%']  memcached=132.5%
[monitor] ['64%', '93%', '96%', '65%']  memcached=129.4%
[monitor] ['67%', '92%', '95%', '65%']  memcached=131.8%
[monitor] ['64%', '88%', '97%', '65%']  memcached=129.1%
[monitor] ['65%', '93%', '95%', '66%']  memcached=131.5%
[monitor] ['69%', '89%', '95%', '68%']  memcached=136.3%
[monitor] ['64%', '92%', '97%', '66%']  memcached=130.6%
[monitor] ['68%', '86%', '95%', '67%']  memcached=134.8%
[monitor] ['69%', '90%', '97%', '67%']  memcached=135.8%
[monitor] ['68%', '93%', '94%', '68%']  memcached=136.6%
[monitor] ['67%', '92%', '96%', '66%']  memcached=132.7%
[monitor] ['63%', '92%', '97%', '65%']  memcached=128.8%
[monitor] ['69%', '96%', '95%', '66%']  memcached=134.9%
[monitor] ['68%', '93%', '95%', '66%']  memcached=133.6%
[monitor] ['64%', '95%', '96%', '67%']  memcached=131.4%
[monitor] ['85%', '89%', '92%', '86%']  memcached=170.2%
[MEMCACHED] cores updated to: ['0', '2', '3']
[streamcluster] cores updated to: [1]
[monitor] ['79%', '100%', '81%', '85%']  memcached=244.6%
[monitor] ['78%', '100%', '79%', '83%']  memcached=240.0%
[monitor] ['79%', '100%', '78%', '84%']  memcached=241.9%
[monitor] ['78%', '100%', '78%', '81%']  memcached=237.3%
[monitor] ['79%', '100%', '79%', '83%']  memcached=240.0%
[monitor] ['79%', '100%', '80%', '82%']  memcached=241.4%
[monitor] ['76%', '100%', '77%', '82%']  memcached=234.9%
[monitor] ['78%', '100%', '78%', '82%']  memcached=237.8%
[monitor] ['77%', '100%', '77%', '81%']  memcached=235.2%
[monitor] ['78%', '100%', '78%', '82%']  memcached=237.9%
[monitor] ['80%', '100%', '79%', '85%']  memcached=245.0%
[monitor] ['80%', '100%', '79%', '84%']  memcached=242.7%
[monitor] ['78%', '100%', '77%', '83%']  memcached=237.7%
[monitor] ['77%', '100%', '77%', '82%']  memcached=236.2%
[monitor] ['22%', '100%', '21%', '21%']  memcached=64.5%
[MEMCACHED] cores updated to: ['0']
[streamcluster] cores updated to: [3, 1, 2]
[monitor] ['8%', '100%', '78%', '98%']  memcached=7.9%
[monitor] ['10%', '100%', '78%', '99%']  memcached=9.9%
[monitor] ['10%', '100%', '78%', '99%']  memcached=10.1%
[monitor] ['8%', '100%', '78%', '99%']  memcached=7.9%
[monitor] ['9%', '99%', '78%', '100%']  memcached=8.9%
[monitor] ['10%', '100%', '79%', '100%']  memcached=10.0%
[monitor] ['10%', '99%', '79%', '99%']  memcached=10.1%
[monitor] ['10%', '100%', '78%', '100%']  memcached=10.0%
[monitor] ['8%', '99%', '79%', '100%']  memcached=7.9%
[monitor] ['8%', '100%', '78%', '99%']  memcached=8.0%
[monitor] ['10%', '100%', '79%', '100%']  memcached=10.0%
[monitor] ['9%', '100%', '80%', '100%']  memcached=8.8%
[monitor] ['9%', '99%', '76%', '99%']  memcached=9.0%
[monitor] ['9%', '99%', '78%', '100%']  memcached=8.9%
[monitor] ['24%', '100%', '80%', '100%']  memcached=23.6%
[monitor] ['25%', '99%', '77%', '100%']  memcached=25.3%
[monitor] ['26%', '99%', '81%', '99%']  memcached=26.1%
[monitor] ['24%', '100%', '78%', '100%']  memcached=24.1%
[monitor] ['24%', '99%', '79%', '100%']  memcached=23.9%
[monitor] ['28%', '99%', '79%', '100%']  memcached=27.8%
[monitor] ['25%', '100%', '80%', '99%']  memcached=25.3%
[monitor] ['26%', '99%', '79%', '100%']  memcached=26.1%
[monitor] ['29%', '99%', '80%', '100%']  memcached=28.9%
[monitor] ['22%', '99%', '78%', '100%']  memcached=22.4%
[monitor] ['25%', '99%', '79%', '100%']  memcached=25.0%
[monitor] ['26%', '99%', '79%', '100%']  memcached=25.8%
[monitor] ['26%', '99%', '79%', '100%']  memcached=26.1%
[monitor] ['23%', '79%', '60%', '96%']  memcached=23.0%
[monitor] ['27%', '98%', '78%', '99%']  memcached=26.7%
[monitor] ['11%', '99%', '78%', '99%']  memcached=11.5%
[monitor] ['9%', '100%', '78%', '99%']  memcached=9.3%
[monitor] ['9%', '100%', '78%', '99%']  memcached=9.2%
[monitor] ['12%', '100%', '79%', '98%']  memcached=12.5%
[monitor] ['12%', '100%', '80%', '99%']  memcached=12.2%
[monitor] ['9%', '100%', '78%', '99%']  memcached=9.3%
[monitor] ['12%', '99%', '79%', '99%']  memcached=11.6%
[monitor] ['10%', '100%', '78%', '99%']  memcached=10.5%
[monitor] ['10%', '100%', '79%', '100%']  memcached=10.3%
[monitor] ['10%', '99%', '77%', '100%']  memcached=10.2%
[monitor] ['8%', '97%', '79%', '100%']  memcached=8.3%
[monitor] ['11%', '98%', '78%', '100%']  memcached=11.4%
[monitor] ['12%', '98%', '78%', '99%']  memcached=12.4%
[monitor] ['11%', '100%', '79%', '100%']  memcached=11.5%
[monitor] ['7%', '99%', '78%', '100%']  memcached=7.1%
[monitor] ['87%', '97%', '86%', '100%']  memcached=87.2%
[MEMCACHED] cores updated to: ['0', '2']
[streamcluster] cores updated to: [3, 1]
[monitor] ['61%', '98%', '61%', '98%']  memcached=121.7%
[monitor] ['59%', '98%', '59%', '99%']  memcached=117.5%
[monitor] ['62%', '99%', '62%', '98%']  memcached=124.1%
[monitor] ['60%', '98%', '59%', '99%']  memcached=118.6%
[monitor] ['61%', '98%', '61%', '98%']  memcached=121.6%
[monitor] ['61%', '97%', '61%', '98%']  memcached=122.1%
[monitor] ['61%', '98%', '61%', '99%']  memcached=121.7%
[monitor] ['61%', '98%', '61%', '99%']  memcached=121.6%
[monitor] ['61%', '98%', '61%', '98%']  memcached=121.4%
[monitor] ['59%', '97%', '60%', '98%']  memcached=119.5%
[monitor] ['60%', '98%', '59%', '98%']  memcached=119.3%
[monitor] ['59%', '98%', '59%', '99%']  memcached=117.5%
[monitor] ['59%', '98%', '59%', '98%']  memcached=118.2%
[monitor] ['56%', '98%', '56%', '98%']  memcached=112.3%
[monitor] ['14%', '98%', '12%', '98%']  memcached=26.6%
[MEMCACHED] cores updated to: ['0']
[streamcluster] cores updated to: [3, 1, 2]
[monitor] ['30%', '99%', '81%', '100%']  memcached=30.4%
[monitor] ['29%', '100%', '81%', '100%']  memcached=29.2%
[monitor] ['28%', '99%', '81%', '100%']  memcached=28.4%
[monitor] ['30%', '99%', '81%', '99%']  memcached=30.0%
[monitor] ['30%', '99%', '80%', '100%']  memcached=30.3%
[monitor] ['33%', '100%', '81%', '100%']  memcached=33.3%
[monitor] ['33%', '99%', '80%', '100%']  memcached=32.6%
[monitor] ['31%', '99%', '81%', '100%']  memcached=30.8%
[monitor] ['28%', '99%', '79%', '100%']  memcached=28.4%
[monitor] ['32%', '99%', '82%', '100%']  memcached=31.5%
[monitor] ['33%', '99%', '79%', '100%']  memcached=33.0%
[monitor] ['30%', '99%', '81%', '99%']  memcached=30.0%
[monitor] ['23%', '37%', '32%', '40%']  memcached=23.3%
[streamcluster] ended.
[vips] started on cores: [1, 2, 3] with 3 threads.
[monitor] ['54%', '21%', '74%', '19%']  memcached=53.7%
[monitor] ['100%', '6%', '100%', '7%']  memcached=100.0%
[MEMCACHED] cores updated to: ['0', '1', '2']
[vips] cores updated to: [3]
[monitor] ['84%', '91%', '83%', '100%']  memcached=258.5%
[monitor] ['68%', '69%', '69%', '100%']  memcached=205.8%
[monitor] ['67%', '68%', '69%', '100%']  memcached=204.7%
[monitor] ['72%', '70%', '72%', '100%']  memcached=213.4%
[monitor] ['69%', '68%', '68%', '100%']  memcached=205.0%
[monitor] ['68%', '68%', '69%', '100%']  memcached=204.5%
[monitor] ['70%', '71%', '70%', '100%']  memcached=211.0%
[monitor] ['68%', '68%', '68%', '100%']  memcached=204.7%
[monitor] ['69%', '70%', '69%', '100%']  memcached=208.5%
[monitor] ['74%', '80%', '72%', '100%']  memcached=226.3%
[monitor] ['79%', '81%', '84%', '100%']  memcached=244.2%
[monitor] ['90%', '70%', '80%', '100%']  memcached=239.6%
[monitor] ['89%', '71%', '82%', '100%']  memcached=241.7%
[monitor] ['100%', '50%', '49%', '100%']  memcached=199.0%
[monitor] ['100%', '16%', '11%', '100%']  memcached=127.1%
[MEMCACHED] cores updated to: ['0', '2']
[vips] cores updated to: [1, 3]
[monitor] ['100%', '100%', '22%', '100%']  memcached=121.5%
[monitor] ['100%', '100%', '23%', '100%']  memcached=122.6%
[monitor] ['86%', '100%', '37%', '100%']  memcached=122.6%
[monitor] ['100%', '100%', '18%', '100%']  memcached=117.8%
[monitor] ['82%', '100%', '21%', '100%']  memcached=102.8%
[monitor] ['23%', '99%', '18%', '100%']  memcached=41.4%
[MEMCACHED] cores updated to: ['0']
[vips] cores updated to: [1, 2, 3]
[monitor] ['33%', '100%', '100%', '100%']  memcached=32.6%
[monitor] ['31%', '100%', '100%', '100%']  memcached=30.7%
[monitor] ['35%', '100%', '100%', '100%']  memcached=34.8%
[monitor] ['34%', '100%', '100%', '100%']  memcached=34.4%
[monitor] ['36%', '100%', '100%', '100%']  memcached=35.6%
[monitor] ['36%', '100%', '100%', '100%']  memcached=35.9%
[monitor] ['57%', '100%', '100%', '100%']  memcached=57.0%
[monitor] ['100%', '100%', '100%', '100%']  memcached=100.0%
[MEMCACHED] cores updated to: ['0', '1', '3']
[vips] cores updated to: [2]
[monitor] ['78%', '76%', '100%', '80%']  memcached=233.7%
[monitor] ['65%', '67%', '100%', '68%']  memcached=200.3%
[monitor] ['66%', '66%', '100%', '70%']  memcached=202.8%
[monitor] ['65%', '66%', '100%', '68%']  memcached=199.7%
[monitor] ['65%', '65%', '100%', '69%']  memcached=199.3%
[monitor] ['68%', '68%', '100%', '69%']  memcached=205.0%
[monitor] ['66%', '66%', '100%', '68%']  memcached=200.5%
[monitor] ['67%', '68%', '100%', '70%']  memcached=204.9%
[monitor] ['65%', '66%', '100%', '68%']  memcached=200.2%
[monitor] ['67%', '68%', '100%', '70%']  memcached=204.9%
[monitor] ['65%', '67%', '100%', '67%']  memcached=199.1%
[monitor] ['72%', '85%', '100%', '76%']  memcached=232.4%
[monitor] ['69%', '87%', '100%', '84%']  memcached=239.9%
[monitor] ['58%', '100%', '100%', '60%']  memcached=218.0%
[monitor] ['43%', '100%', '100%', '46%']  memcached=189.0%
[monitor] ['44%', '65%', '100%', '43%']  memcached=152.1%
[MEMCACHED] cores updated to: ['0', '3']
[vips] cores updated to: [1, 2]
[monitor] ['53%', '100%', '100%', '54%']  memcached=107.1%
[monitor] ['52%', '100%', '100%', '57%']  memcached=108.8%
[monitor] ['54%', '100%', '100%', '56%']  memcached=109.3%
[monitor] ['52%', '100%', '100%', '56%']  memcached=108.1%
[monitor] ['52%', '100%', '100%', '54%']  memcached=106.8%
[monitor] ['51%', '100%', '100%', '54%']  memcached=105.8%
[monitor] ['54%', '100%', '100%', '52%']  memcached=106.6%
[monitor] ['55%', '100%', '100%', '56%']  memcached=110.8%
[monitor] ['54%', '100%', '100%', '55%']  memcached=108.9%
[monitor] ['54%', '100%', '100%', '55%']  memcached=108.9%
[monitor] ['52%', '100%', '100%', '54%']  memcached=106.2%
[monitor] ['54%', '100%', '100%', '57%']  memcached=111.3%
[monitor] ['37%', '100%', '100%', '36%']  memcached=72.3%
[MEMCACHED] cores updated to: ['0']
[vips] cores updated to: [1, 2, 3]
[monitor] ['24%', '100%', '100%', '100%']  memcached=24.4%
[monitor] ['26%', '100%', '100%', '100%']  memcached=25.9%
[monitor] ['27%', '100%', '100%', '100%']  memcached=27.3%
[monitor] ['27%', '88%', '74%', '69%']  memcached=27.3%
[vips] ended.
[MEMCACHED] cores updated to: ['0', '1', '2', '3']
