Scheduler started.
[MEMCACHED] cores updated to: ['0', '1', '2']
[radix] started on cores: [3] with 1 threads.
[monitor] ['11%', '12%', '9%', '100%']  memcached=32.1%
[MEMCACHED] cores updated to: ['0']
[barnes] started on cores: [1, 2] with 2 threads.
[monitor] ['70%', '79%', '36%', '100%']  memcached=70.0%
[monitor] ['64%', '100%', '27%', '100%']  memcached=64.4%
[monitor] ['82%', '100%', '100%', '100%']  memcached=81.7%
[monitor] ['78%', '91%', '100%', '100%']  memcached=77.6%
[monitor] ['97%', '100%', '100%', '100%']  memcached=96.8%
[MEMCACHED] cores updated to: ['0', '1', '2']
[barnes] paused.
[monitor] ['86%', '90%', '84%', '100%']  memcached=259.9%
[monitor] ['67%', '74%', '62%', '100%']  memcached=203.6%
[monitor] ['61%', '67%', '60%', '100%']  memcached=187.6%
[monitor] ['57%', '62%', '54%', '100%']  memcached=173.3%
[monitor] ['23%', '25%', '19%', '100%']  memcached=68.2%
[MEMCACHED] cores updated to: ['0']
[barnes] unpaused.
[monitor] ['94%', '100%', '100%', '100%']  memcached=94.0%
[MEMCACHED] cores updated to: ['0', '3']
[radix] paused.
[monitor] ['34%', '100%', '100%', '30%']  memcached=64.3%
[MEMCACHED] cores updated to: ['0']
[radix] unpaused.
[monitor] ['93%', '100%', '100%', '100%']  memcached=92.8%
[MEMCACHED] cores updated to: ['0', '3']
[radix] paused.
[monitor] ['32%', '100%', '100%', '27%']  memcached=59.3%
[MEMCACHED] cores updated to: ['0']
[radix] unpaused.
[monitor] ['33%', '100%', '100%', '100%']  memcached=33.3%
[monitor] ['35%', '100%', '100%', '100%']  memcached=34.7%
[monitor] ['38%', '100%', '100%', '100%']  memcached=37.5%
[monitor] ['40%', '100%', '100%', '100%']  memcached=40.4%
[monitor] ['49%', '100%', '100%', '100%']  memcached=49.1%
[monitor] ['77%', '100%', '100%', '100%']  memcached=77.3%
[monitor] ['78%', '100%', '100%', '100%']  memcached=78.5%
[monitor] ['77%', '100%', '100%', '100%']  memcached=77.3%
[monitor] ['78%', '100%', '100%', '100%']  memcached=78.5%
[monitor] ['72%', '100%', '100%', '100%']  memcached=72.3%
[monitor] ['30%', '100%', '100%', '100%']  memcached=30.0%
[monitor] ['30%', '100%', '100%', '100%']  memcached=30.0%
[monitor] ['33%', '100%', '100%', '100%']  memcached=32.7%
[monitor] ['27%', '100%', '100%', '100%']  memcached=27.1%
[monitor] ['59%', '100%', '100%', '100%']  memcached=59.4%
[monitor] ['100%', '100%', '76%', '100%']  memcached=100.0%
[MEMCACHED] cores updated to: ['0', '1', '2']
[barnes] paused.
[monitor] ['100%', '97%', '99%', '100%']  memcached=295.9%
[monitor] ['72%', '85%', '69%', '100%']  memcached=226.9%
[monitor] ['69%', '79%', '67%', '100%']  memcached=215.2%
[monitor] ['74%', '81%', '67%', '100%']  memcached=222.9%
[monitor] ['72%', '83%', '69%', '100%']  memcached=224.2%
[monitor] ['67%', '89%', '62%', '100%']  memcached=218.9%
[monitor] ['68%', '88%', '64%', '100%']  memcached=220.6%
[monitor] ['71%', '92%', '64%', '100%']  memcached=227.3%
[monitor] ['71%', '93%', '64%', '100%']  memcached=227.8%
[monitor] ['64%', '86%', '56%', '100%']  memcached=205.4%
[monitor] ['64%', '98%', '60%', '100%']  memcached=221.7%
[monitor] ['59%', '92%', '52%', '100%']  memcached=203.9%
[monitor] ['54%', '89%', '52%', '100%']  memcached=194.7%
[monitor] ['33%', '50%', '30%', '100%']  memcached=112.7%
[MEMCACHED] cores updated to: ['0', '2']
[radix] paused.
[barnes] unpaused.
[barnes] cores updated to: [1, 3]
[monitor] ['12%', '13%', '5%', '100%']  memcached=16.8%
[MEMCACHED] cores updated to: ['0']
[radix] unpaused.
[monitor] ['30%', '100%', '14%', '90%']  memcached=30.2%
[radix] ended.
[blackscholes] started on cores: [2] with 3 threads.
[monitor] ['50%', '100%', '100%', '100%']  memcached=50.0%
[monitor] ['31%', '100%', '100%', '100%']  memcached=31.0%
[monitor] ['13%', '100%', '100%', '100%']  memcached=13.2%
[monitor] ['11%', '100%', '100%', '100%']  memcached=11.4%
[monitor] ['11%', '100%', '100%', '100%']  memcached=11.2%
[monitor] ['32%', '100%', '100%', '100%']  memcached=32.3%
[monitor] ['32%', '100%', '100%', '100%']  memcached=32.2%
[monitor] ['99%', '100%', '100%', '100%']  memcached=99.0%
[MEMCACHED] cores updated to: ['0', '1', '3']
[barnes] paused.
[monitor] ['26%', '28%', '100%', '23%']  memcached=77.1%
[MEMCACHED] cores updated to: ['0']
[barnes] unpaused.
[monitor] ['100%', '100%', '100%', '100%']  memcached=100.0%
[MEMCACHED] cores updated to: ['0', '1', '3']
[barnes] paused.
[monitor] ['36%', '34%', '100%', '31%']  memcached=101.0%
[MEMCACHED] cores updated to: ['0', '3']
[barnes] unpaused.
[barnes] cores updated to: [1, 2]
[blackscholes] paused.
[monitor] ['14%', '100%', '100%', '100%']  memcached=114.1%
[monitor] ['100%', '100%', '100%', '8%']  memcached=108.2%
[monitor] ['100%', '100%', '100%', '8%']  memcached=108.0%
[monitor] ['100%', '100%', '100%', '9%']  memcached=109.0%
[monitor] ['31%', '100%', '100%', '6%']  memcached=36.9%
[MEMCACHED] cores updated to: ['0']
[blackscholes] unpaused.
[blackscholes] cores updated to: [3]
[monitor] ['48%', '100%', '100%', '100%']  memcached=48.1%
[monitor] ['45%', '100%', '100%', '100%']  memcached=45.1%
[monitor] ['46%', '100%', '100%', '100%']  memcached=46.0%
[monitor] ['41%', '100%', '56%', '100%']  memcached=41.2%
[monitor] ['38%', '100%', '67%', '100%']  memcached=37.7%
[monitor] ['12%', '100%', '95%', '100%']  memcached=12.1%
[monitor] ['12%', '100%', '100%', '100%']  memcached=11.9%
[monitor] ['8%', '100%', '100%', '100%']  memcached=7.6%
[monitor] ['10%', '100%', '100%', '100%']  memcached=10.4%
[monitor] ['34%', '100%', '100%', '100%']  memcached=34.2%
[monitor] ['100%', '100%', '100%', '100%']  memcached=100.0%
[MEMCACHED] cores updated to: ['0', '1', '2']
[barnes] paused.
[monitor] ['82%', '83%', '80%', '100%']  memcached=244.8%
[monitor] ['52%', '54%', '47%', '100%']  memcached=153.0%
[MEMCACHED] cores updated to: ['0', '2']
[barnes] unpaused.
[barnes] cores updated to: [1, 3]
[blackscholes] paused.
[monitor] ['85%', '100%', '81%', '100%']  memcached=165.8%
[monitor] ['51%', '100%', '47%', '100%']  memcached=98.0%
[monitor] ['16%', '100%', '7%', '100%']  memcached=22.8%
[MEMCACHED] cores updated to: ['0']
[blackscholes] unpaused.
[blackscholes] cores updated to: [2]
[monitor] ['4%', '100%', '100%', '100%']  memcached=3.8%
[monitor] ['7%', '100%', '100%', '100%']  memcached=7.4%
[monitor] ['6%', '100%', '100%', '100%']  memcached=6.2%
[monitor] ['7%', '100%', '100%', '100%']  memcached=6.7%
[monitor] ['7%', '100%', '100%', '100%']  memcached=7.0%
[monitor] ['7%', '100%', '100%', '100%']  memcached=7.1%
[monitor] ['10%', '100%', '100%', '100%']  memcached=9.9%
[monitor] ['8%', '100%', '100%', '100%']  memcached=8.2%
[monitor] ['63%', '100%', '100%', '100%']  memcached=62.8%
[monitor] ['100%', '100%', '100%', '100%']  memcached=100.0%
[MEMCACHED] cores updated to: ['0', '1', '3']
[barnes] paused.
[monitor] ['73%', '78%', '100%', '72%']  memcached=222.6%
[monitor] ['47%', '52%', '100%', '43%']  memcached=141.0%
[MEMCACHED] cores updated to: ['0', '3']
[barnes] unpaused.
[barnes] cores updated to: [1, 2]
[blackscholes] paused.
[monitor] ['81%', '100%', '99%', '81%']  memcached=161.8%
[monitor] ['18%', '100%', '2%', '18%']  memcached=36.4%
[MEMCACHED] cores updated to: ['0']
[blackscholes] unpaused.
[blackscholes] cores updated to: [3]
[monitor] ['11%', '100%', '60%', '100%']  memcached=11.5%
[monitor] ['12%', '100%', '100%', '100%']  memcached=12.5%
[monitor] ['17%', '100%', '100%', '100%']  memcached=17.2%
[monitor] ['14%', '100%', '100%', '100%']  memcached=14.3%
[monitor] ['78%', '100%', '100%', '100%']  memcached=77.9%
[monitor] ['92%', '100%', '100%', '100%']  memcached=91.6%
[MEMCACHED] cores updated to: ['0', '3']
[blackscholes] paused.
[monitor] ['41%', '100%', '100%', '26%']  memcached=66.5%
[MEMCACHED] cores updated to: ['0']
[blackscholes] unpaused.
[monitor] ['83%', '100%', '100%', '100%']  memcached=82.6%
[monitor] ['84%', '100%', '100%', '100%']  memcached=84.1%
[monitor] ['13%', '100%', '100%', '100%']  memcached=13.4%
[monitor] ['8%', '100%', '100%', '100%']  memcached=7.7%
[monitor] ['8%', '100%', '100%', '100%']  memcached=7.6%
[monitor] ['14%', '100%', '100%', '100%']  memcached=13.6%
[monitor] ['8%', '100%', '100%', '100%']  memcached=7.6%
[monitor] ['99%', '100%', '100%', '100%']  memcached=99.0%
[MEMCACHED] cores updated to: ['0', '1', '2']
[barnes] paused.
[monitor] ['85%', '84%', '82%', '100%']  memcached=251.2%
[monitor] ['56%', '59%', '50%', '100%']  memcached=164.9%
[monitor] ['55%', '58%', '54%', '100%']  memcached=167.2%
[monitor] ['52%', '58%', '49%', '100%']  memcached=158.8%
[MEMCACHED] cores updated to: ['0', '2']
[barnes] unpaused.
[barnes] cores updated to: [1, 3]
[blackscholes] paused.
[monitor] ['20%', '100%', '9%', '100%']  memcached=28.9%
[MEMCACHED] cores updated to: ['0']
[blackscholes] unpaused.
[blackscholes] cores updated to: [2]
[monitor] ['14%', '100%', '100%', '100%']  memcached=13.7%
[monitor] ['16%', '100%', '100%', '100%']  memcached=15.7%
[monitor] ['22%', '100%', '100%', '100%']  memcached=22.2%
[monitor] ['44%', '42%', '100%', '100%']  memcached=44.3%
[monitor] ['100%', '48%', '100%', '67%']  memcached=100.0%
[MEMCACHED] cores updated to: ['0', '1', '3']
[barnes] paused.
[monitor] ['30%', '39%', '100%', '30%']  memcached=99.4%
[MEMCACHED] cores updated to: ['0', '3']
[barnes] unpaused.
[barnes] cores updated to: [1, 2]
[blackscholes] paused.
[monitor] ['60%', '100%', '6%', '57%']  memcached=117.1%
[monitor] ['63%', '24%', '14%', '60%']  memcached=123.0%
[barnes] ended.
[blackscholes] unpaused.
[blackscholes] cores updated to: [1, 2]
[monitor] ['52%', '100%', '100%', '47%']  memcached=99.0%
[monitor] ['51%', '100%', '100%', '50%']  memcached=100.8%
[monitor] ['51%', '100%', '100%', '50%']  memcached=100.8%
[monitor] ['49%', '100%', '100%', '51%']  memcached=100.0%
[monitor] ['53%', '100%', '100%', '49%']  memcached=102.4%
[monitor] ['37%', '100%', '100%', '35%']  memcached=72.2%
[MEMCACHED] cores updated to: ['0']
[blackscholes] cores updated to: [3, 1, 2]
[monitor] ['65%', '100%', '100%', '100%']  memcached=64.9%
[monitor] ['64%', '100%', '100%', '100%']  memcached=63.6%
[monitor] ['70%', '100%', '100%', '100%']  memcached=70.0%
[monitor] ['68%', '100%', '100%', '100%']  memcached=68.3%
[monitor] ['76%', '100%', '100%', '100%']  memcached=75.8%
[monitor] ['85%', '100%', '100%', '100%']  memcached=84.7%
[monitor] ['85%', '100%', '100%', '100%']  memcached=84.7%
[monitor] ['88%', '100%', '100%', '100%']  memcached=88.0%
[MEMCACHED] cores updated to: ['0', '3']
[blackscholes] cores updated to: [1, 2]
[monitor] ['36%', '98%', '100%', '24%']  memcached=60.2%
[MEMCACHED] cores updated to: ['0']
[blackscholes] cores updated to: [3, 1, 2]
[monitor] ['50%', '2%', '52%', '55%']  memcached=50.0%
[monitor] ['10%', '1%', '3%', '100%']  memcached=9.8%
[monitor] ['12%', '2%', '0%', '100%']  memcached=11.5%
[monitor] ['15%', '2%', '2%', '100%']  memcached=15.1%
[monitor] ['24%', '26%', '9%', '78%']  memcached=24.1%
[blackscholes] ended.
[canneal] started on cores: [1, 2, 3] with 3 threads.
[monitor] ['100%', '59%', '20%', '63%']  memcached=100.0%
[MEMCACHED] cores updated to: ['0', '1', '2']
[canneal] cores updated to: [3]
[monitor] ['58%', '65%', '47%', '100%']  memcached=169.7%
[monitor] ['38%', '50%', '33%', '100%']  memcached=120.8%
[MEMCACHED] cores updated to: ['0', '2']
[canneal] cores updated to: [1, 3]
[monitor] ['34%', '35%', '34%', '76%']  memcached=68.9%
[MEMCACHED] cores updated to: ['0']
[canneal] cores updated to: [1, 2, 3]
[monitor] ['23%', '23%', '2%', '84%']  memcached=22.9%
[monitor] ['29%', '6%', '22%', '100%']  memcached=28.6%
[monitor] ['26%', '4%', '1%', '100%']  memcached=26.0%
[monitor] ['21%', '1%', '1%', '100%']  memcached=20.8%
[monitor] ['44%', '4%', '1%', '99%']  memcached=44.2%
[monitor] ['54%', '86%', '4%', '20%']  memcached=53.7%
[monitor] ['57%', '33%', '1%', '77%']  memcached=57.4%
[monitor] ['60%', '6%', '24%', '100%']  memcached=59.6%
[monitor] ['54%', '1%', '1%', '100%']  memcached=53.7%
[monitor] ['29%', '2%', '2%', '100%']  memcached=29.4%
[monitor] ['14%', '2%', '1%', '100%']  memcached=13.7%
[monitor] ['15%', '1%', '1%', '100%']  memcached=15.4%
[monitor] ['14%', '1%', '0%', '100%']  memcached=13.7%
[monitor] ['14%', '64%', '1%', '45%']  memcached=13.7%
[monitor] ['6%', '100%', '2%', '0%']  memcached=6.1%
[monitor] ['4%', '100%', '1%', '0%']  memcached=4.1%
[monitor] ['5%', '100%', '2%', '0%']  memcached=5.3%
[monitor] ['7%', '100%', '3%', '2%']  memcached=6.7%
[monitor] ['7%', '100%', '0%', '0%']  memcached=6.6%
[monitor] ['75%', '100%', '6%', '5%']  memcached=74.7%
[monitor] ['100%', '100%', '4%', '5%']  memcached=100.0%
[MEMCACHED] cores updated to: ['0', '1', '3']
[canneal] cores updated to: [2]
[monitor] ['55%', '57%', '100%', '59%']  memcached=171.1%
[monitor] ['42%', '40%', '100%', '33%']  memcached=115.8%
[MEMCACHED] cores updated to: ['0', '3']
[canneal] cores updated to: [1, 2]
[monitor] ['74%', '5%', '100%', '70%']  memcached=144.0%
[monitor] ['53%', '5%', '100%', '46%']  memcached=98.8%
[monitor] ['42%', '4%', '100%', '33%']  memcached=74.7%
[MEMCACHED] cores updated to: ['0']
[canneal] cores updated to: [1, 2, 3]
[monitor] ['84%', '92%', '15%', '1%']  memcached=83.6%
[monitor] ['80%', '100%', '6%', '2%']  memcached=79.7%
[monitor] ['81%', '100%', '2%', '2%']  memcached=80.9%
[monitor] ['98%', '16%', '5%', '92%']  memcached=97.9%
[MEMCACHED] cores updated to: ['0', '2', '3']
[canneal] cores updated to: [1]
[monitor] ['56%', '100%', '48%', '49%']  memcached=152.9%
[MEMCACHED] cores updated to: ['0', '3']
[canneal] cores updated to: [1, 2]
[monitor] ['77%', '100%', '7%', '77%']  memcached=154.9%
[monitor] ['76%', '100%', '7%', '75%']  memcached=151.4%
[monitor] ['77%', '96%', '56%', '75%']  memcached=151.7%
[monitor] ['96%', '91%', '92%', '92%']  memcached=188.0%
[MEMCACHED] cores updated to: ['0', '1', '3']
[canneal] cores updated to: [2]
[monitor] ['79%', '84%', '100%', '72%']  memcached=235.2%
[monitor] ['82%', '85%', '100%', '70%']  memcached=237.0%
[monitor] ['83%', '86%', '100%', '73%']  memcached=242.2%
[monitor] ['79%', '83%', '100%', '69%']  memcached=231.6%
[monitor] ['42%', '44%', '100%', '38%']  memcached=123.9%
[MEMCACHED] cores updated to: ['0', '3']
[canneal] cores updated to: [1, 2]
[monitor] ['71%', '97%', '95%', '68%']  memcached=139.3%
[monitor] ['73%', '97%', '95%', '67%']  memcached=140.1%
[monitor] ['69%', '96%', '93%', '66%']  memcached=135.6%
[monitor] ['66%', '96%', '92%', '60%']  memcached=126.2%
[monitor] ['15%', '97%', '93%', '14%']  memcached=29.4%
[MEMCACHED] cores updated to: ['0']
[canneal] cores updated to: [3, 1, 2]
[monitor] ['34%', '100%', '95%', '97%']  memcached=34.0%
[monitor] ['31%', '100%', '94%', '96%']  memcached=31.4%
[monitor] ['37%', '98%', '96%', '95%']  memcached=36.5%
[monitor] ['29%', '99%', '95%', '95%']  memcached=29.1%
[monitor] ['14%', '99%', '95%', '98%']  memcached=13.7%
[monitor] ['20%', '98%', '96%', '95%']  memcached=19.5%
[monitor] ['22%', '99%', '93%', '99%']  memcached=21.7%
[monitor] ['13%', '100%', '92%', '98%']  memcached=13.4%
[monitor] ['34%', '99%', '94%', '96%']  memcached=34.1%
[monitor] ['100%', '99%', '96%', '93%']  memcached=100.0%
[MEMCACHED] cores updated to: ['0', '2', '3']
[canneal] cores updated to: [1]
[monitor] ['41%', '100%', '38%', '41%']  memcached=120.0%
[MEMCACHED] cores updated to: ['0', '3']
[canneal] cores updated to: [2, 1]
[monitor] ['54%', '96%', '95%', '54%']  memcached=107.9%
[monitor] ['62%', '93%', '97%', '51%']  memcached=112.9%
[monitor] ['58%', '95%', '93%', '50%']  memcached=108.5%
[monitor] ['58%', '96%', '96%', '51%']  memcached=108.9%
[monitor] ['61%', '95%', '95%', '52%']  memcached=113.6%
[monitor] ['54%', '96%', '94%', '51%']  memcached=104.8%
[monitor] ['55%', '97%', '93%', '52%']  memcached=106.4%
[monitor] ['68%', '96%', '94%', '59%']  memcached=127.5%
[monitor] ['81%', '98%', '94%', '81%']  memcached=162.3%
[monitor] ['81%', '96%', '93%', '81%']  memcached=162.3%
[monitor] ['79%', '95%', '93%', '79%']  memcached=158.4%
[monitor] ['84%', '97%', '93%', '80%']  memcached=164.4%
[monitor] ['63%', '96%', '94%', '59%']  memcached=121.7%
[monitor] ['28%', '96%', '94%', '29%']  memcached=56.9%
[MEMCACHED] cores updated to: ['0']
[canneal] cores updated to: [2, 1, 3]
[monitor] ['79%', '100%', '95%', '95%']  memcached=79.4%
[monitor] ['81%', '100%', '96%', '95%']  memcached=80.9%
[monitor] ['82%', '99%', '97%', '94%']  memcached=81.7%
[monitor] ['48%', '98%', '96%', '95%']  memcached=47.6%
[monitor] ['12%', '93%', '99%', '90%']  memcached=12.3%
[monitor] ['13%', '98%', '97%', '95%']  memcached=13.3%
[monitor] ['13%', '98%', '98%', '96%']  memcached=13.3%
[monitor] ['14%', '97%', '98%', '95%']  memcached=13.8%
[monitor] ['65%', '99%', '96%', '94%']  memcached=64.6%
[monitor] ['100%', '99%', '91%', '93%']  memcached=100.0%
[MEMCACHED] cores updated to: ['0', '1', '3']
[canneal] cores updated to: [2]
[monitor] ['48%', '54%', '100%', '46%']  memcached=148.5%
[MEMCACHED] cores updated to: ['0', '3']
[canneal] cores updated to: [2, 1]
[monitor] ['63%', '95%', '96%', '59%']  memcached=122.6%
[monitor] ['67%', '96%', '94%', '63%']  memcached=129.9%
[monitor] ['44%', '97%', '95%', '41%']  memcached=84.5%
[monitor] ['37%', '93%', '95%', '37%']  memcached=74.1%
[MEMCACHED] cores updated to: ['0']
[canneal] cores updated to: [2, 1, 3]
[monitor] ['94%', '99%', '94%', '94%']  memcached=94.3%
[MEMCACHED] cores updated to: ['0', '2']
[canneal] cores updated to: [1, 3]
[monitor] ['29%', '99%', '29%', '96%']  memcached=57.1%
[MEMCACHED] cores updated to: ['0']
[canneal] cores updated to: [2, 1, 3]
[monitor] ['90%', '99%', '95%', '94%']  memcached=90.0%
[MEMCACHED] cores updated to: ['0', '1']
[canneal] cores updated to: [2, 3]
[monitor] ['26%', '23%', '93%', '93%']  memcached=49.1%
[MEMCACHED] cores updated to: ['0']
[canneal] cores updated to: [2, 1, 3]
[monitor] ['71%', '100%', '92%', '94%']  memcached=71.4%
[monitor] ['63%', '99%', '92%', '94%']  memcached=63.2%
[monitor] ['58%', '100%', '95%', '95%']  memcached=58.2%
[monitor] ['60%', '100%', '94%', '96%']  memcached=60.3%
[monitor] ['70%', '100%', '95%', '95%']  memcached=70.5%
[monitor] ['75%', '100%', '96%', '95%']  memcached=75.0%
[monitor] ['74%', '100%', '97%', '96%']  memcached=74.2%
[monitor] ['75%', '99%', '95%', '94%']  memcached=75.4%
[monitor] ['81%', '99%', '95%', '94%']  memcached=81.2%
[monitor] ['33%', '98%', '98%', '94%']  memcached=33.3%
[monitor] ['24%', '99%', '97%', '96%']  memcached=24.0%
[monitor] ['24%', '98%', '97%', '94%']  memcached=24.5%
[monitor] ['24%', '100%', '95%', '97%']  memcached=23.5%
[monitor] ['22%', '100%', '95%', '96%']  memcached=22.0%
[monitor] ['98%', '100%', '96%', '94%']  memcached=97.9%
[MEMCACHED] cores updated to: ['0', '2', '3']
[canneal] cores updated to: [1]
[monitor] ['22%', '100%', '19%', '21%']  memcached=62.9%
[MEMCACHED] cores updated to: ['0']
[canneal] cores updated to: [2, 1, 3]
[monitor] ['100%', '100%', '94%', '94%']  memcached=100.0%
[MEMCACHED] cores updated to: ['0', '1', '3']
[canneal] cores updated to: [2]
[monitor] ['34%', '34%', '100%', '28%']  memcached=96.9%
[MEMCACHED] cores updated to: ['0', '3']
[canneal] cores updated to: [2, 1]
[monitor] ['52%', '97%', '94%', '62%']  memcached=113.2%
[monitor] ['72%', '97%', '92%', '68%']  memcached=140.3%
[monitor] ['71%', '96%', '94%', '70%']  memcached=141.2%
[monitor] ['69%', '94%', '95%', '66%']  memcached=134.7%
[monitor] ['69%', '96%', '95%', '62%']  memcached=130.7%
[monitor] ['67%', '96%', '94%', '62%']  memcached=129.3%
[monitor] ['35%', '96%', '94%', '34%']  memcached=68.9%
[MEMCACHED] cores updated to: ['0']
[canneal] cores updated to: [2, 1, 3]
[monitor] ['92%', '99%', '97%', '93%']  memcached=91.9%
[MEMCACHED] cores updated to: ['0', '2']
[canneal] cores updated to: [1, 3]
[monitor] ['26%', '98%', '23%', '96%']  memcached=49.0%
[MEMCACHED] cores updated to: ['0']
[canneal] cores updated to: [2, 1, 3]
[monitor] ['84%', '100%', '95%', '94%']  memcached=83.6%
[monitor] ['81%', '100%', '94%', '96%']  memcached=81.2%
[monitor] ['80%', '99%', '95%', '94%']  memcached=79.7%
[monitor] ['64%', '100%', '38%', '38%']  memcached=64.4%
[monitor] ['56%', '61%', '3%', '49%']  memcached=55.6%
[monitor] ['56%', '2%', '1%', '100%']  memcached=56.4%
[monitor] ['81%', '4%', '3%', '100%']  memcached=80.6%
[monitor] ['100%', '41%', '3%', '72%']  memcached=100.0%
[MEMCACHED] cores updated to: ['0', '1', '3']
[canneal] cores updated to: [2]
[monitor] ['90%', '91%', '99%', '81%']  memcached=262.6%
[canneal] ended.
[MEMCACHED] cores updated to: ['0', '2', '3']
[freqmine] started on cores: [1] with 3 threads.
[monitor] ['59%', '100%', '54%', '62%']  memcached=174.8%
[monitor] ['56%', '100%', '55%', '54%']  memcached=164.6%
[monitor] ['15%', '100%', '13%', '13%']  memcached=41.7%
[MEMCACHED] cores updated to: ['0']
[freqmine] cores updated to: [1, 2, 3]
[monitor] ['12%', '94%', '88%', '95%']  memcached=12.0%
[monitor] ['14%', '100%', '100%', '99%']  memcached=13.5%
[monitor] ['14%', '100%', '100%', '100%']  memcached=13.5%
[monitor] ['40%', '100%', '100%', '98%']  memcached=39.8%
[monitor] ['16%', '70%', '99%', '74%']  memcached=15.9%
[monitor] ['15%', '100%', '100%', '100%']  memcached=14.8%
[monitor] ['15%', '100%', '100%', '100%']  memcached=14.6%
[monitor] ['10%', '100%', '100%', '100%']  memcached=10.3%
[monitor] ['48%', '100%', '100%', '100%']  memcached=48.1%
[monitor] ['74%', '100%', '100%', '100%']  memcached=73.6%
[monitor] ['13%', '100%', '100%', '100%']  memcached=12.9%
[monitor] ['15%', '100%', '100%', '100%']  memcached=14.9%
[monitor] ['19%', '100%', '100%', '100%']  memcached=19.2%
[monitor] ['16%', '100%', '100%', '100%']  memcached=16.3%
[monitor] ['42%', '100%', '100%', '100%']  memcached=42.1%
[monitor] ['53%', '100%', '100%', '100%']  memcached=52.9%
[monitor] ['59%', '100%', '100%', '100%']  memcached=58.9%
[monitor] ['58%', '100%', '100%', '100%']  memcached=58.2%
[monitor] ['54%', '100%', '100%', '100%']  memcached=53.8%
[monitor] ['11%', '100%', '100%', '100%']  memcached=11.3%
[monitor] ['14%', '100%', '100%', '100%']  memcached=14.1%
[monitor] ['8%', '100%', '100%', '100%']  memcached=8.2%
[monitor] ['7%', '100%', '100%', '100%']  memcached=6.9%
[monitor] ['5%', '100%', '100%', '100%']  memcached=5.5%
[monitor] ['93%', '100%', '100%', '100%']  memcached=92.9%
[MEMCACHED] cores updated to: ['0', '1']
[freqmine] cores updated to: [2, 3]
[monitor] ['70%', '71%', '100%', '100%']  memcached=141.5%
[monitor] ['60%', '68%', '100%', '100%']  memcached=127.6%
[monitor] ['66%', '65%', '100%', '100%']  memcached=131.4%
[monitor] ['61%', '67%', '100%', '100%']  memcached=127.8%
[monitor] ['12%', '7%', '100%', '100%']  memcached=19.2%
[MEMCACHED] cores updated to: ['0']
[freqmine] cores updated to: [1, 2, 3]
[monitor] ['8%', '100%', '100%', '100%']  memcached=8.5%
[monitor] ['10%', '100%', '100%', '100%']  memcached=9.9%
[monitor] ['7%', '100%', '100%', '100%']  memcached=7.2%
[monitor] ['13%', '100%', '100%', '100%']  memcached=12.7%
[monitor] ['100%', '100%', '100%', '100%']  memcached=100.0%
[MEMCACHED] cores updated to: ['0', '2', '3']
[freqmine] cores updated to: [1]
[monitor] ['34%', '100%', '35%', '25%']  memcached=94.8%
[MEMCACHED] cores updated to: ['0', '3']
[freqmine] cores updated to: [1, 2]
[monitor] ['55%', '100%', '100%', '52%']  memcached=107.1%
[monitor] ['57%', '100%', '100%', '54%']  memcached=111.0%
[monitor] ['49%', '100%', '100%', '47%']  memcached=96.0%
[monitor] ['17%', '100%', '100%', '13%']  memcached=29.8%
[MEMCACHED] cores updated to: ['0']
[freqmine] cores updated to: [3, 1, 2]
[monitor] ['45%', '100%', '100%', '100%']  memcached=45.3%
[monitor] ['44%', '100%', '100%', '100%']  memcached=44.0%
[monitor] ['39%', '100%', '100%', '100%']  memcached=38.8%
[monitor] ['41%', '100%', '100%', '100%']  memcached=40.7%
[monitor] ['11%', '100%', '100%', '100%']  memcached=10.5%
[monitor] ['9%', '100%', '100%', '100%']  memcached=9.5%
[monitor] ['8%', '100%', '100%', '100%']  memcached=8.0%
[monitor] ['10%', '100%', '100%', '100%']  memcached=9.7%
[monitor] ['35%', '100%', '100%', '100%']  memcached=35.1%
[monitor] ['100%', '100%', '100%', '100%']  memcached=100.0%
[MEMCACHED] cores updated to: ['0', '1', '3']
[freqmine] cores updated to: [2]
[monitor] ['66%', '82%', '100%', '62%']  memcached=210.2%
[monitor] ['47%', '54%', '100%', '44%']  memcached=145.3%
[MEMCACHED] cores updated to: ['0', '3']
[freqmine] cores updated to: [1, 2]
[monitor] ['81%', '100%', '100%', '78%']  memcached=159.4%
[monitor] ['67%', '100%', '100%', '58%']  memcached=124.9%
[monitor] ['40%', '100%', '100%', '35%']  memcached=75.0%
[MEMCACHED] cores updated to: ['0']
[freqmine] cores updated to: [3, 1, 2]
[monitor] ['89%', '100%', '100%', '100%']  memcached=89.5%
[MEMCACHED] cores updated to: ['0', '2']
[freqmine] cores updated to: [3, 1]
[monitor] ['32%', '100%', '28%', '100%']  memcached=59.9%
[MEMCACHED] cores updated to: ['0']
[freqmine] cores updated to: [3, 1, 2]
[monitor] ['89%', '100%', '100%', '100%']  memcached=88.6%
[MEMCACHED] cores updated to: ['0', '3']
[freqmine] cores updated to: [1, 2]
[monitor] ['80%', '100%', '100%', '76%']  memcached=156.4%
[monitor] ['85%', '100%', '100%', '100%']  memcached=185.2%
[MEMCACHED] cores updated to: ['0', '1', '3']
[freqmine] cores updated to: [2]
[monitor] ['65%', '76%', '100%', '64%']  memcached=205.0%
[monitor] ['63%', '75%', '100%', '63%']  memcached=201.0%
[monitor] ['69%', '79%', '100%', '67%']  memcached=214.9%
[monitor] ['38%', '22%', '100%', '16%']  memcached=75.3%
[MEMCACHED] cores updated to: ['0']
[freqmine] cores updated to: [3, 1, 2]
[monitor] ['9%', '100%', '100%', '100%']  memcached=9.2%
[monitor] ['9%', '100%', '100%', '100%']  memcached=9.0%
[monitor] ['12%', '100%', '100%', '100%']  memcached=11.9%
[monitor] ['8%', '100%', '100%', '99%']  memcached=7.6%
[monitor] ['87%', '100%', '100%', '100%']  memcached=87.0%
[MEMCACHED] cores updated to: ['0', '2']
[freqmine] cores updated to: [3, 1]
[monitor] ['90%', '100%', '94%', '100%']  memcached=184.2%
[MEMCACHED] cores updated to: ['0', '2', '3']
[freqmine] cores updated to: [1]
[monitor] ['54%', '100%', '49%', '44%']  memcached=147.3%
[MEMCACHED] cores updated to: ['0', '3']
[freqmine] cores updated to: [2, 1]
[monitor] ['76%', '100%', '100%', '77%']  memcached=152.7%
[monitor] ['83%', '100%', '100%', '82%']  memcached=165.8%
[monitor] ['78%', '100%', '100%', '79%']  memcached=157.1%
[monitor] ['79%', '100%', '100%', '76%']  memcached=154.9%
[monitor] ['69%', '100%', '100%', '69%']  memcached=137.7%
[monitor] ['70%', '100%', '100%', '63%']  memcached=133.3%
[monitor] ['71%', '100%', '100%', '67%']  memcached=137.5%
[monitor] ['85%', '100%', '100%', '82%']  memcached=166.9%
[monitor] ['88%', '100%', '100%', '89%']  memcached=177.1%
[MEMCACHED] cores updated to: ['0', '1', '3']
[freqmine] cores updated to: [2]
[monitor] ['56%', '69%', '100%', '55%']  memcached=180.7%
[monitor] ['60%', '71%', '100%', '59%']  memcached=189.8%
[monitor] ['62%', '69%', '100%', '56%']  memcached=186.6%
[monitor] ['7%', '5%', '100%', '4%']  memcached=16.6%
[MEMCACHED] cores updated to: ['0']
[freqmine] cores updated to: [2, 1, 3]
[monitor] ['13%', '100%', '100%', '100%']  memcached=13.2%
[monitor] ['15%', '100%', '100%', '100%']  memcached=14.8%
[monitor] ['17%', '100%', '100%', '100%']  memcached=17.0%
[monitor] ['8%', '100%', '100%', '100%']  memcached=7.5%
[monitor] ['7%', '100%', '100%', '100%']  memcached=7.1%
[monitor] ['8%', '100%', '100%', '100%']  memcached=8.5%
[monitor] ['10%', '100%', '100%', '100%']  memcached=9.7%
[monitor] ['4%', '100%', '100%', '100%']  memcached=4.3%
[monitor] ['29%', '100%', '100%', '100%']  memcached=29.3%
[monitor] ['100%', '100%', '100%', '100%']  memcached=100.0%
[MEMCACHED] cores updated to: ['0', '2', '3']
[freqmine] cores updated to: [1]
[monitor] ['27%', '100%', '27%', '23%']  memcached=77.0%
[MEMCACHED] cores updated to: ['0']
[freqmine] cores updated to: [2, 1, 3]
[monitor] ['97%', '100%', '100%', '100%']  memcached=96.8%
[MEMCACHED] cores updated to: ['0', '1', '3']
[freqmine] cores updated to: [2]
[monitor] ['31%', '33%', '100%', '27%']  memcached=91.6%
[MEMCACHED] cores updated to: ['0', '3']
[freqmine] cores updated to: [2, 1]
[monitor] ['42%', '100%', '100%', '38%']  memcached=79.4%
[MEMCACHED] cores updated to: ['0']
[freqmine] cores updated to: [2, 1, 3]
[monitor] ['78%', '100%', '100%', '100%']  memcached=77.6%
[monitor] ['76%', '100%', '100%', '100%']  memcached=76.2%
[monitor] ['76%', '100%', '100%', '100%']  memcached=76.2%
[monitor] ['76%', '100%', '100%', '100%']  memcached=75.8%
[monitor] ['91%', '100%', '100%', '100%']  memcached=91.2%
[MEMCACHED] cores updated to: ['0', '2']
[freqmine] cores updated to: [1, 3]
[monitor] ['79%', '100%', '84%', '100%']  memcached=162.5%
[monitor] ['68%', '100%', '71%', '100%']  memcached=138.7%
[monitor] ['66%', '100%', '69%', '100%']  memcached=135.0%
[monitor] ['69%', '100%', '71%', '100%']  memcached=140.1%
[monitor] ['35%', '100%', '32%', '100%']  memcached=66.1%
[MEMCACHED] cores updated to: ['0']
[freqmine] cores updated to: [2, 1, 3]
[monitor] ['11%', '100%', '100%', '100%']  memcached=11.4%
[monitor] ['11%', '100%', '100%', '100%']  memcached=11.3%
[monitor] ['11%', '100%', '100%', '100%']  memcached=11.3%
[monitor] ['8%', '100%', '100%', '100%']  memcached=8.5%
[monitor] ['8%', '100%', '100%', '100%']  memcached=8.3%
[monitor] ['7%', '100%', '100%', '100%']  memcached=7.4%
[monitor] ['11%', '100%', '100%', '100%']  memcached=10.9%
[monitor] ['11%', '100%', '100%', '100%']  memcached=10.9%
[monitor] ['18%', '100%', '100%', '100%']  memcached=17.5%
[monitor] ['80%', '100%', '100%', '100%']  memcached=80.0%
[monitor] ['100%', '100%', '100%', '100%']  memcached=100.0%
[MEMCACHED] cores updated to: ['0', '1', '3']
[freqmine] cores updated to: [2]
[monitor] ['100%', '100%', '100%', '99%']  memcached=299.0%
[monitor] ['73%', '98%', '100%', '75%']  memcached=246.5%
[monitor] ['67%', '81%', '100%', '67%']  memcached=214.8%
[monitor] ['19%', '21%', '100%', '18%']  memcached=58.2%
[MEMCACHED] cores updated to: ['0']
[freqmine] cores updated to: [2, 1, 3]
[monitor] ['14%', '100%', '100%', '100%']  memcached=13.6%
[monitor] ['11%', '100%', '100%', '100%']  memcached=10.7%
[monitor] ['10%', '100%', '100%', '100%']  memcached=10.3%
[monitor] ['16%', '100%', '100%', '100%']  memcached=16.4%
[monitor] ['55%', '100%', '100%', '100%']  memcached=55.2%
[monitor] ['61%', '100%', '100%', '100%']  memcached=60.7%
[monitor] ['60%', '100%', '100%', '100%']  memcached=60.0%
[monitor] ['61%', '100%', '100%', '100%']  memcached=60.7%
[monitor] ['60%', '100%', '100%', '100%']  memcached=60.0%
[monitor] ['24%', '100%', '100%', '100%']  memcached=23.9%
[monitor] ['13%', '100%', '100%', '100%']  memcached=13.3%
[monitor] ['17%', '100%', '100%', '100%']  memcached=16.7%
[monitor] ['20%', '100%', '100%', '100%']  memcached=19.8%
[monitor] ['15%', '100%', '100%', '100%']  memcached=15.2%
[monitor] ['19%', '100%', '100%', '100%']  memcached=19.0%
[monitor] ['24%', '100%', '100%', '100%']  memcached=24.1%
[monitor] ['22%', '100%', '100%', '100%']  memcached=21.6%
[monitor] ['19%', '100%', '100%', '100%']  memcached=19.2%
[monitor] ['16%', '100%', '100%', '100%']  memcached=15.7%
[monitor] ['60%', '100%', '100%', '100%']  memcached=60.3%
[monitor] ['68%', '100%', '100%', '100%']  memcached=67.8%
[monitor] ['67%', '100%', '100%', '100%']  memcached=66.7%
[monitor] ['71%', '100%', '100%', '100%']  memcached=71.0%
[monitor] ['69%', '100%', '100%', '100%']  memcached=69.0%
[monitor] ['18%', '100%', '100%', '100%']  memcached=18.2%
[monitor] ['9%', '100%', '100%', '100%']  memcached=9.1%
[monitor] ['10%', '100%', '100%', '100%']  memcached=10.3%
[monitor] ['9%', '100%', '100%', '100%']  memcached=8.9%
[monitor] ['11%', '100%', '100%', '100%']  memcached=11.4%
[monitor] ['92%', '100%', '100%', '100%']  memcached=91.8%
[MEMCACHED] cores updated to: ['0', '2']
[freqmine] cores updated to: [1, 3]
[monitor] ['77%', '100%', '77%', '100%']  memcached=154.2%
[monitor] ['64%', '100%', '67%', '100%']  memcached=130.6%
[monitor] ['66%', '100%', '69%', '100%']  memcached=134.9%
[monitor] ['73%', '100%', '74%', '100%']  memcached=146.6%
[monitor] ['70%', '100%', '70%', '100%']  memcached=140.5%
[monitor] ['70%', '100%', '70%', '100%']  memcached=140.2%
[monitor] ['67%', '100%', '67%', '100%']  memcached=133.9%
[monitor] ['64%', '100%', '63%', '100%']  memcached=127.4%
[monitor] ['61%', '100%', '59%', '100%']  memcached=120.6%
[monitor] ['81%', '100%', '84%', '100%']  memcached=164.9%
[monitor] ['81%', '100%', '84%', '100%']  memcached=165.1%
[monitor] ['80%', '100%', '82%', '100%']  memcached=162.2%
[monitor] ['81%', '100%', '84%', '100%']  memcached=164.4%
[monitor] ['84%', '100%', '86%', '100%']  memcached=169.5%
[monitor] ['29%', '100%', '12%', '100%']  memcached=41.6%
[MEMCACHED] cores updated to: ['0']
[freqmine] cores updated to: [2, 1, 3]
[monitor] ['38%', '100%', '100%', '100%']  memcached=37.7%
[monitor] ['29%', '100%', '100%', '100%']  memcached=29.4%
[monitor] ['28%', '100%', '100%', '100%']  memcached=28.0%
[monitor] ['29%', '100%', '100%', '100%']  memcached=28.8%
[monitor] ['9%', '100%', '100%', '100%']  memcached=8.6%
[monitor] ['6%', '100%', '100%', '100%']  memcached=5.9%
[monitor] ['6%', '100%', '100%', '100%']  memcached=5.8%
[monitor] ['10%', '100%', '100%', '100%']  memcached=9.7%
[monitor] ['21%', '100%', '100%', '100%']  memcached=20.8%
[monitor] ['100%', '100%', '100%', '100%']  memcached=100.0%
[MEMCACHED] cores updated to: ['0', '1', '3']
[freqmine] cores updated to: [2]
[monitor] ['33%', '36%', '100%', '25%']  memcached=93.9%
[MEMCACHED] cores updated to: ['0', '3']
[freqmine] cores updated to: [2, 1]
[monitor] ['63%', '100%', '100%', '35%']  memcached=98.4%
[monitor] ['62%', '100%', '100%', '30%']  memcached=91.8%
[monitor] ['48%', '100%', '100%', '26%']  memcached=75.0%
[MEMCACHED] cores updated to: ['0']
[freqmine] cores updated to: [2, 1, 3]
[monitor] ['9%', '100%', '100%', '100%']  memcached=9.2%
[monitor] ['8%', '100%', '100%', '100%']  memcached=7.8%
[monitor] ['10%', '100%', '100%', '100%']  memcached=10.4%
[monitor] ['6%', '100%', '100%', '100%']  memcached=6.3%
[monitor] ['45%', '100%', '100%', '100%']  memcached=45.3%
[monitor] ['100%', '100%', '100%', '100%']  memcached=100.0%
[MEMCACHED] cores updated to: ['0', '1', '2']
[freqmine] cores updated to: [3]
[monitor] ['88%', '83%', '92%', '100%']  memcached=262.6%
[monitor] ['48%', '55%', '49%', '100%']  memcached=152.2%
[MEMCACHED] cores updated to: ['0', '2']
[freqmine] cores updated to: [1, 3]
[monitor] ['81%', '100%', '79%', '100%']  memcached=159.7%
[monitor] ['57%', '100%', '54%', '100%']  memcached=110.9%
[monitor] ['24%', '100%', '14%', '100%']  memcached=37.7%
[MEMCACHED] cores updated to: ['0']
[freqmine] cores updated to: [2, 1, 3]
[monitor] ['35%', '100%', '100%', '100%']  memcached=34.6%
[monitor] ['25%', '100%', '100%', '100%']  memcached=25.0%
[monitor] ['32%', '100%', '100%', '100%']  memcached=32.0%
[monitor] ['33%', '100%', '100%', '100%']  memcached=33.3%
[monitor] ['38%', '100%', '100%', '100%']  memcached=38.5%
[monitor] ['38%', '100%', '100%', '100%']  memcached=38.0%
[monitor] ['34%', '100%', '100%', '100%']  memcached=34.0%
[monitor] ['28%', '100%', '100%', '100%']  memcached=27.7%
[monitor] ['69%', '100%', '100%', '100%']  memcached=68.8%
[monitor] ['91%', '100%', '100%', '100%']  memcached=91.4%
[MEMCACHED] cores updated to: ['0', '3']
[freqmine] cores updated to: [2, 1]
[monitor] ['42%', '100%', '100%', '23%']  memcached=64.1%
[MEMCACHED] cores updated to: ['0']
[freqmine] cores updated to: [2, 1, 3]
[monitor] ['91%', '100%', '100%', '100%']  memcached=91.2%
[MEMCACHED] cores updated to: ['0', '2']
[freqmine] cores updated to: [1, 3]
[monitor] ['37%', '100%', '35%', '100%']  memcached=72.0%
[MEMCACHED] cores updated to: ['0']
[freqmine] cores updated to: [2, 1, 3]
[monitor] ['32%', '100%', '100%', '100%']  memcached=32.1%
[monitor] ['11%', '100%', '100%', '100%']  memcached=10.7%
[monitor] ['7%', '100%', '100%', '100%']  memcached=6.7%
[monitor] ['10%', '100%', '100%', '100%']  memcached=9.6%
[monitor] ['8%', '100%', '100%', '100%']  memcached=8.1%
[monitor] ['84%', '100%', '100%', '100%']  memcached=84.2%
[monitor] ['100%', '100%', '100%', '100%']  memcached=100.0%
[MEMCACHED] cores updated to: ['0', '1', '3']
[freqmine] cores updated to: [2]
[monitor] ['99%', '99%', '100%', '99%']  memcached=297.0%
[monitor] ['100%', '100%', '100%', '100%']  memcached=300.0%
[monitor] ['90%', '96%', '100%', '92%']  memcached=277.8%
[monitor] ['14%', '17%', '100%', '13%']  memcached=44.0%
[MEMCACHED] cores updated to: ['0']
[freqmine] cores updated to: [2, 1, 3]
[monitor] ['29%', '83%', '88%', '83%']  memcached=29.1%
[freqmine] ended.
[streamcluster] started on cores: [1, 2, 3] with 3 threads.
[monitor] ['19%', '36%', '65%', '36%']  memcached=19.2%
[monitor] ['20%', '97%', '78%', '93%']  memcached=20.0%
[monitor] ['39%', '100%', '79%', '96%']  memcached=38.6%
[monitor] ['96%', '100%', '79%', '94%']  memcached=95.6%
[MEMCACHED] cores updated to: ['0', '1', '2']
[streamcluster] cores updated to: [3]
[monitor] ['24%', '25%', '16%', '100%']  memcached=64.8%
[MEMCACHED] cores updated to: ['0']
[streamcluster] cores updated to: [1, 2, 3]
[monitor] ['93%', '100%', '85%', '95%']  memcached=92.9%
[MEMCACHED] cores updated to: ['0', '3']
[streamcluster] cores updated to: [1, 2]
[monitor] ['33%', '98%', '96%', '46%']  memcached=78.5%
[MEMCACHED] cores updated to: ['0']
[streamcluster] cores updated to: [1, 2, 3]
[monitor] ['69%', '100%', '83%', '95%']  memcached=69.3%
[monitor] ['18%', '100%', '81%', '98%']  memcached=17.7%
[monitor] ['18%', '99%', '81%', '97%']  memcached=17.7%
[monitor] ['10%', '100%', '81%', '96%']  memcached=10.2%
[monitor] ['11%', '100%', '79%', '98%']  memcached=11.5%
[monitor] ['41%', '100%', '80%', '97%']  memcached=40.6%
[monitor] ['86%', '100%', '83%', '95%']  memcached=85.5%
[MEMCACHED] cores updated to: ['0', '1']
[streamcluster] cores updated to: [2, 3]
[monitor] ['31%', '34%', '94%', '97%']  memcached=64.9%
[MEMCACHED] cores updated to: ['0']
[streamcluster] cores updated to: [1, 2, 3]
[monitor] ['83%', '100%', '82%', '94%']  memcached=83.1%
[monitor] ['86%', '100%', '82%', '94%']  memcached=86.3%
[MEMCACHED] cores updated to: ['0', '2']
[streamcluster] cores updated to: [1, 3]
[monitor] ['29%', '99%', '30%', '98%']  memcached=59.7%
[MEMCACHED] cores updated to: ['0']
[streamcluster] cores updated to: [1, 2, 3]
[monitor] ['98%', '100%', '81%', '94%']  memcached=97.9%
[MEMCACHED] cores updated to: ['0', '1', '3']
[streamcluster] cores updated to: [2]
[monitor] ['22%', '21%', '100%', '18%']  memcached=61.0%
[MEMCACHED] cores updated to: ['0']
[streamcluster] cores updated to: [1, 2, 3]
[monitor] ['96%', '100%', '80%', '93%']  memcached=95.7%
[MEMCACHED] cores updated to: ['0', '2', '3']
[streamcluster] cores updated to: [1]
[monitor] ['22%', '100%', '22%', '19%']  memcached=63.3%
[MEMCACHED] cores updated to: ['0']
[streamcluster] cores updated to: [3, 1, 2]
[monitor] ['100%', '100%', '83%', '94%']  memcached=100.0%
[MEMCACHED] cores updated to: ['0', '1', '3']
[streamcluster] cores updated to: [2]
[monitor] ['35%', '38%', '100%', '31%']  memcached=104.7%
[MEMCACHED] cores updated to: ['0', '3']
[streamcluster] cores updated to: [1, 2]
[monitor] ['63%', '97%', '95%', '65%']  memcached=128.5%
[monitor] ['64%', '96%', '95%', '65%']  memcached=128.5%
[monitor] ['61%', '98%', '91%', '58%']  memcached=118.8%
[monitor] ['39%', '97%', '95%', '37%']  memcached=75.6%
[MEMCACHED] cores updated to: ['0']
[streamcluster] cores updated to: [3, 1, 2]
[monitor] ['93%', '99%', '83%', '95%']  memcached=93.0%
[MEMCACHED] cores updated to: ['0', '2']
[streamcluster] cores updated to: [3, 1]
[monitor] ['30%', '100%', '36%', '97%']  memcached=66.2%
[MEMCACHED] cores updated to: ['0']
[streamcluster] cores updated to: [3, 1, 2]
[monitor] ['96%', '100%', '83%', '93%']  memcached=95.7%
[MEMCACHED] cores updated to: ['0', '1', '3']
[streamcluster] cores updated to: [2]
[monitor] ['18%', '17%', '100%', '12%']  memcached=47.2%
[MEMCACHED] cores updated to: ['0']
[streamcluster] cores updated to: [3, 1, 2]
[monitor] ['27%', '100%', '79%', '96%']  memcached=26.9%
[monitor] ['33%', '100%', '81%', '96%']  memcached=32.7%
[monitor] ['33%', '100%', '81%', '96%']  memcached=32.7%
[monitor] ['28%', '100%', '81%', '96%']  memcached=28.0%
[monitor] ['62%', '99%', '82%', '96%']  memcached=61.8%
[monitor] ['100%', '100%', '85%', '93%']  memcached=100.0%
[MEMCACHED] cores updated to: ['0', '2', '3']
[streamcluster] cores updated to: [1]
[monitor] ['99%', '100%', '98%', '98%']  memcached=294.9%
[monitor] ['67%', '100%', '60%', '66%']  memcached=192.7%
[monitor] ['64%', '100%', '62%', '64%']  memcached=190.9%
[monitor] ['42%', '100%', '39%', '38%']  memcached=119.3%
[MEMCACHED] cores updated to: ['0', '3']
[streamcluster] cores updated to: [2, 1]
[monitor] ['18%', '96%', '97%', '11%']  memcached=29.2%
[MEMCACHED] cores updated to: ['0']
[streamcluster] cores updated to: [2, 1, 3]
[monitor] ['39%', '99%', '80%', '96%']  memcached=39.2%
[monitor] ['43%', '100%', '81%', '96%']  memcached=43.4%
[monitor] ['42%', '100%', '82%', '95%']  memcached=42.3%
[monitor] ['81%', '100%', '83%', '94%']  memcached=80.8%
[monitor] ['100%', '100%', '82%', '93%']  memcached=100.0%
[MEMCACHED] cores updated to: ['0', '1', '3']
[streamcluster] cores updated to: [2]
[monitor] ['80%', '88%', '100%', '81%']  memcached=248.7%
[monitor] ['52%', '56%', '100%', '44%']  memcached=152.6%
[MEMCACHED] cores updated to: ['0', '3']
[streamcluster] cores updated to: [2, 1]
[monitor] ['78%', '96%', '95%', '77%']  memcached=155.1%
[monitor] ['54%', '97%', '94%', '47%']  memcached=100.5%
[monitor] ['32%', '98%', '94%', '29%']  memcached=60.9%
[MEMCACHED] cores updated to: ['0']
[streamcluster] cores updated to: [2, 1, 3]
[monitor] ['88%', '99%', '83%', '94%']  memcached=88.3%
[MEMCACHED] cores updated to: ['0', '2']
[streamcluster] cores updated to: [1, 3]
[monitor] ['35%', '76%', '29%', '97%']  memcached=64.1%
[MEMCACHED] cores updated to: ['0']
[streamcluster] cores updated to: [2, 1, 3]
[monitor] ['91%', '99%', '87%', '94%']  memcached=91.2%
[MEMCACHED] cores updated to: ['0', '1']
[streamcluster] cores updated to: [2, 3]
[monitor] ['77%', '80%', '95%', '96%']  memcached=156.9%
[monitor] ['80%', '87%', '96%', '97%']  memcached=167.6%
[monitor] ['79%', '88%', '96%', '95%']  memcached=167.2%
[monitor] ['80%', '88%', '95%', '95%']  memcached=168.4%
[monitor] ['84%', '91%', '95%', '91%']  memcached=174.4%
[MEMCACHED] cores updated to: ['0', '1', '3']
[streamcluster] cores updated to: [2]
[monitor] ['13%', '7%', '100%', '7%']  memcached=27.2%
[MEMCACHED] cores updated to: ['0']
[streamcluster] cores updated to: [2, 1, 3]
[monitor] ['30%', '100%', '79%', '97%']  memcached=29.6%
[monitor] ['23%', '100%', '79%', '97%']  memcached=23.1%
[monitor] ['28%', '100%', '77%', '97%']  memcached=27.8%
[monitor] ['28%', '100%', '79%', '97%']  memcached=28.3%
[monitor] ['100%', '100%', '80%', '92%']  memcached=100.0%
[MEMCACHED] cores updated to: ['0', '1', '2']
[streamcluster] cores updated to: [3]
[monitor] ['32%', '34%', '25%', '100%']  memcached=91.1%
[MEMCACHED] cores updated to: ['0', '2']
[streamcluster] cores updated to: [1, 3]
[monitor] ['39%', '99%', '41%', '98%']  memcached=79.6%
[MEMCACHED] cores updated to: ['0']
[streamcluster] cores updated to: [2, 1, 3]
[monitor] ['99%', '100%', '83%', '93%']  memcached=99.0%
[MEMCACHED] cores updated to: ['0', '2', '3']
[streamcluster] cores updated to: [1]
[monitor] ['26%', '100%', '24%', '23%']  memcached=72.9%
[MEMCACHED] cores updated to: ['0']
[streamcluster] cores updated to: [2, 1, 3]
[monitor] ['100%', '100%', '79%', '93%']  memcached=100.0%
[MEMCACHED] cores updated to: ['0', '1', '3']
[streamcluster] cores updated to: [2]
[monitor] ['42%', '42%', '100%', '38%']  memcached=122.7%
[MEMCACHED] cores updated to: ['0', '3']
[streamcluster] cores updated to: [2, 1]
[monitor] ['63%', '97%', '95%', '66%']  memcached=128.9%
[monitor] ['62%', '97%', '95%', '63%']  memcached=124.5%
[monitor] ['80%', '95%', '96%', '80%']  memcached=160.0%
[monitor] ['88%', '90%', '95%', '91%']  memcached=179.6%
[MEMCACHED] cores updated to: ['0', '2', '3']
[streamcluster] cores updated to: [1]
[monitor] ['60%', '100%', '59%', '61%']  memcached=180.0%
[monitor] ['60%', '100%', '55%', '58%']  memcached=172.0%
[monitor] ['61%', '100%', '58%', '63%']  memcached=181.7%
[monitor] ['68%', '100%', '64%', '67%']  memcached=198.9%
[monitor] ['72%', '100%', '68%', '69%']  memcached=208.2%
[monitor] ['73%', '100%', '69%', '71%']  memcached=212.7%
[monitor] ['69%', '100%', '67%', '67%']  memcached=202.4%
[monitor] ['70%', '100%', '67%', '68%']  memcached=205.4%
[monitor] ['65%', '100%', '61%', '63%']  memcached=189.1%
[monitor] ['55%', '100%', '54%', '55%']  memcached=163.4%
[monitor] ['53%', '100%', '48%', '54%']  memcached=155.2%
[MEMCACHED] cores updated to: ['0', '3']
[streamcluster] cores updated to: [2, 1]
[monitor] ['85%', '94%', '97%', '87%']  memcached=171.7%
[MEMCACHED] cores updated to: ['0', '1', '3']
[streamcluster] cores updated to: [2]
[monitor] ['61%', '61%', '100%', '52%']  memcached=173.3%
[monitor] ['26%', '29%', '100%', '23%']  memcached=77.9%
[MEMCACHED] cores updated to: ['0']
[streamcluster] cores updated to: [2, 1, 3]
[monitor] ['63%', '100%', '78%', '95%']  memcached=62.7%
[monitor] ['61%', '100%', '79%', '94%']  memcached=61.0%
[monitor] ['57%', '100%', '81%', '95%']  memcached=57.1%
[monitor] ['59%', '100%', '82%', '96%']  memcached=58.9%
[monitor] ['93%', '100%', '83%', '94%']  memcached=93.2%
[MEMCACHED] cores updated to: ['0', '3']
[streamcluster] cores updated to: [2, 1]
[monitor] ['100%', '88%', '89%', '100%']  memcached=200.0%
[MEMCACHED] cores updated to: ['0', '2', '3']
[streamcluster] cores updated to: [1]
[monitor] ['72%', '100%', '73%', '70%']  memcached=215.3%
[monitor] ['62%', '100%', '58%', '61%']  memcached=180.6%
[monitor] ['60%', '100%', '58%', '59%']  memcached=176.1%
[monitor] ['14%', '100%', '9%', '11%']  memcached=34.0%
[MEMCACHED] cores updated to: ['0']
[streamcluster] cores updated to: [2, 1, 3]
[monitor] ['12%', '99%', '76%', '98%']  memcached=12.4%
[monitor] ['12%', '100%', '77%', '98%']  memcached=12.5%
[monitor] ['13%', '100%', '77%', '98%']  memcached=13.5%
[monitor] ['13%', '100%', '78%', '97%']  memcached=12.6%
[monitor] ['83%', '82%', '67%', '96%']  memcached=82.7%
[monitor] ['92%', '93%', '79%', '91%']  memcached=91.9%
[MEMCACHED] cores updated to: ['0', '1']
[streamcluster] cores updated to: [2, 3]
[monitor] ['41%', '38%', '96%', '96%']  memcached=78.6%
[MEMCACHED] cores updated to: ['0']
[streamcluster] cores updated to: [2, 1, 3]
[monitor] ['95%', '100%', '83%', '94%']  memcached=95.5%
[MEMCACHED] cores updated to: ['0', '2', '3']
[streamcluster] cores updated to: [1]
[monitor] ['18%', '100%', '19%', '16%']  memcached=52.4%
[MEMCACHED] cores updated to: ['0']
[streamcluster] cores updated to: [2, 1, 3]
[monitor] ['13%', '100%', '78%', '99%']  memcached=13.2%
[monitor] ['13%', '100%', '78%', '96%']  memcached=13.2%
[monitor] ['10%', '100%', '78%', '96%']  memcached=10.2%
[monitor] ['9%', '100%', '77%', '97%']  memcached=9.2%
[monitor] ['26%', '99%', '79%', '99%']  memcached=25.6%
[monitor] ['97%', '100%', '85%', '95%']  memcached=96.8%
[MEMCACHED] cores updated to: ['0', '1', '3']
[streamcluster] cores updated to: [2]
[monitor] ['23%', '21%', '100%', '17%']  memcached=61.4%
[MEMCACHED] cores updated to: ['0']
[streamcluster] cores updated to: [2, 1, 3]
[monitor] ['97%', '100%', '82%', '93%']  memcached=96.8%
[MEMCACHED] cores updated to: ['0', '1', '2']
[streamcluster] cores updated to: [3]
[monitor] ['18%', '26%', '15%', '100%']  memcached=58.8%
[MEMCACHED] cores updated to: ['0']
[streamcluster] cores updated to: [2, 1, 3]
[monitor] ['87%', '100%', '82%', '94%']  memcached=87.3%
[MEMCACHED] cores updated to: ['0', '3']
[streamcluster] cores updated to: [2, 1]
[monitor] ['23%', '95%', '95%', '19%']  memcached=41.9%
[MEMCACHED] cores updated to: ['0']
[streamcluster] cores updated to: [2, 1, 3]
[monitor] ['61%', '100%', '80%', '93%']  memcached=61.0%
[monitor] ['53%', '100%', '81%', '96%']  memcached=52.7%
[monitor] ['56%', '99%', '81%', '96%']  memcached=56.1%
[monitor] ['83%', '100%', '82%', '96%']  memcached=83.3%
[monitor] ['100%', '99%', '82%', '93%']  memcached=100.0%
[MEMCACHED] cores updated to: ['0', '1', '2']
[streamcluster] cores updated to: [3]
[monitor] ['26%', '33%', '25%', '100%']  memcached=84.1%
[MEMCACHED] cores updated to: ['0', '2']
[streamcluster] cores updated to: [1, 3]
[monitor] ['46%', '100%', '45%', '98%']  memcached=90.3%
[monitor] ['43%', '99%', '43%', '98%']  memcached=86.0%
[monitor] ['21%', '99%', '18%', '98%']  memcached=39.3%
[MEMCACHED] cores updated to: ['0']
[streamcluster] cores updated to: [2, 1, 3]
[monitor] ['17%', '100%', '80%', '96%']  memcached=16.9%
[monitor] ['9%', '100%', '83%', '96%']  memcached=9.1%
[monitor] ['11%', '100%', '81%', '97%']  memcached=10.7%
[monitor] ['15%', '100%', '83%', '97%']  memcached=15.3%
[monitor] ['83%', '100%', '84%', '95%']  memcached=83.0%
[monitor] ['100%', '99%', '84%', '94%']  memcached=100.0%
[MEMCACHED] cores updated to: ['0', '2', '3']
[streamcluster] cores updated to: [1]
[monitor] ['45%', '100%', '34%', '35%']  memcached=114.2%
[MEMCACHED] cores updated to: ['0', '3']
[streamcluster] cores updated to: [2, 1]
[monitor] ['60%', '96%', '96%', '54%']  memcached=113.8%
[monitor] ['62%', '97%', '95%', '57%']  memcached=119.1%
[monitor] ['88%', '89%', '96%', '94%']  memcached=181.9%
[MEMCACHED] cores updated to: ['0', '1', '3']
[streamcluster] cores updated to: [2]
[monitor] ['73%', '80%', '100%', '70%']  memcached=222.5%
[monitor] ['79%', '82%', '100%', '70%']  memcached=230.9%
[monitor] ['84%', '87%', '100%', '77%']  memcached=248.9%
[monitor] ['85%', '87%', '100%', '76%']  memcached=247.5%
[monitor] ['29%', '11%', '100%', '7%']  memcached=46.9%
[MEMCACHED] cores updated to: ['0']
[streamcluster] cores updated to: [2, 1, 3]
[monitor] ['12%', '100%', '76%', '98%']  memcached=11.5%
[monitor] ['12%', '100%', '78%', '98%']  memcached=11.5%
[monitor] ['12%', '100%', '79%', '98%']  memcached=12.5%
[monitor] ['10%', '100%', '78%', '98%']  memcached=10.4%
[monitor] ['93%', '100%', '83%', '94%']  memcached=93.4%
[MEMCACHED] cores updated to: ['0', '3']
[streamcluster] cores updated to: [2, 1]
[monitor] ['50%', '96%', '95%', '37%']  memcached=86.9%
[monitor] ['46%', '97%', '95%', '44%']  memcached=89.6%
[monitor] ['44%', '97%', '97%', '39%']  memcached=83.4%
[monitor] ['43%', '96%', '96%', '41%']  memcached=83.3%
[monitor] ['83%', '96%', '95%', '78%']  memcached=160.3%
[monitor] ['81%', '96%', '94%', '76%']  memcached=157.6%
[monitor] ['78%', '98%', '95%', '77%']  memcached=155.4%
[monitor] ['79%', '97%', '94%', '74%']  memcached=152.6%
[monitor] ['79%', '97%', '94%', '74%']  memcached=152.8%
[monitor] ['71%', '97%', '60%', '66%']  memcached=137.1%
[monitor] ['79%', '96%', '95%', '71%']  memcached=149.8%
[monitor] ['78%', '96%', '96%', '70%']  memcached=148.2%
[monitor] ['75%', '96%', '97%', '73%']  memcached=147.6%
[monitor] ['75%', '97%', '96%', '70%']  memcached=144.9%
[monitor] ['14%', '97%', '94%', '7%']  memcached=21.5%
[MEMCACHED] cores updated to: ['0']
[streamcluster] cores updated to: [2, 1, 3]
[monitor] ['15%', '100%', '78%', '96%']  memcached=14.5%
[monitor] ['14%', '100%', '80%', '97%']  memcached=14.3%
[monitor] ['15%', '100%', '81%', '95%']  memcached=14.8%
[monitor] ['34%', '100%', '80%', '96%']  memcached=33.9%
[monitor] ['100%', '100%', '82%', '93%']  memcached=100.0%
[MEMCACHED] cores updated to: ['0', '1', '2']
[streamcluster] cores updated to: [3]
[monitor] ['92%', '96%', '92%', '100%']  memcached=280.6%
[monitor] ['60%', '69%', '56%', '100%']  memcached=185.8%
[monitor] ['60%', '69%', '52%', '100%']  memcached=181.8%
[monitor] ['63%', '74%', '58%', '100%']  memcached=195.3%
[monitor] ['70%', '83%', '67%', '100%']  memcached=220.3%
[monitor] ['77%', '90%', '73%', '100%']  memcached=240.3%
[monitor] ['74%', '88%', '73%', '100%']  memcached=235.3%
[monitor] ['74%', '89%', '73%', '100%']  memcached=236.2%
[monitor] ['73%', '84%', '69%', '100%']  memcached=225.9%
[monitor] ['73%', '85%', '68%', '100%']  memcached=226.7%
[monitor] ['74%', '89%', '72%', '100%']  memcached=235.2%
[monitor] ['73%', '87%', '69%', '100%']  memcached=229.2%
[monitor] ['70%', '84%', '68%', '100%']  memcached=221.4%
[monitor] ['63%', '75%', '62%', '100%']  memcached=200.4%
[monitor] ['59%', '69%', '53%', '100%']  memcached=181.1%
[monitor] ['58%', '68%', '55%', '100%']  memcached=181.3%
[monitor] ['58%', '67%', '54%', '100%']  memcached=178.4%
[monitor] ['57%', '68%', '50%', '100%']  memcached=175.2%
[monitor] ['60%', '72%', '55%', '100%']  memcached=187.3%
[monitor] ['48%', '60%', '44%', '100%']  memcached=152.4%
[MEMCACHED] cores updated to: ['0', '2']
[streamcluster] cores updated to: [1, 3]
[monitor] ['82%', '100%', '80%', '98%']  memcached=162.2%
[monitor] ['78%', '100%', '77%', '97%']  memcached=154.8%
[monitor] ['78%', '99%', '77%', '96%']  memcached=155.5%
[monitor] ['63%', '99%', '60%', '98%']  memcached=122.7%
[monitor] ['20%', '99%', '21%', '98%']  memcached=41.0%
[MEMCACHED] cores updated to: ['0']
[streamcluster] cores updated to: [2, 1, 3]
[monitor] ['78%', '100%', '79%', '94%']  memcached=78.3%
[monitor] ['77%', '100%', '84%', '95%']  memcached=77.3%
[monitor] ['76%', '99%', '83%', '95%']  memcached=75.8%
[monitor] ['49%', '100%', '83%', '97%']  memcached=49.2%
[monitor] ['11%', '100%', '80%', '97%']  memcached=11.1%
[monitor] ['12%', '100%', '80%', '98%']  memcached=12.5%
[monitor] ['8%', '100%', '78%', '98%']  memcached=8.2%
[monitor] ['10%', '100%', '79%', '98%']  memcached=9.5%
[monitor] ['42%', '100%', '82%', '96%']  memcached=42.4%
[monitor] ['71%', '99%', '84%', '95%']  memcached=71.4%
[monitor] ['75%', '100%', '81%', '94%']  memcached=74.6%
[monitor] ['76%', '100%', '82%', '95%']  memcached=76.1%
[monitor] ['78%', '100%', '82%', '94%']  memcached=78.5%
[monitor] ['90%', '100%', '82%', '94%']  memcached=90.2%
[MEMCACHED] cores updated to: ['0', '3']
[streamcluster] cores updated to: [2, 1]
[monitor] ['100%', '94%', '86%', '99%']  memcached=199.0%
[MEMCACHED] cores updated to: ['0', '2', '3']
[streamcluster] cores updated to: [1]
[monitor] ['70%', '100%', '64%', '70%']  memcached=204.0%
[monitor] ['61%', '100%', '57%', '62%']  memcached=180.7%
[monitor] ['52%', '100%', '48%', '54%']  memcached=154.5%
[MEMCACHED] cores updated to: ['0', '3']
[streamcluster] cores updated to: [2, 1]
[monitor] ['63%', '97%', '96%', '61%']  memcached=124.4%
[monitor] ['44%', '97%', '94%', '44%']  memcached=88.5%
[monitor] ['46%', '96%', '96%', '45%']  memcached=91.1%
[monitor] ['46%', '97%', '95%', '41%']  memcached=87.4%
[monitor] ['49%', '96%', '96%', '52%']  memcached=101.6%
[monitor] ['47%', '97%', '96%', '42%']  memcached=89.1%
[monitor] ['48%', '97%', '96%', '47%']  memcached=95.2%
[monitor] ['45%', '96%', '94%', '42%']  memcached=87.4%
[monitor] ['48%', '98%', '95%', '48%']  memcached=95.1%
[monitor] ['51%', '96%', '95%', '48%']  memcached=99.1%
[monitor] ['62%', '96%', '95%', '66%']  memcached=127.5%
[monitor] ['67%', '97%', '95%', '68%']  memcached=135.3%
[monitor] ['67%', '97%', '95%', '67%']  memcached=134.3%
[monitor] ['77%', '97%', '94%', '75%']  memcached=151.3%
[monitor] ['74%', '97%', '96%', '79%']  memcached=153.2%
[monitor] ['28%', '95%', '97%', '27%']  memcached=54.9%
[MEMCACHED] cores updated to: ['0']
[streamcluster] cores updated to: [2, 1, 3]
[monitor] ['17%', '100%', '80%', '97%']  memcached=17.3%
[monitor] ['11%', '97%', '62%', '71%']  memcached=11.3%
[monitor] ['21%', '98%', '80%', '96%']  memcached=21.4%
[monitor] ['17%', '100%', '80%', '97%']  memcached=16.7%
[monitor] ['90%', '100%', '84%', '95%']  memcached=90.1%
[MEMCACHED] cores updated to: ['0', '1']
[streamcluster] cores updated to: [2, 3]
[monitor] ['49%', '56%', '97%', '94%']  memcached=105.3%
[monitor] ['55%', '61%', '96%', '96%']  memcached=115.2%
[monitor] ['63%', '61%', '95%', '94%']  memcached=123.6%
[monitor] ['48%', '54%', '97%', '95%']  memcached=102.3%
[monitor] ['15%', '11%', '95%', '93%']  memcached=26.3%
[MEMCACHED] cores updated to: ['0']
[streamcluster] cores updated to: [2, 1, 3]
[monitor] ['11%', '100%', '80%', '97%']  memcached=10.9%
[monitor] ['11%', '100%', '79%', '97%']  memcached=10.8%
[monitor] ['10%', '100%', '79%', '96%']  memcached=9.5%
[monitor] ['9%', '100%', '80%', '96%']  memcached=9.4%
[monitor] ['97%', '100%', '84%', '93%']  memcached=96.9%
[MEMCACHED] cores updated to: ['0', '2', '3']
[streamcluster] cores updated to: [1]
[monitor] ['69%', '100%', '68%', '58%']  memcached=194.6%
[monitor] ['42%', '100%', '42%', '42%']  memcached=126.1%
[MEMCACHED] cores updated to: ['0', '3']
[streamcluster] cores updated to: [2, 1]
[monitor] ['78%', '98%', '95%', '78%']  memcached=156.3%
[monitor] ['75%', '95%', '95%', '76%']  memcached=150.6%
[monitor] ['44%', '97%', '97%', '42%']  memcached=86.1%
[monitor] ['38%', '96%', '97%', '40%']  memcached=78.7%
[MEMCACHED] cores updated to: ['0']
[streamcluster] cores updated to: [2, 1, 3]
[monitor] ['96%', '100%', '82%', '95%']  memcached=95.7%
[MEMCACHED] cores updated to: ['0', '1', '3']
[streamcluster] cores updated to: [2]
[monitor] ['23%', '19%', '100%', '18%']  memcached=59.0%
[MEMCACHED] cores updated to: ['0']
[streamcluster] cores updated to: [2, 1, 3]
[monitor] ['92%', '100%', '84%', '94%']  memcached=91.7%
[MEMCACHED] cores updated to: ['0', '2']
[streamcluster] cores updated to: [1, 3]
[monitor] ['23%', '99%', '22%', '97%']  memcached=44.6%
[MEMCACHED] cores updated to: ['0']
[streamcluster] cores updated to: [2, 1, 3]
[monitor] ['79%', '99%', '79%', '95%']  memcached=79.2%
[monitor] ['74%', '100%', '80%', '95%']  memcached=73.8%
[monitor] ['74%', '100%', '82%', '95%']  memcached=73.5%
[monitor] ['87%', '100%', '84%', '95%']  memcached=86.8%
[MEMCACHED] cores updated to: ['0', '1']
[streamcluster] cores updated to: [2, 3]
[monitor] ['62%', '70%', '97%', '95%']  memcached=132.2%
[monitor] ['60%', '65%', '95%', '95%']  memcached=124.4%
[monitor] ['58%', '68%', '95%', '97%']  memcached=125.9%
[monitor] ['65%', '68%', '93%', '94%']  memcached=133.3%
[monitor] ['67%', '73%', '95%', '94%']  memcached=139.7%
[monitor] ['58%', '68%', '94%', '96%']  memcached=125.4%
[monitor] ['61%', '69%', '95%', '96%']  memcached=129.2%
[monitor] ['58%', '67%', '95%', '95%']  memcached=125.1%
[monitor] ['60%', '68%', '96%', '97%']  memcached=127.9%
[monitor] ['35%', '37%', '96%', '95%']  memcached=72.4%
[MEMCACHED] cores updated to: ['0']
[streamcluster] cores updated to: [2, 1, 3]
[monitor] ['8%', '100%', '81%', '97%']  memcached=7.7%
[monitor] ['12%', '100%', '79%', '98%']  memcached=11.9%
[monitor] ['9%', '100%', '78%', '97%']  memcached=9.1%
[monitor] ['9%', '100%', '78%', '98%']  memcached=9.1%
[monitor] ['14%', '100%', '80%', '98%']  memcached=14.1%
[monitor] ['14%', '100%', '80%', '97%']  memcached=13.8%
[monitor] ['14%', '100%', '79%', '97%']  memcached=13.8%
[monitor] ['13%', '100%', '82%', '97%']  memcached=13.3%
[monitor] ['12%', '100%', '79%', '97%']  memcached=12.1%
[monitor] ['73%', '100%', '82%', '94%']  memcached=72.8%
[monitor] ['100%', '100%', '84%', '94%']  memcached=100.0%
[MEMCACHED] cores updated to: ['0', '2', '3']
[streamcluster] cores updated to: [1]
[monitor] ['71%', '100%', '59%', '61%']  memcached=190.2%
[monitor] ['41%', '100%', '38%', '39%']  memcached=118.7%
[MEMCACHED] cores updated to: ['0', '3']
[streamcluster] cores updated to: [2, 1]
[monitor] ['68%', '94%', '92%', '73%']  memcached=140.7%
[monitor] ['29%', '50%', '42%', '30%']  memcached=58.7%
[streamcluster] ended.
[MEMCACHED] cores updated to: ['0']
[vips] started on cores: [1, 2, 3] with 3 threads.
[monitor] ['14%', '23%', '71%', '20%']  memcached=14.3%
[monitor] ['19%', '2%', '100%', '1%']  memcached=18.5%
[monitor] ['11%', '59%', '100%', '59%']  memcached=11.1%
[monitor] ['13%', '100%', '100%', '100%']  memcached=13.3%
[monitor] ['8%', '100%', '100%', '100%']  memcached=8.5%
[monitor] ['22%', '100%', '100%', '100%']  memcached=22.2%
[monitor] ['30%', '100%', '100%', '100%']  memcached=30.2%
[monitor] ['13%', '100%', '99%', '100%']  memcached=13.1%
[monitor] ['8%', '100%', '100%', '100%']  memcached=8.5%
[monitor] ['22%', '100%', '100%', '100%']  memcached=22.4%
[monitor] ['13%', '100%', '100%', '100%']  memcached=13.2%
[monitor] ['55%', '100%', '100%', '100%']  memcached=55.2%
[monitor] ['100%', '100%', '100%', '100%']  memcached=100.0%
[MEMCACHED] cores updated to: ['0', '1', '2']
[vips] cores updated to: [3]
[monitor] ['100%', '30%', '28%', '100%']  memcached=158.5%
[MEMCACHED] cores updated to: ['0', '2']
[vips] cores updated to: [1, 3]
[monitor] ['93%', '100%', '99%', '100%']  memcached=192.2%
[MEMCACHED] cores updated to: ['0', '2', '3']
[vips] cores updated to: [1]
[monitor] ['77%', '100%', '97%', '68%']  memcached=241.9%
[monitor] ['92%', '100%', '70%', '62%']  memcached=223.7%
[monitor] ['64%', '100%', '90%', '50%']  memcached=204.6%
[monitor] ['35%', '100%', '100%', '30%']  memcached=164.4%
[monitor] ['35%', '100%', '100%', '29%']  memcached=164.4%
[monitor] ['81%', '100%', '56%', '33%']  memcached=169.4%
[monitor] ['34%', '100%', '38%', '94%']  memcached=165.8%
[monitor] ['44%', '100%', '43%', '66%']  memcached=152.5%
[MEMCACHED] cores updated to: ['0', '3']
[vips] cores updated to: [1, 2]
[monitor] ['42%', '100%', '100%', '33%']  memcached=74.5%
[MEMCACHED] cores updated to: ['0']
[vips] cores updated to: [3, 1, 2]
[monitor] ['93%', '100%', '100%', '100%']  memcached=93.2%
[MEMCACHED] cores updated to: ['0', '3']
[vips] cores updated to: [1, 2]
[monitor] ['50%', '100%', '99%', '25%']  memcached=75.4%
[MEMCACHED] cores updated to: ['0']
[vips] cores updated to: [3, 1, 2]
[monitor] ['82%', '100%', '100%', '100%']  memcached=81.9%
[monitor] ['68%', '100%', '100%', '100%']  memcached=67.8%
[monitor] ['68%', '99%', '100%', '100%']  memcached=67.8%
[monitor] ['71%', '100%', '100%', '100%']  memcached=71.0%
[monitor] ['68%', '100%', '100%', '100%']  memcached=67.8%
[monitor] ['33%', '100%', '100%', '100%']  memcached=33.3%
[monitor] ['9%', '100%', '100%', '100%']  memcached=9.0%
[monitor] ['6%', '100%', '100%', '100%']  memcached=6.1%
[monitor] ['9%', '100%', '100%', '100%']  memcached=8.8%
[monitor] ['12%', '100%', '100%', '100%']  memcached=11.8%
[monitor] ['10%', '99%', '100%', '100%']  memcached=10.4%
[monitor] ['10%', '100%', '100%', '100%']  memcached=10.5%
[monitor] ['7%', '100%', '100%', '100%']  memcached=7.1%
[monitor] ['9%', '100%', '100%', '100%']  memcached=9.4%
[monitor] ['7%', '100%', '100%', '100%']  memcached=7.1%
[monitor] ['69%', '100%', '100%', '100%']  memcached=68.8%
[monitor] ['100%', '100%', '99%', '100%']  memcached=100.0%
[MEMCACHED] cores updated to: ['0', '1', '2']
[vips] cores updated to: [3]
[monitor] ['99%', '84%', '91%', '100%']  memcached=274.1%
[monitor] ['59%', '66%', '57%', '100%']  memcached=181.3%
[monitor] ['65%', '69%', '63%', '95%']  memcached=197.1%
[vips] ended.
[MEMCACHED] cores updated to: ['0', '1', '2', '3']
