Scheduler started.
[MEMCACHED] cores updated to: ['0', '1', '2']
[radix] started on cores: [3] with 1 threads.
[monitor] ['5%', '4%', '2%', '100%']  memcached=11.7%
[MEMCACHED] cores updated to: ['0']
[barnes] started on cores: [1, 2] with 2 threads.
[monitor] ['13%', '71%', '34%', '100%']  memcached=12.9%
[monitor] ['19%', '100%', '58%', '100%']  memcached=19.2%
[monitor] ['22%', '100%', '99%', '100%']  memcached=21.8%
[monitor] ['18%', '100%', '100%', '100%']  memcached=18.4%
[monitor] ['15%', '100%', '100%', '100%']  memcached=14.6%
[monitor] ['17%', '100%', '100%', '100%']  memcached=17.3%
[monitor] ['16%', '100%', '100%', '100%']  memcached=16.3%
[monitor] ['16%', '100%', '100%', '100%']  memcached=16.5%
[monitor] ['30%', '100%', '100%', '100%']  memcached=30.0%
[monitor] ['93%', '100%', '100%', '100%']  memcached=93.5%
[MEMCACHED] cores updated to: ['0', '3']
[radix] paused.
[monitor] ['63%', '100%', '100%', '61%']  memcached=124.2%
[monitor] ['59%', '100%', '100%', '63%']  memcached=122.7%
[monitor] ['59%', '100%', '100%', '64%']  memcached=123.0%
[monitor] ['57%', '100%', '100%', '63%']  memcached=120.2%
[monitor] ['60%', '100%', '100%', '65%']  memcached=125.0%
[monitor] ['62%', '100%', '100%', '70%']  memcached=131.8%
[monitor] ['63%', '100%', '100%', '69%']  memcached=131.6%
[monitor] ['61%', '100%', '100%', '69%']  memcached=130.2%
[monitor] ['63%', '98%', '100%', '65%']  memcached=127.9%
[monitor] ['60%', '100%', '100%', '64%']  memcached=124.2%
[monitor] ['63%', '100%', '37%', '59%']  memcached=121.8%
[monitor] ['63%', '100%', '7%', '58%']  memcached=121.0%
[monitor] ['60%', '100%', '3%', '55%']  memcached=115.1%
[monitor] ['72%', '100%', '7%', '68%']  memcached=140.1%
[monitor] ['98%', '100%', '81%', '95%']  memcached=193.0%
[MEMCACHED] cores updated to: ['0', '1', '3']
[radix] unpaused.
[radix] cores updated to: [2]
[barnes] paused.
[monitor] ['89%', '86%', '100%', '72%']  memcached=247.6%
[monitor] ['90%', '84%', '100%', '73%']  memcached=247.8%
[monitor] ['90%', '85%', '100%', '75%']  memcached=249.5%
[monitor] ['89%', '84%', '100%', '72%']  memcached=245.1%
[monitor] ['93%', '86%', '100%', '75%']  memcached=254.8%
[monitor] ['87%', '84%', '100%', '71%']  memcached=242.3%
[monitor] ['90%', '85%', '100%', '75%']  memcached=249.9%
[monitor] ['91%', '87%', '100%', '75%']  memcached=253.2%
[monitor] ['88%', '83%', '100%', '73%']  memcached=244.7%
[monitor] ['91%', '85%', '100%', '74%']  memcached=250.3%
[monitor] ['91%', '85%', '100%', '73%']  memcached=249.3%
[monitor] ['92%', '86%', '100%', '74%']  memcached=252.5%
[monitor] ['85%', '83%', '100%', '71%']  memcached=238.6%
[monitor] ['74%', '71%', '100%', '61%']  memcached=205.4%
[monitor] ['63%', '60%', '100%', '51%']  memcached=174.0%
[monitor] ['62%', '59%', '100%', '49%']  memcached=171.0%
[monitor] ['64%', '61%', '100%', '50%']  memcached=174.9%
[monitor] ['63%', '58%', '100%', '50%']  memcached=171.2%
[monitor] ['64%', '60%', '100%', '50%']  memcached=174.2%
[monitor] ['64%', '60%', '100%', '51%']  memcached=175.1%
[monitor] ['62%', '59%', '100%', '49%']  memcached=169.7%
[monitor] ['64%', '59%', '100%', '49%']  memcached=171.4%
[monitor] ['72%', '61%', '100%', '51%']  memcached=183.8%
[monitor] ['70%', '59%', '100%', '50%']  memcached=178.8%
[monitor] ['71%', '61%', '100%', '50%']  memcached=181.7%
[monitor] ['69%', '58%', '100%', '50%']  memcached=177.5%
[monitor] ['76%', '60%', '100%', '52%']  memcached=188.3%
[monitor] ['76%', '60%', '100%', '51%']  memcached=187.1%
[monitor] ['61%', '49%', '100%', '41%']  memcached=151.5%
[MEMCACHED] cores updated to: ['0', '3']
[radix] paused.
[barnes] unpaused.
[monitor] ['56%', '100%', '93%', '52%']  memcached=107.6%
[monitor] ['57%', '100%', '100%', '54%']  memcached=110.7%
[monitor] ['54%', '100%', '100%', '50%']  memcached=104.0%
[monitor] ['51%', '100%', '100%', '47%']  memcached=98.5%
[monitor] ['55%', '100%', '100%', '51%']  memcached=106.4%
[monitor] ['56%', '100%', '100%', '54%']  memcached=110.0%
[monitor] ['58%', '100%', '100%', '55%']  memcached=113.0%
[monitor] ['55%', '100%', '100%', '53%']  memcached=107.6%
[monitor] ['56%', '100%', '100%', '51%']  memcached=107.5%
[monitor] ['53%', '100%', '100%', '51%']  memcached=104.1%
[monitor] ['51%', '100%', '100%', '49%']  memcached=100.0%
[monitor] ['50%', '100%', '100%', '47%']  memcached=97.1%
[monitor] ['54%', '100%', '100%', '52%']  memcached=106.8%
[monitor] ['53%', '100%', '100%', '52%']  memcached=105.0%
[monitor] ['60%', '100%', '100%', '58%']  memcached=118.2%
[monitor] ['61%', '100%', '100%', '65%']  memcached=125.4%
[monitor] ['60%', '100%', '100%', '65%']  memcached=125.1%
[monitor] ['60%', '100%', '100%', '64%']  memcached=124.2%
[monitor] ['60%', '100%', '67%', '62%']  memcached=122.3%
[monitor] ['66%', '100%', '31%', '60%']  memcached=125.9%
[monitor] ['60%', '100%', '85%', '64%']  memcached=123.8%
[monitor] ['61%', '100%', '100%', '65%']  memcached=125.1%
[monitor] ['62%', '100%', '100%', '66%']  memcached=128.0%
[monitor] ['59%', '100%', '100%', '66%']  memcached=125.0%
[monitor] ['58%', '100%', '100%', '65%']  memcached=123.6%
[monitor] ['61%', '100%', '100%', '65%']  memcached=126.9%
[monitor] ['62%', '100%', '100%', '65%']  memcached=127.5%
[monitor] ['59%', '100%', '100%', '63%']  memcached=122.7%
[monitor] ['59%', '100%', '100%', '65%']  memcached=123.5%
[monitor] ['51%', '100%', '100%', '49%']  memcached=99.5%
[monitor] ['48%', '100%', '100%', '44%']  memcached=91.7%
[monitor] ['47%', '100%', '100%', '45%']  memcached=92.4%
[monitor] ['49%', '100%', '100%', '45%']  memcached=94.2%
[monitor] ['50%', '100%', '100%', '46%']  memcached=96.0%
[monitor] ['50%', '100%', '100%', '44%']  memcached=93.5%
[monitor] ['49%', '100%', '100%', '44%']  memcached=92.7%
[monitor] ['49%', '100%', '100%', '45%']  memcached=93.7%
[monitor] ['48%', '100%', '100%', '43%']  memcached=90.6%
[monitor] ['47%', '100%', '100%', '44%']  memcached=90.2%
[monitor] ['50%', '100%', '13%', '43%']  memcached=92.7%
[monitor] ['48%', '100%', '61%', '45%']  memcached=92.8%
[monitor] ['49%', '100%', '100%', '42%']  memcached=90.4%
[monitor] ['49%', '100%', '100%', '44%']  memcached=93.1%
[monitor] ['49%', '100%', '100%', '45%']  memcached=93.2%
[monitor] ['88%', '100%', '100%', '87%']  memcached=175.1%
[MEMCACHED] cores updated to: ['0', '1', '3']
[radix] unpaused.
[barnes] paused.
[monitor] ['93%', '88%', '99%', '76%']  memcached=258.0%
[radix] ended.
[blackscholes] started on cores: [2] with 3 threads.
[monitor] ['95%', '87%', '100%', '74%']  memcached=255.6%
[monitor] ['98%', '85%', '100%', '75%']  memcached=257.6%
[monitor] ['91%', '87%', '100%', '73%']  memcached=251.0%
[monitor] ['89%', '84%', '100%', '72%']  memcached=244.7%
[monitor] ['90%', '86%', '100%', '74%']  memcached=249.9%
[monitor] ['90%', '88%', '100%', '75%']  memcached=252.5%
[monitor] ['88%', '84%', '100%', '72%']  memcached=244.6%
[monitor] ['88%', '84%', '100%', '73%']  memcached=244.5%
[monitor] ['92%', '87%', '100%', '75%']  memcached=254.3%
[monitor] ['89%', '85%', '100%', '74%']  memcached=248.1%
[monitor] ['88%', '85%', '100%', '72%']  memcached=245.2%
[monitor] ['91%', '93%', '100%', '80%']  memcached=264.4%
[monitor] ['91%', '94%', '100%', '88%']  memcached=273.6%
[monitor] ['90%', '90%', '100%', '94%']  memcached=273.8%
[monitor] ['90%', '87%', '100%', '100%']  memcached=276.3%
[monitor] ['90%', '95%', '100%', '84%']  memcached=268.9%
[monitor] ['92%', '86%', '100%', '75%']  memcached=252.6%
[monitor] ['91%', '86%', '100%', '75%']  memcached=252.3%
[monitor] ['90%', '86%', '100%', '76%']  memcached=251.5%
[monitor] ['88%', '84%', '100%', '73%']  memcached=245.6%
[monitor] ['90%', '86%', '100%', '75%']  memcached=250.2%
[monitor] ['91%', '85%', '100%', '75%']  memcached=251.0%
[monitor] ['94%', '88%', '100%', '76%']  memcached=257.5%
[monitor] ['88%', '86%', '100%', '74%']  memcached=247.4%
[monitor] ['87%', '86%', '100%', '74%']  memcached=246.7%
[monitor] ['90%', '89%', '100%', '75%']  memcached=254.6%
[monitor] ['88%', '85%', '100%', '74%']  memcached=246.7%
[monitor] ['84%', '82%', '100%', '71%']  memcached=237.5%
[monitor] ['81%', '79%', '100%', '67%']  memcached=228.1%
[monitor] ['81%', '79%', '100%', '68%']  memcached=228.0%
[monitor] ['81%', '79%', '100%', '69%']  memcached=228.9%
[monitor] ['82%', '79%', '100%', '69%']  memcached=229.6%
[monitor] ['83%', '81%', '100%', '69%']  memcached=233.2%
[monitor] ['84%', '82%', '100%', '71%']  memcached=237.3%
[monitor] ['81%', '79%', '100%', '69%']  memcached=229.4%
[monitor] ['83%', '82%', '100%', '70%']  memcached=235.1%
[monitor] ['87%', '83%', '100%', '72%']  memcached=242.5%
[monitor] ['80%', '79%', '100%', '68%']  memcached=227.3%
[monitor] ['83%', '82%', '100%', '70%']  memcached=234.7%
[monitor] ['82%', '79%', '100%', '70%']  memcached=230.8%
[monitor] ['82%', '79%', '100%', '70%']  memcached=230.8%
[monitor] ['80%', '79%', '100%', '69%']  memcached=227.7%
[monitor] ['65%', '63%', '100%', '54%']  memcached=182.5%
[monitor] ['38%', '38%', '100%', '31%']  memcached=106.6%
[MEMCACHED] cores updated to: ['0', '3']
[barnes] unpaused.
[blackscholes] paused.
[monitor] ['47%', '100%', '100%', '42%']  memcached=89.2%
[monitor] ['48%', '100%', '100%', '40%']  memcached=88.4%
[monitor] ['51%', '100%', '100%', '47%']  memcached=98.0%
[monitor] ['49%', '100%', '100%', '45%']  memcached=94.1%
[monitor] ['48%', '100%', '100%', '43%']  memcached=91.1%
[monitor] ['47%', '100%', '100%', '43%']  memcached=89.7%
[monitor] ['48%', '100%', '100%', '43%']  memcached=90.6%
[monitor] ['48%', '100%', '100%', '42%']  memcached=89.5%
[monitor] ['48%', '100%', '100%', '44%']  memcached=91.7%
[monitor] ['48%', '100%', '100%', '43%']  memcached=91.3%
[monitor] ['51%', '100%', '100%', '45%']  memcached=96.4%
[monitor] ['48%', '100%', '100%', '42%']  memcached=89.9%
[monitor] ['48%', '100%', '100%', '44%']  memcached=91.2%
[monitor] ['29%', '100%', '74%', '23%']  memcached=52.6%
[MEMCACHED] cores updated to: ['0']
[blackscholes] unpaused.
[blackscholes] cores updated to: [3]
[monitor] ['17%', '66%', '10%', '100%']  memcached=16.7%
[barnes] ended.
[blackscholes] cores updated to: [1, 2, 3]
[monitor] ['21%', '100%', '100%', '100%']  memcached=20.6%
[monitor] ['21%', '100%', '100%', '100%']  memcached=21.4%
[monitor] ['17%', '100%', '100%', '100%']  memcached=16.8%
[monitor] ['11%', '100%', '100%', '100%']  memcached=11.4%
[monitor] ['12%', '100%', '100%', '100%']  memcached=12.2%
[monitor] ['13%', '100%', '100%', '100%']  memcached=13.3%
[monitor] ['12%', '100%', '100%', '100%']  memcached=12.2%
[monitor] ['16%', '100%', '100%', '100%']  memcached=16.1%
[monitor] ['14%', '100%', '100%', '100%']  memcached=14.3%
[monitor] ['13%', '100%', '100%', '100%']  memcached=13.2%
[monitor] ['16%', '100%', '100%', '100%']  memcached=16.0%
[monitor] ['25%', '100%', '100%', '100%']  memcached=25.0%
[monitor] ['25%', '100%', '100%', '100%']  memcached=24.5%
[monitor] ['74%', '100%', '100%', '100%']  memcached=73.7%
[monitor] ['100%', '100%', '100%', '100%']  memcached=100.0%
[MEMCACHED] cores updated to: ['0', '1', '3']
[blackscholes] cores updated to: [2]
[monitor] ['71%', '71%', '100%', '59%']  memcached=200.9%
[monitor] ['66%', '64%', '100%', '55%']  memcached=185.1%
[monitor] ['68%', '66%', '100%', '57%']  memcached=191.8%
[monitor] ['66%', '64%', '100%', '55%']  memcached=185.6%
[monitor] ['67%', '66%', '100%', '57%']  memcached=190.2%
[monitor] ['66%', '64%', '100%', '56%']  memcached=185.1%
[monitor] ['66%', '65%', '100%', '54%']  memcached=185.7%
[monitor] ['66%', '65%', '100%', '54%']  memcached=184.8%
[monitor] ['67%', '64%', '100%', '54%']  memcached=184.5%
[monitor] ['68%', '64%', '100%', '55%']  memcached=185.8%
[monitor] ['69%', '65%', '100%', '55%']  memcached=189.1%
[monitor] ['70%', '66%', '100%', '56%']  memcached=191.4%
[monitor] ['69%', '66%', '100%', '56%']  memcached=190.3%
[monitor] ['25%', '21%', '100%', '15%']  memcached=61.5%
[MEMCACHED] cores updated to: ['0']
[blackscholes] cores updated to: [1, 2, 3]
[monitor] ['19%', '11%', '97%', '5%']  memcached=18.8%
[blackscholes] ended.
[canneal] started on cores: [1, 2, 3] with 3 threads.
[monitor] ['19%', '16%', '64%', '29%']  memcached=19.3%
[monitor] ['24%', '2%', '100%', '0%']  memcached=23.6%
[monitor] ['24%', '1%', '100%', '1%']  memcached=24.4%
[monitor] ['24%', '1%', '100%', '1%']  memcached=23.6%
[monitor] ['21%', '2%', '100%', '0%']  memcached=20.7%
[monitor] ['25%', '9%', '100%', '2%']  memcached=25.3%
[monitor] ['23%', '1%', '100%', '0%']  memcached=23.3%
[monitor] ['22%', '2%', '100%', '0%']  memcached=22.5%
[monitor] ['21%', '1%', '100%', '1%']  memcached=21.3%
[monitor] ['23%', '2%', '100%', '2%']  memcached=23.3%
[monitor] ['20%', '1%', '100%', '0%']  memcached=20.5%
[monitor] ['67%', '4%', '100%', '15%']  memcached=67.0%
[monitor] ['88%', '2%', '100%', '1%']  memcached=88.5%
[MEMCACHED] cores updated to: ['0', '1']
[canneal] cores updated to: [2, 3]
[monitor] ['59%', '55%', '100%', '4%']  memcached=114.9%
[monitor] ['59%', '55%', '100%', '3%']  memcached=114.5%
[monitor] ['60%', '56%', '100%', '5%']  memcached=116.1%
[monitor] ['59%', '55%', '100%', '5%']  memcached=114.9%
[monitor] ['59%', '55%', '100%', '3%']  memcached=113.8%
[monitor] ['61%', '56%', '100%', '4%']  memcached=116.9%
[monitor] ['59%', '55%', '100%', '5%']  memcached=113.8%
[monitor] ['59%', '55%', '100%', '4%']  memcached=114.4%
[monitor] ['59%', '56%', '100%', '2%']  memcached=114.8%
[monitor] ['59%', '55%', '100%', '4%']  memcached=114.0%
[monitor] ['58%', '54%', '100%', '4%']  memcached=112.2%
[monitor] ['60%', '55%', '100%', '3%']  memcached=114.7%
[monitor] ['60%', '55%', '100%', '4%']  memcached=114.8%
[monitor] ['35%', '30%', '100%', '2%']  memcached=64.8%
[MEMCACHED] cores updated to: ['0']
[canneal] cores updated to: [1, 2, 3]
[monitor] ['46%', '2%', '100%', '1%']  memcached=46.2%
[monitor] ['46%', '1%', '100%', '0%']  memcached=45.5%
[monitor] ['47%', '4%', '100%', '2%']  memcached=46.6%
[monitor] ['46%', '0%', '100%', '1%']  memcached=45.5%
[monitor] ['47%', '3%', '100%', '2%']  memcached=46.6%
[monitor] ['48%', '0%', '100%', '1%']  memcached=47.6%
[monitor] ['47%', '1%', '100%', '0%']  memcached=47.1%
[monitor] ['46%', '83%', '96%', '79%']  memcached=45.6%
[monitor] ['44%', '99%', '94%', '96%']  memcached=43.9%
[monitor] ['43%', '100%', '94%', '96%']  memcached=43.4%
[monitor] ['45%', '98%', '98%', '94%']  memcached=45.0%
[monitor] ['45%', '97%', '99%', '93%']  memcached=45.0%
[monitor] ['48%', '98%', '97%', '95%']  memcached=47.6%
[monitor] ['45%', '100%', '97%', '96%']  memcached=45.1%
[monitor] ['89%', '99%', '96%', '90%']  memcached=89.2%
[MEMCACHED] cores updated to: ['0', '2']
[canneal] cores updated to: [1, 3]
[monitor] ['100%', '100%', '100%', '91%']  memcached=200.0%
[MEMCACHED] cores updated to: ['0', '2', '3']
[canneal] cores updated to: [1]
[monitor] ['92%', '100%', '81%', '75%']  memcached=248.4%
[monitor] ['84%', '100%', '72%', '70%']  memcached=226.7%
[monitor] ['84%', '100%', '71%', '69%']  memcached=223.4%
[monitor] ['84%', '100%', '72%', '68%']  memcached=223.3%
[monitor] ['82%', '100%', '70%', '68%']  memcached=220.7%
[monitor] ['85%', '100%', '72%', '70%']  memcached=226.5%
[monitor] ['84%', '100%', '72%', '69%']  memcached=224.8%
[monitor] ['84%', '100%', '70%', '69%']  memcached=223.7%
[monitor] ['83%', '100%', '70%', '68%']  memcached=221.7%
[monitor] ['83%', '100%', '71%', '69%']  memcached=222.9%
[monitor] ['85%', '100%', '71%', '70%']  memcached=225.8%
[monitor] ['84%', '100%', '69%', '68%']  memcached=221.3%
[monitor] ['83%', '100%', '70%', '69%']  memcached=222.4%
[monitor] ['13%', '100%', '5%', '5%']  memcached=24.0%
[MEMCACHED] cores updated to: ['0']
[canneal] cores updated to: [3, 1, 2]
[monitor] ['19%', '99%', '92%', '98%']  memcached=18.9%
[monitor] ['12%', '98%', '94%', '96%']  memcached=11.9%
[monitor] ['22%', '98%', '97%', '96%']  memcached=21.6%
[monitor] ['15%', '100%', '93%', '97%']  memcached=14.8%
[monitor] ['18%', '98%', '92%', '97%']  memcached=18.0%
[monitor] ['16%', '99%', '95%', '97%']  memcached=15.9%
[monitor] ['18%', '99%', '94%', '96%']  memcached=18.0%
[monitor] ['18%', '100%', '95%', '98%']  memcached=17.8%
[monitor] ['19%', '100%', '93%', '98%']  memcached=19.1%
[monitor] ['19%', '99%', '92%', '97%']  memcached=18.7%
[monitor] ['15%', '99%', '95%', '97%']  memcached=15.1%
[monitor] ['16%', '100%', '91%', '99%']  memcached=15.7%
[monitor] ['18%', '98%', '94%', '96%']  memcached=18.2%
[monitor] ['17%', '100%', '92%', '97%']  memcached=17.0%
[monitor] ['32%', '99%', '97%', '96%']  memcached=31.5%
[monitor] ['32%', '99%', '93%', '96%']  memcached=31.5%
[monitor] ['29%', '99%', '95%', '97%']  memcached=29.2%
[monitor] ['30%', '100%', '94%', '96%']  memcached=30.0%
[monitor] ['35%', '99%', '94%', '97%']  memcached=35.1%
[monitor] ['33%', '100%', '94%', '96%']  memcached=33.3%
[monitor] ['32%', '97%', '95%', '95%']  memcached=32.3%
[monitor] ['33%', '98%', '95%', '95%']  memcached=33.3%
[monitor] ['33%', '99%', '95%', '96%']  memcached=33.0%
[monitor] ['32%', '97%', '96%', '94%']  memcached=31.9%
[monitor] ['32%', '100%', '94%', '97%']  memcached=32.3%
[monitor] ['33%', '99%', '94%', '97%']  memcached=33.0%
[monitor] ['36%', '99%', '96%', '96%']  memcached=35.8%
[monitor] ['31%', '100%', '93%', '97%']  memcached=30.8%
[monitor] ['41%', '100%', '96%', '96%']  memcached=41.5%
[monitor] ['100%', '99%', '92%', '89%']  memcached=100.0%
[MEMCACHED] cores updated to: ['0', '1', '3']
[canneal] cores updated to: [2]
[monitor] ['91%', '89%', '100%', '76%']  memcached=255.6%
[monitor] ['78%', '75%', '100%', '65%']  memcached=218.0%
[monitor] ['77%', '72%', '100%', '62%']  memcached=211.6%
[monitor] ['78%', '74%', '100%', '62%']  memcached=214.5%
[monitor] ['79%', '74%', '100%', '65%']  memcached=217.4%
[monitor] ['77%', '73%', '100%', '63%']  memcached=213.4%
[monitor] ['78%', '75%', '100%', '63%']  memcached=215.5%
[monitor] ['79%', '74%', '100%', '63%']  memcached=215.6%
[monitor] ['79%', '74%', '100%', '64%']  memcached=216.1%
[monitor] ['78%', '73%', '100%', '63%']  memcached=214.8%
[monitor] ['79%', '74%', '100%', '63%']  memcached=215.7%
[monitor] ['79%', '74%', '100%', '64%']  memcached=217.6%
[monitor] ['81%', '75%', '100%', '66%']  memcached=222.2%
[monitor] ['63%', '59%', '100%', '50%']  memcached=172.5%
[monitor] ['13%', '5%', '100%', '2%']  memcached=20.0%
[MEMCACHED] cores updated to: ['0']
[canneal] cores updated to: [3, 1, 2]
[monitor] ['15%', '98%', '94%', '98%']  memcached=14.7%
[monitor] ['17%', '99%', '94%', '97%']  memcached=17.2%
[monitor] ['15%', '99%', '94%', '97%']  memcached=15.5%
[monitor] ['14%', '100%', '89%', '99%']  memcached=14.4%
[monitor] ['19%', '99%', '93%', '98%']  memcached=19.0%
[monitor] ['13%', '99%', '90%', '98%']  memcached=12.8%
[monitor] ['18%', '99%', '93%', '97%']  memcached=18.2%
[monitor] ['15%', '99%', '95%', '98%']  memcached=15.3%
[monitor] ['14%', '99%', '95%', '98%']  memcached=13.8%
[monitor] ['14%', '100%', '93%', '97%']  memcached=13.5%
[monitor] ['15%', '96%', '97%', '96%']  memcached=14.6%
[monitor] ['7%', '29%', '1%', '73%']  memcached=6.6%
[monitor] ['4%', '100%', '0%', '1%']  memcached=4.5%
[monitor] ['36%', '100%', '2%', '2%']  memcached=36.1%
[monitor] ['89%', '100%', '3%', '2%']  memcached=89.2%
[MEMCACHED] cores updated to: ['0', '2']
[canneal] cores updated to: [3, 1]
[monitor] ['71%', '17%', '68%', '23%']  memcached=139.0%
[canneal] ended.
[MEMCACHED] cores updated to: ['0', '3']
[freqmine] started on cores: [1, 2] with 3 threads.
[monitor] ['74%', '49%', '72%', '66%']  memcached=139.2%
[monitor] ['66%', '100%', '4%', '61%']  memcached=127.3%
[monitor] ['69%', '100%', '6%', '63%']  memcached=131.9%
[monitor] ['69%', '100%', '82%', '69%']  memcached=137.2%
[monitor] ['67%', '100%', '100%', '71%']  memcached=138.6%
[monitor] ['74%', '100%', '100%', '74%']  memcached=148.6%
[monitor] ['64%', '100%', '100%', '72%']  memcached=136.4%
[monitor] ['64%', '100%', '100%', '64%']  memcached=127.7%
[monitor] ['66%', '100%', '100%', '65%']  memcached=131.8%
[monitor] ['65%', '100%', '100%', '68%']  memcached=132.7%
[monitor] ['65%', '96%', '100%', '69%']  memcached=134.5%
[monitor] ['86%', '75%', '99%', '69%']  memcached=155.7%
[monitor] ['59%', '100%', '100%', '45%']  memcached=103.9%
[monitor] ['26%', '100%', '100%', '22%']  memcached=47.3%
[MEMCACHED] cores updated to: ['0']
[freqmine] cores updated to: [1, 2, 3]
[monitor] ['44%', '100%', '100%', '100%']  memcached=44.4%
[monitor] ['40%', '100%', '100%', '100%']  memcached=40.0%
[monitor] ['44%', '100%', '100%', '100%']  memcached=44.4%
[monitor] ['44%', '100%', '100%', '100%']  memcached=43.8%
[monitor] ['42%', '100%', '100%', '100%']  memcached=42.3%
[monitor] ['43%', '100%', '100%', '100%']  memcached=43.0%
[monitor] ['47%', '100%', '100%', '100%']  memcached=46.5%
[monitor] ['42%', '100%', '100%', '100%']  memcached=41.8%
[monitor] ['46%', '100%', '100%', '100%']  memcached=46.0%
[monitor] ['39%', '100%', '100%', '100%']  memcached=38.5%
[monitor] ['40%', '100%', '100%', '100%']  memcached=39.6%
[monitor] ['40%', '100%', '100%', '100%']  memcached=40.4%
[monitor] ['43%', '100%', '100%', '100%']  memcached=43.4%
[monitor] ['85%', '100%', '100%', '100%']  memcached=85.0%
[monitor] ['100%', '100%', '100%', '100%']  memcached=100.0%
[MEMCACHED] cores updated to: ['0', '1', '2']
[freqmine] cores updated to: [3]
[monitor] ['99%', '86%', '99%', '100%']  memcached=283.6%
[monitor] ['99%', '99%', '96%', '100%']  memcached=293.9%
[monitor] ['96%', '95%', '87%', '100%']  memcached=277.7%
[monitor] ['85%', '83%', '74%', '100%']  memcached=242.5%
[monitor] ['87%', '81%', '74%', '100%']  memcached=242.8%
[monitor] ['85%', '78%', '74%', '100%']  memcached=236.5%
[monitor] ['89%', '84%', '75%', '100%']  memcached=248.2%
[monitor] ['88%', '80%', '74%', '100%']  memcached=241.4%
[monitor] ['84%', '77%', '72%', '100%']  memcached=233.2%
[monitor] ['84%', '79%', '73%', '100%']  memcached=236.2%
[monitor] ['84%', '77%', '72%', '100%']  memcached=233.4%
[monitor] ['90%', '84%', '78%', '100%']  memcached=252.4%
[monitor] ['87%', '80%', '74%', '100%']  memcached=240.9%
[monitor] ['43%', '38%', '34%', '100%']  memcached=115.0%
[MEMCACHED] cores updated to: ['0', '2']
[freqmine] cores updated to: [1, 3]
[monitor] ['42%', '100%', '40%', '100%']  memcached=81.9%
[monitor] ['42%', '100%', '40%', '100%']  memcached=82.5%
[monitor] ['41%', '100%', '36%', '100%']  memcached=77.0%
[MEMCACHED] cores updated to: ['0']
[freqmine] cores updated to: [1, 2, 3]
[monitor] ['70%', '100%', '100%', '100%']  memcached=69.7%
[monitor] ['67%', '100%', '100%', '100%']  memcached=67.0%
[monitor] ['69%', '100%', '100%', '100%']  memcached=68.6%
[monitor] ['67%', '100%', '100%', '100%']  memcached=66.9%
[monitor] ['71%', '100%', '100%', '100%']  memcached=70.7%
[monitor] ['67%', '100%', '100%', '100%']  memcached=66.7%
[monitor] ['70%', '100%', '100%', '100%']  memcached=70.0%
[monitor] ['66%', '100%', '100%', '100%']  memcached=66.4%
[monitor] ['66%', '100%', '100%', '100%']  memcached=66.4%
[monitor] ['67%', '100%', '100%', '100%']  memcached=67.0%
[monitor] ['67%', '100%', '100%', '100%']  memcached=66.7%
[monitor] ['98%', '100%', '100%', '100%']  memcached=98.0%
[MEMCACHED] cores updated to: ['0', '1', '3']
[freqmine] cores updated to: [2]
[monitor] ['79%', '74%', '100%', '66%']  memcached=218.6%
[monitor] ['69%', '67%', '100%', '56%']  memcached=191.7%
[monitor] ['69%', '68%', '100%', '59%']  memcached=196.4%
[monitor] ['69%', '67%', '100%', '55%']  memcached=191.4%
[monitor] ['69%', '66%', '100%', '56%']  memcached=191.7%
[monitor] ['68%', '66%', '100%', '57%']  memcached=191.2%
[monitor] ['69%', '67%', '100%', '57%']  memcached=192.9%
[monitor] ['70%', '68%', '100%', '56%']  memcached=193.8%
[monitor] ['74%', '70%', '100%', '61%']  memcached=205.4%
[monitor] ['69%', '67%', '100%', '57%']  memcached=193.1%
[monitor] ['70%', '67%', '100%', '58%']  memcached=195.1%
[monitor] ['68%', '68%', '100%', '58%']  memcached=193.7%
[monitor] ['67%', '66%', '100%', '54%']  memcached=187.2%
[monitor] ['70%', '67%', '100%', '60%']  memcached=196.3%
[monitor] ['72%', '70%', '100%', '60%']  memcached=201.9%
[monitor] ['69%', '67%', '100%', '57%']  memcached=192.4%
[monitor] ['70%', '69%', '100%', '56%']  memcached=194.9%
[monitor] ['71%', '69%', '100%', '60%']  memcached=199.8%
[monitor] ['72%', '70%', '100%', '60%']  memcached=201.7%
[monitor] ['67%', '65%', '100%', '56%']  memcached=187.9%
[monitor] ['72%', '69%', '100%', '59%']  memcached=200.3%
[monitor] ['70%', '68%', '100%', '57%']  memcached=195.6%
[monitor] ['72%', '69%', '100%', '59%']  memcached=200.0%
[monitor] ['73%', '69%', '100%', '61%']  memcached=203.1%
[monitor] ['71%', '69%', '100%', '58%']  memcached=198.2%
[monitor] ['72%', '70%', '100%', '58%']  memcached=200.3%
[monitor] ['70%', '68%', '100%', '58%']  memcached=195.9%
[monitor] ['71%', '69%', '100%', '58%']  memcached=197.9%
[monitor] ['68%', '66%', '100%', '56%']  memcached=189.1%
[monitor] ['54%', '52%', '100%', '44%']  memcached=150.5%
[MEMCACHED] cores updated to: ['0', '3']
[freqmine] cores updated to: [1, 2]
[monitor] ['60%', '100%', '100%', '58%']  memcached=117.6%
[monitor] ['59%', '100%', '100%', '65%']  memcached=124.5%
[monitor] ['58%', '100%', '100%', '61%']  memcached=119.1%
[monitor] ['58%', '100%', '100%', '64%']  memcached=121.9%
[monitor] ['56%', '100%', '100%', '63%']  memcached=119.4%
[monitor] ['58%', '100%', '100%', '60%']  memcached=118.0%
[monitor] ['58%', '100%', '100%', '60%']  memcached=117.9%
[monitor] ['59%', '100%', '100%', '61%']  memcached=119.5%
[monitor] ['56%', '100%', '100%', '61%']  memcached=117.0%
[monitor] ['54%', '100%', '100%', '58%']  memcached=112.4%
[monitor] ['59%', '100%', '100%', '67%']  memcached=126.5%
[monitor] ['56%', '100%', '100%', '68%']  memcached=124.0%
[monitor] ['60%', '100%', '100%', '69%']  memcached=128.6%
[monitor] ['59%', '100%', '100%', '66%']  memcached=125.1%
[monitor] ['66%', '100%', '100%', '73%']  memcached=139.4%
[monitor] ['62%', '100%', '100%', '75%']  memcached=136.5%
[monitor] ['63%', '100%', '100%', '73%']  memcached=136.3%
[monitor] ['65%', '100%', '100%', '77%']  memcached=142.0%
[monitor] ['65%', '100%', '100%', '75%']  memcached=139.1%
[monitor] ['62%', '100%', '100%', '71%']  memcached=133.5%
[monitor] ['61%', '100%', '100%', '71%']  memcached=132.5%
[monitor] ['62%', '100%', '100%', '70%']  memcached=131.9%
[monitor] ['65%', '100%', '100%', '76%']  memcached=141.6%
[monitor] ['59%', '100%', '100%', '73%']  memcached=132.5%
[monitor] ['62%', '100%', '100%', '72%']  memcached=134.6%
[monitor] ['61%', '100%', '100%', '75%']  memcached=135.8%
[monitor] ['60%', '100%', '100%', '71%']  memcached=131.2%
[monitor] ['64%', '100%', '100%', '76%']  memcached=140.0%
[monitor] ['59%', '100%', '100%', '66%']  memcached=125.1%
[monitor] ['49%', '100%', '100%', '42%']  memcached=90.8%
[monitor] ['50%', '100%', '100%', '44%']  memcached=93.6%
[monitor] ['48%', '100%', '100%', '40%']  memcached=88.6%
[monitor] ['44%', '100%', '100%', '38%']  memcached=82.0%
[monitor] ['46%', '100%', '100%', '42%']  memcached=87.3%
[monitor] ['49%', '100%', '100%', '44%']  memcached=92.2%
[monitor] ['46%', '100%', '100%', '43%']  memcached=88.6%
[monitor] ['48%', '100%', '100%', '42%']  memcached=89.9%
[monitor] ['50%', '100%', '100%', '46%']  memcached=95.6%
[monitor] ['48%', '100%', '100%', '43%']  memcached=90.6%
[monitor] ['49%', '100%', '100%', '44%']  memcached=93.1%
[monitor] ['45%', '100%', '100%', '43%']  memcached=87.8%
[monitor] ['47%', '100%', '100%', '41%']  memcached=87.2%
[monitor] ['47%', '100%', '100%', '42%']  memcached=88.6%
[monitor] ['56%', '100%', '100%', '55%']  memcached=110.6%
[monitor] ['72%', '100%', '100%', '86%']  memcached=158.3%
[monitor] ['73%', '100%', '100%', '86%']  memcached=159.6%
[monitor] ['82%', '100%', '100%', '76%']  memcached=158.4%
[monitor] ['83%', '100%', '100%', '77%']  memcached=159.5%
[monitor] ['84%', '100%', '100%', '75%']  memcached=159.6%
[monitor] ['87%', '100%', '100%', '72%']  memcached=159.3%
[monitor] ['83%', '100%', '100%', '75%']  memcached=158.0%
[monitor] ['85%', '100%', '100%', '75%']  memcached=159.9%
[monitor] ['86%', '100%', '100%', '74%']  memcached=159.9%
[monitor] ['84%', '100%', '100%', '75%']  memcached=158.6%
[monitor] ['86%', '100%', '100%', '78%']  memcached=163.9%
[monitor] ['88%', '100%', '100%', '72%']  memcached=160.1%
[monitor] ['86%', '100%', '100%', '74%']  memcached=159.8%
[monitor] ['87%', '100%', '100%', '70%']  memcached=157.0%
[monitor] ['75%', '100%', '100%', '62%']  memcached=137.5%
[monitor] ['52%', '100%', '100%', '46%']  memcached=97.9%
[monitor] ['51%', '100%', '100%', '47%']  memcached=97.9%
[monitor] ['54%', '100%', '100%', '50%']  memcached=103.6%
[monitor] ['52%', '100%', '100%', '48%']  memcached=99.8%
[monitor] ['52%', '100%', '100%', '45%']  memcached=97.3%
[monitor] ['52%', '100%', '100%', '46%']  memcached=97.4%
[monitor] ['50%', '100%', '100%', '49%']  memcached=99.5%
[monitor] ['52%', '100%', '100%', '44%']  memcached=96.3%
[monitor] ['53%', '100%', '100%', '49%']  memcached=102.2%
[monitor] ['57%', '100%', '100%', '54%']  memcached=110.4%
[monitor] ['51%', '100%', '100%', '48%']  memcached=99.0%
[monitor] ['52%', '100%', '100%', '45%']  memcached=97.3%
[monitor] ['51%', '100%', '100%', '47%']  memcached=98.0%
[monitor] ['52%', '100%', '100%', '47%']  memcached=98.9%
[monitor] ['54%', '100%', '100%', '53%']  memcached=107.0%
[monitor] ['57%', '100%', '100%', '62%']  memcached=119.1%
[monitor] ['58%', '100%', '100%', '62%']  memcached=119.9%
[monitor] ['59%', '100%', '100%', '59%']  memcached=118.4%
[monitor] ['56%', '100%', '100%', '62%']  memcached=118.0%
[monitor] ['58%', '100%', '100%', '66%']  memcached=124.8%
[monitor] ['56%', '100%', '100%', '62%']  memcached=118.1%
[monitor] ['58%', '100%', '100%', '63%']  memcached=121.3%
[monitor] ['56%', '100%', '100%', '63%']  memcached=119.2%
[monitor] ['59%', '100%', '100%', '63%']  memcached=122.2%
[monitor] ['58%', '100%', '100%', '62%']  memcached=120.2%
[monitor] ['56%', '100%', '100%', '63%']  memcached=118.6%
[monitor] ['58%', '100%', '100%', '61%']  memcached=118.6%
[monitor] ['58%', '100%', '100%', '62%']  memcached=119.6%
[monitor] ['57%', '100%', '100%', '65%']  memcached=121.9%
[monitor] ['51%', '100%', '100%', '52%']  memcached=102.9%
[monitor] ['46%', '100%', '100%', '40%']  memcached=86.1%
[monitor] ['43%', '100%', '100%', '37%']  memcached=80.4%
[monitor] ['44%', '100%', '100%', '39%']  memcached=82.8%
[monitor] ['47%', '100%', '100%', '41%']  memcached=88.1%
[monitor] ['45%', '100%', '100%', '40%']  memcached=84.5%
[monitor] ['45%', '100%', '100%', '41%']  memcached=85.5%
[monitor] ['45%', '100%', '100%', '39%']  memcached=84.2%
[monitor] ['47%', '100%', '100%', '38%']  memcached=84.6%
[monitor] ['44%', '100%', '100%', '41%']  memcached=85.1%
[monitor] ['47%', '100%', '100%', '40%']  memcached=86.5%
[monitor] ['43%', '100%', '100%', '39%']  memcached=81.9%
[monitor] ['43%', '100%', '100%', '38%']  memcached=80.7%
[monitor] ['44%', '100%', '100%', '39%']  memcached=83.5%
[monitor] ['48%', '100%', '100%', '42%']  memcached=90.5%
[monitor] ['33%', '100%', '100%', '27%']  memcached=59.6%
[MEMCACHED] cores updated to: ['0']
[freqmine] cores updated to: [1, 2, 3]
[monitor] ['24%', '100%', '100%', '100%']  memcached=24.4%
[monitor] ['31%', '100%', '100%', '100%']  memcached=31.2%
[monitor] ['27%', '100%', '100%', '100%']  memcached=26.7%
[monitor] ['29%', '100%', '100%', '100%']  memcached=28.7%
[monitor] ['26%', '100%', '100%', '100%']  memcached=25.6%
[monitor] ['30%', '100%', '100%', '100%']  memcached=29.5%
[monitor] ['25%', '100%', '100%', '100%']  memcached=25.3%
[monitor] ['24%', '100%', '100%', '100%']  memcached=24.1%
[monitor] ['30%', '100%', '100%', '100%']  memcached=30.3%
[monitor] ['24%', '100%', '100%', '100%']  memcached=24.4%
[monitor] ['26%', '100%', '100%', '100%']  memcached=26.1%
[monitor] ['26%', '100%', '100%', '100%']  memcached=26.1%
[monitor] ['26%', '100%', '100%', '100%']  memcached=25.8%
[monitor] ['26%', '100%', '100%', '100%']  memcached=26.4%
[monitor] ['72%', '100%', '100%', '100%']  memcached=72.2%
[monitor] ['100%', '100%', '100%', '100%']  memcached=100.0%
[MEMCACHED] cores updated to: ['0', '2', '3']
[freqmine] cores updated to: [1]
[monitor] ['88%', '100%', '82%', '67%']  memcached=237.5%
[monitor] ['78%', '100%', '65%', '61%']  memcached=203.6%
[monitor] ['76%', '100%', '64%', '62%']  memcached=202.3%
[monitor] ['77%', '100%', '65%', '61%']  memcached=202.6%
[monitor] ['75%', '100%', '64%', '60%']  memcached=198.4%
[monitor] ['76%', '100%', '63%', '60%']  memcached=198.8%
[monitor] ['74%', '100%', '63%', '59%']  memcached=196.3%
[monitor] ['74%', '100%', '61%', '60%']  memcached=195.6%
[monitor] ['76%', '100%', '63%', '58%']  memcached=195.8%
[monitor] ['75%', '100%', '61%', '58%']  memcached=193.6%
[monitor] ['74%', '100%', '61%', '59%']  memcached=194.5%
[monitor] ['76%', '100%', '63%', '61%']  memcached=200.2%
[monitor] ['76%', '100%', '63%', '58%']  memcached=197.4%
[monitor] ['67%', '100%', '56%', '52%']  memcached=174.7%
[monitor] ['64%', '100%', '54%', '50%']  memcached=167.3%
[monitor] ['63%', '100%', '50%', '48%']  memcached=161.9%
[monitor] ['64%', '100%', '52%', '48%']  memcached=164.5%
[monitor] ['64%', '100%', '52%', '50%']  memcached=165.7%
[monitor] ['66%', '100%', '55%', '50%']  memcached=171.0%
[monitor] ['64%', '100%', '54%', '51%']  memcached=169.5%
[monitor] ['65%', '100%', '52%', '50%']  memcached=167.1%
[monitor] ['63%', '100%', '52%', '48%']  memcached=163.3%
[monitor] ['65%', '100%', '55%', '51%']  memcached=171.2%
[monitor] ['65%', '100%', '52%', '48%']  memcached=164.6%
[monitor] ['62%', '100%', '51%', '48%']  memcached=161.4%
[monitor] ['64%', '100%', '51%', '49%']  memcached=163.9%
[monitor] ['65%', '100%', '53%', '50%']  memcached=168.5%
[monitor] ['65%', '100%', '53%', '51%']  memcached=169.4%
[monitor] ['78%', '100%', '65%', '62%']  memcached=204.6%
[monitor] ['80%', '100%', '68%', '65%']  memcached=213.6%
[monitor] ['82%', '100%', '70%', '66%']  memcached=218.0%
[monitor] ['81%', '100%', '69%', '65%']  memcached=214.9%
[monitor] ['81%', '100%', '68%', '64%']  memcached=212.6%
[monitor] ['80%', '100%', '67%', '64%']  memcached=211.5%
[monitor] ['79%', '100%', '67%', '63%']  memcached=209.5%
[monitor] ['81%', '100%', '69%', '65%']  memcached=215.3%
[monitor] ['81%', '100%', '69%', '65%']  memcached=215.2%
[monitor] ['82%', '100%', '70%', '67%']  memcached=219.2%
[monitor] ['83%', '100%', '69%', '67%']  memcached=219.5%
[monitor] ['78%', '100%', '68%', '64%']  memcached=209.2%
[monitor] ['81%', '100%', '70%', '66%']  memcached=216.8%
[monitor] ['81%', '100%', '69%', '64%']  memcached=213.8%
[monitor] ['80%', '100%', '68%', '65%']  memcached=212.6%
[monitor] ['90%', '100%', '75%', '72%']  memcached=237.2%
[monitor] ['92%', '100%', '78%', '75%']  memcached=245.0%
[monitor] ['98%', '100%', '81%', '78%']  memcached=256.8%
[monitor] ['98%', '100%', '80%', '77%']  memcached=255.4%
[monitor] ['92%', '100%', '79%', '75%']  memcached=246.3%
[monitor] ['93%', '100%', '79%', '75%']  memcached=248.1%
[monitor] ['93%', '100%', '78%', '73%']  memcached=243.7%
[monitor] ['93%', '100%', '77%', '73%']  memcached=243.8%
[monitor] ['92%', '100%', '78%', '74%']  memcached=243.7%
[monitor] ['92%', '100%', '77%', '73%']  memcached=242.3%
[monitor] ['93%', '100%', '78%', '75%']  memcached=246.0%
[monitor] ['93%', '100%', '78%', '73%']  memcached=243.7%
[monitor] ['93%', '100%', '77%', '74%']  memcached=244.1%
[monitor] ['93%', '100%', '79%', '74%']  memcached=245.1%
[monitor] ['94%', '100%', '78%', '74%']  memcached=246.7%
[monitor] ['79%', '100%', '67%', '64%']  memcached=210.8%
[monitor] ['78%', '100%', '65%', '62%']  memcached=204.7%
[monitor] ['76%', '100%', '63%', '59%']  memcached=198.8%
[monitor] ['76%', '100%', '64%', '61%']  memcached=200.0%
[monitor] ['75%', '100%', '63%', '59%']  memcached=196.7%
[monitor] ['76%', '100%', '64%', '61%']  memcached=201.0%
[monitor] ['76%', '100%', '65%', '62%']  memcached=202.8%
[monitor] ['77%', '100%', '64%', '61%']  memcached=201.7%
[monitor] ['76%', '100%', '63%', '60%']  memcached=199.8%
[monitor] ['77%', '100%', '65%', '61%']  memcached=203.2%
[monitor] ['76%', '100%', '65%', '61%']  memcached=202.2%
[monitor] ['75%', '100%', '63%', '58%']  memcached=195.5%
[monitor] ['77%', '100%', '64%', '61%']  memcached=201.5%
[monitor] ['78%', '100%', '66%', '63%']  memcached=206.8%
[monitor] ['76%', '100%', '64%', '63%']  memcached=203.1%
[monitor] ['45%', '100%', '36%', '33%']  memcached=114.0%
[MEMCACHED] cores updated to: ['0', '3']
[freqmine] cores updated to: [1, 2]
[monitor] ['45%', '100%', '100%', '40%']  memcached=85.6%
[monitor] ['45%', '100%', '100%', '40%']  memcached=84.5%
[monitor] ['47%', '100%', '100%', '40%']  memcached=86.7%
[monitor] ['50%', '100%', '100%', '46%']  memcached=95.6%
[monitor] ['48%', '100%', '100%', '40%']  memcached=87.2%
[monitor] ['47%', '100%', '100%', '39%']  memcached=85.5%
[monitor] ['46%', '100%', '100%', '38%']  memcached=83.9%
[monitor] ['45%', '100%', '100%', '39%']  memcached=83.7%
[monitor] ['45%', '100%', '100%', '39%']  memcached=83.2%
[monitor] ['47%', '100%', '100%', '41%']  memcached=87.7%
[monitor] ['43%', '100%', '100%', '40%']  memcached=82.4%
[monitor] ['45%', '100%', '100%', '38%']  memcached=82.2%
[monitor] ['45%', '100%', '100%', '40%']  memcached=85.1%
[monitor] ['46%', '100%', '100%', '42%']  memcached=87.6%
[monitor] ['17%', '100%', '100%', '9%']  memcached=26.2%
[MEMCACHED] cores updated to: ['0']
[freqmine] cores updated to: [3, 1, 2]
[monitor] ['18%', '100%', '100%', '100%']  memcached=17.9%
[monitor] ['20%', '100%', '100%', '100%']  memcached=20.0%
[monitor] ['22%', '100%', '100%', '100%']  memcached=22.1%
[monitor] ['20%', '100%', '100%', '100%']  memcached=19.8%
[monitor] ['19%', '100%', '100%', '100%']  memcached=18.8%
[monitor] ['20%', '100%', '100%', '100%']  memcached=20.5%
[monitor] ['19%', '100%', '100%', '100%']  memcached=18.6%
[monitor] ['18%', '100%', '100%', '100%']  memcached=17.6%
[monitor] ['17%', '22%', '17%', '22%']  memcached=16.7%
[freqmine] ended.
[streamcluster] started on cores: [1, 2, 3] with 3 threads.
[monitor] ['23%', '45%', '69%', '44%']  memcached=22.7%
[monitor] ['22%', '98%', '77%', '96%']  memcached=21.8%
[monitor] ['21%', '100%', '78%', '97%']  memcached=20.9%
[monitor] ['28%', '100%', '81%', '98%']  memcached=28.1%
[monitor] ['39%', '100%', '79%', '97%']  memcached=39.3%
[monitor] ['100%', '100%', '79%', '90%']  memcached=100.0%
[MEMCACHED] cores updated to: ['0', '1', '2']
[streamcluster] cores updated to: [3]
[monitor] ['82%', '79%', '65%', '100%']  memcached=225.8%
[monitor] ['71%', '69%', '59%', '100%']  memcached=198.3%
[monitor] ['74%', '73%', '62%', '100%']  memcached=208.0%
[monitor] ['73%', '72%', '63%', '100%']  memcached=208.0%
[monitor] ['74%', '73%', '62%', '100%']  memcached=208.8%
[monitor] ['73%', '72%', '61%', '100%']  memcached=206.6%
[monitor] ['72%', '72%', '61%', '100%']  memcached=205.8%
[monitor] ['71%', '68%', '59%', '100%']  memcached=198.0%
[monitor] ['71%', '70%', '59%', '100%']  memcached=199.2%
[monitor] ['71%', '71%', '60%', '100%']  memcached=201.3%
[monitor] ['73%', '72%', '61%', '100%']  memcached=205.4%
[monitor] ['72%', '71%', '61%', '100%']  memcached=202.9%
[monitor] ['71%', '70%', '61%', '100%']  memcached=201.5%
[monitor] ['71%', '72%', '61%', '100%']  memcached=203.7%
[monitor] ['70%', '70%', '61%', '100%']  memcached=201.3%
[monitor] ['70%', '69%', '60%', '100%']  memcached=198.8%
[monitor] ['68%', '67%', '58%', '100%']  memcached=192.0%
[monitor] ['69%', '68%', '58%', '100%']  memcached=194.7%
[monitor] ['71%', '70%', '60%', '100%']  memcached=199.8%
[monitor] ['70%', '69%', '58%', '100%']  memcached=197.3%
[monitor] ['68%', '66%', '56%', '100%']  memcached=190.8%
[monitor] ['70%', '70%', '60%', '100%']  memcached=199.8%
[monitor] ['70%', '69%', '60%', '100%']  memcached=198.9%
[monitor] ['71%', '70%', '58%', '100%']  memcached=198.3%
[monitor] ['67%', '67%', '59%', '100%']  memcached=193.0%
[monitor] ['70%', '71%', '58%', '100%']  memcached=199.7%
[monitor] ['70%', '71%', '60%', '100%']  memcached=201.7%
[monitor] ['71%', '71%', '59%', '100%']  memcached=201.4%
[monitor] ['75%', '75%', '64%', '100%']  memcached=214.4%
[monitor] ['83%', '82%', '71%', '100%']  memcached=236.4%
[monitor] ['86%', '86%', '71%', '100%']  memcached=242.6%
[monitor] ['83%', '84%', '71%', '100%']  memcached=238.2%
[monitor] ['83%', '81%', '69%', '100%']  memcached=232.4%
[monitor] ['82%', '81%', '71%', '100%']  memcached=233.3%
[monitor] ['83%', '82%', '70%', '100%']  memcached=234.7%
[monitor] ['83%', '81%', '69%', '100%']  memcached=232.6%
[monitor] ['82%', '80%', '69%', '100%']  memcached=231.7%
[monitor] ['84%', '82%', '71%', '100%']  memcached=237.4%
[monitor] ['83%', '81%', '72%', '100%']  memcached=236.2%
[monitor] ['84%', '84%', '72%', '100%']  memcached=240.6%
[monitor] ['83%', '83%', '72%', '100%']  memcached=238.6%
[monitor] ['86%', '84%', '72%', '100%']  memcached=241.0%
[monitor] ['81%', '79%', '69%', '100%']  memcached=229.1%
[monitor] ['70%', '67%', '58%', '100%']  memcached=195.3%
[monitor] ['56%', '55%', '45%', '100%']  memcached=155.3%
[MEMCACHED] cores updated to: ['0', '2']
[streamcluster] cores updated to: [1, 3]
[monitor] ['66%', '99%', '64%', '96%']  memcached=130.4%
[monitor] ['66%', '99%', '64%', '96%']  memcached=129.8%
[monitor] ['67%', '98%', '64%', '95%']  memcached=130.9%
[monitor] ['66%', '99%', '64%', '96%']  memcached=130.2%
[monitor] ['66%', '99%', '65%', '96%']  memcached=130.4%
[monitor] ['66%', '99%', '63%', '98%']  memcached=129.5%
[monitor] ['67%', '100%', '64%', '97%']  memcached=131.0%
[monitor] ['67%', '99%', '65%', '97%']  memcached=131.8%
[monitor] ['66%', '99%', '65%', '97%']  memcached=131.3%
[monitor] ['65%', '100%', '63%', '97%']  memcached=127.2%
[monitor] ['65%', '99%', '64%', '98%']  memcached=128.9%
[monitor] ['67%', '99%', '64%', '97%']  memcached=130.4%
[monitor] ['68%', '99%', '66%', '96%']  memcached=133.0%
[monitor] ['48%', '99%', '46%', '96%']  memcached=94.1%
[monitor] ['27%', '99%', '23%', '97%']  memcached=50.4%
[MEMCACHED] cores updated to: ['0']
[streamcluster] cores updated to: [1, 2, 3]
[monitor] ['54%', '100%', '80%', '96%']  memcached=53.7%
[monitor] ['56%', '100%', '79%', '95%']  memcached=55.6%
[monitor] ['57%', '99%', '81%', '94%']  memcached=56.9%
[monitor] ['57%', '100%', '80%', '96%']  memcached=57.0%
[monitor] ['57%', '100%', '79%', '95%']  memcached=57.1%
[monitor] ['57%', '100%', '79%', '95%']  memcached=56.8%
[monitor] ['56%', '100%', '78%', '95%']  memcached=56.4%
[monitor] ['58%', '100%', '80%', '95%']  memcached=57.8%
[monitor] ['50%', '97%', '60%', '76%']  memcached=50.5%
[monitor] ['56%', '99%', '77%', '95%']  memcached=55.6%
[monitor] ['58%', '100%', '79%', '94%']  memcached=57.7%
[monitor] ['56%', '100%', '81%', '94%']  memcached=56.4%
[monitor] ['57%', '100%', '80%', '93%']  memcached=56.9%
[monitor] ['83%', '100%', '82%', '92%']  memcached=82.5%
[monitor] ['100%', '100%', '81%', '89%']  memcached=100.0%
[MEMCACHED] cores updated to: ['0', '1', '3']
[streamcluster] cores updated to: [2]
[monitor] ['84%', '80%', '100%', '73%']  memcached=237.3%
[monitor] ['71%', '66%', '100%', '57%']  memcached=193.6%
[monitor] ['75%', '68%', '100%', '58%']  memcached=201.7%
[monitor] ['75%', '69%', '100%', '60%']  memcached=203.1%
[monitor] ['73%', '67%', '100%', '58%']  memcached=198.1%
[monitor] ['74%', '68%', '100%', '58%']  memcached=199.9%
[monitor] ['75%', '68%', '100%', '59%']  memcached=201.7%
[monitor] ['74%', '69%', '100%', '60%']  memcached=202.5%
[monitor] ['74%', '68%', '100%', '59%']  memcached=201.2%
[monitor] ['72%', '65%', '100%', '56%']  memcached=193.8%
[monitor] ['71%', '65%', '100%', '56%']  memcached=192.4%
[monitor] ['71%', '66%', '100%', '56%']  memcached=192.5%
[monitor] ['72%', '68%', '100%', '57%']  memcached=197.6%
[monitor] ['67%', '62%', '100%', '51%']  memcached=180.1%
[monitor] ['66%', '58%', '100%', '50%']  memcached=173.9%
[monitor] ['65%', '59%', '100%', '50%']  memcached=174.1%
[monitor] ['62%', '57%', '100%', '47%']  memcached=166.0%
[monitor] ['63%', '58%', '100%', '49%']  memcached=169.3%
[monitor] ['64%', '57%', '100%', '47%']  memcached=168.4%
[monitor] ['64%', '59%', '100%', '47%']  memcached=170.1%
[monitor] ['64%', '59%', '100%', '49%']  memcached=171.5%
[monitor] ['64%', '58%', '100%', '48%']  memcached=169.9%
[monitor] ['64%', '59%', '100%', '50%']  memcached=173.2%
[monitor] ['62%', '58%', '100%', '49%']  memcached=168.2%
[monitor] ['64%', '59%', '100%', '50%']  memcached=173.8%
[monitor] ['64%', '60%', '100%', '51%']  memcached=174.9%
[monitor] ['63%', '58%', '100%', '50%']  memcached=171.0%
[monitor] ['64%', '58%', '100%', '50%']  memcached=171.8%
[monitor] ['55%', '48%', '100%', '41%']  memcached=143.7%
[MEMCACHED] cores updated to: ['0', '3']
[streamcluster] cores updated to: [1, 2]
[monitor] ['62%', '94%', '95%', '58%']  memcached=120.4%
[monitor] ['59%', '95%', '97%', '57%']  memcached=116.1%
[monitor] ['62%', '95%', '90%', '56%']  memcached=117.5%
[monitor] ['61%', '96%', '95%', '53%']  memcached=113.6%
[monitor] ['59%', '94%', '95%', '57%']  memcached=115.4%
[monitor] ['60%', '94%', '95%', '55%']  memcached=115.2%
[monitor] ['62%', '95%', '96%', '57%']  memcached=118.9%
[monitor] ['61%', '95%', '95%', '54%']  memcached=114.6%
[monitor] ['61%', '96%', '95%', '57%']  memcached=117.4%
[monitor] ['62%', '96%', '94%', '58%']  memcached=120.4%
[monitor] ['62%', '95%', '94%', '59%']  memcached=121.3%
[monitor] ['62%', '95%', '95%', '60%']  memcached=122.5%
[monitor] ['60%', '95%', '96%', '56%']  memcached=115.8%
[monitor] ['62%', '95%', '93%', '58%']  memcached=120.6%
[monitor] ['63%', '97%', '94%', '63%']  memcached=126.0%
[monitor] ['63%', '96%', '93%', '64%']  memcached=126.7%
[monitor] ['62%', '96%', '93%', '61%']  memcached=123.1%
[monitor] ['62%', '95%', '95%', '61%']  memcached=123.3%
[monitor] ['63%', '94%', '95%', '66%']  memcached=128.7%
[monitor] ['65%', '97%', '82%', '66%']  memcached=131.6%
[monitor] ['66%', '97%', '74%', '62%']  memcached=127.9%
[monitor] ['67%', '95%', '91%', '61%']  memcached=127.4%
[monitor] ['67%', '94%', '95%', '61%']  memcached=128.0%
[monitor] ['68%', '94%', '94%', '61%']  memcached=129.0%
[monitor] ['64%', '96%', '94%', '63%']  memcached=127.6%
[monitor] ['64%', '94%', '95%', '61%']  memcached=125.5%
[monitor] ['68%', '96%', '94%', '62%']  memcached=130.7%
[monitor] ['69%', '94%', '94%', '63%']  memcached=132.2%
[monitor] ['68%', '94%', '96%', '59%']  memcached=126.8%
[monitor] ['51%', '96%', '95%', '46%']  memcached=97.0%
[monitor] ['48%', '94%', '96%', '44%']  memcached=91.2%
[monitor] ['52%', '92%', '96%', '45%']  memcached=96.9%
[monitor] ['48%', '95%', '94%', '43%']  memcached=91.1%
[monitor] ['46%', '92%', '95%', '41%']  memcached=87.0%
[monitor] ['49%', '96%', '96%', '45%']  memcached=93.2%
[monitor] ['49%', '96%', '94%', '43%']  memcached=92.1%
[monitor] ['50%', '95%', '95%', '46%']  memcached=95.6%
[monitor] ['50%', '96%', '93%', '44%']  memcached=93.7%
[monitor] ['50%', '97%', '96%', '45%']  memcached=95.0%
[monitor] ['47%', '95%', '95%', '42%']  memcached=88.7%
[monitor] ['47%', '96%', '94%', '40%']  memcached=86.8%
[monitor] ['49%', '95%', '95%', '41%']  memcached=90.0%
[monitor] ['47%', '96%', '95%', '43%']  memcached=90.2%
[monitor] ['51%', '94%', '95%', '47%']  memcached=97.5%
[monitor] ['73%', '91%', '96%', '82%']  memcached=155.4%
[monitor] ['73%', '88%', '96%', '81%']  memcached=154.3%
[monitor] ['69%', '89%', '98%', '81%']  memcached=149.6%
[monitor] ['71%', '95%', '96%', '80%']  memcached=151.1%
[monitor] ['74%', '95%', '95%', '83%']  memcached=156.8%
[monitor] ['72%', '91%', '96%', '78%']  memcached=150.5%
[monitor] ['72%', '89%', '98%', '80%']  memcached=151.4%
[monitor] ['72%', '93%', '97%', '78%']  memcached=150.7%
[monitor] ['73%', '92%', '95%', '81%']  memcached=153.3%
[monitor] ['74%', '93%', '95%', '82%']  memcached=156.5%
[monitor] ['74%', '96%', '96%', '79%']  memcached=153.0%
[monitor] ['72%', '94%', '94%', '79%']  memcached=150.8%
[monitor] ['72%', '95%', '94%', '79%']  memcached=150.8%
[monitor] ['74%', '91%', '97%', '79%']  memcached=153.3%
[monitor] ['75%', '95%', '95%', '82%']  memcached=156.6%
[monitor] ['77%', '89%', '97%', '85%']  memcached=161.5%
[monitor] ['78%', '89%', '97%', '85%']  memcached=162.9%
[monitor] ['75%', '92%', '95%', '85%']  memcached=160.1%
[monitor] ['78%', '93%', '96%', '85%']  memcached=163.5%
[monitor] ['77%', '91%', '96%', '84%']  memcached=161.7%
[monitor] ['77%', '95%', '95%', '84%']  memcached=161.7%
[monitor] ['77%', '87%', '97%', '85%']  memcached=162.8%
[monitor] ['77%', '94%', '96%', '85%']  memcached=162.4%
[monitor] ['78%', '89%', '94%', '84%']  memcached=162.0%
[monitor] ['77%', '91%', '96%', '86%']  memcached=162.9%
[monitor] ['77%', '91%', '97%', '85%']  memcached=162.9%
[monitor] ['76%', '88%', '95%', '85%']  memcached=161.2%
[monitor] ['75%', '93%', '96%', '85%']  memcached=160.9%
[monitor] ['78%', '90%', '96%', '85%']  memcached=162.4%
[monitor] ['77%', '88%', '97%', '84%']  memcached=160.8%
[monitor] ['68%', '93%', '95%', '69%']  memcached=136.3%
[monitor] ['67%', '92%', '96%', '67%']  memcached=134.2%
[monitor] ['68%', '96%', '93%', '65%']  memcached=133.6%
[monitor] ['67%', '94%', '94%', '69%']  memcached=136.7%
[monitor] ['71%', '95%', '65%', '67%']  memcached=137.9%
[monitor] ['69%', '97%', '95%', '63%']  memcached=132.2%
[monitor] ['68%', '94%', '96%', '64%']  memcached=131.4%
[monitor] ['70%', '90%', '96%', '62%']  memcached=131.9%
[monitor] ['74%', '97%', '95%', '64%']  memcached=137.7%
[monitor] ['70%', '95%', '97%', '64%']  memcached=133.7%
[monitor] ['71%', '96%', '96%', '62%']  memcached=132.8%
[monitor] ['69%', '93%', '95%', '63%']  memcached=132.2%
[monitor] ['68%', '95%', '95%', '62%']  memcached=130.8%
[monitor] ['70%', '95%', '95%', '65%']  memcached=135.4%
[monitor] ['72%', '95%', '93%', '64%']  memcached=135.8%
[monitor] ['70%', '94%', '95%', '62%']  memcached=131.8%
[monitor] ['71%', '94%', '95%', '62%']  memcached=132.5%
[monitor] ['68%', '95%', '95%', '59%']  memcached=127.1%
[monitor] ['70%', '93%', '98%', '61%']  memcached=130.8%
[monitor] ['69%', '96%', '93%', '61%']  memcached=130.4%
[monitor] ['69%', '94%', '96%', '60%']  memcached=129.0%
[monitor] ['70%', '95%', '96%', '62%']  memcached=131.6%
[monitor] ['69%', '96%', '95%', '63%']  memcached=132.0%
[monitor] ['70%', '96%', '94%', '61%']  memcached=131.3%
[monitor] ['68%', '96%', '95%', '62%']  memcached=130.2%
[monitor] ['67%', '96%', '97%', '62%']  memcached=128.6%
[monitor] ['65%', '94%', '96%', '64%']  memcached=128.9%
[monitor] ['65%', '97%', '95%', '65%']  memcached=130.1%
[monitor] ['67%', '96%', '93%', '66%']  memcached=133.6%
[monitor] ['70%', '94%', '97%', '73%']  memcached=142.9%
[monitor] ['96%', '88%', '90%', '96%']  memcached=192.0%
[MEMCACHED] cores updated to: ['0', '2', '3']
[streamcluster] cores updated to: [1]
[monitor] ['86%', '100%', '74%', '72%']  memcached=232.2%
[monitor] ['85%', '100%', '73%', '71%']  memcached=229.6%
[monitor] ['87%', '100%', '75%', '73%']  memcached=235.8%
[monitor] ['86%', '100%', '73%', '72%']  memcached=231.5%
[monitor] ['87%', '100%', '75%', '73%']  memcached=235.3%
[monitor] ['86%', '100%', '75%', '73%']  memcached=234.4%
[monitor] ['87%', '100%', '75%', '73%']  memcached=236.0%
[monitor] ['88%', '100%', '74%', '73%']  memcached=234.7%
[monitor] ['86%', '100%', '74%', '73%']  memcached=233.1%
[monitor] ['86%', '100%', '73%', '73%']  memcached=231.0%
[monitor] ['86%', '100%', '73%', '72%']  memcached=231.7%
[monitor] ['86%', '100%', '74%', '73%']  memcached=233.5%
[monitor] ['86%', '100%', '73%', '72%']  memcached=231.7%
[monitor] ['64%', '100%', '54%', '52%']  memcached=170.1%
[monitor] ['10%', '100%', '5%', '2%']  memcached=17.3%
[MEMCACHED] cores updated to: ['0']
[streamcluster] cores updated to: [3, 1, 2]
[monitor] ['6%', '100%', '78%', '98%']  memcached=5.8%
[monitor] ['11%', '100%', '77%', '99%']  memcached=11.0%
[monitor] ['7%', '100%', '77%', '100%']  memcached=6.9%
[monitor] ['10%', '99%', '77%', '99%']  memcached=10.2%
[monitor] ['9%', '100%', '77%', '98%']  memcached=9.0%
[monitor] ['7%', '100%', '79%', '99%']  memcached=6.9%
[monitor] ['5%', '100%', '76%', '99%']  memcached=4.7%
[monitor] ['7%', '100%', '78%', '99%']  memcached=6.9%
[monitor] ['10%', '100%', '79%', '99%']  memcached=10.1%
[monitor] ['9%', '100%', '78%', '99%']  memcached=9.0%
[monitor] ['8%', '100%', '78%', '99%']  memcached=8.0%
[monitor] ['8%', '100%', '79%', '99%']  memcached=7.9%
[monitor] ['9%', '100%', '78%', '99%']  memcached=9.0%
[monitor] ['16%', '100%', '78%', '98%']  memcached=16.3%
[monitor] ['27%', '100%', '79%', '98%']  memcached=27.0%
[monitor] ['29%', '100%', '79%', '97%']  memcached=28.9%
[monitor] ['27%', '100%', '80%', '97%']  memcached=27.0%
[monitor] ['29%', '100%', '79%', '97%']  memcached=29.2%
[monitor] ['29%', '100%', '79%', '97%']  memcached=29.2%
[monitor] ['26%', '74%', '82%', '72%']  memcached=26.1%
[monitor] ['25%', '98%', '76%', '96%']  memcached=25.3%
[monitor] ['27%', '100%', '77%', '95%']  memcached=27.0%
[monitor] ['29%', '100%', '79%', '95%']  memcached=29.2%
[monitor] ['30%', '100%', '79%', '94%']  memcached=29.5%
[monitor] ['26%', '100%', '79%', '96%']  memcached=26.1%
[monitor] ['27%', '100%', '78%', '96%']  memcached=27.0%
[monitor] ['27%', '100%', '77%', '96%']  memcached=26.7%
[monitor] ['24%', '100%', '80%', '98%']  memcached=24.4%
[monitor] ['20%', '100%', '78%', '96%']  memcached=19.8%
[monitor] ['9%', '100%', '76%', '97%']  memcached=9.4%
[monitor] ['8%', '100%', '78%', '97%']  memcached=8.2%
[monitor] ['11%', '100%', '77%', '97%']  memcached=11.4%
[monitor] ['9%', '99%', '79%', '99%']  memcached=9.4%
[monitor] ['14%', '100%', '78%', '98%']  memcached=13.6%
[monitor] ['9%', '100%', '78%', '98%']  memcached=9.3%
[monitor] ['9%', '100%', '76%', '97%']  memcached=9.3%
[monitor] ['8%', '100%', '77%', '98%']  memcached=8.2%
[monitor] ['10%', '100%', '76%', '97%']  memcached=10.3%
[monitor] ['10%', '100%', '76%', '99%']  memcached=10.5%
[monitor] ['9%', '100%', '76%', '97%']  memcached=9.3%
[monitor] ['8%', '100%', '76%', '99%']  memcached=8.1%
[monitor] ['10%', '100%', '77%', '99%']  memcached=10.3%
[monitor] ['10%', '100%', '76%', '99%']  memcached=10.3%
[monitor] ['56%', '100%', '79%', '95%']  memcached=55.6%
[monitor] ['89%', '100%', '81%', '92%']  memcached=89.2%
[MEMCACHED] cores updated to: ['0', '2']
[streamcluster] cores updated to: [3, 1]
[monitor] ['63%', '100%', '60%', '95%']  memcached=122.7%
[monitor] ['63%', '99%', '61%', '96%']  memcached=123.8%
[monitor] ['62%', '99%', '60%', '97%']  memcached=122.4%
[monitor] ['62%', '99%', '60%', '97%']  memcached=122.5%
[monitor] ['63%', '99%', '62%', '98%']  memcached=125.1%
[monitor] ['63%', '100%', '61%', '95%']  memcached=124.4%
[monitor] ['63%', '98%', '59%', '95%']  memcached=122.8%
[monitor] ['64%', '100%', '61%', '95%']  memcached=124.6%
[monitor] ['64%', '98%', '63%', '97%']  memcached=127.1%
[monitor] ['63%', '99%', '60%', '95%']  memcached=123.2%
[monitor] ['63%', '98%', '61%', '96%']  memcached=123.7%
[monitor] ['65%', '100%', '57%', '95%']  memcached=122.0%
[monitor] ['66%', '98%', '57%', '98%']  memcached=122.7%
[monitor] ['44%', '99%', '37%', '97%']  memcached=80.3%
[monitor] ['27%', '99%', '18%', '97%']  memcached=44.6%
[MEMCACHED] cores updated to: ['0']
[streamcluster] cores updated to: [3, 1, 2]
[monitor] ['35%', '100%', '81%', '96%']  memcached=34.7%
[monitor] ['33%', '100%', '80%', '97%']  memcached=32.6%
[monitor] ['36%', '100%', '80%', '97%']  memcached=35.8%
[monitor] ['32%', '100%', '78%', '97%']  memcached=32.2%
[monitor] ['28%', '32%', '35%', '30%']  memcached=28.1%
[streamcluster] ended.
[vips] started on cores: [1, 2, 3] with 3 threads.
[monitor] ['32%', '16%', '73%', '21%']  memcached=31.9%
[monitor] ['37%', '2%', '100%', '1%']  memcached=36.8%
[monitor] ['31%', '84%', '99%', '85%']  memcached=31.1%
[monitor] ['34%', '100%', '100%', '100%']  memcached=34.1%
[monitor] ['28%', '100%', '100%', '100%']  memcached=28.4%
[monitor] ['45%', '100%', '100%', '100%']  memcached=44.9%
[monitor] ['30%', '100%', '100%', '100%']  memcached=29.5%
[monitor] ['36%', '100%', '100%', '100%']  memcached=35.9%
[monitor] ['90%', '100%', '100%', '100%']  memcached=89.7%
[MEMCACHED] cores updated to: ['0', '1']
[vips] cores updated to: [2, 3]
[monitor] ['97%', '100%', '100%', '100%']  memcached=197.0%
[MEMCACHED] cores updated to: ['0', '1', '2']
[vips] cores updated to: [3]
[monitor] ['78%', '73%', '64%', '100%']  memcached=215.4%
[monitor] ['78%', '75%', '94%', '100%']  memcached=246.6%
[monitor] ['77%', '73%', '100%', '100%']  memcached=250.0%
[monitor] ['77%', '97%', '68%', '100%']  memcached=242.4%
[monitor] ['76%', '73%', '98%', '100%']  memcached=247.5%
[monitor] ['82%', '72%', '92%', '100%']  memcached=245.6%
[monitor] ['77%', '72%', '100%', '100%']  memcached=249.2%
[monitor] ['93%', '76%', '77%', '100%']  memcached=246.1%
[monitor] ['81%', '87%', '73%', '100%']  memcached=240.5%
[monitor] ['78%', '81%', '93%', '100%']  memcached=252.1%
[monitor] ['79%', '97%', '70%', '100%']  memcached=246.6%
[monitor] ['77%', '88%', '81%', '100%']  memcached=246.8%
[monitor] ['86%', '90%', '64%', '100%']  memcached=240.5%
[monitor] ['100%', '15%', '30%', '100%']  memcached=144.7%
[MEMCACHED] cores updated to: ['0', '2']
[vips] cores updated to: [1, 3]
[monitor] ['23%', '100%', '19%', '100%']  memcached=41.6%
[MEMCACHED] cores updated to: ['0']
[vips] cores updated to: [1, 2, 3]
[monitor] ['38%', '100%', '100%', '100%']  memcached=37.6%
[monitor] ['40%', '100%', '100%', '100%']  memcached=40.4%
[monitor] ['43%', '100%', '100%', '100%']  memcached=43.4%
[monitor] ['41%', '100%', '99%', '100%']  memcached=40.6%
[monitor] ['40%', '100%', '100%', '100%']  memcached=40.0%
[monitor] ['41%', '100%', '100%', '100%']  memcached=41.2%
[monitor] ['41%', '100%', '100%', '100%']  memcached=41.1%
[monitor] ['41%', '100%', '100%', '100%']  memcached=41.1%
[monitor] ['41%', '100%', '100%', '100%']  memcached=40.6%
[monitor] ['41%', '100%', '100%', '100%']  memcached=40.6%
[monitor] ['42%', '100%', '100%', '100%']  memcached=41.7%
[monitor] ['41%', '100%', '100%', '100%']  memcached=41.1%
[monitor] ['60%', '100%', '100%', '100%']  memcached=60.0%
[monitor] ['100%', '100%', '100%', '100%']  memcached=100.0%
[MEMCACHED] cores updated to: ['0', '1', '3']
[vips] cores updated to: [2]
[monitor] ['89%', '86%', '100%', '83%']  memcached=257.6%
[monitor] ['76%', '71%', '100%', '62%']  memcached=208.3%
[monitor] ['74%', '68%', '100%', '58%']  memcached=199.6%
[monitor] ['74%', '70%', '100%', '61%']  memcached=205.5%
[monitor] ['75%', '71%', '100%', '61%']  memcached=206.4%
[monitor] ['75%', '71%', '100%', '62%']  memcached=207.7%
[monitor] ['75%', '70%', '100%', '62%']  memcached=206.8%
[monitor] ['74%', '70%', '100%', '62%']  memcached=205.2%
[monitor] ['77%', '73%', '100%', '64%']  memcached=213.9%
[monitor] ['76%', '72%', '100%', '62%']  memcached=210.6%
[monitor] ['78%', '77%', '100%', '72%']  memcached=227.1%
[monitor] ['78%', '72%', '100%', '97%']  memcached=247.5%
[monitor] ['96%', '71%', '100%', '70%']  memcached=236.7%
[monitor] ['65%', '67%', '100%', '90%']  memcached=222.5%
[monitor] ['88%', '60%', '100%', '44%']  memcached=192.2%
[monitor] ['80%', '59%', '100%', '39%']  memcached=177.9%
[monitor] ['50%', '44%', '100%', '36%']  memcached=129.8%
[MEMCACHED] cores updated to: ['0', '3']
[vips] cores updated to: [1, 2]
[monitor] ['58%', '100%', '100%', '51%']  memcached=109.9%
[monitor] ['58%', '100%', '100%', '52%']  memcached=109.6%
[monitor] ['57%', '100%', '100%', '50%']  memcached=107.8%
[monitor] ['66%', '64%', '95%', '53%']  memcached=118.7%
[vips] ended.
[MEMCACHED] cores updated to: ['0', '1', '2', '3']
