Scheduler started.
[MEMCACHED] cores updated to: ['0', '1', '2']
[radix] started on cores: [3] with 1 threads.
[monitor] ['16%', '14%', '11%', '100%']  memcached=40.7%
[MEMCACHED] cores updated to: ['0']
[barnes] started on cores: [1, 2] with 2 threads.
[monitor] ['80%', '78%', '36%', '100%']  memcached=80.3%
[monitor] ['100%', '98%', '37%', '100%']  memcached=100.0%
[MEMCACHED] cores updated to: ['0', '1', '2']
[barnes] paused.
[monitor] ['85%', '85%', '95%', '100%']  memcached=264.5%
[monitor] ['61%', '57%', '66%', '100%']  memcached=183.4%
[monitor] ['50%', '52%', '54%', '100%']  memcached=156.0%
[MEMCACHED] cores updated to: ['0', '2']
[radix] paused.
[barnes] unpaused.
[barnes] cores updated to: [1, 3]
[monitor] ['54%', '100%', '56%', '100%']  memcached=110.0%
[monitor] ['37%', '96%', '36%', '100%']  memcached=73.3%
[MEMCACHED] cores updated to: ['0']
[radix] unpaused.
[radix] cores updated to: [2]
[monitor] ['85%', '100%', '100%', '100%']  memcached=85.5%
[MEMCACHED] cores updated to: ['0', '2']
[radix] paused.
[monitor] ['41%', '100%', '38%', '100%']  memcached=78.6%
[MEMCACHED] cores updated to: ['0']
[radix] unpaused.
[monitor] ['83%', '100%', '100%', '100%']  memcached=82.5%
[monitor] ['35%', '100%', '100%', '100%']  memcached=34.6%
[monitor] ['38%', '100%', '100%', '100%']  memcached=38.2%
[monitor] ['45%', '100%', '100%', '100%']  memcached=44.8%
[monitor] ['45%', '100%', '100%', '100%']  memcached=44.6%
[monitor] ['49%', '100%', '100%', '100%']  memcached=49.1%
[monitor] ['69%', '100%', '100%', '100%']  memcached=69.5%
[monitor] ['72%', '100%', '100%', '100%']  memcached=71.7%
[monitor] ['73%', '100%', '100%', '100%']  memcached=72.6%
[monitor] ['75%', '100%', '100%', '100%']  memcached=74.6%
[monitor] ['55%', '100%', '100%', '100%']  memcached=54.8%
[monitor] ['46%', '100%', '100%', '100%']  memcached=46.3%
[monitor] ['46%', '100%', '100%', '100%']  memcached=46.4%
[monitor] ['46%', '100%', '100%', '100%']  memcached=46.3%
[monitor] ['48%', '100%', '100%', '100%']  memcached=47.8%
[monitor] ['90%', '100%', '100%', '100%']  memcached=90.2%
[MEMCACHED] cores updated to: ['0', '2']
[radix] paused.
[monitor] ['100%', '100%', '100%', '100%']  memcached=200.0%
[MEMCACHED] cores updated to: ['0', '2', '3']
[radix] unpaused.
[radix] cores updated to: [1]
[barnes] paused.
[monitor] ['77%', '100%', '90%', '73%']  memcached=240.7%
[monitor] ['70%', '100%', '77%', '68%']  memcached=214.5%
[monitor] ['69%', '100%', '78%', '69%']  memcached=214.7%
[monitor] ['70%', '100%', '77%', '69%']  memcached=215.2%
[monitor] ['69%', '100%', '75%', '67%']  memcached=211.5%
[monitor] ['68%', '100%', '76%', '67%']  memcached=212.1%
[monitor] ['70%', '100%', '76%', '67%']  memcached=212.6%
[monitor] ['67%', '100%', '73%', '67%']  memcached=207.0%
[monitor] ['66%', '100%', '71%', '64%']  memcached=200.7%
[monitor] ['68%', '100%', '73%', '67%']  memcached=208.0%
[monitor] ['66%', '100%', '71%', '63%']  memcached=199.6%
[monitor] ['67%', '100%', '71%', '71%']  memcached=208.4%
[monitor] ['50%', '100%', '50%', '46%']  memcached=145.6%
[MEMCACHED] cores updated to: ['0', '3']
[radix] paused.
[barnes] unpaused.
[barnes] cores updated to: [1, 2]
[monitor] ['42%', '100%', '100%', '39%']  memcached=81.1%
[monitor] ['42%', '100%', '57%', '35%']  memcached=77.4%
[MEMCACHED] cores updated to: ['0']
[radix] unpaused.
[radix] cores updated to: [3]
[monitor] ['63%', '100%', '94%', '100%']  memcached=63.3%
[monitor] ['62%', '100%', '100%', '100%']  memcached=62.5%
[monitor] ['38%', '100%', '100%', '100%']  memcached=38.4%
[monitor] ['36%', '100%', '100%', '100%']  memcached=35.8%
[monitor] ['38%', '100%', '100%', '100%']  memcached=37.5%
[monitor] ['43%', '100%', '100%', '68%']  memcached=42.7%
[radix] ended.
[blackscholes] started on cores: [3] with 3 threads.
[monitor] ['78%', '94%', '100%', '100%']  memcached=77.6%
[monitor] ['76%', '100%', '100%', '100%']  memcached=76.1%
[monitor] ['60%', '100%', '100%', '100%']  memcached=60.4%
[monitor] ['57%', '100%', '100%', '100%']  memcached=57.5%
[monitor] ['59%', '100%', '100%', '100%']  memcached=58.6%
[monitor] ['63%', '100%', '100%', '100%']  memcached=63.4%
[monitor] ['59%', '100%', '100%', '100%']  memcached=58.6%
[monitor] ['100%', '100%', '100%', '100%']  memcached=100.0%
[MEMCACHED] cores updated to: ['0', '1', '2']
[barnes] paused.
[monitor] ['85%', '85%', '91%', '100%']  memcached=261.9%
[monitor] ['72%', '73%', '75%', '100%']  memcached=220.8%
[monitor] ['75%', '75%', '77%', '100%']  memcached=226.8%
[monitor] ['66%', '98%', '67%', '100%']  memcached=230.3%
[monitor] ['36%', '100%', '34%', '100%']  memcached=169.6%
[monitor] ['39%', '100%', '36%', '100%']  memcached=174.1%
[monitor] ['36%', '68%', '67%', '100%']  memcached=171.1%
[monitor] ['36%', '36%', '75%', '100%']  memcached=147.0%
[MEMCACHED] cores updated to: ['0', '2']
[barnes] unpaused.
[barnes] cores updated to: [1, 3]
[blackscholes] paused.
[monitor] ['45%', '100%', '44%', '100%']  memcached=89.0%
[monitor] ['50%', '100%', '46%', '100%']  memcached=95.8%
[monitor] ['49%', '100%', '49%', '100%']  memcached=98.1%
[monitor] ['49%', '100%', '48%', '100%']  memcached=97.3%
[monitor] ['50%', '100%', '49%', '100%']  memcached=98.7%
[monitor] ['68%', '100%', '67%', '100%']  memcached=135.4%
[monitor] ['83%', '100%', '84%', '100%']  memcached=167.5%
[monitor] ['82%', '100%', '84%', '100%']  memcached=165.7%
[monitor] ['81%', '100%', '85%', '100%']  memcached=166.5%
[monitor] ['81%', '100%', '87%', '100%']  memcached=167.4%
[monitor] ['44%', '100%', '44%', '100%']  memcached=88.5%
[monitor] ['40%', '100%', '40%', '60%']  memcached=79.6%
[MEMCACHED] cores updated to: ['0']
[blackscholes] unpaused.
[blackscholes] cores updated to: [2]
[monitor] ['50%', '94%', '100%', '62%']  memcached=49.7%
[monitor] ['49%', '100%', '100%', '100%']  memcached=49.4%
[monitor] ['51%', '100%', '100%', '100%']  memcached=50.9%
[monitor] ['87%', '100%', '100%', '100%']  memcached=86.8%
[MEMCACHED] cores updated to: ['0', '2']
[blackscholes] paused.
[monitor] ['69%', '100%', '69%', '100%']  memcached=138.0%
[monitor] ['69%', '100%', '68%', '100%']  memcached=137.0%
[monitor] ['69%', '100%', '68%', '100%']  memcached=136.5%
[monitor] ['64%', '100%', '64%', '100%']  memcached=127.6%
[monitor] ['54%', '100%', '53%', '100%']  memcached=107.4%
[monitor] ['55%', '100%', '53%', '100%']  memcached=108.0%
[monitor] ['54%', '100%', '54%', '100%']  memcached=108.3%
[monitor] ['55%', '100%', '55%', '100%']  memcached=110.5%
[monitor] ['68%', '100%', '69%', '100%']  memcached=136.3%
[monitor] ['91%', '100%', '94%', '100%']  memcached=185.1%
[MEMCACHED] cores updated to: ['0', '2', '3']
[barnes] paused.
[blackscholes] unpaused.
[blackscholes] cores updated to: [1]
[monitor] ['78%', '100%', '81%', '74%']  memcached=232.9%
[monitor] ['76%', '100%', '79%', '74%']  memcached=228.7%
[monitor] ['75%', '100%', '80%', '74%']  memcached=228.4%
[monitor] ['57%', '100%', '57%', '56%']  memcached=170.8%
[monitor] ['53%', '100%', '53%', '51%']  memcached=157.5%
[MEMCACHED] cores updated to: ['0', '3']
[barnes] unpaused.
[barnes] cores updated to: [1, 2]
[blackscholes] paused.
[monitor] ['59%', '100%', '100%', '59%']  memcached=118.2%
[monitor] ['59%', '100%', '100%', '59%']  memcached=118.9%
[monitor] ['58%', '100%', '100%', '60%']  memcached=118.1%
[monitor] ['76%', '100%', '100%', '75%']  memcached=151.4%
[monitor] ['76%', '100%', '100%', '76%']  memcached=152.0%
[monitor] ['76%', '100%', '100%', '78%']  memcached=154.3%
[monitor] ['75%', '100%', '100%', '76%']  memcached=151.0%
[monitor] ['76%', '64%', '86%', '78%']  memcached=154.1%
[barnes] ended.
[blackscholes] unpaused.
[blackscholes] cores updated to: [1, 2]
[monitor] ['73%', '100%', '100%', '76%']  memcached=149.7%
[monitor] ['73%', '100%', '100%', '79%']  memcached=151.8%
[monitor] ['73%', '100%', '100%', '79%']  memcached=151.6%
[monitor] ['75%', '100%', '100%', '77%']  memcached=151.9%
[monitor] ['70%', '100%', '100%', '72%']  memcached=142.1%
[monitor] ['64%', '100%', '100%', '64%']  memcached=127.9%
[monitor] ['64%', '100%', '100%', '63%']  memcached=127.7%
[monitor] ['63%', '100%', '100%', '64%']  memcached=127.3%
[monitor] ['61%', '100%', '100%', '66%']  memcached=127.3%
[monitor] ['66%', '100%', '100%', '65%']  memcached=131.0%
[monitor] ['69%', '100%', '100%', '65%']  memcached=133.4%
[monitor] ['71%', '100%', '100%', '63%']  memcached=133.2%
[monitor] ['67%', '100%', '100%', '68%']  memcached=135.5%
[monitor] ['69%', '100%', '100%', '65%']  memcached=134.1%
[monitor] ['60%', '100%', '100%', '58%']  memcached=117.9%
[monitor] ['57%', '100%', '100%', '54%']  memcached=110.3%
[monitor] ['56%', '100%', '100%', '56%']  memcached=111.3%
[monitor] ['54%', '100%', '100%', '56%']  memcached=110.1%
[monitor] ['55%', '100%', '100%', '55%']  memcached=110.1%
[monitor] ['69%', '100%', '100%', '69%']  memcached=137.9%
[monitor] ['77%', '100%', '100%', '81%']  memcached=158.7%
[monitor] ['74%', '100%', '100%', '79%']  memcached=152.7%
[monitor] ['75%', '100%', '100%', '78%']  memcached=153.1%
[monitor] ['76%', '100%', '100%', '75%']  memcached=151.1%
[monitor] ['60%', '100%', '100%', '59%']  memcached=118.9%
[monitor] ['59%', '100%', '100%', '57%']  memcached=115.6%
[monitor] ['56%', '100%', '100%', '59%']  memcached=115.4%
[monitor] ['57%', '100%', '100%', '57%']  memcached=114.3%
[monitor] ['56%', '100%', '100%', '56%']  memcached=112.5%
[monitor] ['63%', '100%', '100%', '60%']  memcached=122.6%
[monitor] ['62%', '100%', '100%', '63%']  memcached=124.8%
[monitor] ['62%', '100%', '100%', '61%']  memcached=123.5%
[monitor] ['63%', '100%', '100%', '62%']  memcached=125.2%
[monitor] ['62%', '99%', '53%', '59%']  memcached=120.4%
[monitor] ['51%', '9%', '100%', '50%']  memcached=100.8%
[monitor] ['51%', '10%', '100%', '50%']  memcached=100.4%
[monitor] ['50%', '9%', '100%', '50%']  memcached=100.0%
[monitor] ['51%', '9%', '100%', '49%']  memcached=100.0%
[monitor] ['51%', '16%', '97%', '50%']  memcached=100.8%
[monitor] ['39%', '9%', '23%', '38%']  memcached=77.4%
[blackscholes] ended.
[MEMCACHED] cores updated to: ['0']
[canneal] started on cores: [1, 2, 3] with 3 threads.
[monitor] ['100%', '64%', '30%', '46%']  memcached=100.0%
[MEMCACHED] cores updated to: ['0', '1', '2']
[canneal] cores updated to: [3]
[monitor] ['71%', '80%', '82%', '100%']  memcached=231.9%
[monitor] ['55%', '56%', '54%', '100%']  memcached=165.0%
[monitor] ['53%', '53%', '53%', '100%']  memcached=159.4%
[MEMCACHED] cores updated to: ['0', '2']
[canneal] cores updated to: [1, 3]
[monitor] ['62%', '50%', '63%', '65%']  memcached=124.6%
[monitor] ['65%', '100%', '62%', '34%']  memcached=127.9%
[monitor] ['63%', '100%', '61%', '10%']  memcached=124.2%
[monitor] ['80%', '96%', '87%', '19%']  memcached=166.9%
[monitor] ['80%', '100%', '86%', '11%']  memcached=165.6%
[monitor] ['82%', '100%', '82%', '12%']  memcached=164.1%
[monitor] ['82%', '85%', '84%', '34%']  memcached=166.1%
[monitor] ['84%', '68%', '84%', '62%']  memcached=167.3%
[monitor] ['98%', '64%', '92%', '57%']  memcached=190.2%
[MEMCACHED] cores updated to: ['0', '2', '3']
[canneal] cores updated to: [1]
[monitor] ['73%', '100%', '78%', '76%']  memcached=227.0%
[monitor] ['75%', '100%', '78%', '77%']  memcached=230.4%
[monitor] ['76%', '100%', '78%', '77%']  memcached=231.2%
[monitor] ['68%', '100%', '71%', '68%']  memcached=207.2%
[monitor] ['59%', '100%', '60%', '58%']  memcached=176.8%
[monitor] ['60%', '100%', '62%', '58%']  memcached=179.9%
[monitor] ['58%', '100%', '57%', '55%']  memcached=169.5%
[monitor] ['60%', '100%', '60%', '57%']  memcached=177.8%
[monitor] ['48%', '100%', '48%', '44%']  memcached=139.5%
[MEMCACHED] cores updated to: ['0', '3']
[canneal] cores updated to: [1, 2]
[monitor] ['40%', '100%', '4%', '27%']  memcached=67.6%
[MEMCACHED] cores updated to: ['0']
[canneal] cores updated to: [3, 1, 2]
[monitor] ['49%', '97%', '5%', '8%']  memcached=48.9%
[monitor] ['46%', '6%', '5%', '100%']  memcached=45.6%
[monitor] ['49%', '5%', '3%', '100%']  memcached=48.8%
[monitor] ['35%', '2%', '2%', '100%']  memcached=35.4%
[monitor] ['28%', '4%', '3%', '100%']  memcached=27.6%
[monitor] ['26%', '2%', '2%', '100%']  memcached=25.7%
[monitor] ['24%', '22%', '3%', '81%']  memcached=23.8%
[monitor] ['25%', '100%', '3%', '4%']  memcached=25.5%
[monitor] ['72%', '100%', '5%', '4%']  memcached=71.7%
[monitor] ['99%', '100%', '6%', '5%']  memcached=98.9%
[MEMCACHED] cores updated to: ['0', '1', '3']
[canneal] cores updated to: [2]
[monitor] ['46%', '39%', '100%', '38%']  memcached=123.1%
[MEMCACHED] cores updated to: ['0', '3']
[canneal] cores updated to: [1, 2]
[monitor] ['59%', '40%', '78%', '52%']  memcached=111.7%
[monitor] ['58%', '100%', '10%', '53%']  memcached=111.4%
[monitor] ['55%', '100%', '7%', '49%']  memcached=104.6%
[monitor] ['57%', '100%', '7%', '52%']  memcached=109.8%
[monitor] ['52%', '100%', '7%', '46%']  memcached=97.9%
[monitor] ['48%', '100%', '7%', '43%']  memcached=90.6%
[monitor] ['49%', '100%', '5%', '40%']  memcached=88.9%
[monitor] ['74%', '90%', '92%', '76%']  memcached=150.0%
[monitor] ['74%', '95%', '95%', '76%']  memcached=150.0%
[monitor] ['76%', '95%', '94%', '76%']  memcached=152.7%
[monitor] ['79%', '94%', '96%', '82%']  memcached=161.0%
[monitor] ['70%', '95%', '97%', '75%']  memcached=145.0%
[monitor] ['30%', '95%', '93%', '19%']  memcached=48.8%
[MEMCACHED] cores updated to: ['0']
[canneal] cores updated to: [3, 1, 2]
[monitor] ['71%', '96%', '100%', '94%']  memcached=70.9%
[monitor] ['70%', '96%', '100%', '96%']  memcached=70.4%
[monitor] ['70%', '98%', '99%', '96%']  memcached=69.8%
[monitor] ['55%', '97%', '98%', '96%']  memcached=55.4%
[monitor] ['15%', '99%', '95%', '98%']  memcached=15.4%
[monitor] ['11%', '99%', '96%', '98%']  memcached=11.3%
[monitor] ['18%', '99%', '97%', '99%']  memcached=18.2%
[monitor] ['14%', '99%', '96%', '98%']  memcached=14.3%
[monitor] ['52%', '98%', '98%', '97%']  memcached=51.9%
[monitor] ['100%', '92%', '100%', '89%']  memcached=100.0%
[MEMCACHED] cores updated to: ['0', '2', '3']
[canneal] cores updated to: [1]
[monitor] ['27%', '100%', '28%', '26%']  memcached=81.4%
[MEMCACHED] cores updated to: ['0', '3']
[canneal] cores updated to: [2, 1]
[monitor] ['47%', '96%', '96%', '41%']  memcached=88.2%
[monitor] ['44%', '95%', '96%', '43%']  memcached=87.0%
[monitor] ['31%', '95%', '95%', '31%']  memcached=62.3%
[MEMCACHED] cores updated to: ['0']
[canneal] cores updated to: [2, 1, 3]
[monitor] ['85%', '95%', '100%', '95%']  memcached=85.0%
[monitor] ['85%', '96%', '99%', '94%']  memcached=84.6%
[monitor] ['87%', '96%', '100%', '94%']  memcached=87.1%
[MEMCACHED] cores updated to: ['0', '1']
[canneal] cores updated to: [2, 3]
[monitor] ['30%', '31%', '95%', '93%']  memcached=61.3%
[MEMCACHED] cores updated to: ['0']
[canneal] cores updated to: [2, 1, 3]
[monitor] ['53%', '96%', '99%', '95%']  memcached=53.2%
[monitor] ['44%', '98%', '100%', '96%']  memcached=44.2%
[monitor] ['43%', '94%', '99%', '93%']  memcached=42.9%
[monitor] ['41%', '98%', '99%', '96%']  memcached=41.5%
[monitor] ['40%', '97%', '99%', '97%']  memcached=40.5%
[monitor] ['60%', '98%', '99%', '95%']  memcached=60.4%
[monitor] ['60%', '97%', '100%', '95%']  memcached=60.0%
[monitor] ['68%', '97%', '99%', '95%']  memcached=67.9%
[monitor] ['67%', '98%', '99%', '95%']  memcached=66.7%
[monitor] ['65%', '97%', '100%', '95%']  memcached=64.7%
[monitor] ['15%', '100%', '98%', '98%']  memcached=14.9%
[monitor] ['17%', '98%', '98%', '97%']  memcached=16.7%
[monitor] ['15%', '98%', '99%', '98%']  memcached=14.9%
[monitor] ['17%', '99%', '99%', '97%']  memcached=16.7%
[monitor] ['34%', '98%', '100%', '97%']  memcached=34.0%
[monitor] ['99%', '94%', '100%', '92%']  memcached=98.9%
[MEMCACHED] cores updated to: ['0', '2', '3']
[canneal] cores updated to: [1]
[monitor] ['19%', '100%', '20%', '15%']  memcached=54.6%
[MEMCACHED] cores updated to: ['0']
[canneal] cores updated to: [2, 1, 3]
[monitor] ['100%', '90%', '99%', '88%']  memcached=100.0%
[MEMCACHED] cores updated to: ['0', '1', '3']
[canneal] cores updated to: [2]
[monitor] ['27%', '22%', '100%', '16%']  memcached=63.7%
[MEMCACHED] cores updated to: ['0']
[canneal] cores updated to: [2, 1, 3]
[monitor] ['99%', '95%', '99%', '93%']  memcached=99.0%
[MEMCACHED] cores updated to: ['0', '1', '2']
[canneal] cores updated to: [3]
[monitor] ['26%', '27%', '25%', '100%']  memcached=78.4%
[MEMCACHED] cores updated to: ['0']
[canneal] cores updated to: [2, 1, 3]
[monitor] ['100%', '95%', '95%', '93%']  memcached=100.0%
[MEMCACHED] cores updated to: ['0', '2', '3']
[canneal] cores updated to: [1]
[monitor] ['31%', '100%', '34%', '25%']  memcached=90.6%
[MEMCACHED] cores updated to: ['0', '3']
[canneal] cores updated to: [2, 1]
[monitor] ['49%', '96%', '95%', '45%']  memcached=94.4%
[monitor] ['29%', '94%', '96%', '25%']  memcached=53.8%
[MEMCACHED] cores updated to: ['0']
[canneal] cores updated to: [2, 1, 3]
[monitor] ['76%', '98%', '100%', '96%']  memcached=76.5%
[monitor] ['79%', '96%', '99%', '95%']  memcached=79.3%
[monitor] ['83%', '97%', '98%', '95%']  memcached=83.1%
[monitor] ['79%', '97%', '99%', '95%']  memcached=78.6%
[monitor] ['75%', '95%', '100%', '94%']  memcached=74.5%
[monitor] ['74%', '96%', '99%', '95%']  memcached=73.6%
[monitor] ['77%', '94%', '100%', '92%']  memcached=77.4%
[monitor] ['75%', '96%', '100%', '95%']  memcached=74.5%
[monitor] ['75%', '95%', '100%', '94%']  memcached=74.5%
[monitor] ['100%', '98%', '96%', '96%']  memcached=100.0%
[MEMCACHED] cores updated to: ['0', '1', '3']
[canneal] cores updated to: [2]
[monitor] ['88%', '92%', '100%', '92%']  memcached=272.2%
[monitor] ['52%', '53%', '100%', '45%']  memcached=151.2%
[MEMCACHED] cores updated to: ['0', '3']
[canneal] cores updated to: [2, 1]
[monitor] ['85%', '90%', '96%', '89%']  memcached=174.5%
[MEMCACHED] cores updated to: ['0', '2', '3']
[canneal] cores updated to: [1]
[monitor] ['30%', '100%', '33%', '26%']  memcached=89.5%
[MEMCACHED] cores updated to: ['0', '3']
[canneal] cores updated to: [2, 1]
[monitor] ['12%', '92%', '90%', '0%']  memcached=11.9%
[MEMCACHED] cores updated to: ['0']
[canneal] cores updated to: [2, 1, 3]
[monitor] ['21%', '100%', '90%', '99%']  memcached=20.8%
[monitor] ['19%', '99%', '91%', '100%']  memcached=19.0%
[monitor] ['18%', '100%', '90%', '100%']  memcached=17.6%
[monitor] ['23%', '100%', '92%', '100%']  memcached=22.8%
[monitor] ['19%', '99%', '94%', '99%']  memcached=18.6%
[monitor] ['20%', '100%', '93%', '99%']  memcached=20.0%
[monitor] ['16%', '99%', '94%', '99%']  memcached=16.0%
[monitor] ['18%', '100%', '94%', '99%']  memcached=18.3%
[monitor] ['22%', '100%', '92%', '99%']  memcached=22.2%
[monitor] ['22%', '100%', '91%', '99%']  memcached=22.1%
[monitor] ['8%', '100%', '27%', '30%']  memcached=7.8%
[monitor] ['2%', '100%', '1%', '0%']  memcached=2.3%
[monitor] ['3%', '100%', '1%', '0%']  memcached=3.4%
[monitor] ['21%', '74%', '1%', '32%']  memcached=21.1%
[monitor] ['39%', '36%', '10%', '10%']  memcached=39.1%
[canneal] ended.
[freqmine] started on cores: [1, 2, 3] with 3 threads.
[monitor] ['59%', '22%', '60%', '33%']  memcached=58.8%
[monitor] ['100%', '12%', '5%', '94%']  memcached=100.0%
[MEMCACHED] cores updated to: ['0', '1', '2']
[freqmine] cores updated to: [3]
[monitor] ['42%', '48%', '48%', '100%']  memcached=138.4%
[MEMCACHED] cores updated to: ['0', '2']
[freqmine] cores updated to: [1, 3]
[monitor] ['61%', '100%', '62%', '88%']  memcached=123.9%
[monitor] ['67%', '100%', '68%', '100%']  memcached=135.0%
[monitor] ['24%', '100%', '40%', '100%']  memcached=63.8%
[MEMCACHED] cores updated to: ['0']
[freqmine] cores updated to: [1, 2, 3]
[monitor] ['11%', '100%', '95%', '100%']  memcached=11.3%
[monitor] ['7%', '100%', '100%', '100%']  memcached=7.1%
[monitor] ['10%', '72%', '100%', '76%']  memcached=9.7%
[monitor] ['10%', '100%', '100%', '100%']  memcached=9.7%
[monitor] ['92%', '100%', '100%', '100%']  memcached=91.6%
[MEMCACHED] cores updated to: ['0', '3']
[freqmine] cores updated to: [1, 2]
[monitor] ['66%', '100%', '100%', '84%']  memcached=150.3%
[monitor] ['52%', '100%', '100%', '49%']  memcached=100.8%
[monitor] ['47%', '100%', '100%', '47%']  memcached=94.6%
[monitor] ['42%', '100%', '100%', '32%']  memcached=73.7%
[MEMCACHED] cores updated to: ['0']
[freqmine] cores updated to: [1, 2, 3]
[monitor] ['43%', '100%', '100%', '99%']  memcached=43.5%
[monitor] ['38%', '100%', '100%', '100%']  memcached=38.1%
[monitor] ['35%', '100%', '100%', '100%']  memcached=34.9%
[monitor] ['32%', '100%', '100%', '100%']  memcached=31.8%
[monitor] ['16%', '99%', '100%', '100%']  memcached=16.4%
[monitor] ['15%', '100%', '100%', '100%']  memcached=15.2%
[monitor] ['13%', '100%', '100%', '100%']  memcached=12.7%
[monitor] ['12%', '100%', '100%', '100%']  memcached=11.8%
[monitor] ['16%', '100%', '100%', '100%']  memcached=16.5%
[monitor] ['68%', '100%', '100%', '100%']  memcached=68.1%
[monitor] ['100%', '100%', '100%', '100%']  memcached=100.0%
[MEMCACHED] cores updated to: ['0', '1', '2']
[freqmine] cores updated to: [3]
[monitor] ['71%', '65%', '76%', '100%']  memcached=211.5%
[monitor] ['38%', '36%', '40%', '100%']  memcached=114.5%
[MEMCACHED] cores updated to: ['0', '2']
[freqmine] cores updated to: [1, 3]
[monitor] ['64%', '100%', '79%', '100%']  memcached=143.3%
[monitor] ['41%', '100%', '37%', '100%']  memcached=77.7%
[MEMCACHED] cores updated to: ['0']
[freqmine] cores updated to: [1, 2, 3]
[monitor] ['76%', '100%', '100%', '100%']  memcached=76.4%
[monitor] ['83%', '100%', '100%', '100%']  memcached=83.3%
[monitor] ['86%', '100%', '100%', '100%']  memcached=85.7%
[MEMCACHED] cores updated to: ['0', '3']
[freqmine] cores updated to: [1, 2]
[monitor] ['26%', '100%', '100%', '33%']  memcached=58.6%
[MEMCACHED] cores updated to: ['0']
[freqmine] cores updated to: [1, 2, 3]
[monitor] ['100%', '100%', '100%', '100%']  memcached=100.0%
[MEMCACHED] cores updated to: ['0', '1', '2']
[freqmine] cores updated to: [3]
[monitor] ['93%', '90%', '98%', '100%']  memcached=281.0%
[monitor] ['58%', '63%', '72%', '100%']  memcached=193.5%
[monitor] ['53%', '55%', '64%', '100%']  memcached=172.9%
[monitor] ['38%', '34%', '44%', '100%']  memcached=116.8%
[MEMCACHED] cores updated to: ['0', '2']
[freqmine] cores updated to: [1, 3]
[monitor] ['24%', '100%', '7%', '100%']  memcached=31.2%
[MEMCACHED] cores updated to: ['0']
[freqmine] cores updated to: [1, 2, 3]
[monitor] ['6%', '100%', '100%', '100%']  memcached=6.2%
[monitor] ['15%', '100%', '100%', '100%']  memcached=14.7%
[monitor] ['12%', '100%', '100%', '100%']  memcached=12.3%
[monitor] ['64%', '100%', '100%', '100%']  memcached=63.9%
[monitor] ['100%', '100%', '100%', '100%']  memcached=100.0%
[MEMCACHED] cores updated to: ['0', '1', '3']
[freqmine] cores updated to: [2]
[monitor] ['71%', '71%', '100%', '71%']  memcached=213.1%
[monitor] ['40%', '40%', '100%', '39%']  memcached=119.4%
[MEMCACHED] cores updated to: ['0', '3']
[freqmine] cores updated to: [1, 2]
[monitor] ['69%', '100%', '100%', '74%']  memcached=142.9%
[monitor] ['64%', '100%', '100%', '70%']  memcached=134.6%
[monitor] ['74%', '100%', '100%', '69%']  memcached=142.9%
[monitor] ['75%', '100%', '100%', '73%']  memcached=147.4%
[monitor] ['62%', '100%', '100%', '59%']  memcached=121.4%
[monitor] ['61%', '100%', '100%', '63%']  memcached=124.0%
[monitor] ['85%', '100%', '100%', '80%']  memcached=165.5%
[monitor] ['75%', '100%', '100%', '96%']  memcached=170.4%
[MEMCACHED] cores updated to: ['0', '2', '3']
[freqmine] cores updated to: [1]
[monitor] ['48%', '100%', '63%', '45%']  memcached=156.4%
[MEMCACHED] cores updated to: ['0', '3']
[freqmine] cores updated to: [1, 2]
[monitor] ['78%', '100%', '100%', '84%']  memcached=161.8%
[monitor] ['69%', '100%', '100%', '76%']  memcached=145.2%
[monitor] ['22%', '100%', '100%', '3%']  memcached=24.7%
[MEMCACHED] cores updated to: ['0']
[freqmine] cores updated to: [3, 1, 2]
[monitor] ['10%', '100%', '100%', '100%']  memcached=9.8%
[monitor] ['23%', '100%', '100%', '100%']  memcached=22.6%
[monitor] ['19%', '100%', '100%', '100%']  memcached=19.2%
[monitor] ['14%', '100%', '100%', '100%']  memcached=13.8%
[monitor] ['7%', '100%', '100%', '100%']  memcached=7.1%
[monitor] ['7%', '100%', '100%', '100%']  memcached=7.1%
[monitor] ['10%', '100%', '100%', '100%']  memcached=9.6%
[monitor] ['10%', '100%', '100%', '100%']  memcached=9.6%
[monitor] ['47%', '100%', '100%', '100%']  memcached=47.4%
[monitor] ['96%', '100%', '100%', '100%']  memcached=96.4%
[MEMCACHED] cores updated to: ['0', '2', '3']
[freqmine] cores updated to: [1]
[monitor] ['27%', '100%', '23%', '14%']  memcached=64.0%
[MEMCACHED] cores updated to: ['0']
[freqmine] cores updated to: [2, 1, 3]
[monitor] ['96%', '100%', '96%', '100%']  memcached=96.4%
[MEMCACHED] cores updated to: ['0', '1', '3']
[freqmine] cores updated to: [2]
[monitor] ['28%', '25%', '100%', '22%']  memcached=76.0%
[MEMCACHED] cores updated to: ['0']
[freqmine] cores updated to: [2, 1, 3]
[monitor] ['81%', '100%', '100%', '100%']  memcached=81.0%
[monitor] ['63%', '100%', '100%', '100%']  memcached=63.0%
[monitor] ['59%', '100%', '100%', '100%']  memcached=58.7%
[monitor] ['55%', '100%', '100%', '100%']  memcached=55.3%
[monitor] ['56%', '100%', '100%', '100%']  memcached=55.6%
[monitor] ['97%', '100%', '100%', '100%']  memcached=96.8%
[MEMCACHED] cores updated to: ['0', '1', '2']
[freqmine] cores updated to: [3]
[monitor] ['46%', '47%', '60%', '100%']  memcached=152.9%
[MEMCACHED] cores updated to: ['0', '2']
[freqmine] cores updated to: [1, 3]
[monitor] ['60%', '100%', '78%', '100%']  memcached=138.0%
[monitor] ['63%', '100%', '77%', '100%']  memcached=140.0%
[monitor] ['53%', '100%', '65%', '100%']  memcached=118.3%
[monitor] ['23%', '100%', '4%', '100%']  memcached=26.7%
[MEMCACHED] cores updated to: ['0']
[freqmine] cores updated to: [2, 1, 3]
[monitor] ['18%', '100%', '100%', '100%']  memcached=17.7%
[monitor] ['7%', '100%', '100%', '100%']  memcached=7.1%
[monitor] ['7%', '100%', '100%', '100%']  memcached=7.1%
[monitor] ['12%', '100%', '100%', '100%']  memcached=12.1%
[monitor] ['13%', '100%', '100%', '100%']  memcached=12.7%
[monitor] ['9%', '100%', '100%', '100%']  memcached=9.1%
[monitor] ['13%', '100%', '100%', '100%']  memcached=13.0%
[monitor] ['19%', '100%', '100%', '100%']  memcached=18.6%
[monitor] ['63%', '100%', '100%', '100%']  memcached=62.7%
[monitor] ['100%', '100%', '100%', '100%']  memcached=100.0%
[MEMCACHED] cores updated to: ['0', '2', '3']
[freqmine] cores updated to: [1]
[monitor] ['100%', '100%', '99%', '98%']  memcached=297.0%
[monitor] ['75%', '100%', '95%', '64%']  memcached=234.0%
[monitor] ['61%', '100%', '74%', '58%']  memcached=192.6%
[monitor] ['28%', '100%', '24%', '16%']  memcached=67.4%
[MEMCACHED] cores updated to: ['0']
[freqmine] cores updated to: [2, 1, 3]
[monitor] ['9%', '100%', '100%', '100%']  memcached=8.6%
[monitor] ['16%', '100%', '100%', '100%']  memcached=16.1%
[monitor] ['10%', '100%', '100%', '100%']  memcached=10.2%
[monitor] ['14%', '100%', '100%', '100%']  memcached=13.6%
[monitor] ['40%', '100%', '100%', '100%']  memcached=39.6%
[monitor] ['52%', '100%', '100%', '100%']  memcached=52.2%
[monitor] ['52%', '100%', '100%', '100%']  memcached=52.2%
[monitor] ['50%', '100%', '100%', '100%']  memcached=50.0%
[monitor] ['48%', '100%', '100%', '100%']  memcached=47.6%
[monitor] ['23%', '100%', '100%', '100%']  memcached=23.5%
[monitor] ['16%', '100%', '100%', '100%']  memcached=16.1%
[monitor] ['11%', '100%', '100%', '100%']  memcached=11.2%
[monitor] ['17%', '100%', '100%', '100%']  memcached=17.0%
[monitor] ['20%', '100%', '100%', '100%']  memcached=20.4%
[monitor] ['9%', '100%', '100%', '100%']  memcached=8.5%
[monitor] ['15%', '100%', '100%', '100%']  memcached=14.6%
[monitor] ['13%', '100%', '100%', '100%']  memcached=13.0%
[monitor] ['12%', '100%', '100%', '100%']  memcached=12.5%
[monitor] ['21%', '100%', '100%', '100%']  memcached=20.8%
[monitor] ['61%', '100%', '100%', '100%']  memcached=61.2%
[monitor] ['59%', '100%', '100%', '100%']  memcached=58.7%
[monitor] ['61%', '100%', '100%', '100%']  memcached=61.2%
[monitor] ['62%', '100%', '100%', '100%']  memcached=62.0%
[monitor] ['40%', '98%', '100%', '100%']  memcached=39.7%
[monitor] ['11%', '100%', '100%', '100%']  memcached=11.1%
[monitor] ['13%', '100%', '100%', '100%']  memcached=13.4%
[monitor] ['23%', '100%', '100%', '100%']  memcached=22.8%
[monitor] ['16%', '100%', '100%', '100%']  memcached=16.3%
[monitor] ['55%', '100%', '100%', '100%']  memcached=54.9%
[monitor] ['100%', '100%', '100%', '100%']  memcached=100.0%
[MEMCACHED] cores updated to: ['0', '1', '3']
[freqmine] cores updated to: [2]
[monitor] ['51%', '49%', '100%', '47%']  memcached=146.7%
[MEMCACHED] cores updated to: ['0', '3']
[freqmine] cores updated to: [2, 1]
[monitor] ['71%', '100%', '100%', '66%']  memcached=137.0%
[monitor] ['67%', '100%', '100%', '59%']  memcached=125.7%
[monitor] ['54%', '100%', '100%', '47%']  memcached=100.9%
[monitor] ['56%', '100%', '100%', '44%']  memcached=100.8%
[monitor] ['53%', '100%', '100%', '48%']  memcached=100.9%
[monitor] ['53%', '100%', '100%', '47%']  memcached=99.9%
[monitor] ['52%', '100%', '100%', '44%']  memcached=96.3%
[monitor] ['68%', '100%', '100%', '71%']  memcached=139.0%
[monitor] ['76%', '100%', '100%', '74%']  memcached=150.0%
[monitor] ['80%', '100%', '100%', '80%']  memcached=160.3%
[monitor] ['75%', '100%', '100%', '80%']  memcached=154.6%
[monitor] ['77%', '100%', '100%', '85%']  memcached=162.6%
[monitor] ['30%', '100%', '100%', '11%']  memcached=41.7%
[MEMCACHED] cores updated to: ['0']
[freqmine] cores updated to: [2, 1, 3]
[monitor] ['28%', '100%', '100%', '100%']  memcached=28.3%
[monitor] ['21%', '100%', '100%', '100%']  memcached=21.3%
[monitor] ['20%', '100%', '100%', '100%']  memcached=19.6%
[monitor] ['18%', '100%', '100%', '100%']  memcached=17.8%
[monitor] ['10%', '100%', '100%', '100%']  memcached=9.7%
[monitor] ['14%', '100%', '100%', '100%']  memcached=14.3%
[monitor] ['15%', '100%', '100%', '100%']  memcached=14.9%
[monitor] ['14%', '100%', '100%', '100%']  memcached=14.5%
[monitor] ['30%', '100%', '100%', '100%']  memcached=30.1%
[monitor] ['100%', '100%', '100%', '100%']  memcached=100.0%
[MEMCACHED] cores updated to: ['0', '1', '2']
[freqmine] cores updated to: [3]
[monitor] ['21%', '17%', '18%', '100%']  memcached=56.4%
[MEMCACHED] cores updated to: ['0']
[freqmine] cores updated to: [2, 1, 3]
[monitor] ['99%', '100%', '96%', '100%']  memcached=98.9%
[MEMCACHED] cores updated to: ['0', '2', '3']
[freqmine] cores updated to: [1]
[monitor] ['24%', '100%', '23%', '17%']  memcached=63.9%
[MEMCACHED] cores updated to: ['0']
[freqmine] cores updated to: [2, 1, 3]
[monitor] ['59%', '100%', '100%', '100%']  memcached=59.0%
[monitor] ['15%', '100%', '100%', '100%']  memcached=15.5%
[monitor] ['11%', '100%', '100%', '100%']  memcached=10.6%
[monitor] ['14%', '100%', '100%', '100%']  memcached=14.3%
[monitor] ['19%', '100%', '100%', '100%']  memcached=19.2%
[monitor] ['78%', '100%', '100%', '100%']  memcached=77.9%
[monitor] ['100%', '100%', '100%', '100%']  memcached=100.0%
[MEMCACHED] cores updated to: ['0', '1', '3']
[freqmine] cores updated to: [2]
[monitor] ['82%', '89%', '100%', '86%']  memcached=256.2%
[monitor] ['40%', '43%', '100%', '38%']  memcached=121.0%
[MEMCACHED] cores updated to: ['0', '3']
[freqmine] cores updated to: [2, 1]
[monitor] ['73%', '100%', '100%', '72%']  memcached=144.6%
[monitor] ['29%', '100%', '100%', '13%']  memcached=41.6%
[MEMCACHED] cores updated to: ['0']
[freqmine] cores updated to: [2, 1, 3]
[monitor] ['18%', '100%', '100%', '100%']  memcached=18.2%
[monitor] ['22%', '100%', '100%', '100%']  memcached=22.2%
[monitor] ['19%', '100%', '100%', '100%']  memcached=18.6%
[monitor] ['30%', '100%', '100%', '100%']  memcached=30.0%
[monitor] ['22%', '100%', '100%', '100%']  memcached=22.2%
[monitor] ['21%', '100%', '100%', '100%']  memcached=20.9%
[monitor] ['29%', '100%', '100%', '100%']  memcached=28.9%
[monitor] ['29%', '100%', '100%', '100%']  memcached=28.6%
[monitor] ['47%', '100%', '100%', '100%']  memcached=46.9%
[monitor] ['93%', '100%', '100%', '100%']  memcached=93.1%
[MEMCACHED] cores updated to: ['0', '2']
[freqmine] cores updated to: [1, 3]
[monitor] ['31%', '100%', '29%', '100%']  memcached=60.5%
[MEMCACHED] cores updated to: ['0']
[freqmine] cores updated to: [2, 1, 3]
[monitor] ['89%', '100%', '99%', '100%']  memcached=89.1%
[MEMCACHED] cores updated to: ['0', '1']
[freqmine] cores updated to: [2, 3]
[monitor] ['39%', '25%', '100%', '100%']  memcached=64.1%
[MEMCACHED] cores updated to: ['0']
[freqmine] cores updated to: [2, 1, 3]
[monitor] ['43%', '100%', '100%', '100%']  memcached=42.7%
[monitor] ['14%', '100%', '100%', '100%']  memcached=13.9%
[monitor] ['11%', '100%', '100%', '100%']  memcached=11.3%
[monitor] ['8%', '100%', '100%', '100%']  memcached=8.0%
[monitor] ['7%', '100%', '100%', '100%']  memcached=6.8%
[monitor] ['78%', '100%', '100%', '100%']  memcached=78.1%
[monitor] ['100%', '100%', '100%', '100%']  memcached=100.0%
[MEMCACHED] cores updated to: ['0', '2', '3']
[freqmine] cores updated to: [1]
[monitor] ['100%', '100%', '100%', '83%']  memcached=283.3%
[monitor] ['87%', '100%', '99%', '76%']  memcached=262.3%
[monitor] ['62%', '100%', '84%', '65%']  memcached=211.1%
[monitor] ['18%', '100%', '10%', '6%']  memcached=33.2%
[MEMCACHED] cores updated to: ['0']
[freqmine] cores updated to: [2, 1, 3]
[monitor] ['12%', '100%', '100%', '100%']  memcached=11.8%
[monitor] ['10%', '100%', '100%', '100%']  memcached=10.2%
[monitor] ['17%', '100%', '100%', '100%']  memcached=17.0%
[monitor] ['14%', '100%', '100%', '100%']  memcached=13.7%
[monitor] ['80%', '100%', '100%', '100%']  memcached=80.0%
[monitor] ['84%', '100%', '100%', '100%']  memcached=83.6%
[monitor] ['83%', '100%', '100%', '100%']  memcached=83.3%
[monitor] ['83%', '100%', '100%', '100%']  memcached=83.1%
[monitor] ['66%', '100%', '100%', '100%']  memcached=66.1%
[monitor] ['5%', '100%', '100%', '100%']  memcached=4.9%
[monitor] ['9%', '100%', '100%', '100%']  memcached=9.4%
[monitor] ['12%', '100%', '100%', '100%']  memcached=12.1%
[monitor] ['16%', '100%', '100%', '100%']  memcached=15.6%
[monitor] ['23%', '100%', '100%', '100%']  memcached=23.2%
[monitor] ['72%', '100%', '100%', '100%']  memcached=72.0%
[monitor] ['74%', '100%', '100%', '100%']  memcached=74.0%
[monitor] ['65%', '100%', '100%', '100%']  memcached=65.3%
[monitor] ['82%', '100%', '100%', '100%']  memcached=82.3%
[monitor] ['87%', '100%', '100%', '100%']  memcached=87.3%
[MEMCACHED] cores updated to: ['0', '1']
[freqmine] cores updated to: [2, 3]
[monitor] ['35%', '18%', '100%', '100%']  memcached=52.8%
[MEMCACHED] cores updated to: ['0']
[freqmine] cores updated to: [2, 1, 3]
[monitor] ['83%', '100%', '100%', '100%']  memcached=83.1%
[monitor] ['83%', '100%', '100%', '100%']  memcached=83.3%
[monitor] ['82%', '100%', '100%', '100%']  memcached=82.5%
[monitor] ['97%', '100%', '100%', '100%']  memcached=96.5%
[MEMCACHED] cores updated to: ['0', '2', '3']
[freqmine] cores updated to: [1]
[monitor] ['25%', '100%', '21%', '16%']  memcached=62.6%
[MEMCACHED] cores updated to: ['0']
[freqmine] cores updated to: [2, 1, 3]
[monitor] ['100%', '100%', '93%', '100%']  memcached=100.0%
[MEMCACHED] cores updated to: ['0', '1', '3']
[freqmine] cores updated to: [2]
[monitor] ['25%', '22%', '100%', '16%']  memcached=64.2%
[MEMCACHED] cores updated to: ['0']
[freqmine] cores updated to: [2, 1, 3]
[monitor] ['100%', '100%', '100%', '100%']  memcached=100.0%
[MEMCACHED] cores updated to: ['0', '1', '2']
[freqmine] cores updated to: [3]
[monitor] ['19%', '8%', '10%', '100%']  memcached=37.2%
[MEMCACHED] cores updated to: ['0']
[freqmine] cores updated to: [2, 1, 3]
[monitor] ['77%', '100%', '100%', '100%']  memcached=77.4%
[monitor] ['75%', '44%', '40%', '44%']  memcached=75.5%
[freqmine] ended.
[streamcluster] started on cores: [1, 2, 3] with 3 threads.
[monitor] ['42%', '71%', '36%', '43%']  memcached=42.3%
[monitor] ['14%', '99%', '82%', '97%']  memcached=14.3%
[monitor] ['22%', '100%', '86%', '99%']  memcached=21.7%
[monitor] ['16%', '99%', '85%', '98%']  memcached=15.6%
[monitor] ['18%', '100%', '88%', '98%']  memcached=17.8%
[monitor] ['91%', '99%', '91%', '98%']  memcached=91.2%
[MEMCACHED] cores updated to: ['0', '1']
[streamcluster] cores updated to: [2, 3]
[monitor] ['100%', '100%', '93%', '86%']  memcached=200.0%
[MEMCACHED] cores updated to: ['0', '1', '2']
[streamcluster] cores updated to: [3]
[monitor] ['99%', '94%', '97%', '100%']  memcached=290.0%
[monitor] ['59%', '73%', '72%', '100%']  memcached=203.6%
[monitor] ['44%', '54%', '58%', '100%']  memcached=155.6%
[MEMCACHED] cores updated to: ['0', '2']
[streamcluster] cores updated to: [1, 3]
[monitor] ['16%', '98%', '7%', '99%']  memcached=23.1%
[MEMCACHED] cores updated to: ['0']
[streamcluster] cores updated to: [1, 2, 3]
[monitor] ['29%', '100%', '86%', '98%']  memcached=28.6%
[monitor] ['33%', '100%', '88%', '98%']  memcached=33.3%
[monitor] ['26%', '99%', '86%', '97%']  memcached=25.6%
[monitor] ['62%', '99%', '88%', '97%']  memcached=61.9%
[monitor] ['100%', '100%', '91%', '98%']  memcached=100.0%
[MEMCACHED] cores updated to: ['0', '1', '3']
[streamcluster] cores updated to: [2]
[monitor] ['55%', '56%', '100%', '58%']  memcached=169.4%
[monitor] ['36%', '32%', '100%', '27%']  memcached=95.2%
[MEMCACHED] cores updated to: ['0', '3']
[streamcluster] cores updated to: [1, 2]
[monitor] ['65%', '93%', '97%', '68%']  memcached=132.3%
[monitor] ['49%', '97%', '95%', '44%']  memcached=92.8%
[monitor] ['29%', '95%', '98%', '25%']  memcached=53.4%
[MEMCACHED] cores updated to: ['0']
[streamcluster] cores updated to: [1, 2, 3]
[monitor] ['87%', '100%', '91%', '98%']  memcached=86.8%
[MEMCACHED] cores updated to: ['0', '2']
[streamcluster] cores updated to: [1, 3]
[monitor] ['25%', '99%', '24%', '99%']  memcached=49.0%
[MEMCACHED] cores updated to: ['0']
[streamcluster] cores updated to: [1, 2, 3]
[monitor] ['90%', '100%', '88%', '97%']  memcached=89.7%
[MEMCACHED] cores updated to: ['0', '3']
[streamcluster] cores updated to: [1, 2]
[monitor] ['67%', '96%', '97%', '71%']  memcached=138.2%
[monitor] ['71%', '92%', '98%', '75%']  memcached=146.0%
[monitor] ['70%', '97%', '96%', '71%']  memcached=141.7%
[monitor] ['69%', '96%', '96%', '74%']  memcached=143.0%
[monitor] ['73%', '98%', '96%', '73%']  memcached=145.3%
[monitor] ['18%', '95%', '96%', '3%']  memcached=21.3%
[MEMCACHED] cores updated to: ['0']
[streamcluster] cores updated to: [1, 2, 3]
[monitor] ['13%', '100%', '85%', '99%']  memcached=12.8%
[monitor] ['13%', '99%', '87%', '99%']  memcached=12.8%
[monitor] ['16%', '100%', '86%', '99%']  memcached=16.3%
[monitor] ['39%', '99%', '88%', '99%']  memcached=39.3%
[monitor] ['100%', '99%', '93%', '98%']  memcached=100.0%
[MEMCACHED] cores updated to: ['0', '1', '2']
[streamcluster] cores updated to: [3]
[monitor] ['17%', '16%', '15%', '100%']  memcached=47.8%
[MEMCACHED] cores updated to: ['0']
[streamcluster] cores updated to: [1, 2, 3]
[monitor] ['100%', '99%', '91%', '97%']  memcached=100.0%
[MEMCACHED] cores updated to: ['0', '1', '3']
[streamcluster] cores updated to: [2]
[monitor] ['22%', '16%', '100%', '9%']  memcached=46.7%
[MEMCACHED] cores updated to: ['0']
[streamcluster] cores updated to: [1, 2, 3]
[monitor] ['100%', '100%', '93%', '98%']  memcached=100.0%
[MEMCACHED] cores updated to: ['0', '2', '3']
[streamcluster] cores updated to: [1]
[monitor] ['25%', '100%', '22%', '19%']  memcached=66.2%
[MEMCACHED] cores updated to: ['0']
[streamcluster] cores updated to: [3, 1, 2]
[monitor] ['100%', '100%', '94%', '98%']  memcached=100.0%
[MEMCACHED] cores updated to: ['0', '1', '3']
[streamcluster] cores updated to: [2]
[monitor] ['32%', '28%', '100%', '25%']  memcached=85.3%
[MEMCACHED] cores updated to: ['0', '3']
[streamcluster] cores updated to: [1, 2]
[monitor] ['56%', '98%', '96%', '64%']  memcached=119.9%
[monitor] ['82%', '94%', '96%', '86%']  memcached=168.5%
[monitor] ['81%', '93%', '94%', '91%']  memcached=172.1%
[MEMCACHED] cores updated to: ['0', '2', '3']
[streamcluster] cores updated to: [1]
[monitor] ['43%', '100%', '54%', '48%']  memcached=144.4%
[MEMCACHED] cores updated to: ['0', '3']
[streamcluster] cores updated to: [2, 1]
[monitor] ['83%', '91%', '98%', '94%']  memcached=177.7%
[MEMCACHED] cores updated to: ['0', '2', '3']
[streamcluster] cores updated to: [1]
[monitor] ['53%', '100%', '67%', '59%']  memcached=178.7%
[monitor] ['53%', '100%', '68%', '58%']  memcached=179.5%
[monitor] ['60%', '100%', '72%', '66%']  memcached=198.3%
[monitor] ['55%', '100%', '70%', '61%']  memcached=186.9%
[monitor] ['55%', '100%', '69%', '60%']  memcached=183.4%
[monitor] ['56%', '100%', '66%', '59%']  memcached=179.9%
[monitor] ['35%', '100%', '52%', '43%']  memcached=129.5%
[MEMCACHED] cores updated to: ['0', '3']
[streamcluster] cores updated to: [2, 1]
[monitor] ['76%', '93%', '97%', '86%']  memcached=162.3%
[monitor] ['77%', '92%', '98%', '87%']  memcached=164.3%
[monitor] ['83%', '96%', '95%', '81%']  memcached=164.0%
[monitor] ['51%', '96%', '96%', '50%']  memcached=100.7%
[monitor] ['22%', '97%', '96%', '9%']  memcached=31.0%
[MEMCACHED] cores updated to: ['0']
[streamcluster] cores updated to: [2, 1, 3]
[monitor] ['42%', '100%', '89%', '98%']  memcached=41.9%
[monitor] ['42%', '99%', '87%', '99%']  memcached=42.2%
[monitor] ['39%', '96%', '67%', '77%']  memcached=39.1%
[monitor] ['92%', '100%', '90%', '98%']  memcached=91.9%
[MEMCACHED] cores updated to: ['0', '1']
[streamcluster] cores updated to: [2, 3]
[monitor] ['99%', '100%', '93%', '81%']  memcached=199.0%
[MEMCACHED] cores updated to: ['0', '1', '3']
[streamcluster] cores updated to: [2]
[monitor] ['53%', '57%', '100%', '60%']  memcached=169.5%
[monitor] ['59%', '54%', '100%', '54%']  memcached=165.9%
[monitor] ['47%', '46%', '100%', '40%']  memcached=134.0%
[MEMCACHED] cores updated to: ['0', '3']
[streamcluster] cores updated to: [2, 1]
[monitor] ['17%', '96%', '92%', '1%']  memcached=18.5%
[MEMCACHED] cores updated to: ['0']
[streamcluster] cores updated to: [2, 1, 3]
[monitor] ['16%', '100%', '78%', '99%']  memcached=16.1%
[monitor] ['22%', '99%', '79%', '100%']  memcached=21.6%
[monitor] ['20%', '100%', '78%', '99%']  memcached=19.8%
[monitor] ['25%', '99%', '81%', '100%']  memcached=25.0%
[monitor] ['90%', '100%', '90%', '98%']  memcached=90.1%
[MEMCACHED] cores updated to: ['0', '2']
[streamcluster] cores updated to: [1, 3]
[monitor] ['24%', '99%', '25%', '98%']  memcached=49.0%
[MEMCACHED] cores updated to: ['0']
[streamcluster] cores updated to: [2, 1, 3]
[monitor] ['90%', '99%', '90%', '97%']  memcached=89.7%
[MEMCACHED] cores updated to: ['0', '1']
[streamcluster] cores updated to: [2, 3]
[monitor] ['29%', '29%', '96%', '96%']  memcached=57.4%
[MEMCACHED] cores updated to: ['0']
[streamcluster] cores updated to: [2, 1, 3]
[monitor] ['48%', '100%', '86%', '99%']  memcached=48.1%
[monitor] ['16%', '100%', '78%', '98%']  memcached=15.6%
[monitor] ['19%', '100%', '79%', '100%']  memcached=18.6%
[monitor] ['17%', '99%', '79%', '100%']  memcached=16.8%
[monitor] ['10%', '100%', '76%', '100%']  memcached=10.1%
[monitor] ['56%', '100%', '86%', '99%']  memcached=56.2%
[monitor] ['95%', '99%', '92%', '98%']  memcached=94.7%
[MEMCACHED] cores updated to: ['0', '3']
[streamcluster] cores updated to: [2, 1]
[monitor] ['26%', '96%', '97%', '24%']  memcached=49.9%
[MEMCACHED] cores updated to: ['0']
[streamcluster] cores updated to: [2, 1, 3]
[monitor] ['93%', '100%', '92%', '98%']  memcached=93.2%
[MEMCACHED] cores updated to: ['0', '2']
[streamcluster] cores updated to: [1, 3]
[monitor] ['32%', '99%', '29%', '97%']  memcached=61.6%
[MEMCACHED] cores updated to: ['0']
[streamcluster] cores updated to: [2, 1, 3]
[monitor] ['42%', '99%', '89%', '98%']  memcached=41.9%
[monitor] ['36%', '100%', '88%', '98%']  memcached=35.7%
[monitor] ['44%', '100%', '88%', '99%']  memcached=44.4%
[monitor] ['40%', '99%', '87%', '99%']  memcached=39.5%
[monitor] ['52%', '100%', '88%', '99%']  memcached=52.0%
[monitor] ['100%', '99%', '90%', '98%']  memcached=100.0%
[MEMCACHED] cores updated to: ['0', '1', '3']
[streamcluster] cores updated to: [2]
[monitor] ['23%', '16%', '100%', '9%']  memcached=48.0%
[MEMCACHED] cores updated to: ['0']
[streamcluster] cores updated to: [2, 1, 3]
[monitor] ['99%', '98%', '87%', '96%']  memcached=99.0%
[MEMCACHED] cores updated to: ['0', '1', '2']
[streamcluster] cores updated to: [3]
[monitor] ['21%', '19%', '13%', '100%']  memcached=52.8%
[MEMCACHED] cores updated to: ['0']
[streamcluster] cores updated to: [2, 1, 3]
[monitor] ['75%', '100%', '89%', '98%']  memcached=75.0%
[monitor] ['7%', '100%', '85%', '100%']  memcached=7.1%
[monitor] ['7%', '78%', '65%', '99%']  memcached=7.0%
[monitor] ['16%', '97%', '81%', '99%']  memcached=16.4%
[monitor] ['11%', '100%', '85%', '98%']  memcached=10.5%
[monitor] ['71%', '100%', '89%', '98%']  memcached=70.9%
[monitor] ['100%', '99%', '93%', '97%']  memcached=100.0%
[MEMCACHED] cores updated to: ['0', '2', '3']
[streamcluster] cores updated to: [1]
[monitor] ['26%', '100%', '28%', '25%']  memcached=79.7%
[MEMCACHED] cores updated to: ['0']
[streamcluster] cores updated to: [2, 1, 3]
[monitor] ['100%', '99%', '85%', '98%']  memcached=100.0%
[MEMCACHED] cores updated to: ['0', '1', '3']
[streamcluster] cores updated to: [2]
[monitor] ['33%', '31%', '100%', '28%']  memcached=92.1%
[MEMCACHED] cores updated to: ['0', '3']
[streamcluster] cores updated to: [2, 1]
[monitor] ['91%', '94%', '92%', '89%']  memcached=179.8%
[MEMCACHED] cores updated to: ['0', '2', '3']
[streamcluster] cores updated to: [1]
[monitor] ['61%', '100%', '73%', '62%']  memcached=196.2%
[monitor] ['59%', '100%', '75%', '60%']  memcached=194.3%
[monitor] ['57%', '100%', '70%', '60%']  memcached=187.0%
[monitor] ['57%', '100%', '69%', '61%']  memcached=187.6%
[monitor] ['13%', '100%', '3%', '1%']  memcached=17.6%
[MEMCACHED] cores updated to: ['0']
[streamcluster] cores updated to: [2, 1, 3]
[monitor] ['10%', '100%', '80%', '100%']  memcached=10.1%
[monitor] ['10%', '100%', '80%', '99%']  memcached=10.1%
[monitor] ['12%', '99%', '79%', '100%']  memcached=12.3%
[monitor] ['25%', '100%', '82%', '99%']  memcached=25.3%
[monitor] ['94%', '100%', '93%', '98%']  memcached=93.8%
[MEMCACHED] cores updated to: ['0', '1']
[streamcluster] cores updated to: [2, 3]
[monitor] ['35%', '26%', '97%', '93%']  memcached=61.7%
[MEMCACHED] cores updated to: ['0']
[streamcluster] cores updated to: [2, 1, 3]
[monitor] ['95%', '100%', '91%', '98%']  memcached=94.7%
[MEMCACHED] cores updated to: ['0', '3']
[streamcluster] cores updated to: [2, 1]
[monitor] ['34%', '95%', '97%', '40%']  memcached=74.3%
[MEMCACHED] cores updated to: ['0']
[streamcluster] cores updated to: [2, 1, 3]
[monitor] ['98%', '100%', '93%', '98%']  memcached=97.8%
[MEMCACHED] cores updated to: ['0', '1', '2']
[streamcluster] cores updated to: [3]
[monitor] ['43%', '52%', '50%', '100%']  memcached=144.9%
[MEMCACHED] cores updated to: ['0', '2']
[streamcluster] cores updated to: [1, 3]
[monitor] ['63%', '99%', '71%', '98%']  memcached=134.4%
[monitor] ['63%', '99%', '70%', '98%']  memcached=132.6%
[monitor] ['62%', '99%', '68%', '99%']  memcached=129.9%
[monitor] ['65%', '99%', '70%', '98%']  memcached=135.0%
[monitor] ['62%', '99%', '69%', '99%']  memcached=132.0%
[monitor] ['70%', '99%', '63%', '98%']  memcached=133.1%
[monitor] ['74%', '98%', '62%', '99%']  memcached=136.2%
[monitor] ['75%', '100%', '68%', '97%']  memcached=142.3%
[monitor] ['15%', '98%', '6%', '99%']  memcached=20.7%
[MEMCACHED] cores updated to: ['0']
[streamcluster] cores updated to: [2, 1, 3]
[monitor] ['9%', '99%', '78%', '99%']  memcached=9.4%
[monitor] ['8%', '100%', '80%', '99%']  memcached=7.7%
[monitor] ['11%', '99%', '80%', '98%']  memcached=10.9%
[monitor] ['20%', '100%', '81%', '99%']  memcached=19.6%
[monitor] ['100%', '100%', '92%', '97%']  memcached=100.0%
[MEMCACHED] cores updated to: ['0', '2', '3']
[streamcluster] cores updated to: [1]
[monitor] ['86%', '100%', '94%', '84%']  memcached=264.5%
[monitor] ['53%', '100%', '63%', '55%']  memcached=170.6%
[monitor] ['51%', '100%', '62%', '55%']  memcached=167.5%
[monitor] ['49%', '100%', '62%', '54%']  memcached=165.6%
[monitor] ['53%', '100%', '66%', '58%']  memcached=176.8%
[monitor] ['56%', '100%', '66%', '58%']  memcached=179.7%
[monitor] ['58%', '100%', '67%', '62%']  memcached=186.8%
[monitor] ['56%', '100%', '71%', '62%']  memcached=189.9%
[monitor] ['51%', '100%', '65%', '56%']  memcached=172.3%
[monitor] ['58%', '100%', '70%', '62%']  memcached=190.5%
[monitor] ['53%', '100%', '67%', '56%']  memcached=175.5%
[monitor] ['61%', '100%', '73%', '67%']  memcached=200.8%
[monitor] ['62%', '100%', '78%', '73%']  memcached=213.3%
[monitor] ['58%', '100%', '70%', '68%']  memcached=197.2%
[monitor] ['50%', '100%', '63%', '56%']  memcached=169.1%
[monitor] ['40%', '100%', '53%', '47%']  memcached=139.5%
[MEMCACHED] cores updated to: ['0', '3']
[streamcluster] cores updated to: [2, 1]
[monitor] ['87%', '90%', '98%', '94%']  memcached=181.0%
[MEMCACHED] cores updated to: ['0', '1', '3']
[streamcluster] cores updated to: [2]
[monitor] ['45%', '43%', '100%', '43%']  memcached=131.7%
[MEMCACHED] cores updated to: ['0', '3']
[streamcluster] cores updated to: [2, 1]
[monitor] ['74%', '96%', '96%', '81%']  memcached=154.4%
[monitor] ['76%', '92%', '99%', '82%']  memcached=158.7%
[monitor] ['76%', '94%', '97%', '82%']  memcached=158.2%
[monitor] ['86%', '92%', '97%', '89%']  memcached=175.4%
[MEMCACHED] cores updated to: ['0', '2', '3']
[streamcluster] cores updated to: [1]
[monitor] ['39%', '100%', '47%', '44%']  memcached=129.6%
[MEMCACHED] cores updated to: ['0', '3']
[streamcluster] cores updated to: [2, 1]
[monitor] ['22%', '95%', '96%', '13%']  memcached=35.0%
[MEMCACHED] cores updated to: ['0']
[streamcluster] cores updated to: [2, 1, 3]
[monitor] ['67%', '100%', '89%', '99%']  memcached=67.3%
[monitor] ['64%', '99%', '90%', '98%']  memcached=64.4%
[monitor] ['64%', '99%', '89%', '99%']  memcached=63.8%
[monitor] ['46%', '100%', '86%', '98%']  memcached=46.3%
[monitor] ['6%', '76%', '59%', '99%']  memcached=6.3%
[monitor] ['6%', '100%', '83%', '99%']  memcached=6.5%
[monitor] ['13%', '100%', '83%', '100%']  memcached=12.7%
[monitor] ['8%', '100%', '83%', '98%']  memcached=8.1%
[monitor] ['35%', '99%', '86%', '99%']  memcached=34.9%
[monitor] ['57%', '100%', '90%', '98%']  memcached=56.5%
[monitor] ['59%', '100%', '89%', '98%']  memcached=58.7%
[monitor] ['55%', '99%', '90%', '97%']  memcached=54.5%
[monitor] ['62%', '99%', '90%', '98%']  memcached=61.7%
[monitor] ['88%', '100%', '92%', '98%']  memcached=88.0%
[MEMCACHED] cores updated to: ['0', '1']
[streamcluster] cores updated to: [2, 3]
[monitor] ['96%', '99%', '92%', '81%']  memcached=194.7%
[MEMCACHED] cores updated to: ['0', '1', '3']
[streamcluster] cores updated to: [2]
[monitor] ['47%', '45%', '100%', '44%']  memcached=136.5%
[MEMCACHED] cores updated to: ['0', '3']
[streamcluster] cores updated to: [2, 1]
[monitor] ['82%', '95%', '94%', '81%']  memcached=163.3%
[monitor] ['85%', '92%', '98%', '89%']  memcached=173.7%
[MEMCACHED] cores updated to: ['0', '2', '3']
[streamcluster] cores updated to: [1]
[monitor] ['17%', '100%', '17%', '15%']  memcached=49.4%
[MEMCACHED] cores updated to: ['0']
[streamcluster] cores updated to: [2, 1, 3]
[monitor] ['98%', '100%', '93%', '97%']  memcached=97.8%
[MEMCACHED] cores updated to: ['0', '1', '3']
[streamcluster] cores updated to: [2]
[monitor] ['19%', '12%', '100%', '7%']  memcached=37.8%
[MEMCACHED] cores updated to: ['0']
[streamcluster] cores updated to: [2, 1, 3]
[monitor] ['96%', '99%', '92%', '99%']  memcached=96.5%
[MEMCACHED] cores updated to: ['0', '1', '2']
[streamcluster] cores updated to: [3]
[monitor] ['16%', '12%', '8%', '100%']  memcached=36.1%
[MEMCACHED] cores updated to: ['0']
[streamcluster] cores updated to: [2, 1, 3]
[monitor] ['98%', '99%', '92%', '98%']  memcached=97.8%
[MEMCACHED] cores updated to: ['0', '2', '3']
[streamcluster] cores updated to: [1]
[monitor] ['19%', '100%', '17%', '16%']  memcached=51.8%
[MEMCACHED] cores updated to: ['0']
[streamcluster] cores updated to: [2, 1, 3]
[monitor] ['98%', '99%', '93%', '98%']  memcached=97.9%
[MEMCACHED] cores updated to: ['0', '1', '3']
[streamcluster] cores updated to: [2]
[monitor] ['20%', '16%', '100%', '12%']  memcached=47.3%
[MEMCACHED] cores updated to: ['0']
[streamcluster] cores updated to: [2, 1, 3]
[monitor] ['99%', '100%', '92%', '98%']  memcached=99.0%
[MEMCACHED] cores updated to: ['0', '1', '2']
[streamcluster] cores updated to: [3]
[monitor] ['38%', '46%', '45%', '100%']  memcached=128.9%
[MEMCACHED] cores updated to: ['0', '2']
[streamcluster] cores updated to: [1, 3]
[monitor] ['48%', '99%', '61%', '98%']  memcached=108.8%
[monitor] ['48%', '98%', '60%', '98%']  memcached=107.7%
[monitor] ['51%', '99%', '62%', '98%']  memcached=112.7%
[monitor] ['23%', '98%', '12%', '99%']  memcached=34.5%
[MEMCACHED] cores updated to: ['0']
[streamcluster] cores updated to: [2, 1, 3]
[monitor] ['8%', '100%', '84%', '99%']  memcached=8.2%
[monitor] ['19%', '99%', '84%', '98%']  memcached=18.5%
[monitor] ['12%', '100%', '83%', '99%']  memcached=12.0%
[monitor] ['19%', '100%', '85%', '99%']  memcached=18.9%
[monitor] ['98%', '99%', '92%', '98%']  memcached=97.8%
[MEMCACHED] cores updated to: ['0', '2', '3']
[streamcluster] cores updated to: [1]
[monitor] ['20%', '100%', '17%', '15%']  memcached=52.5%
[MEMCACHED] cores updated to: ['0']
[streamcluster] cores updated to: [2, 1, 3]
[monitor] ['98%', '100%', '92%', '99%']  memcached=97.8%
[MEMCACHED] cores updated to: ['0', '1', '3']
[streamcluster] cores updated to: [2]
[monitor] ['19%', '15%', '100%', '12%']  memcached=45.9%
[MEMCACHED] cores updated to: ['0']
[streamcluster] cores updated to: [2, 1, 3]
[monitor] ['72%', '100%', '88%', '99%']  memcached=71.6%
[monitor] ['6%', '99%', '83%', '99%']  memcached=6.3%
[monitor] ['3%', '100%', '84%', '99%']  memcached=3.3%
[monitor] ['11%', '100%', '83%', '99%']  memcached=10.8%
[monitor] ['6%', '100%', '82%', '100%']  memcached=6.3%
[monitor] ['67%', '99%', '88%', '98%']  memcached=67.1%
[monitor] ['100%', '100%', '93%', '98%']  memcached=100.0%
[MEMCACHED] cores updated to: ['0', '1', '2']
[streamcluster] cores updated to: [3]
[monitor] ['70%', '78%', '75%', '100%']  memcached=223.2%
[monitor] ['38%', '48%', '46%', '100%']  memcached=131.2%
[MEMCACHED] cores updated to: ['0', '2']
[streamcluster] cores updated to: [1, 3]
[monitor] ['74%', '99%', '72%', '98%']  memcached=146.0%
[monitor] ['47%', '98%', '40%', '99%']  memcached=87.4%
[monitor] ['38%', '98%', '30%', '98%']  memcached=68.5%
[MEMCACHED] cores updated to: ['0']
[streamcluster] cores updated to: [2, 1, 3]
[monitor] ['95%', '100%', '92%', '98%']  memcached=95.2%
[MEMCACHED] cores updated to: ['0', '2', '3']
[streamcluster] cores updated to: [1]
[monitor] ['31%', '100%', '28%', '19%']  memcached=77.7%
[MEMCACHED] cores updated to: ['0']
[streamcluster] cores updated to: [2, 1, 3]
[monitor] ['97%', '99%', '90%', '99%']  memcached=96.6%
[MEMCACHED] cores updated to: ['0', '1', '3']
[streamcluster] cores updated to: [2]
[monitor] ['39%', '14%', '100%', '8%']  memcached=60.6%
[MEMCACHED] cores updated to: ['0']
[streamcluster] cores updated to: [2, 1, 3]
[monitor] ['68%', '100%', '89%', '98%']  memcached=67.9%
[monitor] ['70%', '100%', '88%', '98%']  memcached=70.2%
[monitor] ['67%', '99%', '89%', '99%']  memcached=67.3%
[monitor] ['79%', '100%', '90%', '98%']  memcached=79.4%
[monitor] ['100%', '99%', '69%', '68%']  memcached=100.0%
[MEMCACHED] cores updated to: ['0', '1', '2']
[streamcluster] cores updated to: [3]
[monitor] ['27%', '34%', '28%', '100%']  memcached=88.9%
[MEMCACHED] cores updated to: ['0', '2']
[streamcluster] cores updated to: [1, 3]
[monitor] ['58%', '98%', '49%', '99%']  memcached=106.8%
[monitor] ['55%', '98%', '49%', '98%']  memcached=104.1%
[monitor] ['57%', '98%', '51%', '99%']  memcached=107.4%
[monitor] ['51%', '99%', '43%', '98%']  memcached=93.8%
[monitor] ['44%', '98%', '41%', '99%']  memcached=84.8%
[monitor] ['58%', '99%', '47%', '97%']  memcached=104.7%
[monitor] ['54%', '99%', '50%', '99%']  memcached=104.4%
[monitor] ['27%', '99%', '20%', '98%']  memcached=46.7%
[MEMCACHED] cores updated to: ['0']
[streamcluster] cores updated to: [2, 1, 3]
[monitor] ['8%', '99%', '82%', '99%']  memcached=7.6%
[monitor] ['14%', '100%', '82%', '99%']  memcached=14.3%
[monitor] ['10%', '100%', '84%', '99%']  memcached=10.4%
[monitor] ['10%', '100%', '81%', '100%']  memcached=10.4%
[monitor] ['11%', '100%', '83%', '99%']  memcached=11.3%
[monitor] ['8%', '99%', '83%', '99%']  memcached=8.5%
[monitor] ['7%', '100%', '82%', '99%']  memcached=6.9%
[monitor] ['8%', '100%', '82%', '99%']  memcached=8.5%
[monitor] ['10%', '99%', '83%', '99%']  memcached=10.3%
[monitor] ['92%', '100%', '92%', '97%']  memcached=92.5%
[MEMCACHED] cores updated to: ['0', '3']
[streamcluster] cores updated to: [2, 1]
[monitor] ['79%', '90%', '95%', '82%']  memcached=160.9%
[monitor] ['71%', '94%', '96%', '71%']  memcached=142.0%
[monitor] ['68%', '94%', '99%', '68%']  memcached=136.3%
[monitor] ['65%', '94%', '97%', '70%']  memcached=135.6%
[monitor] ['19%', '96%', '93%', '4%']  memcached=23.5%
[MEMCACHED] cores updated to: ['0']
[streamcluster] cores updated to: [2, 1, 3]
[monitor] ['14%', '99%', '83%', '99%']  memcached=13.8%
[monitor] ['12%', '100%', '84%', '99%']  memcached=12.1%
[monitor] ['7%', '99%', '83%', '99%']  memcached=7.3%
[monitor] ['5%', '100%', '82%', '99%']  memcached=5.5%
[monitor] ['10%', '100%', '83%', '99%']  memcached=10.2%
[monitor] ['7%', '100%', '82%', '99%']  memcached=6.9%
[monitor] ['14%', '100%', '83%', '99%']  memcached=13.6%
[monitor] ['7%', '99%', '85%', '99%']  memcached=7.0%
[monitor] ['11%', '100%', '84%', '99%']  memcached=11.1%
[monitor] ['12%', '100%', '80%', '98%']  memcached=12.0%
[monitor] ['12%', '100%', '80%', '99%']  memcached=12.0%
[monitor] ['8%', '99%', '82%', '99%']  memcached=8.3%
[monitor] ['12%', '100%', '81%', '99%']  memcached=12.0%
[monitor] ['64%', '100%', '83%', '98%']  memcached=63.9%
[monitor] ['100%', '100%', '89%', '97%']  memcached=100.0%
[MEMCACHED] cores updated to: ['0', '1', '2']
[streamcluster] cores updated to: [3]
[monitor] ['100%', '97%', '99%', '100%']  memcached=296.0%
[monitor] ['99%', '92%', '95%', '100%']  memcached=285.8%
[monitor] ['71%', '79%', '86%', '100%']  memcached=236.2%
[monitor] ['39%', '47%', '44%', '100%']  memcached=130.8%
[MEMCACHED] cores updated to: ['0', '2']
[streamcluster] cores updated to: [1, 3]
[monitor] ['43%', '98%', '43%', '99%']  memcached=85.7%
[monitor] ['38%', '99%', '41%', '98%']  memcached=78.7%
[MEMCACHED] cores updated to: ['0']
[streamcluster] cores updated to: [2, 1, 3]
[monitor] ['100%', '100%', '87%', '97%']  memcached=100.0%
[MEMCACHED] cores updated to: ['0', '2', '3']
[streamcluster] cores updated to: [1]
[monitor] ['26%', '100%', '25%', '20%']  memcached=71.2%
[MEMCACHED] cores updated to: ['0']
[streamcluster] cores updated to: [2, 1, 3]
[monitor] ['95%', '100%', '90%', '98%']  memcached=95.1%
[MEMCACHED] cores updated to: ['0', '1', '3']
[streamcluster] cores updated to: [2]
[monitor] ['13%', '12%', '100%', '9%']  memcached=33.6%
[MEMCACHED] cores updated to: ['0']
[streamcluster] cores updated to: [2, 1, 3]
[monitor] ['95%', '100%', '90%', '97%']  memcached=95.2%
[MEMCACHED] cores updated to: ['0', '1', '2']
[streamcluster] cores updated to: [3]
[monitor] ['19%', '19%', '16%', '100%']  memcached=54.2%
[MEMCACHED] cores updated to: ['0']
[streamcluster] cores updated to: [2, 1, 3]
[monitor] ['72%', '11%', '13%', '16%']  memcached=71.9%
[streamcluster] ended.
[vips] started on cores: [1, 2, 3] with 3 threads.
[monitor] ['100%', '71%', '28%', '44%']  memcached=100.0%
[MEMCACHED] cores updated to: ['0', '1', '2']
[vips] cores updated to: [3]
[monitor] ['50%', '65%', '58%', '100%']  memcached=172.8%
[monitor] ['30%', '45%', '38%', '100%']  memcached=112.7%
[MEMCACHED] cores updated to: ['0', '2']
[vips] cores updated to: [1, 3]
[monitor] ['44%', '98%', '54%', '100%']  memcached=97.8%
[monitor] ['29%', '100%', '22%', '100%']  memcached=51.1%
[MEMCACHED] cores updated to: ['0']
[vips] cores updated to: [1, 2, 3]
[monitor] ['79%', '100%', '100%', '100%']  memcached=79.2%
[monitor] ['57%', '100%', '100%', '100%']  memcached=57.4%
[monitor] ['54%', '100%', '100%', '100%']  memcached=54.2%
[monitor] ['88%', '100%', '100%', '100%']  memcached=87.8%
[MEMCACHED] cores updated to: ['0', '3']
[vips] cores updated to: [1, 2]
[monitor] ['90%', '100%', '100%', '97%']  memcached=186.6%
[MEMCACHED] cores updated to: ['0', '1', '3']
[vips] cores updated to: [2]
[monitor] ['38%', '40%', '100%', '36%']  memcached=113.2%
[MEMCACHED] cores updated to: ['0', '3']
[vips] cores updated to: [1, 2]
[monitor] ['90%', '100%', '100%', '84%']  memcached=173.9%
[MEMCACHED] cores updated to: ['0', '2', '3']
[vips] cores updated to: [1]
[monitor] ['35%', '100%', '83%', '33%']  memcached=151.3%
[MEMCACHED] cores updated to: ['0', '3']
[vips] cores updated to: [1, 2]
[monitor] ['92%', '100%', '100%', '32%']  memcached=124.0%
[monitor] ['100%', '100%', '100%', '33%']  memcached=133.3%
[monitor] ['69%', '100%', '100%', '64%']  memcached=133.3%
[monitor] ['100%', '100%', '100%', '53%']  memcached=153.3%
[monitor] ['100%', '100%', '100%', '73%']  memcached=173.1%
[MEMCACHED] cores updated to: ['0', '2', '3']
[vips] cores updated to: [1]
[monitor] ['73%', '100%', '59%', '29%']  memcached=161.6%
[monitor] ['30%', '100%', '68%', '26%']  memcached=123.6%
[MEMCACHED] cores updated to: ['0', '3']
[vips] cores updated to: [1, 2]
[monitor] ['48%', '100%', '100%', '51%']  memcached=99.2%
[monitor] ['59%', '100%', '100%', '50%']  memcached=109.0%
[monitor] ['43%', '100%', '100%', '44%']  memcached=86.5%
[monitor] ['47%', '100%', '100%', '49%']  memcached=95.7%
[monitor] ['45%', '100%', '100%', '51%']  memcached=96.4%
[monitor] ['51%', '100%', '100%', '45%']  memcached=96.3%
[monitor] ['47%', '100%', '100%', '49%']  memcached=95.7%
[monitor] ['45%', '100%', '100%', '46%']  memcached=91.8%
[monitor] ['46%', '100%', '100%', '47%']  memcached=92.9%
[monitor] ['54%', '100%', '100%', '61%']  memcached=115.1%
[monitor] ['67%', '100%', '100%', '88%']  memcached=155.2%
[monitor] ['80%', '100%', '100%', '98%']  memcached=177.7%
[MEMCACHED] cores updated to: ['0', '1', '3']
[vips] cores updated to: [2]
[monitor] ['57%', '61%', '100%', '59%']  memcached=176.9%
[monitor] ['58%', '62%', '100%', '57%']  memcached=177.4%
[monitor] ['73%', '83%', '100%', '84%']  memcached=240.1%
[monitor] ['57%', '88%', '100%', '46%']  memcached=190.4%
[monitor] ['49%', '61%', '100%', '79%']  memcached=189.9%
[monitor] ['51%', '53%', '100%', '71%']  memcached=174.4%
[monitor] ['33%', '38%', '100%', '44%']  memcached=114.9%
[MEMCACHED] cores updated to: ['0', '3']
[vips] cores updated to: [1, 2]
[monitor] ['67%', '100%', '100%', '67%']  memcached=133.3%
[monitor] ['23%', '100%', '100%', '4%']  memcached=26.7%
[MEMCACHED] cores updated to: ['0']
[vips] cores updated to: [3, 1, 2]
[monitor] ['4%', '100%', '100%', '100%']  memcached=4.3%
[monitor] ['7%', '100%', '100%', '100%']  memcached=7.2%
[monitor] ['3%', '100%', '100%', '100%']  memcached=2.9%
[monitor] ['26%', '100%', '100%', '100%']  memcached=26.0%
[monitor] ['100%', '100%', '100%', '100%']  memcached=100.0%
[MEMCACHED] cores updated to: ['0', '2', '3']
[vips] cores updated to: [1]
[monitor] ['67%', '100%', '71%', '45%']  memcached=182.3%
[monitor] ['34%', '100%', '41%', '28%']  memcached=103.3%
[MEMCACHED] cores updated to: ['0', '3']
[vips] cores updated to: [2, 1]
[monitor] ['66%', '100%', '100%', '64%']  memcached=129.5%
[monitor] ['59%', '100%', '100%', '56%']  memcached=114.6%
[monitor] ['47%', '100%', '100%', '42%']  memcached=89.0%
[monitor] ['56%', '100%', '100%', '42%']  memcached=98.2%
[monitor] ['51%', '100%', '100%', '44%']  memcached=94.5%
[monitor] ['54%', '100%', '100%', '48%']  memcached=101.8%
[monitor] ['39%', '100%', '100%', '40%']  memcached=79.1%
[MEMCACHED] cores updated to: ['0']
[vips] cores updated to: [2, 1, 3]
[monitor] ['52%', '100%', '100%', '100%']  memcached=52.4%
[monitor] ['52%', '100%', '100%', '100%']  memcached=52.3%
[monitor] ['56%', '100%', '100%', '100%']  memcached=55.6%
[monitor] ['54%', '100%', '100%', '100%']  memcached=54.3%
[monitor] ['83%', '96%', '96%', '96%']  memcached=83.1%
[monitor] ['92%', '7%', '10%', '62%']  memcached=92.5%
[vips] ended.
[MEMCACHED] cores updated to: ['0', '1', '2', '3']
