[MEMCACHED] cores updated to: ['0', '1', '2']
[radix] started on cores: [3] with 1 threads.
Scheduler started.
[monitor] ['3%', '2%', '0%', '100%']  memcached=5.4%
[MEMCACHED] cores updated to: ['0']
[barnes] started on cores: [1, 2] with 2 threads.
[monitor] ['25%', '16%', '88%', '100%']  memcached=24.8%
[monitor] ['20%', '66%', '100%', '100%']  memcached=19.6%
[monitor] ['15%', '100%', '91%', '100%']  memcached=15.1%
[monitor] ['15%', '100%', '100%', '100%']  memcached=15.5%
[monitor] ['75%', '100%', '100%', '100%']  memcached=74.8%
[monitor] ['91%', '100%', '100%', '100%']  memcached=90.7%
[MEMCACHED] cores updated to: ['0', '3']
[radix] paused.
[monitor] ['67%', '100%', '100%', '59%']  memcached=125.9%
[monitor] ['61%', '100%', '100%', '58%']  memcached=119.4%
[monitor] ['61%', '100%', '100%', '62%']  memcached=123.1%
[monitor] ['60%', '100%', '100%', '57%']  memcached=116.9%
[monitor] ['61%', '100%', '100%', '57%']  memcached=118.1%
[monitor] ['59%', '100%', '100%', '52%']  memcached=111.3%
[monitor] ['61%', '100%', '100%', '59%']  memcached=120.2%
[monitor] ['60%', '100%', '100%', '59%']  memcached=118.6%
[monitor] ['68%', '100%', '100%', '63%']  memcached=130.7%
[monitor] ['67%', '100%', '100%', '61%']  memcached=127.8%
[monitor] ['63%', '100%', '100%', '63%']  memcached=126.1%
[monitor] ['62%', '100%', '100%', '58%']  memcached=120.0%
[monitor] ['78%', '100%', '100%', '75%']  memcached=152.2%
[monitor] ['93%', '100%', '100%', '88%']  memcached=181.2%
[MEMCACHED] cores updated to: ['0', '1', '3']
[radix] unpaused.
[radix] cores updated to: [2]
[barnes] paused.
[monitor] ['81%', '83%', '100%', '73%']  memcached=237.0%
[monitor] ['80%', '86%', '100%', '81%']  memcached=247.0%
[monitor] ['78%', '81%', '100%', '73%']  memcached=232.7%
[monitor] ['79%', '81%', '100%', '75%']  memcached=235.0%
[monitor] ['76%', '79%', '100%', '74%']  memcached=229.0%
[monitor] ['77%', '79%', '100%', '73%']  memcached=229.9%
[monitor] ['78%', '83%', '100%', '79%']  memcached=240.2%
[monitor] ['79%', '82%', '100%', '76%']  memcached=236.7%
[monitor] ['84%', '83%', '100%', '79%']  memcached=246.4%
[monitor] ['83%', '80%', '100%', '76%']  memcached=239.1%
[monitor] ['82%', '90%', '100%', '85%']  memcached=257.1%
[monitor] ['81%', '85%', '100%', '80%']  memcached=246.0%
[monitor] ['64%', '66%', '100%', '63%']  memcached=192.9%
[monitor] ['51%', '54%', '100%', '49%']  memcached=154.6%
[MEMCACHED] cores updated to: ['0', '3']
[radix] paused.
[barnes] unpaused.
[monitor] ['72%', '100%', '100%', '67%']  memcached=138.2%
[monitor] ['76%', '100%', '100%', '69%']  memcached=145.1%
[monitor] ['81%', '100%', '100%', '75%']  memcached=156.1%
[monitor] ['77%', '100%', '100%', '77%']  memcached=153.8%
[monitor] ['70%', '100%', '73%', '68%']  memcached=137.6%
[monitor] ['64%', '100%', '6%', '66%']  memcached=130.6%
[monitor] ['67%', '100%', '56%', '65%']  memcached=131.2%
[monitor] ['67%', '100%', '89%', '69%']  memcached=136.4%
[monitor] ['68%', '100%', '100%', '65%']  memcached=133.6%
[monitor] ['67%', '100%', '100%', '66%']  memcached=133.0%
[monitor] ['64%', '100%', '100%', '64%']  memcached=127.3%
[monitor] ['66%', '100%', '100%', '65%']  memcached=130.9%
[monitor] ['61%', '100%', '100%', '59%']  memcached=119.4%
[monitor] ['49%', '100%', '100%', '50%']  memcached=99.0%
[monitor] ['45%', '100%', '100%', '46%']  memcached=91.3%
[monitor] ['47%', '100%', '100%', '49%']  memcached=96.2%
[monitor] ['50%', '100%', '100%', '49%']  memcached=98.6%
[monitor] ['52%', '100%', '100%', '51%']  memcached=103.3%
[monitor] ['50%', '100%', '100%', '51%']  memcached=101.9%
[monitor] ['44%', '100%', '100%', '47%']  memcached=90.7%
[monitor] ['51%', '100%', '100%', '51%']  memcached=102.3%
[monitor] ['53%', '100%', '100%', '53%']  memcached=105.7%
[monitor] ['51%', '100%', '100%', '52%']  memcached=103.2%
[monitor] ['52%', '100%', '100%', '54%']  memcached=105.6%
[monitor] ['46%', '100%', '100%', '50%']  memcached=95.5%
[monitor] ['48%', '100%', '100%', '45%']  memcached=93.3%
[monitor] ['46%', '100%', '49%', '45%']  memcached=91.3%
[monitor] ['59%', '100%', '73%', '60%']  memcached=118.4%
[monitor] ['61%', '100%', '100%', '64%']  memcached=125.3%
[monitor] ['55%', '100%', '100%', '59%']  memcached=114.0%
[monitor] ['62%', '100%', '100%', '60%']  memcached=122.3%
[monitor] ['59%', '100%', '100%', '58%']  memcached=116.8%
[monitor] ['60%', '100%', '100%', '59%']  memcached=118.9%
[monitor] ['56%', '100%', '100%', '57%']  memcached=112.7%
[monitor] ['60%', '100%', '100%', '59%']  memcached=119.1%
[monitor] ['63%', '100%', '100%', '63%']  memcached=125.2%
[monitor] ['63%', '100%', '100%', '60%']  memcached=123.3%
[monitor] ['60%', '100%', '100%', '60%']  memcached=120.2%
[monitor] ['62%', '100%', '100%', '63%']  memcached=125.2%
[monitor] ['61%', '100%', '100%', '59%']  memcached=120.0%
[monitor] ['57%', '100%', '100%', '57%']  memcached=114.6%
[monitor] ['46%', '100%', '100%', '46%']  memcached=91.9%
[monitor] ['37%', '100%', '100%', '35%']  memcached=72.0%
[MEMCACHED] cores updated to: ['0']
[radix] unpaused.
[radix] cores updated to: [3]
[monitor] ['72%', '100%', '100%', '100%']  memcached=72.2%
[monitor] ['71%', '100%', '100%', '100%']  memcached=71.1%
[monitor] ['72%', '100%', '100%', '100%']  memcached=71.7%
[monitor] ['73%', '100%', '100%', '100%']  memcached=73.0%
[monitor] ['79%', '100%', '97%', '100%']  memcached=78.9%
[monitor] ['59%', '100%', '2%', '100%']  memcached=58.7%
[monitor] ['67%', '100%', '66%', '100%']  memcached=66.7%
[monitor] ['76%', '100%', '92%', '100%']  memcached=75.7%
[monitor] ['78%', '100%', '100%', '100%']  memcached=78.2%
[monitor] ['71%', '100%', '100%', '100%']  memcached=70.9%
[monitor] ['76%', '100%', '100%', '100%']  memcached=76.4%
[monitor] ['72%', '100%', '100%', '100%']  memcached=72.1%
[monitor] ['78%', '100%', '100%', '100%']  memcached=78.3%
[monitor] ['100%', '100%', '100%', '100%']  memcached=100.0%
[MEMCACHED] cores updated to: ['0', '1', '2']
[barnes] paused.
[monitor] ['98%', '100%', '100%', '100%']  memcached=298.0%
[monitor] ['83%', '100%', '82%', '100%']  memcached=264.8%
[monitor] ['89%', '100%', '83%', '100%']  memcached=271.7%
[monitor] ['87%', '100%', '80%', '100%']  memcached=266.8%
[monitor] ['80%', '100%', '79%', '100%']  memcached=258.8%
[monitor] ['79%', '97%', '79%', '100%']  memcached=254.6%
[monitor] ['76%', '81%', '73%', '100%']  memcached=230.6%
[monitor] ['80%', '83%', '77%', '9%']  memcached=239.9%
[radix] ended.
[blackscholes] started on cores: [3] with 3 threads.
[monitor] ['82%', '91%', '79%', '100%']  memcached=252.6%
[monitor] ['76%', '91%', '76%', '100%']  memcached=243.1%
[monitor] ['79%', '85%', '78%', '100%']  memcached=242.1%
[monitor] ['76%', '83%', '75%', '100%']  memcached=235.0%
[monitor] ['74%', '80%', '71%', '100%']  memcached=225.4%
[monitor] ['68%', '76%', '71%', '100%']  memcached=214.5%
[monitor] ['69%', '76%', '68%', '100%']  memcached=212.7%
[monitor] ['70%', '78%', '68%', '100%']  memcached=216.1%
[monitor] ['71%', '75%', '72%', '100%']  memcached=217.4%
[monitor] ['66%', '72%', '66%', '100%']  memcached=204.8%
[monitor] ['73%', '78%', '72%', '100%']  memcached=222.6%
[monitor] ['72%', '80%', '96%', '100%']  memcached=247.2%
[monitor] ['71%', '94%', '78%', '100%']  memcached=242.2%
[monitor] ['70%', '87%', '87%', '100%']  memcached=243.6%
[monitor] ['72%', '78%', '100%', '100%']  memcached=249.6%
[monitor] ['72%', '75%', '87%', '100%']  memcached=233.8%
[monitor] ['69%', '72%', '64%', '100%']  memcached=204.5%
[monitor] ['69%', '74%', '66%', '100%']  memcached=209.6%
[monitor] ['68%', '72%', '67%', '100%']  memcached=207.2%
[monitor] ['21%', '22%', '16%', '100%']  memcached=58.9%
[MEMCACHED] cores updated to: ['0']
[barnes] unpaused.
[monitor] ['63%', '100%', '100%', '100%']  memcached=63.4%
[monitor] ['70%', '100%', '100%', '100%']  memcached=69.8%
[monitor] ['64%', '100%', '100%', '100%']  memcached=63.8%
[monitor] ['66%', '100%', '100%', '100%']  memcached=66.3%
[monitor] ['64%', '100%', '100%', '100%']  memcached=64.2%
[monitor] ['68%', '100%', '100%', '100%']  memcached=67.7%
[monitor] ['67%', '100%', '100%', '100%']  memcached=67.4%
[monitor] ['69%', '100%', '100%', '100%']  memcached=69.4%
[monitor] ['68%', '100%', '100%', '100%']  memcached=67.7%
[monitor] ['69%', '100%', '100%', '100%']  memcached=69.1%
[monitor] ['69%', '100%', '100%', '100%']  memcached=69.1%
[monitor] ['75%', '100%', '100%', '100%']  memcached=75.3%
[monitor] ['70%', '100%', '100%', '100%']  memcached=70.1%
[monitor] ['28%', '100%', '100%', '100%']  memcached=28.3%
[monitor] ['24%', '43%', '76%', '100%']  memcached=24.0%
[barnes] ended.
[blackscholes] cores updated to: [1, 2, 3]
[monitor] ['12%', '100%', '100%', '100%']  memcached=12.4%
[monitor] ['9%', '100%', '100%', '100%']  memcached=9.2%
[monitor] ['15%', '100%', '100%', '100%']  memcached=15.4%
[monitor] ['11%', '100%', '100%', '100%']  memcached=10.6%
[monitor] ['7%', '100%', '100%', '100%']  memcached=7.1%
[monitor] ['8%', '100%', '100%', '100%']  memcached=8.3%
[monitor] ['8%', '100%', '100%', '100%']  memcached=8.1%
[monitor] ['9%', '100%', '100%', '100%']  memcached=9.3%
[monitor] ['10%', '100%', '100%', '100%']  memcached=10.1%
[monitor] ['11%', '100%', '100%', '100%']  memcached=11.1%
[monitor] ['19%', '100%', '100%', '100%']  memcached=19.1%
[monitor] ['8%', '100%', '100%', '100%']  memcached=8.4%
[monitor] ['31%', '100%', '100%', '100%']  memcached=30.8%
[monitor] ['100%', '100%', '100%', '100%']  memcached=100.0%
[MEMCACHED] cores updated to: ['0', '1', '2']
[blackscholes] cores updated to: [3]
[monitor] ['47%', '48%', '47%', '100%']  memcached=141.7%
[MEMCACHED] cores updated to: ['0', '2']
[blackscholes] cores updated to: [1, 3]
[monitor] ['64%', '100%', '71%', '100%']  memcached=135.6%
[monitor] ['66%', '100%', '72%', '100%']  memcached=137.5%
[monitor] ['74%', '100%', '78%', '100%']  memcached=152.0%
[monitor] ['65%', '100%', '69%', '100%']  memcached=133.3%
[monitor] ['69%', '100%', '71%', '100%']  memcached=140.0%
[monitor] ['79%', '100%', '80%', '100%']  memcached=158.5%
[monitor] ['68%', '100%', '68%', '100%']  memcached=135.8%
[monitor] ['69%', '100%', '71%', '100%']  memcached=140.0%
[monitor] ['74%', '100%', '74%', '100%']  memcached=147.7%
[monitor] ['65%', '100%', '67%', '100%']  memcached=131.9%
[monitor] ['68%', '100%', '69%', '94%']  memcached=137.5%
[monitor] ['68%', '40%', '68%', '75%']  memcached=136.2%
[monitor] ['24%', '3%', '24%', '100%']  memcached=47.7%
[MEMCACHED] cores updated to: ['0']
[blackscholes] cores updated to: [1, 2, 3]
[monitor] ['4%', '1%', '1%', '100%']  memcached=3.7%
[monitor] ['15%', '4%', '3%', '100%']  memcached=14.6%
[monitor] ['8%', '73%', '6%', '32%']  memcached=7.6%
[monitor] ['3%', '1%', '0%', '18%']  memcached=2.6%
[blackscholes] ended.
[MEMCACHED] cores updated to: ['0', '2', '3']
[canneal] started on cores: [1] with 3 threads.
[monitor] ['4%', '100%', '3%', '2%']  memcached=10.2%
[MEMCACHED] cores updated to: ['0']
[canneal] cores updated to: [1, 2, 3]
[monitor] ['10%', '100%', '3%', '1%']  memcached=10.3%
[monitor] ['8%', '100%', '4%', '2%']  memcached=7.6%
[monitor] ['5%', '100%', '3%', '2%']  memcached=5.1%
[monitor] ['34%', '88%', '3%', '18%']  memcached=34.1%
[monitor] ['61%', '3%', '26%', '100%']  memcached=61.3%
[monitor] ['71%', '6%', '2%', '100%']  memcached=71.3%
[monitor] ['60%', '5%', '3%', '100%']  memcached=60.2%
[monitor] ['70%', '5%', '2%', '100%']  memcached=69.8%
[monitor] ['69%', '4%', '2%', '100%']  memcached=69.5%
[monitor] ['63%', '4%', '15%', '100%']  memcached=63.4%
[monitor] ['61%', '5%', '7%', '100%']  memcached=61.3%
[monitor] ['65%', '3%', '1%', '100%']  memcached=64.5%
[monitor] ['59%', '3%', '1%', '100%']  memcached=59.3%
[monitor] ['68%', '6%', '6%', '100%']  memcached=67.7%
[monitor] ['60%', '2%', '0%', '100%']  memcached=60.4%
[monitor] ['59%', '5%', '1%', '100%']  memcached=58.9%
[monitor] ['61%', '6%', '2%', '100%']  memcached=60.9%
[monitor] ['58%', '2%', '1%', '100%']  memcached=58.4%
[monitor] ['45%', '2%', '1%', '100%']  memcached=45.3%
[monitor] ['8%', '3%', '1%', '100%']  memcached=8.2%
[monitor] ['9%', '2%', '0%', '100%']  memcached=9.5%
[monitor] ['13%', '1%', '1%', '100%']  memcached=13.3%
[monitor] ['12%', '5%', '2%', '97%']  memcached=12.0%
[monitor] ['14%', '100%', '3%', '3%']  memcached=13.5%
[monitor] ['16%', '96%', '2%', '4%']  memcached=16.0%
[monitor] ['11%', '1%', '0%', '100%']  memcached=10.7%
[monitor] ['12%', '43%', '1%', '62%']  memcached=12.2%
[monitor] ['12%', '100%', '3%', '1%']  memcached=12.0%
[monitor] ['11%', '73%', '2%', '34%']  memcached=11.0%
[monitor] ['13%', '2%', '0%', '100%']  memcached=13.2%
[monitor] ['19%', '2%', '2%', '100%']  memcached=19.5%
[monitor] ['8%', '1%', '0%', '100%']  memcached=8.2%
[monitor] ['22%', '34%', '2%', '72%']  memcached=22.4%
[monitor] ['99%', '38%', '5%', '77%']  memcached=99.0%
[MEMCACHED] cores updated to: ['0', '1', '2']
[canneal] cores updated to: [3]
[monitor] ['86%', '91%', '76%', '100%']  memcached=252.4%
[monitor] ['69%', '78%', '68%', '100%']  memcached=214.5%
[monitor] ['68%', '75%', '66%', '100%']  memcached=208.6%
[monitor] ['68%', '82%', '64%', '100%']  memcached=214.2%
[monitor] ['70%', '80%', '64%', '100%']  memcached=214.4%
[monitor] ['78%', '84%', '73%', '100%']  memcached=234.7%
[monitor] ['71%', '79%', '66%', '100%']  memcached=215.6%
[monitor] ['72%', '78%', '68%', '100%']  memcached=217.9%
[monitor] ['74%', '81%', '68%', '100%']  memcached=222.2%
[monitor] ['71%', '80%', '66%', '100%']  memcached=216.6%
[monitor] ['70%', '79%', '66%', '100%']  memcached=214.6%
[monitor] ['71%', '79%', '67%', '100%']  memcached=217.7%
[monitor] ['66%', '74%', '63%', '100%']  memcached=203.6%
[monitor] ['33%', '39%', '28%', '100%']  memcached=99.9%
[MEMCACHED] cores updated to: ['0', '2']
[canneal] cores updated to: [1, 3]
[monitor] ['11%', '86%', '3%', '60%']  memcached=14.0%
[MEMCACHED] cores updated to: ['0']
[canneal] cores updated to: [1, 2, 3]
[monitor] ['14%', '98%', '95%', '97%']  memcached=14.0%
[monitor] ['15%', '100%', '93%', '99%']  memcached=14.6%
[monitor] ['15%', '100%', '95%', '99%']  memcached=15.1%
[monitor] ['15%', '98%', '96%', '96%']  memcached=15.1%
[monitor] ['14%', '99%', '92%', '98%']  memcached=14.1%
[monitor] ['11%', '98%', '95%', '98%']  memcached=10.7%
[monitor] ['9%', '100%', '93%', '99%']  memcached=8.5%
[monitor] ['15%', '99%', '93%', '99%']  memcached=14.6%
[monitor] ['13%', '100%', '95%', '99%']  memcached=12.8%
[monitor] ['16%', '100%', '95%', '99%']  memcached=15.7%
[monitor] ['13%', '100%', '94%', '99%']  memcached=12.6%
[monitor] ['15%', '99%', '91%', '99%']  memcached=14.8%
[monitor] ['11%', '99%', '86%', '98%']  memcached=10.7%
[monitor] ['16%', '94%', '99%', '93%']  memcached=16.0%
[monitor] ['11%', '97%', '97%', '97%']  memcached=10.8%
[monitor] ['12%', '100%', '86%', '98%']  memcached=12.2%
[monitor] ['10%', '100%', '96%', '99%']  memcached=9.6%
[monitor] ['10%', '100%', '96%', '98%']  memcached=9.6%
[monitor] ['17%', '89%', '98%', '89%']  memcached=17.3%
[monitor] ['8%', '99%', '94%', '99%']  memcached=8.3%
[monitor] ['8%', '100%', '95%', '99%']  memcached=8.2%
[monitor] ['12%', '99%', '94%', '99%']  memcached=11.8%
[monitor] ['12%', '100%', '95%', '98%']  memcached=12.0%
[monitor] ['10%', '100%', '93%', '98%']  memcached=9.7%
[monitor] ['7%', '99%', '95%', '98%']  memcached=6.9%
[monitor] ['16%', '100%', '91%', '98%']  memcached=16.0%
[monitor] ['8%', '99%', '96%', '99%']  memcached=8.2%
[monitor] ['58%', '98%', '95%', '95%']  memcached=57.6%
[monitor] ['100%', '99%', '77%', '95%']  memcached=100.0%
[MEMCACHED] cores updated to: ['0', '1', '3']
[canneal] cores updated to: [2]
[monitor] ['82%', '89%', '100%', '86%']  memcached=257.7%
[monitor] ['62%', '63%', '100%', '60%']  memcached=184.3%
[monitor] ['63%', '65%', '100%', '60%']  memcached=187.4%
[monitor] ['62%', '65%', '100%', '58%']  memcached=185.1%
[monitor] ['62%', '64%', '100%', '59%']  memcached=184.3%
[monitor] ['58%', '62%', '100%', '56%']  memcached=176.1%
[monitor] ['58%', '62%', '100%', '56%']  memcached=175.4%
[monitor] ['67%', '64%', '100%', '57%']  memcached=187.6%
[monitor] ['62%', '62%', '100%', '59%']  memcached=183.5%
[monitor] ['63%', '65%', '100%', '61%']  memcached=188.4%
[monitor] ['74%', '72%', '100%', '68%']  memcached=213.0%
[monitor] ['61%', '63%', '100%', '56%']  memcached=179.9%
[monitor] ['66%', '65%', '100%', '60%']  memcached=191.3%
[monitor] ['9%', '2%', '100%', '2%']  memcached=13.6%
[MEMCACHED] cores updated to: ['0']
[canneal] cores updated to: [1, 2, 3]
[monitor] ['15%', '99%', '93%', '100%']  memcached=14.6%
[monitor] ['14%', '100%', '94%', '100%']  memcached=14.4%
[monitor] ['19%', '99%', '84%', '99%']  memcached=19.4%
[monitor] ['16%', '99%', '94%', '98%']  memcached=16.2%
[monitor] ['21%', '99%', '92%', '99%']  memcached=21.5%
[monitor] ['21%', '99%', '93%', '99%']  memcached=21.5%
[monitor] ['16%', '99%', '95%', '99%']  memcached=16.2%
[monitor] ['16%', '97%', '91%', '96%']  memcached=15.6%
[monitor] ['19%', '99%', '94%', '98%']  memcached=18.8%
[monitor] ['20%', '99%', '93%', '99%']  memcached=19.6%
[monitor] ['15%', '99%', '92%', '99%']  memcached=15.3%
[monitor] ['18%', '99%', '94%', '98%']  memcached=17.8%
[monitor] ['15%', '99%', '92%', '99%']  memcached=15.2%
[monitor] ['48%', '94%', '97%', '92%']  memcached=48.5%
[monitor] ['92%', '100%', '94%', '96%']  memcached=92.2%
[MEMCACHED] cores updated to: ['0', '2']
[canneal] cores updated to: [1, 3]
[monitor] ['54%', '98%', '58%', '96%']  memcached=111.9%
[monitor] ['52%', '97%', '56%', '97%']  memcached=107.8%
[monitor] ['50%', '97%', '49%', '96%']  memcached=99.4%
[monitor] ['51%', '97%', '51%', '96%']  memcached=101.2%
[monitor] ['51%', '97%', '49%', '96%']  memcached=100.0%
[monitor] ['49%', '98%', '49%', '95%']  memcached=98.3%
[monitor] ['51%', '97%', '49%', '96%']  memcached=100.6%
[monitor] ['54%', '98%', '52%', '96%']  memcached=106.1%
[monitor] ['52%', '95%', '51%', '98%']  memcached=102.8%
[monitor] ['53%', '98%', '53%', '97%']  memcached=106.7%
[monitor] ['63%', '98%', '62%', '95%']  memcached=125.3%
[monitor] ['53%', '98%', '53%', '97%']  memcached=106.7%
[monitor] ['51%', '96%', '51%', '98%']  memcached=101.1%
[monitor] ['21%', '97%', '17%', '96%']  memcached=38.0%
[MEMCACHED] cores updated to: ['0']
[canneal] cores updated to: [1, 2, 3]
[monitor] ['19%', '100%', '96%', '98%']  memcached=19.4%
[monitor] ['21%', '99%', '95%', '98%']  memcached=20.5%
[monitor] ['18%', '99%', '96%', '98%']  memcached=17.8%
[monitor] ['20%', '99%', '96%', '98%']  memcached=20.3%
[monitor] ['14%', '100%', '96%', '98%']  memcached=14.3%
[monitor] ['23%', '99%', '95%', '98%']  memcached=22.7%
[monitor] ['18%', '97%', '99%', '95%']  memcached=18.3%
[monitor] ['21%', '94%', '98%', '93%']  memcached=20.8%
[monitor] ['25%', '98%', '97%', '96%']  memcached=25.0%
[monitor] ['21%', '99%', '96%', '97%']  memcached=20.5%
[monitor] ['27%', '91%', '98%', '91%']  memcached=27.3%
[monitor] ['30%', '100%', '97%', '98%']  memcached=30.3%
[monitor] ['17%', '97%', '97%', '96%']  memcached=16.9%
[monitor] ['52%', '100%', '96%', '98%']  memcached=51.9%
[monitor] ['100%', '100%', '72%', '69%']  memcached=100.0%
[MEMCACHED] cores updated to: ['0', '1', '3']
[canneal] cores updated to: [2]
[monitor] ['94%', '95%', '100%', '94%']  memcached=283.0%
[monitor] ['74%', '76%', '100%', '68%']  memcached=218.1%
[monitor] ['74%', '72%', '100%', '67%']  memcached=213.7%
[monitor] ['80%', '83%', '100%', '77%']  memcached=239.6%
[monitor] ['69%', '72%', '100%', '68%']  memcached=210.3%
[monitor] ['73%', '78%', '100%', '70%']  memcached=220.6%
[monitor] ['71%', '74%', '100%', '65%']  memcached=209.4%
[monitor] ['74%', '76%', '100%', '70%']  memcached=220.5%
[monitor] ['77%', '82%', '100%', '74%']  memcached=234.1%
[monitor] ['73%', '77%', '43%', '72%']  memcached=221.3%
[canneal] ended.
[MEMCACHED] cores updated to: ['0', '2', '3']
[freqmine] started on cores: [1] with 3 threads.
[monitor] ['13%', '100%', '13%', '15%']  memcached=41.6%
[MEMCACHED] cores updated to: ['0']
[freqmine] cores updated to: [1, 2, 3]
[monitor] ['38%', '100%', '1%', '3%']  memcached=37.5%
[monitor] ['52%', '91%', '82%', '72%']  memcached=52.3%
[monitor] ['53%', '100%', '100%', '100%']  memcached=52.9%
[monitor] ['51%', '100%', '100%', '100%']  memcached=51.1%
[monitor] ['70%', '100%', '100%', '100%']  memcached=70.5%
[monitor] ['46%', '100%', '100%', '100%']  memcached=46.4%
[monitor] ['42%', '76%', '65%', '97%']  memcached=42.0%
[monitor] ['50%', '100%', '100%', '100%']  memcached=50.0%
[monitor] ['81%', '100%', '100%', '100%']  memcached=80.9%
[monitor] ['100%', '100%', '100%', '100%']  memcached=100.0%
[MEMCACHED] cores updated to: ['0', '1', '2']
[freqmine] cores updated to: [3]
[monitor] ['54%', '71%', '84%', '100%']  memcached=209.1%
[monitor] ['50%', '54%', '51%', '100%']  memcached=154.8%
[MEMCACHED] cores updated to: ['0', '2']
[freqmine] cores updated to: [1, 3]
[monitor] ['66%', '100%', '79%', '100%']  memcached=144.7%
[monitor] ['63%', '100%', '77%', '100%']  memcached=139.9%
[monitor] ['63%', '100%', '77%', '100%']  memcached=139.4%
[monitor] ['62%', '100%', '78%', '100%']  memcached=140.4%
[monitor] ['64%', '100%', '75%', '100%']  memcached=139.1%
[monitor] ['65%', '100%', '73%', '100%']  memcached=138.3%
[monitor] ['66%', '100%', '73%', '100%']  memcached=139.5%
[monitor] ['66%', '100%', '73%', '100%']  memcached=139.0%
[monitor] ['67%', '100%', '74%', '100%']  memcached=140.7%
[monitor] ['73%', '100%', '78%', '100%']  memcached=151.5%
[monitor] ['68%', '100%', '73%', '100%']  memcached=140.4%
[monitor] ['68%', '100%', '75%', '100%']  memcached=143.2%
[monitor] ['68%', '100%', '75%', '100%']  memcached=142.4%
[monitor] ['70%', '100%', '76%', '100%']  memcached=145.5%
[monitor] ['69%', '100%', '75%', '100%']  memcached=144.4%
[monitor] ['74%', '100%', '77%', '100%']  memcached=150.8%
[monitor] ['71%', '100%', '72%', '100%']  memcached=143.2%
[monitor] ['71%', '100%', '74%', '100%']  memcached=144.9%
[monitor] ['68%', '100%', '72%', '100%']  memcached=140.3%
[monitor] ['70%', '100%', '73%', '100%']  memcached=143.1%
[monitor] ['72%', '100%', '73%', '100%']  memcached=145.4%
[monitor] ['70%', '100%', '73%', '100%']  memcached=143.3%
[monitor] ['69%', '100%', '72%', '100%']  memcached=141.8%
[monitor] ['71%', '100%', '72%', '100%']  memcached=142.1%
[monitor] ['75%', '100%', '79%', '100%']  memcached=153.7%
[monitor] ['61%', '100%', '62%', '100%']  memcached=123.7%
[monitor] ['45%', '100%', '47%', '100%']  memcached=91.2%
[monitor] ['45%', '100%', '45%', '100%']  memcached=90.2%
[monitor] ['47%', '100%', '45%', '100%']  memcached=92.0%
[monitor] ['51%', '100%', '50%', '100%']  memcached=100.6%
[monitor] ['53%', '100%', '52%', '100%']  memcached=105.6%
[monitor] ['55%', '100%', '52%', '100%']  memcached=107.1%
[monitor] ['46%', '100%', '45%', '100%']  memcached=91.4%
[monitor] ['45%', '100%', '44%', '100%']  memcached=88.2%
[monitor] ['44%', '100%', '45%', '100%']  memcached=88.4%
[monitor] ['44%', '100%', '45%', '100%']  memcached=88.2%
[monitor] ['48%', '100%', '46%', '100%']  memcached=93.8%
[monitor] ['51%', '100%', '49%', '100%']  memcached=100.5%
[monitor] ['49%', '100%', '49%', '100%']  memcached=98.3%
[monitor] ['47%', '100%', '47%', '100%']  memcached=93.6%
[monitor] ['67%', '100%', '67%', '100%']  memcached=134.0%
[monitor] ['69%', '100%', '67%', '100%']  memcached=136.5%
[monitor] ['59%', '100%', '59%', '100%']  memcached=118.0%
[monitor] ['66%', '100%', '66%', '100%']  memcached=131.9%
[monitor] ['66%', '100%', '67%', '100%']  memcached=132.3%
[monitor] ['60%', '100%', '59%', '100%']  memcached=119.5%
[monitor] ['65%', '100%', '69%', '100%']  memcached=134.0%
[monitor] ['62%', '100%', '68%', '100%']  memcached=129.7%
[monitor] ['63%', '100%', '65%', '100%']  memcached=127.7%
[monitor] ['61%', '100%', '65%', '100%']  memcached=125.2%
[monitor] ['60%', '100%', '63%', '100%']  memcached=123.7%
[monitor] ['67%', '100%', '70%', '100%']  memcached=137.2%
[monitor] ['65%', '100%', '69%', '100%']  memcached=134.0%
[monitor] ['66%', '100%', '69%', '100%']  memcached=135.1%
[monitor] ['59%', '100%', '59%', '100%']  memcached=118.2%
[monitor] ['39%', '100%', '32%', '100%']  memcached=70.7%
[MEMCACHED] cores updated to: ['0']
[freqmine] cores updated to: [1, 2, 3]
[monitor] ['64%', '100%', '100%', '100%']  memcached=63.5%
[monitor] ['63%', '100%', '100%', '100%']  memcached=62.8%
[monitor] ['61%', '100%', '100%', '100%']  memcached=60.9%
[monitor] ['58%', '100%', '100%', '100%']  memcached=57.8%
[monitor] ['68%', '100%', '100%', '100%']  memcached=68.0%
[monitor] ['63%', '100%', '100%', '100%']  memcached=63.2%
[monitor] ['63%', '100%', '100%', '100%']  memcached=62.6%
[monitor] ['53%', '100%', '100%', '100%']  memcached=52.9%
[monitor] ['60%', '100%', '100%', '100%']  memcached=60.4%
[monitor] ['58%', '100%', '100%', '100%']  memcached=58.1%
[monitor] ['55%', '100%', '100%', '100%']  memcached=55.1%
[monitor] ['61%', '100%', '100%', '100%']  memcached=61.3%
[monitor] ['66%', '100%', '100%', '100%']  memcached=65.6%
[monitor] ['92%', '100%', '100%', '100%']  memcached=91.9%
[MEMCACHED] cores updated to: ['0', '3']
[freqmine] cores updated to: [1, 2]
[monitor] ['79%', '100%', '100%', '84%']  memcached=163.2%
[monitor] ['81%', '100%', '100%', '81%']  memcached=161.4%
[monitor] ['85%', '100%', '100%', '83%']  memcached=167.9%
[monitor] ['82%', '100%', '100%', '80%']  memcached=162.7%
[monitor] ['80%', '100%', '100%', '73%']  memcached=152.5%
[monitor] ['76%', '100%', '100%', '73%']  memcached=149.5%
[monitor] ['80%', '100%', '100%', '77%']  memcached=156.9%
[monitor] ['81%', '100%', '100%', '86%']  memcached=167.0%
[monitor] ['77%', '100%', '100%', '81%']  memcached=157.8%
[monitor] ['79%', '100%', '100%', '79%']  memcached=158.0%
[monitor] ['80%', '100%', '100%', '77%']  memcached=156.9%
[monitor] ['76%', '100%', '100%', '78%']  memcached=153.3%
[monitor] ['80%', '100%', '100%', '77%']  memcached=157.1%
[monitor] ['64%', '100%', '100%', '68%']  memcached=132.2%
[monitor] ['38%', '100%', '100%', '40%']  memcached=78.6%
[MEMCACHED] cores updated to: ['0']
[freqmine] cores updated to: [1, 2, 3]
[monitor] ['73%', '100%', '100%', '100%']  memcached=73.3%
[monitor] ['73%', '100%', '100%', '100%']  memcached=72.5%
[monitor] ['70%', '100%', '100%', '100%']  memcached=70.3%
[monitor] ['74%', '100%', '100%', '100%']  memcached=73.5%
[monitor] ['79%', '100%', '100%', '100%']  memcached=79.0%
[monitor] ['68%', '100%', '100%', '100%']  memcached=68.0%
[monitor] ['76%', '100%', '100%', '100%']  memcached=76.5%
[monitor] ['71%', '100%', '100%', '100%']  memcached=71.0%
[monitor] ['69%', '100%', '100%', '100%']  memcached=68.8%
[monitor] ['67%', '100%', '100%', '100%']  memcached=67.3%
[monitor] ['73%', '100%', '100%', '100%']  memcached=72.8%
[monitor] ['70%', '100%', '100%', '100%']  memcached=70.0%
[monitor] ['72%', '100%', '100%', '100%']  memcached=72.0%
[monitor] ['81%', '100%', '100%', '100%']  memcached=80.8%
[monitor] ['83%', '100%', '100%', '100%']  memcached=83.2%
[monitor] ['87%', '100%', '100%', '100%']  memcached=86.8%
[MEMCACHED] cores updated to: ['0', '1']
[freqmine] cores updated to: [2, 3]
[monitor] ['48%', '48%', '100%', '100%']  memcached=96.1%
[monitor] ['49%', '48%', '100%', '100%']  memcached=97.8%
[monitor] ['52%', '51%', '100%', '100%']  memcached=102.8%
[monitor] ['56%', '57%', '100%', '100%']  memcached=112.5%
[monitor] ['47%', '51%', '100%', '100%']  memcached=97.8%
[monitor] ['52%', '55%', '100%', '100%']  memcached=106.6%
[monitor] ['49%', '61%', '100%', '100%']  memcached=110.3%
[monitor] ['53%', '59%', '100%', '100%']  memcached=111.4%
[monitor] ['51%', '55%', '100%', '100%']  memcached=106.0%
[monitor] ['50%', '57%', '100%', '100%']  memcached=107.0%
[monitor] ['46%', '52%', '100%', '100%']  memcached=98.2%
[monitor] ['45%', '47%', '100%', '100%']  memcached=92.6%
[monitor] ['28%', '35%', '100%', '100%']  memcached=63.3%
[MEMCACHED] cores updated to: ['0']
[freqmine] cores updated to: [1, 2, 3]
[monitor] ['54%', '100%', '100%', '100%']  memcached=53.9%
[monitor] ['61%', '100%', '100%', '100%']  memcached=61.3%
[monitor] ['60%', '100%', '100%', '100%']  memcached=60.2%
[monitor] ['61%', '100%', '100%', '100%']  memcached=61.1%
[monitor] ['59%', '100%', '100%', '100%']  memcached=58.9%
[monitor] ['60%', '100%', '100%', '100%']  memcached=59.8%
[monitor] ['64%', '100%', '100%', '100%']  memcached=64.2%
[monitor] ['62%', '100%', '100%', '100%']  memcached=61.7%
[monitor] ['66%', '100%', '100%', '100%']  memcached=66.3%
[monitor] ['67%', '100%', '100%', '100%']  memcached=67.4%
[monitor] ['69%', '100%', '100%', '100%']  memcached=69.1%
[monitor] ['66%', '100%', '100%', '100%']  memcached=66.3%
[monitor] ['63%', '100%', '100%', '100%']  memcached=62.6%
[monitor] ['23%', '100%', '100%', '100%']  memcached=23.4%
[monitor] ['14%', '100%', '100%', '100%']  memcached=13.5%
[monitor] ['19%', '100%', '100%', '100%']  memcached=19.2%
[monitor] ['19%', '100%', '100%', '100%']  memcached=18.5%
[monitor] ['15%', '100%', '100%', '100%']  memcached=14.7%
[monitor] ['11%', '100%', '100%', '100%']  memcached=10.7%
[monitor] ['9%', '100%', '100%', '100%']  memcached=9.5%
[monitor] ['17%', '100%', '100%', '100%']  memcached=17.3%
[monitor] ['12%', '100%', '100%', '100%']  memcached=11.8%
[monitor] ['12%', '100%', '100%', '100%']  memcached=12.0%
[monitor] ['14%', '100%', '100%', '100%']  memcached=14.1%
[monitor] ['11%', '100%', '100%', '100%']  memcached=10.5%
[monitor] ['15%', '100%', '100%', '100%']  memcached=14.7%
[monitor] ['9%', '100%', '100%', '100%']  memcached=9.5%
[monitor] ['48%', '100%', '100%', '100%']  memcached=48.2%
[monitor] ['100%', '100%', '100%', '100%']  memcached=100.0%
[MEMCACHED] cores updated to: ['0', '2', '3']
[freqmine] cores updated to: [1]
[monitor] ['64%', '100%', '64%', '62%']  memcached=189.9%
[monitor] ['58%', '100%', '56%', '56%']  memcached=170.4%
[monitor] ['61%', '100%', '58%', '58%']  memcached=177.2%
[monitor] ['61%', '100%', '58%', '62%']  memcached=180.9%
[monitor] ['60%', '100%', '57%', '57%']  memcached=174.5%
[monitor] ['79%', '100%', '76%', '72%']  memcached=226.4%
[monitor] ['74%', '100%', '70%', '79%']  memcached=223.0%
[monitor] ['79%', '100%', '78%', '74%']  memcached=230.6%
[monitor] ['79%', '100%', '75%', '78%']  memcached=231.7%
[monitor] ['68%', '100%', '64%', '70%']  memcached=202.2%
[monitor] ['59%', '100%', '58%', '63%']  memcached=180.0%
[monitor] ['70%', '100%', '68%', '72%']  memcached=210.9%
[monitor] ['71%', '100%', '68%', '67%']  memcached=206.4%
[monitor] ['51%', '100%', '47%', '46%']  memcached=143.3%
[MEMCACHED] cores updated to: ['0', '3']
[freqmine] cores updated to: [1, 2]
[monitor] ['71%', '100%', '100%', '78%']  memcached=148.8%
[monitor] ['69%', '100%', '100%', '67%']  memcached=135.7%
[monitor] ['81%', '100%', '100%', '76%']  memcached=157.1%
[monitor] ['71%', '100%', '100%', '75%']  memcached=146.7%
[monitor] ['78%', '100%', '100%', '79%']  memcached=156.8%
[monitor] ['65%', '100%', '100%', '65%']  memcached=129.9%
[monitor] ['72%', '100%', '100%', '65%']  memcached=136.9%
[monitor] ['63%', '100%', '100%', '64%']  memcached=126.4%
[monitor] ['59%', '100%', '100%', '67%']  memcached=125.9%
[monitor] ['64%', '100%', '100%', '74%']  memcached=138.5%
[monitor] ['63%', '100%', '100%', '68%']  memcached=131.0%
[monitor] ['66%', '100%', '100%', '70%']  memcached=135.3%
[monitor] ['64%', '100%', '100%', '65%']  memcached=128.8%
[monitor] ['87%', '100%', '100%', '83%']  memcached=169.7%
[monitor] ['93%', '100%', '100%', '100%']  memcached=192.9%
[MEMCACHED] cores updated to: ['0', '1', '3']
[freqmine] cores updated to: [2]
[monitor] ['75%', '76%', '100%', '74%']  memcached=225.0%
[monitor] ['70%', '91%', '100%', '86%']  memcached=246.7%
[monitor] ['67%', '73%', '100%', '68%']  memcached=208.8%
[monitor] ['68%', '75%', '100%', '70%']  memcached=213.6%
[monitor] ['66%', '88%', '100%', '83%']  memcached=237.0%
[monitor] ['75%', '75%', '100%', '70%']  memcached=220.7%
[monitor] ['70%', '86%', '100%', '82%']  memcached=237.7%
[monitor] ['69%', '77%', '100%', '73%']  memcached=219.7%
[monitor] ['70%', '70%', '100%', '63%']  memcached=202.9%
[monitor] ['65%', '68%', '100%', '64%']  memcached=196.6%
[monitor] ['61%', '67%', '100%', '61%']  memcached=189.4%
[monitor] ['62%', '68%', '100%', '63%']  memcached=192.3%
[monitor] ['65%', '70%', '100%', '64%']  memcached=198.5%
[monitor] ['79%', '85%', '100%', '80%']  memcached=243.9%
[monitor] ['79%', '84%', '100%', '79%']  memcached=243.3%
[monitor] ['78%', '84%', '100%', '79%']  memcached=241.5%
[monitor] ['74%', '81%', '100%', '74%']  memcached=229.0%
[monitor] ['77%', '83%', '100%', '76%']  memcached=236.3%
[monitor] ['78%', '83%', '100%', '78%']  memcached=239.4%
[monitor] ['77%', '83%', '100%', '78%']  memcached=237.9%
[monitor] ['74%', '81%', '100%', '74%']  memcached=228.2%
[monitor] ['82%', '86%', '100%', '82%']  memcached=249.7%
[monitor] ['81%', '86%', '100%', '81%']  memcached=248.1%
[monitor] ['84%', '89%', '100%', '87%']  memcached=260.2%
[monitor] ['77%', '83%', '100%', '77%']  memcached=237.1%
[monitor] ['79%', '85%', '100%', '79%']  memcached=244.2%
[monitor] ['79%', '83%', '100%', '79%']  memcached=240.9%
[monitor] ['66%', '72%', '100%', '66%']  memcached=203.1%
[monitor] ['55%', '60%', '100%', '56%']  memcached=172.0%
[monitor] ['56%', '62%', '100%', '58%']  memcached=176.5%
[monitor] ['57%', '62%', '100%', '56%']  memcached=174.8%
[monitor] ['61%', '66%', '100%', '61%']  memcached=187.5%
[monitor] ['58%', '62%', '100%', '58%']  memcached=178.3%
[monitor] ['59%', '64%', '100%', '60%']  memcached=183.1%
[monitor] ['57%', '63%', '100%', '58%']  memcached=177.6%
[monitor] ['59%', '64%', '100%', '59%']  memcached=180.7%
[monitor] ['59%', '67%', '100%', '60%']  memcached=185.9%
[monitor] ['56%', '64%', '100%', '58%']  memcached=178.1%
[monitor] ['61%', '64%', '100%', '59%']  memcached=183.3%
[monitor] ['57%', '64%', '100%', '61%']  memcached=181.7%
[monitor] ['57%', '63%', '100%', '57%']  memcached=176.5%
[monitor] ['57%', '62%', '100%', '57%']  memcached=175.5%
[monitor] ['19%', '20%', '100%', '17%']  memcached=55.5%
[MEMCACHED] cores updated to: ['0']
[freqmine] cores updated to: [3, 1, 2]
[monitor] ['70%', '100%', '100%', '100%']  memcached=69.9%
[monitor] ['75%', '100%', '100%', '100%']  memcached=74.8%
[monitor] ['65%', '100%', '100%', '100%']  memcached=65.3%
[monitor] ['61%', '100%', '100%', '100%']  memcached=60.6%
[monitor] ['61%', '100%', '100%', '100%']  memcached=61.2%
[monitor] ['69%', '100%', '100%', '100%']  memcached=69.4%
[monitor] ['68%', '100%', '100%', '100%']  memcached=68.0%
[monitor] ['66%', '100%', '100%', '100%']  memcached=66.0%
[monitor] ['78%', '100%', '100%', '100%']  memcached=78.2%
[monitor] ['78%', '100%', '100%', '100%']  memcached=78.4%
[monitor] ['64%', '100%', '100%', '100%']  memcached=63.9%
[monitor] ['70%', '100%', '100%', '100%']  memcached=69.7%
[monitor] ['57%', '100%', '100%', '100%']  memcached=57.1%
[monitor] ['36%', '100%', '100%', '100%']  memcached=36.5%
[monitor] ['13%', '100%', '100%', '100%']  memcached=12.8%
[monitor] ['8%', '100%', '100%', '100%']  memcached=7.8%
[monitor] ['4%', '100%', '100%', '100%']  memcached=4.0%
[monitor] ['12%', '100%', '100%', '100%']  memcached=12.0%
[monitor] ['8%', '100%', '100%', '100%']  memcached=7.8%
[monitor] ['13%', '100%', '100%', '100%']  memcached=13.0%
[monitor] ['11%', '100%', '100%', '100%']  memcached=10.5%
[monitor] ['13%', '100%', '100%', '100%']  memcached=13.0%
[monitor] ['8%', '100%', '100%', '100%']  memcached=7.7%
[monitor] ['7%', '100%', '100%', '100%']  memcached=6.7%
[monitor] ['9%', '100%', '100%', '100%']  memcached=9.1%
[monitor] ['12%', '100%', '100%', '100%']  memcached=11.5%
[monitor] ['4%', '100%', '100%', '100%']  memcached=4.0%
[monitor] ['13%', '100%', '100%', '100%']  memcached=13.0%
[monitor] ['94%', '100%', '100%', '100%']  memcached=93.9%
[MEMCACHED] cores updated to: ['0', '2']
[freqmine] cores updated to: [3, 1]
[monitor] ['90%', '100%', '91%', '100%']  memcached=181.4%
[MEMCACHED] cores updated to: ['0', '2', '3']
[freqmine] cores updated to: [1]
[monitor] ['52%', '100%', '52%', '51%']  memcached=154.4%
[MEMCACHED] cores updated to: ['0', '3']
[freqmine] cores updated to: [2, 1]
[monitor] ['74%', '100%', '100%', '67%']  memcached=141.0%
[monitor] ['80%', '100%', '100%', '77%']  memcached=157.3%
[monitor] ['93%', '100%', '100%', '85%']  memcached=178.4%
[MEMCACHED] cores updated to: ['0', '1', '3']
[freqmine] cores updated to: [2]
[monitor] ['51%', '58%', '100%', '53%']  memcached=162.2%
[monitor] ['54%', '60%', '100%', '56%']  memcached=170.6%
[monitor] ['49%', '55%', '100%', '50%']  memcached=154.7%
[MEMCACHED] cores updated to: ['0', '3']
[freqmine] cores updated to: [2, 1]
[monitor] ['72%', '100%', '100%', '76%']  memcached=148.2%
[monitor] ['72%', '100%', '100%', '72%']  memcached=143.7%
[monitor] ['68%', '100%', '100%', '67%']  memcached=134.7%
[monitor] ['69%', '100%', '100%', '74%']  memcached=143.0%
[monitor] ['67%', '100%', '100%', '79%']  memcached=146.6%
[monitor] ['69%', '100%', '100%', '76%']  memcached=144.3%
[monitor] ['66%', '100%', '100%', '70%']  memcached=136.1%
[monitor] ['66%', '100%', '100%', '69%']  memcached=134.7%
[monitor] ['70%', '58%', '47%', '71%']  memcached=140.6%
[freqmine] ended.
[MEMCACHED] cores updated to: ['0', '2', '3']
[streamcluster] started on cores: [1] with 3 threads.
[monitor] ['48%', '100%', '48%', '54%']  memcached=150.4%
[MEMCACHED] cores updated to: ['0', '3']
[streamcluster] cores updated to: [1, 2]
[monitor] ['69%', '95%', '80%', '74%']  memcached=143.1%
[monitor] ['69%', '95%', '96%', '72%']  memcached=140.9%
[monitor] ['67%', '94%', '98%', '74%']  memcached=141.9%
[monitor] ['68%', '94%', '97%', '75%']  memcached=143.3%
[monitor] ['68%', '94%', '97%', '76%']  memcached=143.6%
[monitor] ['71%', '95%', '95%', '74%']  memcached=145.4%
[monitor] ['71%', '95%', '95%', '69%']  memcached=139.6%
[monitor] ['72%', '95%', '94%', '70%']  memcached=141.7%
[monitor] ['85%', '99%', '95%', '83%']  memcached=167.5%
[monitor] ['90%', '94%', '96%', '91%']  memcached=181.1%
[MEMCACHED] cores updated to: ['0', '1', '3']
[streamcluster] cores updated to: [2]
[monitor] ['72%', '71%', '100%', '67%']  memcached=210.3%
[monitor] ['72%', '70%', '100%', '65%']  memcached=207.4%
[monitor] ['68%', '69%', '100%', '65%']  memcached=202.1%
[monitor] ['69%', '71%', '100%', '65%']  memcached=204.7%
[monitor] ['68%', '70%', '100%', '65%']  memcached=203.0%
[monitor] ['67%', '68%', '100%', '63%']  memcached=198.4%
[monitor] ['73%', '72%', '100%', '65%']  memcached=210.6%
[monitor] ['75%', '78%', '100%', '71%']  memcached=223.9%
[monitor] ['74%', '72%', '100%', '65%']  memcached=211.4%
[monitor] ['74%', '73%', '100%', '67%']  memcached=214.4%
[monitor] ['74%', '74%', '100%', '68%']  memcached=215.7%
[monitor] ['69%', '69%', '100%', '63%']  memcached=200.5%
[monitor] ['61%', '59%', '100%', '54%']  memcached=173.6%
[monitor] ['37%', '35%', '100%', '31%']  memcached=102.1%
[MEMCACHED] cores updated to: ['0', '3']
[streamcluster] cores updated to: [1, 2]
[monitor] ['55%', '97%', '96%', '54%']  memcached=109.3%
[monitor] ['52%', '96%', '98%', '51%']  memcached=102.7%
[monitor] ['60%', '95%', '94%', '58%']  memcached=118.5%
[monitor] ['57%', '96%', '97%', '56%']  memcached=112.6%
[monitor] ['53%', '97%', '94%', '53%']  memcached=106.1%
[monitor] ['58%', '95%', '98%', '57%']  memcached=115.1%
[monitor] ['51%', '96%', '94%', '52%']  memcached=102.2%
[monitor] ['63%', '92%', '97%', '57%']  memcached=120.2%
[monitor] ['53%', '96%', '97%', '51%']  memcached=103.9%
[monitor] ['56%', '94%', '95%', '57%']  memcached=113.0%
[monitor] ['56%', '96%', '94%', '56%']  memcached=112.3%
[monitor] ['51%', '97%', '96%', '51%']  memcached=101.6%
[monitor] ['51%', '97%', '96%', '54%']  memcached=105.5%
[monitor] ['25%', '93%', '96%', '29%']  memcached=53.9%
[MEMCACHED] cores updated to: ['0']
[streamcluster] cores updated to: [1, 2, 3]
[monitor] ['34%', '99%', '84%', '98%']  memcached=34.2%
[monitor] ['39%', '100%', '81%', '98%']  memcached=39.0%
[monitor] ['37%', '100%', '82%', '99%']  memcached=37.0%
[monitor] ['37%', '100%', '79%', '99%']  memcached=36.6%
[monitor] ['31%', '100%', '82%', '98%']  memcached=30.8%
[monitor] ['33%', '100%', '81%', '99%']  memcached=32.9%
[monitor] ['33%', '100%', '82%', '99%']  memcached=32.9%
[monitor] ['36%', '100%', '79%', '98%']  memcached=35.8%
[monitor] ['32%', '100%', '82%', '99%']  memcached=31.6%
[monitor] ['31%', '99%', '82%', '98%']  memcached=31.2%
[monitor] ['33%', '100%', '82%', '99%']  memcached=33.3%
[monitor] ['32%', '100%', '82%', '99%']  memcached=32.5%
[monitor] ['32%', '100%', '83%', '98%']  memcached=31.6%
[monitor] ['53%', '100%', '84%', '98%']  memcached=52.9%
[monitor] ['100%', '100%', '85%', '95%']  memcached=100.0%
[MEMCACHED] cores updated to: ['0', '2', '3']
[streamcluster] cores updated to: [1]
[monitor] ['59%', '100%', '55%', '60%']  memcached=174.3%
[monitor] ['49%', '100%', '47%', '52%']  memcached=148.2%
[MEMCACHED] cores updated to: ['0', '3']
[streamcluster] cores updated to: [1, 2]
[monitor] ['75%', '96%', '95%', '74%']  memcached=149.2%
[monitor] ['80%', '91%', '95%', '78%']  memcached=157.7%
[monitor] ['73%', '94%', '96%', '74%']  memcached=146.6%
[monitor] ['69%', '96%', '96%', '73%']  memcached=141.9%
[monitor] ['70%', '94%', '97%', '69%']  memcached=139.6%
[monitor] ['81%', '98%', '91%', '80%']  memcached=160.2%
[monitor] ['80%', '98%', '93%', '79%']  memcached=158.8%
[monitor] ['83%', '91%', '95%', '80%']  memcached=163.0%
[monitor] ['73%', '95%', '94%', '70%']  memcached=143.4%
[monitor] ['73%', '96%', '94%', '71%']  memcached=144.0%
[monitor] ['72%', '60%', '97%', '66%']  memcached=138.0%
[monitor] ['60%', '94%', '94%', '59%']  memcached=118.3%
[monitor] ['60%', '95%', '96%', '54%']  memcached=114.0%
[monitor] ['58%', '95%', '95%', '56%']  memcached=114.1%
[monitor] ['59%', '96%', '93%', '62%']  memcached=120.7%
[monitor] ['58%', '97%', '93%', '60%']  memcached=117.2%
[monitor] ['60%', '94%', '94%', '57%']  memcached=117.6%
[monitor] ['58%', '95%', '96%', '59%']  memcached=116.6%
[monitor] ['62%', '96%', '95%', '59%']  memcached=121.2%
[monitor] ['64%', '96%', '96%', '58%']  memcached=121.8%
[monitor] ['59%', '98%', '93%', '60%']  memcached=118.5%
[monitor] ['57%', '97%', '94%', '58%']  memcached=115.5%
[monitor] ['65%', '94%', '96%', '65%']  memcached=129.8%
[monitor] ['58%', '94%', '96%', '59%']  memcached=116.3%
[monitor] ['58%', '96%', '96%', '56%']  memcached=114.1%
[monitor] ['67%', '96%', '89%', '68%']  memcached=135.1%
[monitor] ['45%', '97%', '95%', '45%']  memcached=90.3%
[monitor] ['41%', '94%', '95%', '40%']  memcached=80.9%
[monitor] ['47%', '95%', '95%', '45%']  memcached=92.1%
[monitor] ['43%', '97%', '96%', '42%']  memcached=84.9%
[monitor] ['43%', '95%', '96%', '43%']  memcached=85.6%
[monitor] ['41%', '96%', '94%', '41%']  memcached=82.6%
[monitor] ['43%', '96%', '95%', '45%']  memcached=87.9%
[monitor] ['42%', '94%', '96%', '45%']  memcached=87.2%
[monitor] ['51%', '95%', '96%', '49%']  memcached=99.4%
[monitor] ['51%', '95%', '95%', '48%']  memcached=99.4%
[monitor] ['47%', '96%', '93%', '53%']  memcached=100.5%
[monitor] ['48%', '97%', '95%', '47%']  memcached=94.9%
[monitor] ['49%', '95%', '96%', '47%']  memcached=96.0%
[monitor] ['55%', '90%', '96%', '47%']  memcached=102.1%
[monitor] ['48%', '97%', '95%', '45%']  memcached=93.1%
[monitor] ['57%', '97%', '95%', '58%']  memcached=114.8%
[monitor] ['52%', '95%', '96%', '50%']  memcached=102.2%
[monitor] ['51%', '98%', '92%', '49%']  memcached=100.5%
[monitor] ['52%', '95%', '93%', '50%']  memcached=101.7%
[monitor] ['57%', '95%', '97%', '54%']  memcached=110.4%
[monitor] ['49%', '98%', '95%', '50%']  memcached=99.5%
[monitor] ['49%', '96%', '94%', '47%']  memcached=95.9%
[monitor] ['52%', '97%', '97%', '51%']  memcached=102.2%
[monitor] ['68%', '96%', '96%', '63%']  memcached=130.7%
[monitor] ['58%', '97%', '97%', '63%']  memcached=121.4%
[monitor] ['58%', '99%', '96%', '62%']  memcached=120.2%
[monitor] ['63%', '97%', '93%', '63%']  memcached=126.9%
[monitor] ['57%', '94%', '96%', '55%']  memcached=112.6%
[monitor] ['54%', '94%', '97%', '54%']  memcached=108.2%
[monitor] ['35%', '98%', '92%', '42%']  memcached=76.9%
[MEMCACHED] cores updated to: ['0']
[streamcluster] cores updated to: [3, 1, 2]
[monitor] ['68%', '100%', '83%', '99%']  memcached=67.7%
[monitor] ['65%', '100%', '88%', '99%']  memcached=65.3%
[monitor] ['66%', '99%', '88%', '98%']  memcached=66.3%
[monitor] ['73%', '99%', '80%', '97%']  memcached=73.2%
[monitor] ['72%', '100%', '86%', '98%']  memcached=71.6%
[monitor] ['83%', '98%', '92%', '95%']  memcached=83.0%
[monitor] ['65%', '100%', '74%', '95%']  memcached=65.2%
[monitor] ['76%', '89%', '88%', '88%']  memcached=75.5%
[monitor] ['69%', '60%', '93%', '58%']  memcached=69.1%
[monitor] ['78%', '93%', '79%', '91%']  memcached=78.2%
[monitor] ['69%', '99%', '66%', '94%']  memcached=69.1%
[monitor] ['72%', '98%', '87%', '97%']  memcached=72.2%
[monitor] ['72%', '100%', '86%', '99%']  memcached=72.3%
[monitor] ['91%', '99%', '75%', '96%']  memcached=91.0%
[MEMCACHED] cores updated to: ['0', '3']
[streamcluster] cores updated to: [1, 2]
[monitor] ['85%', '94%', '95%', '91%']  memcached=175.7%
[MEMCACHED] cores updated to: ['0', '1', '3']
[streamcluster] cores updated to: [2]
[monitor] ['57%', '59%', '100%', '52%']  memcached=167.4%
[monitor] ['47%', '48%', '100%', '44%']  memcached=138.7%
[MEMCACHED] cores updated to: ['0', '3']
[streamcluster] cores updated to: [1, 2]
[monitor] ['76%', '96%', '93%', '71%']  memcached=147.0%
[monitor] ['74%', '99%', '93%', '77%']  memcached=150.8%
[monitor] ['73%', '92%', '99%', '73%']  memcached=146.1%
[monitor] ['81%', '99%', '92%', '81%']  memcached=162.3%
[monitor] ['66%', '93%', '98%', '64%']  memcached=129.2%
[monitor] ['72%', '97%', '94%', '72%']  memcached=143.6%
[monitor] ['88%', '98%', '90%', '79%']  memcached=167.4%
[monitor] ['75%', '93%', '97%', '74%']  memcached=149.0%
[monitor] ['79%', '98%', '92%', '80%']  memcached=158.6%
[monitor] ['70%', '93%', '97%', '71%']  memcached=141.3%
[monitor] ['68%', '95%', '95%', '68%']  memcached=135.4%
[monitor] ['75%', '93%', '98%', '73%']  memcached=147.9%
[monitor] ['73%', '94%', '96%', '72%']  memcached=145.4%
[monitor] ['74%', '93%', '97%', '72%']  memcached=146.3%
[monitor] ['74%', '96%', '97%', '75%']  memcached=148.4%
[monitor] ['72%', '92%', '98%', '76%']  memcached=147.6%
[monitor] ['74%', '96%', '93%', '74%']  memcached=148.2%
[monitor] ['80%', '96%', '97%', '78%']  memcached=157.8%
[monitor] ['75%', '93%', '95%', '75%']  memcached=150.0%
[monitor] ['81%', '96%', '96%', '80%']  memcached=160.8%
[monitor] ['78%', '95%', '96%', '75%']  memcached=152.8%
[monitor] ['75%', '95%', '94%', '73%']  memcached=148.0%
[monitor] ['77%', '95%', '97%', '76%']  memcached=152.3%
[monitor] ['77%', '95%', '94%', '74%']  memcached=151.1%
[monitor] ['76%', '97%', '95%', '78%']  memcached=154.0%
[monitor] ['65%', '96%', '95%', '61%']  memcached=126.5%
[monitor] ['62%', '96%', '98%', '63%']  memcached=125.5%
[monitor] ['63%', '98%', '95%', '60%']  memcached=122.8%
[monitor] ['59%', '97%', '97%', '60%']  memcached=119.4%
[monitor] ['56%', '96%', '97%', '65%']  memcached=120.6%
[monitor] ['61%', '97%', '95%', '62%']  memcached=122.3%
[monitor] ['54%', '96%', '95%', '67%']  memcached=121.4%
[monitor] ['51%', '95%', '97%', '65%']  memcached=116.1%
[monitor] ['52%', '96%', '97%', '67%']  memcached=118.7%
[monitor] ['47%', '93%', '97%', '71%']  memcached=117.4%
[monitor] ['53%', '93%', '93%', '68%']  memcached=120.4%
[monitor] ['55%', '95%', '94%', '61%']  memcached=116.4%
[monitor] ['58%', '96%', '91%', '59%']  memcached=117.0%
[monitor] ['63%', '96%', '95%', '51%']  memcached=114.0%
[monitor] ['59%', '96%', '93%', '50%']  memcached=108.9%
[monitor] ['61%', '96%', '93%', '48%']  memcached=109.5%
[monitor] ['59%', '97%', '91%', '51%']  memcached=109.5%
[monitor] ['59%', '96%', '94%', '50%']  memcached=109.4%
[monitor] ['64%', '98%', '93%', '51%']  memcached=114.7%
[monitor] ['63%', '94%', '94%', '51%']  memcached=113.3%
[monitor] ['63%', '94%', '94%', '52%']  memcached=114.6%
[monitor] ['59%', '97%', '93%', '54%']  memcached=112.4%
[monitor] ['61%', '98%', '93%', '52%']  memcached=112.7%
[monitor] ['62%', '96%', '92%', '51%']  memcached=113.0%
[monitor] ['57%', '95%', '94%', '54%']  memcached=111.3%
[monitor] ['60%', '96%', '94%', '52%']  memcached=112.6%
[monitor] ['60%', '98%', '92%', '51%']  memcached=111.5%
[monitor] ['58%', '94%', '93%', '52%']  memcached=110.0%
[monitor] ['62%', '96%', '90%', '52%']  memcached=113.6%
[monitor] ['76%', '83%', '95%', '83%']  memcached=158.9%
[monitor] ['86%', '80%', '93%', '98%']  memcached=184.5%
[MEMCACHED] cores updated to: ['0', '2', '3']
[streamcluster] cores updated to: [1]
[monitor] ['77%', '100%', '74%', '73%']  memcached=224.1%
[monitor] ['74%', '100%', '73%', '74%']  memcached=221.0%
[monitor] ['73%', '100%', '71%', '74%']  memcached=217.8%
[monitor] ['74%', '100%', '68%', '75%']  memcached=217.1%
[monitor] ['72%', '100%', '69%', '74%']  memcached=214.4%
[monitor] ['74%', '100%', '71%', '74%']  memcached=219.0%
[monitor] ['75%', '100%', '72%', '77%']  memcached=223.9%
[monitor] ['72%', '100%', '71%', '75%']  memcached=217.7%
[monitor] ['77%', '100%', '74%', '75%']  memcached=225.7%
[monitor] ['74%', '100%', '69%', '74%']  memcached=216.9%
[monitor] ['73%', '100%', '70%', '75%']  memcached=217.7%
[monitor] ['74%', '100%', '72%', '76%']  memcached=221.7%
[monitor] ['61%', '100%', '58%', '59%']  memcached=177.6%
[monitor] ['13%', '100%', '4%', '1%']  memcached=18.8%
[MEMCACHED] cores updated to: ['0']
[streamcluster] cores updated to: [2, 1, 3]
[monitor] ['7%', '100%', '46%', '56%']  memcached=6.7%
[monitor] ['8%', '98%', '78%', '98%']  memcached=7.8%
[monitor] ['11%', '100%', '81%', '99%']  memcached=11.0%
[monitor] ['12%', '100%', '80%', '100%']  memcached=12.1%
[monitor] ['11%', '99%', '80%', '97%']  memcached=11.1%
[monitor] ['9%', '99%', '81%', '99%']  memcached=9.1%
[monitor] ['11%', '99%', '81%', '100%']  memcached=10.9%
[monitor] ['10%', '100%', '81%', '100%']  memcached=10.0%
[monitor] ['12%', '100%', '80%', '99%']  memcached=12.0%
[monitor] ['11%', '99%', '80%', '99%']  memcached=10.9%
[monitor] ['9%', '100%', '77%', '100%']  memcached=8.9%
[monitor] ['9%', '100%', '79%', '99%']  memcached=8.9%
[monitor] ['13%', '100%', '77%', '99%']  memcached=12.9%
[monitor] ['10%', '100%', '81%', '99%']  memcached=9.9%
[monitor] ['13%', '100%', '81%', '99%']  memcached=13.0%
[monitor] ['15%', '99%', '82%', '99%']  memcached=14.7%
[monitor] ['12%', '99%', '81%', '100%']  memcached=12.0%
[monitor] ['11%', '100%', '80%', '97%']  memcached=10.7%
[monitor] ['11%', '100%', '80%', '100%']  memcached=10.8%
[monitor] ['13%', '100%', '80%', '98%']  memcached=13.2%
[monitor] ['9%', '100%', '80%', '99%']  memcached=9.5%
[monitor] ['12%', '99%', '82%', '99%']  memcached=12.0%
[monitor] ['13%', '100%', '80%', '98%']  memcached=13.2%
[monitor] ['12%', '100%', '81%', '98%']  memcached=12.0%
[monitor] ['16%', '100%', '80%', '98%']  memcached=15.6%
[monitor] ['13%', '99%', '81%', '99%']  memcached=13.2%
[monitor] ['12%', '99%', '81%', '99%']  memcached=11.8%
[monitor] ['9%', '100%', '80%', '99%']  memcached=9.3%
[monitor] ['11%', '100%', '79%', '99%']  memcached=11.2%
[monitor] ['8%', '99%', '78%', '100%']  memcached=8.2%
[monitor] ['10%', '99%', '78%', '100%']  memcached=10.1%
[monitor] ['15%', '100%', '81%', '99%']  memcached=15.4%
[monitor] ['12%', '99%', '79%', '100%']  memcached=12.5%
[monitor] ['13%', '100%', '79%', '99%']  memcached=13.2%
[monitor] ['12%', '100%', '79%', '100%']  memcached=12.4%
[monitor] ['12%', '100%', '78%', '99%']  memcached=12.4%
[monitor] ['10%', '100%', '77%', '100%']  memcached=10.2%
[monitor] ['13%', '100%', '78%', '99%']  memcached=13.3%
[monitor] ['8%', '100%', '79%', '99%']  memcached=8.0%
[monitor] ['10%', '100%', '78%', '99%']  memcached=10.2%
[monitor] ['8%', '100%', '78%', '99%']  memcached=8.1%
[monitor] ['11%', '100%', '78%', '99%']  memcached=11.5%
[monitor] ['37%', '99%', '80%', '99%']  memcached=37.2%
[monitor] ['85%', '99%', '83%', '96%']  memcached=84.8%
[monitor] ['79%', '56%', '48%', '98%']  memcached=78.8%
[monitor] ['83%', '99%', '86%', '97%']  memcached=83.2%
[monitor] ['84%', '100%', '84%', '98%']  memcached=84.1%
[monitor] ['83%', '100%', '87%', '97%']  memcached=83.0%
[monitor] ['84%', '100%', '84%', '95%']  memcached=84.1%
[monitor] ['83%', '99%', '86%', '97%']  memcached=83.2%
[monitor] ['84%', '100%', '84%', '98%']  memcached=83.8%
[monitor] ['85%', '99%', '87%', '98%']  memcached=85.0%
[MEMCACHED] cores updated to: ['0', '2']
[streamcluster] cores updated to: [1, 3]
[monitor] ['43%', '98%', '50%', '98%']  memcached=93.0%
[monitor] ['42%', '99%', '50%', '97%']  memcached=91.9%
[monitor] ['41%', '98%', '49%', '99%']  memcached=90.0%
[monitor] ['41%', '99%', '48%', '98%']  memcached=89.0%
[monitor] ['42%', '98%', '49%', '98%']  memcached=90.9%
[monitor] ['18%', '99%', '20%', '98%']  memcached=38.2%
[MEMCACHED] cores updated to: ['0']
[streamcluster] cores updated to: [2, 1, 3]
[monitor] ['12%', '100%', '79%', '97%']  memcached=12.2%
[monitor] ['11%', '100%', '80%', '96%']  memcached=10.8%
[monitor] ['14%', '100%', '81%', '98%']  memcached=14.5%
[monitor] ['15%', '100%', '81%', '97%']  memcached=14.9%
[monitor] ['15%', '100%', '80%', '99%']  memcached=14.7%
[monitor] ['14%', '100%', '79%', '99%']  memcached=13.5%
[monitor] ['16%', '99%', '80%', '98%']  memcached=15.6%
[monitor] ['14%', '100%', '80%', '100%']  memcached=14.5%
[monitor] ['13%', '100%', '80%', '98%']  memcached=13.3%
[monitor] ['11%', '100%', '80%', '98%']  memcached=10.8%
[monitor] ['22%', '99%', '81%', '99%']  memcached=21.8%
[monitor] ['12%', '100%', '80%', '100%']  memcached=12.2%
[monitor] ['15%', '99%', '82%', '99%']  memcached=14.9%
[monitor] ['32%', '100%', '83%', '99%']  memcached=31.6%
[monitor] ['100%', '99%', '85%', '96%']  memcached=100.0%
[MEMCACHED] cores updated to: ['0', '1', '3']
[streamcluster] cores updated to: [2]
[monitor] ['72%', '75%', '100%', '69%']  memcached=215.6%
[monitor] ['64%', '64%', '100%', '59%']  memcached=187.3%
[monitor] ['61%', '65%', '100%', '59%']  memcached=185.3%
[monitor] ['61%', '64%', '100%', '59%']  memcached=183.3%
[monitor] ['61%', '62%', '100%', '56%']  memcached=179.7%
[monitor] ['60%', '63%', '100%', '57%']  memcached=180.1%
[monitor] ['61%', '65%', '100%', '56%']  memcached=181.3%
[monitor] ['61%', '62%', '100%', '58%']  memcached=181.2%
[monitor] ['61%', '63%', '100%', '58%']  memcached=182.0%
[monitor] ['61%', '64%', '100%', '58%']  memcached=183.1%
[monitor] ['64%', '65%', '100%', '60%']  memcached=188.9%
[monitor] ['63%', '66%', '100%', '59%']  memcached=187.6%
[monitor] ['61%', '64%', '100%', '59%']  memcached=184.1%
[monitor] ['31%', '30%', '100%', '28%']  memcached=89.5%
[MEMCACHED] cores updated to: ['0', '3']
[streamcluster] cores updated to: [2, 1]
[monitor] ['13%', '95%', '93%', '10%']  memcached=22.9%
[MEMCACHED] cores updated to: ['0']
[streamcluster] cores updated to: [2, 1, 3]
[monitor] ['22%', '99%', '82%', '99%']  memcached=22.1%
[monitor] ['18%', '100%', '80%', '99%']  memcached=17.8%
[monitor] ['26%', '100%', '84%', '99%']  memcached=26.3%
[monitor] ['33%', '93%', '88%', '93%']  memcached=33.3%
[monitor] ['21%', '99%', '82%', '99%']  memcached=21.3%
[monitor] ['25%', '100%', '85%', '99%']  memcached=24.7%
[monitor] ['21%', '100%', '81%', '98%']  memcached=21.1%
[monitor] ['21%', '100%', '80%', '99%']  memcached=20.8%
[monitor] ['20%', '100%', '81%', '99%']  memcached=20.3%
[monitor] ['22%', '63%', '52%', '66%']  memcached=22.1%
[streamcluster] ended.
[MEMCACHED] cores updated to: ['0', '2', '3']
[vips] started on cores: [1] with 3 threads.
[monitor] ['64%', '100%', '63%', '69%']  memcached=195.8%
[monitor] ['65%', '100%', '62%', '68%']  memcached=195.4%
[monitor] ['65%', '100%', '62%', '69%']  memcached=195.8%
[monitor] ['64%', '100%', '62%', '67%']  memcached=193.4%
[monitor] ['64%', '100%', '65%', '64%']  memcached=193.2%
[monitor] ['61%', '100%', '58%', '59%']  memcached=177.5%
[monitor] ['76%', '100%', '46%', '44%']  memcached=165.5%
[monitor] ['40%', '100%', '41%', '41%']  memcached=122.5%
[MEMCACHED] cores updated to: ['0', '3']
[vips] cores updated to: [1, 2]
[monitor] ['58%', '100%', '100%', '56%']  memcached=113.6%
[monitor] ['55%', '100%', '100%', '55%']  memcached=110.0%
[monitor] ['60%', '100%', '100%', '58%']  memcached=118.4%
[monitor] ['60%', '100%', '100%', '65%']  memcached=125.4%
[monitor] ['62%', '100%', '100%', '100%']  memcached=162.5%
[monitor] ['65%', '100%', '100%', '100%']  memcached=164.9%
[monitor] ['71%', '100%', '100%', '90%']  memcached=161.3%
[monitor] ['100%', '100%', '100%', '63%']  memcached=163.2%
[monitor] ['73%', '100%', '100%', '90%']  memcached=163.7%
[monitor] ['60%', '100%', '100%', '100%']  memcached=159.6%
[monitor] ['71%', '100%', '100%', '91%']  memcached=162.4%
[monitor] ['82%', '100%', '100%', '81%']  memcached=162.4%
[monitor] ['90%', '100%', '100%', '94%']  memcached=184.1%
[MEMCACHED] cores updated to: ['0', '1', '3']
[vips] cores updated to: [2]
[monitor] ['83%', '82%', '100%', '77%']  memcached=242.4%
[monitor] ['76%', '81%', '100%', '75%']  memcached=231.5%
[monitor] ['80%', '85%', '100%', '79%']  memcached=243.9%
[monitor] ['81%', '86%', '100%', '80%']  memcached=247.0%
[monitor] ['77%', '80%', '100%', '76%']  memcached=232.5%
[monitor] ['81%', '83%', '100%', '77%']  memcached=240.9%
[monitor] ['80%', '83%', '100%', '78%']  memcached=240.4%
[monitor] ['78%', '82%', '100%', '78%']  memcached=237.9%
[monitor] ['82%', '84%', '100%', '80%']  memcached=246.3%
[monitor] ['78%', '82%', '100%', '77%']  memcached=236.8%
[monitor] ['78%', '82%', '100%', '78%']  memcached=237.6%
[monitor] ['80%', '83%', '100%', '76%']  memcached=238.4%
[monitor] ['81%', '85%', '100%', '80%']  memcached=246.3%
[monitor] ['37%', '33%', '100%', '30%']  memcached=99.6%
[MEMCACHED] cores updated to: ['0', '3']
[vips] cores updated to: [1, 2]
[monitor] ['20%', '100%', '100%', '15%']  memcached=34.9%
[MEMCACHED] cores updated to: ['0']
[vips] cores updated to: [1, 2, 3]
[monitor] ['96%', '100%', '100%', '100%']  memcached=96.0%
[MEMCACHED] cores updated to: ['0', '2', '3']
[vips] cores updated to: [1]
[monitor] ['24%', '100%', '94%', '11%']  memcached=129.2%
[MEMCACHED] cores updated to: ['0', '3']
[vips] cores updated to: [1, 2]
[monitor] ['45%', '100%', '100%', '13%']  memcached=58.3%
[MEMCACHED] cores updated to: ['0']
[vips] cores updated to: [3, 1, 2]
[monitor] ['22%', '100%', '100%', '100%']  memcached=21.9%
[monitor] ['24%', '100%', '100%', '100%']  memcached=23.7%
[monitor] ['24%', '100%', '100%', '100%']  memcached=23.7%
[monitor] ['22%', '100%', '100%', '100%']  memcached=21.6%
[monitor] ['20%', '100%', '100%', '100%']  memcached=20.3%
[monitor] ['23%', '100%', '100%', '100%']  memcached=23.0%
[monitor] ['28%', '100%', '100%', '100%']  memcached=27.8%
[monitor] ['22%', '100%', '100%', '100%']  memcached=21.6%
[monitor] ['84%', '100%', '100%', '100%']  memcached=84.2%
[monitor] ['100%', '100%', '100%', '100%']  memcached=100.0%
[MEMCACHED] cores updated to: ['0', '1', '3']
[vips] cores updated to: [2]
[monitor] ['89%', '93%', '100%', '92%']  memcached=274.1%
[monitor] ['67%', '70%', '100%', '67%']  memcached=204.1%
[monitor] ['69%', '72%', '100%', '68%']  memcached=209.7%
[monitor] ['66%', '69%', '100%', '67%']  memcached=201.6%
[monitor] ['68%', '71%', '100%', '66%']  memcached=205.3%
[monitor] ['71%', '73%', '100%', '68%']  memcached=212.2%
[monitor] ['68%', '70%', '100%', '66%']  memcached=204.8%
[monitor] ['66%', '71%', '100%', '65%']  memcached=202.8%
[monitor] ['68%', '72%', '100%', '65%']  memcached=204.2%
[monitor] ['70%', '74%', '100%', '67%']  memcached=211.1%
[monitor] ['68%', '72%', '100%', '66%']  memcached=205.9%
[monitor] ['70%', '73%', '100%', '65%']  memcached=207.6%
[monitor] ['68%', '70%', '100%', '67%']  memcached=205.9%
[monitor] ['64%', '68%', '100%', '62%']  memcached=194.2%
[monitor] ['62%', '67%', '100%', '62%']  memcached=192.1%
[monitor] ['62%', '67%', '100%', '61%']  memcached=189.9%
[monitor] ['65%', '69%', '100%', '63%']  memcached=196.3%
[monitor] ['64%', '68%', '100%', '63%']  memcached=194.6%
[monitor] ['61%', '65%', '100%', '60%']  memcached=186.4%
[monitor] ['80%', '72%', '100%', '68%']  memcached=220.7%
[monitor] ['88%', '76%', '100%', '68%']  memcached=231.1%
[monitor] ['65%', '83%', '100%', '84%']  memcached=231.6%
[monitor] ['72%', '83%', '100%', '76%']  memcached=231.3%
[monitor] ['64%', '67%', '100%', '67%']  memcached=197.5%
[monitor] ['69%', '72%', '96%', '67%']  memcached=209.2%
[monitor] ['61%', '67%', '78%', '61%']  memcached=188.5%
[vips] ended.
[MEMCACHED] cores updated to: ['0', '1', '2', '3']
