Scheduler started.
[MEMCACHED] cores updated to: ['0', '1', '2']
[radix] started on cores: [3] with 1 threads.
[monitor] ['20%', '19%', '19%', '100%']  memcached=58.2%
[MEMCACHED] cores updated to: ['0']
[barnes] started on cores: [1, 2] with 2 threads.
[monitor] ['65%', '70%', '43%', '100%']  memcached=65.5%
[monitor] ['61%', '100%', '36%', '100%']  memcached=61.2%
[monitor] ['71%', '91%', '99%', '100%']  memcached=71.0%
[monitor] ['67%', '89%', '100%', '100%']  memcached=67.4%
[monitor] ['70%', '100%', '100%', '100%']  memcached=69.8%
[monitor] ['73%', '100%', '100%', '100%']  memcached=72.5%
[monitor] ['74%', '100%', '100%', '100%']  memcached=74.0%
[monitor] ['74%', '100%', '100%', '100%']  memcached=74.0%
[monitor] ['73%', '100%', '100%', '100%']  memcached=73.3%
[monitor] ['71%', '100%', '100%', '100%']  memcached=71.4%
[monitor] ['72%', '100%', '100%', '100%']  memcached=72.4%
[monitor] ['76%', '100%', '100%', '100%']  memcached=75.9%
[monitor] ['72%', '100%', '100%', '100%']  memcached=72.5%
[monitor] ['85%', '100%', '100%', '100%']  memcached=84.9%
[monitor] ['100%', '100%', '100%', '100%']  memcached=100.0%
[MEMCACHED] cores updated to: ['0', '1', '2']
[barnes] paused.
[monitor] ['99%', '99%', '100%', '100%']  memcached=298.0%
[monitor] ['98%', '86%', '98%', '100%']  memcached=281.7%
[monitor] ['90%', '85%', '92%', '100%']  memcached=267.3%
[monitor] ['84%', '79%', '87%', '100%']  memcached=250.0%
[monitor] ['85%', '81%', '88%', '100%']  memcached=253.4%
[monitor] ['83%', '80%', '86%', '100%']  memcached=248.8%
[monitor] ['83%', '79%', '86%', '100%']  memcached=247.0%
[monitor] ['84%', '79%', '87%', '100%']  memcached=249.6%
[monitor] ['86%', '81%', '88%', '100%']  memcached=255.2%
[monitor] ['84%', '79%', '87%', '100%']  memcached=250.5%
[monitor] ['86%', '81%', '89%', '100%']  memcached=255.5%
[monitor] ['84%', '81%', '88%', '100%']  memcached=253.6%
[monitor] ['85%', '80%', '87%', '100%']  memcached=251.4%
[monitor] ['83%', '78%', '87%', '100%']  memcached=247.7%
[monitor] ['86%', '79%', '87%', '100%']  memcached=251.7%
[monitor] ['85%', '79%', '85%', '100%']  memcached=248.7%
[monitor] ['86%', '80%', '87%', '100%']  memcached=252.0%
[monitor] ['85%', '80%', '87%', '100%']  memcached=251.8%
[monitor] ['84%', '80%', '86%', '100%']  memcached=250.9%
[monitor] ['86%', '82%', '88%', '100%']  memcached=254.9%
[monitor] ['86%', '86%', '88%', '100%']  memcached=260.8%
[monitor] ['86%', '89%', '88%', '100%']  memcached=262.6%
[monitor] ['85%', '89%', '87%', '100%']  memcached=260.3%
[monitor] ['84%', '88%', '86%', '100%']  memcached=257.9%
[monitor] ['87%', '90%', '89%', '100%']  memcached=266.1%
[monitor] ['85%', '88%', '87%', '100%']  memcached=260.0%
[monitor] ['84%', '91%', '87%', '100%']  memcached=262.0%
[monitor] ['84%', '90%', '85%', '100%']  memcached=259.6%
[monitor] ['79%', '86%', '81%', '100%']  memcached=246.8%
[monitor] ['78%', '76%', '80%', '100%']  memcached=233.8%
[monitor] ['83%', '79%', '84%', '87%']  memcached=246.0%
[radix] ended.
[blackscholes] started on cores: [3] with 3 threads.
[monitor] ['84%', '84%', '84%', '100%']  memcached=252.1%
[monitor] ['81%', '81%', '83%', '100%']  memcached=245.9%
[monitor] ['77%', '74%', '79%', '100%']  memcached=231.1%
[monitor] ['78%', '75%', '80%', '100%']  memcached=233.3%
[monitor] ['82%', '77%', '82%', '100%']  memcached=240.4%
[monitor] ['79%', '75%', '81%', '100%']  memcached=235.4%
[monitor] ['80%', '78%', '81%', '100%']  memcached=238.6%
[monitor] ['79%', '72%', '79%', '100%']  memcached=229.5%
[monitor] ['79%', '75%', '81%', '100%']  memcached=235.6%
[monitor] ['78%', '73%', '80%', '100%']  memcached=231.5%
[monitor] ['80%', '76%', '82%', '100%']  memcached=238.3%
[monitor] ['83%', '76%', '77%', '100%']  memcached=236.5%
[monitor] ['50%', '34%', '91%', '100%']  memcached=173.9%
[monitor] ['68%', '66%', '44%', '100%']  memcached=178.9%
[monitor] ['73%', '65%', '44%', '100%']  memcached=182.2%
[monitor] ['58%', '80%', '42%', '100%']  memcached=180.0%
[monitor] ['60%', '36%', '41%', '100%']  memcached=137.4%
[MEMCACHED] cores updated to: ['0', '2']
[barnes] unpaused.
[barnes] cores updated to: [1, 3]
[blackscholes] paused.
[monitor] ['50%', '100%', '50%', '100%']  memcached=99.1%
[monitor] ['51%', '100%', '51%', '100%']  memcached=102.6%
[monitor] ['53%', '100%', '52%', '100%']  memcached=104.9%
[monitor] ['52%', '100%', '52%', '100%']  memcached=104.5%
[monitor] ['52%', '100%', '53%', '100%']  memcached=104.8%
[monitor] ['51%', '100%', '52%', '100%']  memcached=103.5%
[monitor] ['50%', '100%', '53%', '100%']  memcached=103.4%
[monitor] ['51%', '100%', '52%', '100%']  memcached=103.1%
[monitor] ['51%', '100%', '51%', '100%']  memcached=102.2%
[monitor] ['41%', '98%', '42%', '100%']  memcached=82.8%
[monitor] ['17%', '100%', '7%', '94%']  memcached=24.0%
[MEMCACHED] cores updated to: ['0']
[blackscholes] unpaused.
[blackscholes] cores updated to: [2]
[monitor] ['15%', '100%', '100%', '100%']  memcached=15.2%
[monitor] ['16%', '100%', '100%', '100%']  memcached=16.3%
[monitor] ['15%', '100%', '100%', '100%']  memcached=15.4%
[monitor] ['14%', '100%', '100%', '100%']  memcached=14.1%
[monitor] ['11%', '100%', '100%', '100%']  memcached=11.2%
[monitor] ['14%', '100%', '100%', '100%']  memcached=14.3%
[monitor] ['12%', '100%', '100%', '100%']  memcached=12.2%
[monitor] ['12%', '100%', '100%', '100%']  memcached=12.2%
[monitor] ['14%', '100%', '100%', '100%']  memcached=14.0%
[monitor] ['12%', '100%', '100%', '100%']  memcached=12.2%
[monitor] ['14%', '100%', '100%', '100%']  memcached=14.1%
[monitor] ['15%', '100%', '100%', '100%']  memcached=15.1%
[monitor] ['16%', '100%', '100%', '100%']  memcached=16.5%
[monitor] ['48%', '100%', '100%', '100%']  memcached=48.4%
[monitor] ['100%', '100%', '100%', '100%']  memcached=100.0%
[MEMCACHED] cores updated to: ['0', '1', '3']
[barnes] paused.
[monitor] ['65%', '65%', '100%', '65%']  memcached=194.1%
[monitor] ['64%', '60%', '100%', '62%']  memcached=185.1%
[monitor] ['61%', '59%', '100%', '60%']  memcached=180.0%
[monitor] ['66%', '62%', '100%', '63%']  memcached=191.4%
[monitor] ['63%', '61%', '100%', '60%']  memcached=183.6%
[monitor] ['62%', '61%', '100%', '60%']  memcached=183.1%
[monitor] ['65%', '62%', '100%', '62%']  memcached=188.9%
[monitor] ['63%', '60%', '100%', '60%']  memcached=183.2%
[monitor] ['62%', '59%', '100%', '61%']  memcached=182.1%
[monitor] ['62%', '60%', '100%', '59%']  memcached=182.0%
[monitor] ['63%', '60%', '100%', '60%']  memcached=183.7%
[monitor] ['64%', '61%', '100%', '60%']  memcached=185.2%
[monitor] ['65%', '63%', '100%', '61%']  memcached=189.0%
[monitor] ['38%', '36%', '100%', '34%']  memcached=108.0%
[MEMCACHED] cores updated to: ['0', '3']
[barnes] unpaused.
[barnes] cores updated to: [1, 2]
[blackscholes] paused.
[monitor] ['14%', '100%', '100%', '6%']  memcached=19.4%
[MEMCACHED] cores updated to: ['0']
[blackscholes] unpaused.
[blackscholes] cores updated to: [3]
[monitor] ['16%', '100%', '100%', '100%']  memcached=16.5%
[monitor] ['21%', '100%', '100%', '100%']  memcached=21.3%
[monitor] ['18%', '100%', '45%', '100%']  memcached=18.2%
[monitor] ['22%', '96%', '80%', '100%']  memcached=21.7%
[monitor] ['17%', '100%', '100%', '100%']  memcached=17.2%
[monitor] ['14%', '100%', '100%', '100%']  memcached=14.3%
[monitor] ['15%', '100%', '100%', '100%']  memcached=15.5%
[monitor] ['14%', '100%', '100%', '100%']  memcached=14.1%
[monitor] ['18%', '100%', '100%', '100%']  memcached=18.2%
[monitor] ['15%', '100%', '100%', '100%']  memcached=15.3%
[monitor] ['18%', '100%', '100%', '100%']  memcached=17.6%
[monitor] ['22%', '100%', '100%', '100%']  memcached=21.6%
[monitor] ['16%', '100%', '100%', '100%']  memcached=16.3%
[monitor] ['68%', '100%', '100%', '100%']  memcached=67.6%
[monitor] ['82%', '100%', '100%', '100%']  memcached=82.3%
[monitor] ['82%', '100%', '100%', '100%']  memcached=82.1%
[monitor] ['83%', '100%', '100%', '100%']  memcached=82.9%
[monitor] ['81%', '100%', '100%', '100%']  memcached=80.5%
[monitor] ['81%', '100%', '100%', '100%']  memcached=80.7%
[monitor] ['80%', '100%', '100%', '100%']  memcached=79.7%
[monitor] ['81%', '100%', '100%', '100%']  memcached=81.0%
[monitor] ['79%', '100%', '42%', '100%']  memcached=79.3%
[monitor] ['75%', '100%', '5%', '100%']  memcached=75.2%
[monitor] ['76%', '100%', '5%', '100%']  memcached=75.6%
[monitor] ['83%', '90%', '96%', '100%']  memcached=82.8%
[monitor] ['82%', '100%', '100%', '100%']  memcached=81.9%
[monitor] ['81%', '100%', '100%', '100%']  memcached=81.4%
[monitor] ['81%', '100%', '100%', '100%']  memcached=81.2%
[monitor] ['46%', '100%', '100%', '100%']  memcached=45.9%
[monitor] ['38%', '100%', '100%', '100%']  memcached=37.5%
[monitor] ['39%', '100%', '100%', '100%']  memcached=38.9%
[monitor] ['42%', '100%', '100%', '100%']  memcached=41.7%
[monitor] ['38%', '100%', '100%', '100%']  memcached=38.0%
[monitor] ['37%', '100%', '100%', '100%']  memcached=36.6%
[monitor] ['40%', '100%', '100%', '100%']  memcached=39.8%
[monitor] ['41%', '100%', '100%', '100%']  memcached=40.8%
[monitor] ['40%', '100%', '100%', '100%']  memcached=40.0%
[monitor] ['39%', '100%', '100%', '100%']  memcached=39.2%
[monitor] ['39%', '100%', '100%', '100%']  memcached=38.9%
[monitor] ['35%', '100%', '100%', '100%']  memcached=34.8%
[monitor] ['37%', '100%', '100%', '100%']  memcached=36.6%
[monitor] ['40%', '100%', '100%', '100%']  memcached=40.0%
[monitor] ['34%', '100%', '8%', '100%']  memcached=34.4%
[monitor] ['93%', '47%', '63%', '100%']  memcached=93.1%
[MEMCACHED] cores updated to: ['0', '3']
[blackscholes] paused.
[monitor] ['98%', '8%', '100%', '100%']  memcached=198.0%
[MEMCACHED] cores updated to: ['0', '2', '3']
[barnes] paused.
[blackscholes] unpaused.
[blackscholes] cores updated to: [1]
[monitor] ['80%', '100%', '86%', '74%']  memcached=240.3%
[monitor] ['76%', '100%', '79%', '70%']  memcached=224.2%
[monitor] ['77%', '100%', '80%', '72%']  memcached=229.1%
[monitor] ['77%', '100%', '79%', '70%']  memcached=226.1%
[monitor] ['77%', '100%', '79%', '70%']  memcached=226.1%
[monitor] ['77%', '100%', '80%', '72%']  memcached=229.6%
[monitor] ['77%', '100%', '80%', '74%']  memcached=230.6%
[monitor] ['76%', '100%', '79%', '72%']  memcached=227.0%
[monitor] ['75%', '100%', '78%', '72%']  memcached=225.9%
[monitor] ['77%', '100%', '79%', '72%']  memcached=228.3%
[monitor] ['76%', '100%', '80%', '74%']  memcached=230.0%
[monitor] ['77%', '100%', '81%', '77%']  memcached=234.5%
[monitor] ['70%', '100%', '73%', '67%']  memcached=210.1%
[monitor] ['22%', '93%', '14%', '14%']  memcached=50.6%
[blackscholes] ended.
[MEMCACHED] cores updated to: ['0']
[barnes] unpaused.
[barnes] cores updated to: [2, 3]
[monitor] ['15%', '10%', '38%', '14%']  memcached=14.9%
[barnes] ended.
[canneal] started on cores: [3, 1, 2] with 3 threads.
[monitor] ['18%', '15%', '66%', '30%']  memcached=18.0%
[monitor] ['17%', '2%', '100%', '0%']  memcached=17.0%
[monitor] ['15%', '2%', '100%', '0%']  memcached=14.8%
[monitor] ['15%', '2%', '100%', '3%']  memcached=15.1%
[monitor] ['15%', '3%', '100%', '0%']  memcached=15.1%
[monitor] ['12%', '1%', '100%', '24%']  memcached=11.9%
[monitor] ['18%', '1%', '100%', '0%']  memcached=17.8%
[monitor] ['17%', '0%', '100%', '0%']  memcached=16.7%
[monitor] ['13%', '1%', '100%', '0%']  memcached=12.8%
[monitor] ['16%', '2%', '100%', '3%']  memcached=15.9%
[monitor] ['15%', '3%', '100%', '0%']  memcached=15.1%
[monitor] ['18%', '20%', '100%', '3%']  memcached=18.2%
[monitor] ['31%', '0%', '100%', '0%']  memcached=31.1%
[monitor] ['30%', '3%', '100%', '1%']  memcached=29.7%
[monitor] ['28%', '1%', '100%', '0%']  memcached=27.8%
[monitor] ['31%', '1%', '100%', '0%']  memcached=31.2%
[monitor] ['29%', '0%', '100%', '0%']  memcached=28.9%
[monitor] ['28%', '1%', '100%', '2%']  memcached=28.1%
[monitor] ['31%', '0%', '100%', '0%']  memcached=30.8%
[monitor] ['28%', '3%', '100%', '2%']  memcached=28.4%
[monitor] ['29%', '1%', '100%', '2%']  memcached=29.2%
[monitor] ['29%', '1%', '100%', '1%']  memcached=28.9%
[monitor] ['30%', '0%', '100%', '2%']  memcached=30.0%
[monitor] ['27%', '2%', '100%', '0%']  memcached=27.3%
[monitor] ['28%', '2%', '100%', '1%']  memcached=28.4%
[monitor] ['30%', '1%', '100%', '0%']  memcached=30.0%
[monitor] ['33%', '0%', '100%', '1%']  memcached=33.0%
[monitor] ['100%', '3%', '100%', '2%']  memcached=100.0%
[MEMCACHED] cores updated to: ['0', '1', '3']
[canneal] cores updated to: [2]
[monitor] ['84%', '79%', '100%', '78%']  memcached=240.3%
[monitor] ['73%', '67%', '100%', '66%']  memcached=206.2%
[monitor] ['73%', '66%', '100%', '66%']  memcached=205.2%
[monitor] ['72%', '65%', '100%', '66%']  memcached=203.1%
[monitor] ['72%', '65%', '100%', '66%']  memcached=203.2%
[monitor] ['73%', '67%', '100%', '66%']  memcached=206.0%
[monitor] ['73%', '66%', '100%', '67%']  memcached=205.6%
[monitor] ['76%', '70%', '100%', '69%']  memcached=214.3%
[monitor] ['76%', '68%', '100%', '67%']  memcached=210.2%
[monitor] ['72%', '66%', '100%', '66%']  memcached=203.8%
[monitor] ['71%', '65%', '100%', '66%']  memcached=202.6%
[monitor] ['73%', '67%', '100%', '66%']  memcached=205.8%
[monitor] ['74%', '70%', '100%', '69%']  memcached=213.2%
[monitor] ['62%', '56%', '100%', '56%']  memcached=173.3%
[monitor] ['14%', '3%', '100%', '2%']  memcached=19.6%
[MEMCACHED] cores updated to: ['0']
[canneal] cores updated to: [3, 1, 2]
[monitor] ['19%', '98%', '93%', '98%']  memcached=19.4%
[monitor] ['15%', '99%', '94%', '99%']  memcached=15.5%
[monitor] ['17%', '99%', '93%', '99%']  memcached=17.0%
[monitor] ['22%', '98%', '95%', '99%']  memcached=21.7%
[monitor] ['19%', '99%', '94%', '99%']  memcached=18.6%
[monitor] ['16%', '99%', '93%', '99%']  memcached=16.2%
[monitor] ['18%', '97%', '95%', '98%']  memcached=18.0%
[monitor] ['15%', '98%', '96%', '98%']  memcached=14.7%
[monitor] ['13%', '99%', '96%', '99%']  memcached=12.6%
[monitor] ['16%', '98%', '94%', '99%']  memcached=16.3%
[monitor] ['15%', '98%', '95%', '98%']  memcached=15.3%
[monitor] ['13%', '99%', '92%', '99%']  memcached=12.6%
[monitor] ['15%', '99%', '93%', '100%']  memcached=15.2%
[monitor] ['36%', '97%', '97%', '97%']  memcached=36.5%
[monitor] ['97%', '91%', '100%', '91%']  memcached=97.1%
[MEMCACHED] cores updated to: ['0', '2', '3']
[canneal] cores updated to: [1]
[monitor] ['52%', '100%', '54%', '51%']  memcached=157.2%
[MEMCACHED] cores updated to: ['0', '3']
[canneal] cores updated to: [2, 1]
[monitor] ['65%', '89%', '96%', '67%']  memcached=131.8%
[monitor] ['69%', '88%', '95%', '68%']  memcached=137.1%
[monitor] ['68%', '92%', '98%', '65%']  memcached=132.3%
[monitor] ['67%', '89%', '97%', '67%']  memcached=133.3%
[monitor] ['68%', '91%', '94%', '63%']  memcached=131.6%
[monitor] ['68%', '94%', '96%', '62%']  memcached=129.5%
[monitor] ['66%', '91%', '96%', '61%']  memcached=126.9%
[monitor] ['65%', '90%', '96%', '60%']  memcached=125.1%
[monitor] ['64%', '91%', '97%', '62%']  memcached=125.9%
[monitor] ['67%', '90%', '96%', '62%']  memcached=129.2%
[monitor] ['67%', '93%', '97%', '66%']  memcached=133.3%
[monitor] ['68%', '91%', '97%', '67%']  memcached=135.2%
[monitor] ['48%', '90%', '94%', '48%']  memcached=96.1%
[monitor] ['19%', '92%', '95%', '18%']  memcached=37.5%
[MEMCACHED] cores updated to: ['0']
[canneal] cores updated to: [2, 1, 3]
[monitor] ['39%', '99%', '98%', '99%']  memcached=38.7%
[monitor] ['39%', '96%', '97%', '97%']  memcached=39.1%
[monitor] ['41%', '99%', '97%', '99%']  memcached=40.6%
[monitor] ['37%', '98%', '96%', '99%']  memcached=37.4%
[monitor] ['41%', '97%', '99%', '97%']  memcached=41.1%
[monitor] ['39%', '99%', '97%', '99%']  memcached=39.4%
[monitor] ['43%', '97%', '98%', '97%']  memcached=42.7%
[monitor] ['45%', '97%', '99%', '96%']  memcached=45.5%
[monitor] ['42%', '94%', '100%', '94%']  memcached=42.1%
[monitor] ['42%', '98%', '97%', '99%']  memcached=41.7%
[monitor] ['39%', '99%', '97%', '98%']  memcached=39.4%
[monitor] ['36%', '99%', '97%', '100%']  memcached=36.0%
[monitor] ['39%', '98%', '98%', '98%']  memcached=39.4%
[monitor] ['73%', '91%', '99%', '91%']  memcached=73.2%
[monitor] ['100%', '92%', '100%', '92%']  memcached=100.0%
[MEMCACHED] cores updated to: ['0', '1', '3']
[canneal] cores updated to: [2]
[monitor] ['100%', '99%', '100%', '99%']  memcached=298.0%
[monitor] ['86%', '82%', '100%', '81%']  memcached=248.2%
[monitor] ['81%', '75%', '100%', '77%']  memcached=232.4%
[monitor] ['79%', '74%', '100%', '75%']  memcached=227.7%
[monitor] ['79%', '72%', '100%', '74%']  memcached=225.8%
[monitor] ['79%', '74%', '100%', '74%']  memcached=227.0%
[monitor] ['80%', '74%', '100%', '74%']  memcached=227.8%
[monitor] ['83%', '76%', '100%', '77%']  memcached=235.6%
[monitor] ['81%', '76%', '100%', '76%']  memcached=233.6%
[monitor] ['82%', '76%', '100%', '75%']  memcached=232.5%
[monitor] ['81%', '76%', '100%', '77%']  memcached=233.9%
[monitor] ['85%', '78%', '100%', '78%']  memcached=241.0%
[monitor] ['85%', '79%', '100%', '79%']  memcached=242.7%
[monitor] ['49%', '44%', '100%', '46%']  memcached=138.9%
[MEMCACHED] cores updated to: ['0', '3']
[canneal] cores updated to: [2, 1]
[monitor] ['41%', '92%', '95%', '39%']  memcached=80.6%
[monitor] ['41%', '93%', '95%', '41%']  memcached=81.2%
[monitor] ['42%', '93%', '95%', '41%']  memcached=83.2%
[monitor] ['41%', '94%', '95%', '40%']  memcached=80.4%
[monitor] ['40%', '93%', '95%', '39%']  memcached=79.0%
[MEMCACHED] cores updated to: ['0']
[canneal] cores updated to: [2, 1, 3]
[monitor] ['68%', '91%', '100%', '91%']  memcached=68.4%
[monitor] ['67%', '97%', '99%', '98%']  memcached=67.0%
[monitor] ['69%', '95%', '99%', '95%']  memcached=69.0%
[monitor] ['68%', '98%', '99%', '97%']  memcached=67.6%
[monitor] ['66%', '97%', '99%', '97%']  memcached=66.4%
[monitor] ['68%', '92%', '100%', '92%']  memcached=67.9%
[monitor] ['67%', '97%', '99%', '97%']  memcached=67.3%
[monitor] ['70%', '92%', '100%', '92%']  memcached=70.2%
[monitor] ['67%', '97%', '100%', '97%']  memcached=67.2%
[monitor] ['92%', '93%', '99%', '91%']  memcached=92.3%
[MEMCACHED] cores updated to: ['0', '2']
[canneal] cores updated to: [1, 3]
[monitor] ['85%', '97%', '89%', '99%']  memcached=174.3%
[MEMCACHED] cores updated to: ['0', '1', '2']
[canneal] cores updated to: [3]
[monitor] ['66%', '61%', '66%', '100%']  memcached=193.3%
[monitor] ['67%', '64%', '69%', '100%']  memcached=200.1%
[monitor] ['68%', '67%', '69%', '100%']  memcached=203.5%
[monitor] ['67%', '63%', '68%', '100%']  memcached=198.3%
[monitor] ['66%', '63%', '68%', '100%']  memcached=196.3%
[monitor] ['65%', '62%', '66%', '100%']  memcached=193.4%
[monitor] ['67%', '65%', '69%', '100%']  memcached=199.9%
[monitor] ['64%', '61%', '66%', '100%']  memcached=190.8%
[monitor] ['64%', '60%', '65%', '100%']  memcached=189.4%
[monitor] ['65%', '62%', '68%', '100%']  memcached=195.3%
[monitor] ['65%', '62%', '68%', '100%']  memcached=194.4%
[monitor] ['65%', '61%', '66%', '100%']  memcached=191.1%
[monitor] ['66%', '64%', '67%', '100%']  memcached=196.6%
[monitor] ['67%', '63%', '68%', '100%']  memcached=197.7%
[monitor] ['66%', '62%', '67%', '100%']  memcached=194.7%
[monitor] ['65%', '62%', '67%', '100%']  memcached=193.5%
[monitor] ['65%', '61%', '68%', '100%']  memcached=193.8%
[monitor] ['64%', '61%', '66%', '100%']  memcached=190.7%
[monitor] ['66%', '63%', '67%', '100%']  memcached=195.4%
[monitor] ['65%', '64%', '68%', '100%']  memcached=197.5%
[monitor] ['66%', '64%', '68%', '100%']  memcached=198.1%
[monitor] ['65%', '63%', '68%', '100%']  memcached=196.3%
[monitor] ['66%', '64%', '68%', '100%']  memcached=197.4%
[monitor] ['67%', '64%', '69%', '100%']  memcached=200.2%
[monitor] ['68%', '63%', '70%', '60%']  memcached=200.6%
[canneal] ended.
[MEMCACHED] cores updated to: ['0', '2', '3']
[freqmine] started on cores: [1] with 3 threads.
[monitor] ['68%', '100%', '71%', '70%']  memcached=209.0%
[monitor] ['67%', '100%', '69%', '63%']  memcached=199.0%
[monitor] ['63%', '100%', '65%', '58%']  memcached=185.9%
[monitor] ['49%', '100%', '51%', '45%']  memcached=144.5%
[MEMCACHED] cores updated to: ['0', '3']
[freqmine] cores updated to: [1, 2]
[monitor] ['61%', '100%', '93%', '58%']  memcached=118.4%
[monitor] ['67%', '100%', '100%', '62%']  memcached=128.9%
[monitor] ['65%', '100%', '100%', '57%']  memcached=122.5%
[monitor] ['58%', '100%', '100%', '58%']  memcached=115.8%
[monitor] ['58%', '100%', '100%', '56%']  memcached=114.0%
[monitor] ['57%', '100%', '100%', '55%']  memcached=112.7%
[monitor] ['57%', '76%', '100%', '54%']  memcached=111.2%
[monitor] ['78%', '83%', '99%', '59%']  memcached=137.7%
[monitor] ['82%', '100%', '100%', '58%']  memcached=139.6%
[monitor] ['60%', '100%', '100%', '56%']  memcached=116.1%
[monitor] ['57%', '100%', '100%', '55%']  memcached=112.5%
[monitor] ['59%', '100%', '100%', '55%']  memcached=113.7%
[monitor] ['59%', '99%', '100%', '58%']  memcached=116.8%
[monitor] ['60%', '100%', '100%', '57%']  memcached=117.5%
[monitor] ['65%', '100%', '100%', '61%']  memcached=126.5%
[monitor] ['65%', '100%', '100%', '62%']  memcached=126.9%
[monitor] ['67%', '100%', '100%', '62%']  memcached=128.2%
[monitor] ['68%', '100%', '100%', '64%']  memcached=131.7%
[monitor] ['68%', '100%', '100%', '62%']  memcached=130.7%
[monitor] ['65%', '100%', '100%', '62%']  memcached=127.3%
[monitor] ['65%', '100%', '100%', '63%']  memcached=128.3%
[monitor] ['68%', '100%', '100%', '65%']  memcached=132.7%
[monitor] ['66%', '100%', '100%', '62%']  memcached=128.5%
[monitor] ['70%', '100%', '100%', '66%']  memcached=135.7%
[monitor] ['65%', '100%', '100%', '64%']  memcached=128.7%
[monitor] ['64%', '100%', '100%', '64%']  memcached=127.7%
[monitor] ['65%', '100%', '100%', '65%']  memcached=130.6%
[monitor] ['67%', '100%', '100%', '64%']  memcached=130.2%
[monitor] ['55%', '100%', '100%', '53%']  memcached=108.8%
[monitor] ['39%', '100%', '100%', '37%']  memcached=75.7%
[MEMCACHED] cores updated to: ['0']
[freqmine] cores updated to: [1, 2, 3]
[monitor] ['68%', '100%', '100%', '100%']  memcached=67.8%
[monitor] ['68%', '100%', '100%', '100%']  memcached=68.5%
[monitor] ['69%', '100%', '100%', '100%']  memcached=69.0%
[monitor] ['67%', '100%', '100%', '100%']  memcached=67.0%
[monitor] ['67%', '100%', '100%', '100%']  memcached=67.0%
[monitor] ['68%', '100%', '100%', '100%']  memcached=67.9%
[monitor] ['67%', '100%', '100%', '100%']  memcached=67.3%
[monitor] ['66%', '100%', '100%', '100%']  memcached=66.1%
[monitor] ['68%', '100%', '100%', '100%']  memcached=68.4%
[monitor] ['68%', '100%', '100%', '100%']  memcached=68.4%
[monitor] ['68%', '100%', '100%', '100%']  memcached=67.8%
[monitor] ['68%', '100%', '100%', '100%']  memcached=68.2%
[monitor] ['69%', '100%', '100%', '100%']  memcached=68.7%
[monitor] ['83%', '100%', '100%', '100%']  memcached=83.0%
[monitor] ['100%', '100%', '100%', '100%']  memcached=100.0%
[MEMCACHED] cores updated to: ['0', '1', '2']
[freqmine] cores updated to: [3]
[monitor] ['83%', '68%', '85%', '100%']  memcached=236.1%
[monitor] ['69%', '63%', '71%', '100%']  memcached=203.0%
[monitor] ['70%', '63%', '72%', '100%']  memcached=204.4%
[monitor] ['70%', '65%', '72%', '100%']  memcached=207.5%
[monitor] ['71%', '66%', '73%', '100%']  memcached=209.3%
[monitor] ['70%', '63%', '71%', '100%']  memcached=203.8%
[monitor] ['69%', '63%', '71%', '100%']  memcached=202.9%
[monitor] ['72%', '66%', '73%', '100%']  memcached=210.9%
[monitor] ['70%', '63%', '71%', '100%']  memcached=203.5%
[monitor] ['68%', '61%', '68%', '100%']  memcached=197.1%
[monitor] ['68%', '62%', '70%', '100%']  memcached=200.0%
[monitor] ['69%', '64%', '71%', '100%']  memcached=203.6%
[monitor] ['69%', '63%', '70%', '100%']  memcached=202.1%
[monitor] ['52%', '48%', '55%', '100%']  memcached=154.6%
[MEMCACHED] cores updated to: ['0', '2']
[freqmine] cores updated to: [1, 3]
[monitor] ['53%', '100%', '55%', '100%']  memcached=107.5%
[monitor] ['54%', '100%', '54%', '100%']  memcached=108.5%
[monitor] ['53%', '100%', '52%', '100%']  memcached=105.3%
[monitor] ['56%', '100%', '56%', '100%']  memcached=111.5%
[monitor] ['54%', '100%', '53%', '100%']  memcached=106.5%
[monitor] ['54%', '100%', '54%', '100%']  memcached=107.9%
[monitor] ['54%', '100%', '53%', '100%']  memcached=106.5%
[monitor] ['53%', '100%', '54%', '100%']  memcached=107.1%
[monitor] ['54%', '100%', '54%', '100%']  memcached=108.3%
[monitor] ['51%', '100%', '53%', '100%']  memcached=104.3%
[monitor] ['53%', '100%', '54%', '100%']  memcached=106.5%
[monitor] ['53%', '100%', '53%', '100%']  memcached=106.2%
[monitor] ['55%', '100%', '55%', '100%']  memcached=110.1%
[monitor] ['53%', '100%', '53%', '100%']  memcached=106.2%
[monitor] ['62%', '100%', '61%', '100%']  memcached=122.7%
[monitor] ['64%', '100%', '65%', '100%']  memcached=129.5%
[monitor] ['66%', '100%', '66%', '100%']  memcached=132.1%
[monitor] ['65%', '100%', '66%', '100%']  memcached=131.3%
[monitor] ['65%', '100%', '65%', '100%']  memcached=130.4%
[monitor] ['66%', '100%', '66%', '100%']  memcached=131.6%
[monitor] ['66%', '100%', '65%', '100%']  memcached=131.3%
[monitor] ['65%', '100%', '65%', '100%']  memcached=131.0%
[monitor] ['64%', '100%', '65%', '100%']  memcached=129.1%
[monitor] ['64%', '100%', '65%', '100%']  memcached=128.8%
[monitor] ['65%', '100%', '65%', '100%']  memcached=129.5%
[monitor] ['65%', '100%', '66%', '100%']  memcached=131.9%
[monitor] ['65%', '100%', '65%', '100%']  memcached=130.0%
[monitor] ['65%', '100%', '66%', '100%']  memcached=131.0%
[monitor] ['65%', '100%', '66%', '100%']  memcached=131.9%
[monitor] ['52%', '100%', '51%', '100%']  memcached=103.3%
[monitor] ['45%', '100%', '47%', '100%']  memcached=92.2%
[monitor] ['47%', '100%', '45%', '100%']  memcached=91.7%
[monitor] ['45%', '100%', '46%', '100%']  memcached=90.6%
[monitor] ['45%', '100%', '46%', '100%']  memcached=91.5%
[monitor] ['46%', '100%', '47%', '100%']  memcached=92.8%
[monitor] ['47%', '100%', '48%', '100%']  memcached=94.2%
[monitor] ['46%', '100%', '46%', '100%']  memcached=91.7%
[monitor] ['48%', '100%', '47%', '100%']  memcached=95.1%
[monitor] ['46%', '100%', '46%', '100%']  memcached=91.2%
[monitor] ['44%', '100%', '45%', '100%']  memcached=88.6%
[monitor] ['46%', '100%', '46%', '100%']  memcached=91.7%
[monitor] ['46%', '100%', '47%', '100%']  memcached=92.1%
[monitor] ['46%', '100%', '44%', '100%']  memcached=90.5%
[monitor] ['48%', '100%', '47%', '100%']  memcached=95.1%
[monitor] ['25%', '100%', '23%', '100%']  memcached=48.1%
[MEMCACHED] cores updated to: ['0']
[freqmine] cores updated to: [1, 2, 3]
[monitor] ['24%', '100%', '100%', '100%']  memcached=24.4%
[monitor] ['29%', '100%', '100%', '100%']  memcached=29.3%
[monitor] ['27%', '100%', '100%', '100%']  memcached=26.7%
[monitor] ['20%', '100%', '100%', '100%']  memcached=20.2%
[monitor] ['19%', '100%', '100%', '100%']  memcached=18.5%
[monitor] ['20%', '100%', '100%', '100%']  memcached=20.2%
[monitor] ['22%', '100%', '100%', '100%']  memcached=21.7%
[monitor] ['20%', '100%', '100%', '100%']  memcached=19.5%
[monitor] ['28%', '100%', '100%', '100%']  memcached=27.6%
[monitor] ['21%', '100%', '100%', '100%']  memcached=20.7%
[monitor] ['21%', '100%', '100%', '100%']  memcached=21.4%
[monitor] ['21%', '100%', '100%', '100%']  memcached=21.4%
[monitor] ['21%', '100%', '100%', '100%']  memcached=20.7%
[monitor] ['20%', '100%', '100%', '100%']  memcached=19.8%
[monitor] ['89%', '100%', '100%', '100%']  memcached=88.8%
[MEMCACHED] cores updated to: ['0', '3']
[freqmine] cores updated to: [1, 2]
[monitor] ['93%', '100%', '100%', '75%']  memcached=168.6%
[monitor] ['90%', '100%', '100%', '72%']  memcached=161.5%
[monitor] ['87%', '100%', '100%', '80%']  memcached=167.6%
[monitor] ['83%', '100%', '100%', '80%']  memcached=162.5%
[monitor] ['83%', '100%', '100%', '79%']  memcached=162.3%
[monitor] ['80%', '100%', '100%', '77%']  memcached=157.7%
[monitor] ['81%', '100%', '100%', '77%']  memcached=157.7%
[monitor] ['82%', '100%', '100%', '79%']  memcached=160.8%
[monitor] ['81%', '100%', '100%', '77%']  memcached=157.9%
[monitor] ['79%', '100%', '100%', '78%']  memcached=157.5%
[monitor] ['80%', '100%', '100%', '79%']  memcached=158.4%
[monitor] ['80%', '100%', '100%', '78%']  memcached=158.0%
[monitor] ['81%', '100%', '100%', '80%']  memcached=161.0%
[monitor] ['83%', '100%', '100%', '79%']  memcached=161.5%
[monitor] ['68%', '100%', '100%', '63%']  memcached=131.4%
[monitor] ['71%', '100%', '100%', '60%']  memcached=130.3%
[monitor] ['68%', '100%', '100%', '64%']  memcached=131.7%
[monitor] ['63%', '100%', '100%', '68%']  memcached=131.0%
[monitor] ['62%', '100%', '100%', '70%']  memcached=132.0%
[monitor] ['61%', '100%', '100%', '69%']  memcached=129.7%
[monitor] ['60%', '100%', '100%', '70%']  memcached=130.6%
[monitor] ['63%', '100%', '100%', '69%']  memcached=131.8%
[monitor] ['61%', '100%', '100%', '70%']  memcached=131.1%
[monitor] ['62%', '100%', '100%', '71%']  memcached=133.1%
[monitor] ['61%', '100%', '100%', '69%']  memcached=130.5%
[monitor] ['62%', '100%', '100%', '69%']  memcached=130.9%
[monitor] ['60%', '100%', '100%', '70%']  memcached=130.5%
[monitor] ['62%', '100%', '100%', '69%']  memcached=131.1%
[monitor] ['61%', '100%', '100%', '71%']  memcached=131.3%
[monitor] ['78%', '100%', '100%', '89%']  memcached=167.8%
[monitor] ['77%', '100%', '100%', '90%']  memcached=167.3%
[monitor] ['86%', '100%', '100%', '83%']  memcached=169.3%
[monitor] ['85%', '100%', '100%', '85%']  memcached=169.8%
[monitor] ['87%', '100%', '100%', '83%']  memcached=169.9%
[monitor] ['84%', '100%', '100%', '83%']  memcached=167.3%
[monitor] ['84%', '100%', '100%', '82%']  memcached=166.0%
[monitor] ['86%', '100%', '100%', '81%']  memcached=167.0%
[monitor] ['85%', '100%', '100%', '85%']  memcached=169.9%
[monitor] ['88%', '100%', '100%', '81%']  memcached=168.6%
[monitor] ['86%', '100%', '100%', '84%']  memcached=170.6%
[MEMCACHED] cores updated to: ['0', '1', '3']
[freqmine] cores updated to: [2]
[monitor] ['74%', '70%', '100%', '71%']  memcached=214.0%
[monitor] ['74%', '70%', '100%', '71%']  memcached=214.1%
[monitor] ['73%', '71%', '100%', '69%']  memcached=212.7%
[monitor] ['73%', '72%', '100%', '70%']  memcached=215.5%
[monitor] ['84%', '80%', '100%', '81%']  memcached=245.0%
[monitor] ['85%', '83%', '100%', '82%']  memcached=250.3%
[monitor] ['83%', '82%', '100%', '80%']  memcached=245.1%
[monitor] ['83%', '81%', '100%', '79%']  memcached=242.8%
[monitor] ['83%', '80%', '100%', '81%']  memcached=244.1%
[monitor] ['87%', '84%', '100%', '83%']  memcached=254.5%
[monitor] ['83%', '80%', '100%', '79%']  memcached=242.3%
[monitor] ['85%', '81%', '100%', '81%']  memcached=246.2%
[monitor] ['85%', '81%', '100%', '80%']  memcached=245.9%
[monitor] ['83%', '81%', '100%', '81%']  memcached=245.3%
[monitor] ['84%', '82%', '100%', '82%']  memcached=249.1%
[monitor] ['84%', '81%', '100%', '81%']  memcached=245.8%
[monitor] ['87%', '84%', '100%', '83%']  memcached=254.4%
[monitor] ['84%', '81%', '100%', '80%']  memcached=245.9%
[monitor] ['80%', '78%', '100%', '78%']  memcached=235.9%
[monitor] ['69%', '66%', '100%', '65%']  memcached=200.0%
[monitor] ['70%', '67%', '100%', '68%']  memcached=204.1%
[monitor] ['71%', '67%', '100%', '69%']  memcached=207.5%
[monitor] ['68%', '64%', '100%', '64%']  memcached=196.2%
[monitor] ['68%', '65%', '100%', '64%']  memcached=197.8%
[monitor] ['69%', '66%', '100%', '67%']  memcached=201.8%
[monitor] ['69%', '66%', '100%', '68%']  memcached=202.7%
[monitor] ['69%', '64%', '100%', '65%']  memcached=199.2%
[monitor] ['68%', '66%', '100%', '66%']  memcached=200.0%
[monitor] ['68%', '65%', '100%', '65%']  memcached=197.9%
[monitor] ['68%', '65%', '100%', '65%']  memcached=198.1%
[monitor] ['67%', '63%', '100%', '65%']  memcached=195.3%
[monitor] ['70%', '67%', '100%', '68%']  memcached=205.3%
[monitor] ['73%', '68%', '100%', '70%']  memcached=210.9%
[monitor] ['63%', '62%', '100%', '59%']  memcached=183.3%
[monitor] ['32%', '30%', '100%', '30%']  memcached=91.5%
[MEMCACHED] cores updated to: ['0', '3']
[freqmine] cores updated to: [1, 2]
[monitor] ['40%', '100%', '100%', '38%']  memcached=78.1%
[MEMCACHED] cores updated to: ['0']
[freqmine] cores updated to: [1, 2, 3]
[monitor] ['70%', '100%', '100%', '100%']  memcached=69.6%
[monitor] ['70%', '100%', '100%', '100%']  memcached=69.9%
[monitor] ['71%', '100%', '100%', '100%']  memcached=70.8%
[monitor] ['70%', '100%', '100%', '100%']  memcached=69.6%
[monitor] ['71%', '100%', '100%', '100%']  memcached=70.9%
[monitor] ['71%', '100%', '100%', '100%']  memcached=71.4%
[monitor] ['69%', '100%', '100%', '100%']  memcached=69.3%
[monitor] ['71%', '100%', '100%', '100%']  memcached=70.7%
[monitor] ['72%', '100%', '100%', '100%']  memcached=71.8%
[monitor] ['70%', '100%', '100%', '100%']  memcached=70.2%
[monitor] ['70%', '100%', '100%', '100%']  memcached=70.4%
[monitor] ['71%', '100%', '100%', '100%']  memcached=71.2%
[monitor] ['52%', '100%', '100%', '100%']  memcached=52.4%
[monitor] ['13%', '100%', '100%', '100%']  memcached=13.4%
[monitor] ['14%', '100%', '100%', '100%']  memcached=14.5%
[monitor] ['15%', '100%', '100%', '100%']  memcached=14.6%
[monitor] ['15%', '100%', '100%', '100%']  memcached=14.6%
[monitor] ['19%', '100%', '100%', '100%']  memcached=19.0%
[monitor] ['14%', '100%', '100%', '100%']  memcached=14.5%
[monitor] ['15%', '100%', '100%', '100%']  memcached=15.5%
[monitor] ['13%', '100%', '100%', '100%']  memcached=13.4%
[monitor] ['17%', '100%', '100%', '100%']  memcached=16.7%
[monitor] ['13%', '100%', '100%', '100%']  memcached=13.3%
[monitor] ['14%', '100%', '100%', '100%']  memcached=14.5%
[monitor] ['13%', '100%', '100%', '100%']  memcached=13.4%
[monitor] ['15%', '100%', '100%', '100%']  memcached=14.6%
[monitor] ['17%', '100%', '100%', '100%']  memcached=16.7%
[monitor] ['55%', '100%', '100%', '100%']  memcached=55.4%
[monitor] ['100%', '100%', '100%', '100%']  memcached=100.0%
[MEMCACHED] cores updated to: ['0', '2', '3']
[freqmine] cores updated to: [1]
[monitor] ['70%', '100%', '72%', '62%']  memcached=204.1%
[monitor] ['65%', '100%', '66%', '59%']  memcached=190.0%
[monitor] ['65%', '100%', '68%', '58%']  memcached=190.4%
[monitor] ['65%', '100%', '66%', '58%']  memcached=189.1%
[monitor] ['65%', '100%', '66%', '58%']  memcached=189.2%
[monitor] ['65%', '100%', '67%', '60%']  memcached=191.2%
[monitor] ['68%', '100%', '68%', '62%']  memcached=197.7%
[monitor] ['64%', '100%', '67%', '58%']  memcached=188.9%
[monitor] ['64%', '100%', '65%', '57%']  memcached=186.6%
[monitor] ['66%', '100%', '67%', '60%']  memcached=192.9%
[monitor] ['67%', '100%', '69%', '62%']  memcached=197.4%
[monitor] ['67%', '100%', '69%', '62%']  memcached=198.3%
[monitor] ['66%', '100%', '68%', '60%']  memcached=193.7%
[monitor] ['66%', '100%', '68%', '59%']  memcached=192.0%
[monitor] ['62%', '100%', '64%', '56%']  memcached=181.9%
[monitor] ['64%', '100%', '64%', '57%']  memcached=185.3%
[monitor] ['66%', '100%', '67%', '61%']  memcached=194.5%
[monitor] ['63%', '100%', '65%', '57%']  memcached=184.7%
[monitor] ['64%', '100%', '66%', '58%']  memcached=188.3%
[monitor] ['63%', '100%', '65%', '58%']  memcached=185.9%
[monitor] ['66%', '100%', '67%', '61%']  memcached=193.8%
[monitor] ['65%', '100%', '67%', '60%']  memcached=192.0%
[monitor] ['62%', '100%', '65%', '56%']  memcached=182.9%
[monitor] ['65%', '100%', '66%', '59%']  memcached=189.7%
[monitor] ['63%', '100%', '64%', '57%']  memcached=183.7%
[monitor] ['63%', '100%', '65%', '57%']  memcached=185.0%
[monitor] ['63%', '100%', '64%', '57%']  memcached=183.8%
[monitor] ['63%', '100%', '65%', '57%']  memcached=184.0%
[monitor] ['71%', '100%', '72%', '64%']  memcached=206.7%
[monitor] ['76%', '100%', '77%', '70%']  memcached=223.3%
[monitor] ['78%', '100%', '80%', '73%']  memcached=231.2%
[monitor] ['75%', '100%', '77%', '69%']  memcached=221.0%
[monitor] ['76%', '100%', '77%', '68%']  memcached=221.3%
[monitor] ['79%', '100%', '81%', '74%']  memcached=234.5%
[monitor] ['77%', '100%', '80%', '71%']  memcached=227.9%
[monitor] ['78%', '100%', '79%', '72%']  memcached=229.6%
[monitor] ['77%', '100%', '79%', '72%']  memcached=227.3%
[monitor] ['79%', '100%', '81%', '72%']  memcached=232.6%
[monitor] ['76%', '100%', '78%', '70%']  memcached=223.8%
[monitor] ['75%', '100%', '76%', '69%']  memcached=219.2%
[monitor] ['76%', '100%', '78%', '70%']  memcached=223.3%
[monitor] ['77%', '100%', '78%', '70%']  memcached=224.8%
[monitor] ['76%', '100%', '78%', '70%']  memcached=224.2%
[monitor] ['60%', '100%', '61%', '53%']  memcached=174.0%
[monitor] ['48%', '100%', '51%', '43%']  memcached=142.9%
[MEMCACHED] cores updated to: ['0', '3']
[freqmine] cores updated to: [1, 2]
[monitor] ['59%', '100%', '100%', '64%']  memcached=123.6%
[monitor] ['58%', '100%', '100%', '62%']  memcached=119.6%
[monitor] ['60%', '100%', '100%', '66%']  memcached=125.6%
[monitor] ['57%', '100%', '100%', '61%']  memcached=118.3%
[monitor] ['57%', '100%', '100%', '59%']  memcached=116.6%
[monitor] ['60%', '100%', '100%', '57%']  memcached=117.1%
[monitor] ['60%', '100%', '100%', '64%']  memcached=124.0%
[monitor] ['56%', '100%', '100%', '65%']  memcached=120.9%
[monitor] ['56%', '100%', '100%', '63%']  memcached=119.1%
[monitor] ['55%', '100%', '100%', '66%']  memcached=121.7%
[monitor] ['55%', '100%', '100%', '67%']  memcached=122.2%
[monitor] ['58%', '100%', '100%', '65%']  memcached=122.5%
[monitor] ['56%', '100%', '100%', '64%']  memcached=119.6%
[monitor] ['34%', '100%', '100%', '33%']  memcached=67.4%
[MEMCACHED] cores updated to: ['0']
[freqmine] cores updated to: [3, 1, 2]
[monitor] ['45%', '100%', '100%', '100%']  memcached=45.3%
[monitor] ['44%', '100%', '100%', '100%']  memcached=44.2%
[monitor] ['44%', '100%', '100%', '100%']  memcached=44.2%
[monitor] ['46%', '100%', '100%', '100%']  memcached=45.9%
[monitor] ['43%', '100%', '100%', '100%']  memcached=42.6%
[monitor] ['43%', '100%', '100%', '100%']  memcached=43.2%
[monitor] ['41%', '100%', '100%', '100%']  memcached=40.7%
[monitor] ['45%', '100%', '100%', '100%']  memcached=45.4%
[monitor] ['49%', '100%', '100%', '100%']  memcached=49.0%
[monitor] ['44%', '82%', '84%', '87%']  memcached=43.6%
[freqmine] ended.
[streamcluster] started on cores: [1, 2, 3] with 3 threads.
[monitor] ['47%', '72%', '43%', '48%']  memcached=47.1%
[monitor] ['53%', '99%', '82%', '100%']  memcached=53.4%
[monitor] ['52%', '99%', '85%', '99%']  memcached=52.4%
[monitor] ['51%', '99%', '84%', '100%']  memcached=51.5%
[monitor] ['99%', '99%', '93%', '99%']  memcached=99.0%
[MEMCACHED] cores updated to: ['0', '1', '2']
[streamcluster] cores updated to: [3]
[monitor] ['74%', '70%', '77%', '100%']  memcached=221.0%
[monitor] ['68%', '67%', '70%', '100%']  memcached=204.4%
[monitor] ['66%', '64%', '68%', '100%']  memcached=198.7%
[monitor] ['64%', '63%', '67%', '100%']  memcached=194.8%
[monitor] ['65%', '62%', '67%', '100%']  memcached=193.3%
[monitor] ['64%', '61%', '65%', '100%']  memcached=190.2%
[monitor] ['67%', '65%', '69%', '100%']  memcached=200.8%
[monitor] ['65%', '63%', '67%', '100%']  memcached=194.8%
[monitor] ['65%', '62%', '68%', '100%']  memcached=195.7%
[monitor] ['65%', '63%', '66%', '100%']  memcached=194.3%
[monitor] ['65%', '63%', '68%', '100%']  memcached=196.3%
[monitor] ['66%', '65%', '68%', '100%']  memcached=198.7%
[monitor] ['68%', '63%', '68%', '100%']  memcached=198.6%
[monitor] ['64%', '59%', '65%', '100%']  memcached=189.0%
[monitor] ['55%', '53%', '55%', '100%']  memcached=163.6%
[monitor] ['54%', '51%', '56%', '100%']  memcached=161.9%
[monitor] ['56%', '54%', '56%', '100%']  memcached=165.9%
[monitor] ['54%', '53%', '57%', '100%']  memcached=164.4%
[monitor] ['56%', '54%', '57%', '100%']  memcached=167.2%
[monitor] ['55%', '54%', '57%', '100%']  memcached=165.6%
[monitor] ['56%', '55%', '58%', '100%']  memcached=169.0%
[monitor] ['54%', '52%', '56%', '100%']  memcached=162.1%
[monitor] ['53%', '51%', '56%', '100%']  memcached=159.8%
[MEMCACHED] cores updated to: ['0', '2']
[streamcluster] cores updated to: [1, 3]
[monitor] ['68%', '99%', '74%', '99%']  memcached=142.2%
[monitor] ['67%', '99%', '73%', '98%']  memcached=139.5%
[monitor] ['68%', '98%', '73%', '99%']  memcached=141.0%
[monitor] ['67%', '99%', '73%', '99%']  memcached=140.3%
[monitor] ['68%', '98%', '72%', '98%']  memcached=139.1%
[monitor] ['66%', '98%', '70%', '99%']  memcached=136.2%
[monitor] ['58%', '98%', '59%', '99%']  memcached=116.9%
[monitor] ['58%', '99%', '58%', '99%']  memcached=116.6%
[monitor] ['59%', '98%', '59%', '98%']  memcached=118.2%
[monitor] ['59%', '98%', '59%', '98%']  memcached=118.6%
[monitor] ['59%', '99%', '58%', '99%']  memcached=117.0%
[monitor] ['59%', '98%', '60%', '98%']  memcached=118.6%
[monitor] ['57%', '99%', '58%', '99%']  memcached=115.5%
[monitor] ['58%', '99%', '58%', '98%']  memcached=116.4%
[monitor] ['57%', '98%', '58%', '98%']  memcached=115.6%
[monitor] ['59%', '99%', '59%', '99%']  memcached=117.5%
[monitor] ['59%', '98%', '59%', '98%']  memcached=117.3%
[monitor] ['59%', '98%', '59%', '99%']  memcached=117.1%
[monitor] ['59%', '98%', '59%', '98%']  memcached=118.4%
[monitor] ['58%', '99%', '59%', '99%']  memcached=117.3%
[monitor] ['59%', '98%', '61%', '99%']  memcached=120.4%
[monitor] ['64%', '99%', '63%', '98%']  memcached=126.5%
[monitor] ['62%', '98%', '64%', '99%']  memcached=126.2%
[monitor] ['63%', '99%', '64%', '98%']  memcached=127.1%
[monitor] ['63%', '98%', '63%', '99%']  memcached=125.7%
[monitor] ['64%', '98%', '64%', '98%']  memcached=127.4%
[monitor] ['64%', '99%', '64%', '98%']  memcached=128.1%
[monitor] ['64%', '98%', '65%', '98%']  memcached=128.7%
[monitor] ['63%', '99%', '65%', '98%']  memcached=128.0%
[monitor] ['63%', '97%', '63%', '99%']  memcached=126.3%
[monitor] ['65%', '99%', '65%', '98%']  memcached=129.2%
[monitor] ['63%', '98%', '63%', '98%']  memcached=127.0%
[monitor] ['63%', '99%', '63%', '99%']  memcached=125.8%
[monitor] ['65%', '98%', '65%', '99%']  memcached=130.4%
[monitor] ['64%', '98%', '64%', '98%']  memcached=128.4%
[monitor] ['57%', '98%', '58%', '99%']  memcached=115.2%
[monitor] ['45%', '99%', '43%', '98%']  memcached=88.3%
[monitor] ['42%', '99%', '42%', '98%']  memcached=83.6%
[monitor] ['45%', '98%', '46%', '98%']  memcached=90.2%
[monitor] ['43%', '99%', '44%', '99%']  memcached=87.1%
[monitor] ['44%', '98%', '43%', '99%']  memcached=87.4%
[monitor] ['44%', '99%', '42%', '99%']  memcached=86.3%
[monitor] ['45%', '99%', '42%', '76%']  memcached=87.1%
[monitor] ['45%', '98%', '43%', '97%']  memcached=87.2%
[monitor] ['45%', '98%', '43%', '99%']  memcached=87.8%
[monitor] ['44%', '99%', '44%', '98%']  memcached=87.9%
[monitor] ['43%', '99%', '43%', '99%']  memcached=86.1%
[monitor] ['41%', '98%', '42%', '98%']  memcached=83.0%
[monitor] ['45%', '99%', '44%', '99%']  memcached=88.3%
[monitor] ['43%', '98%', '41%', '98%']  memcached=83.4%
[monitor] ['57%', '98%', '56%', '100%']  memcached=112.3%
[monitor] ['76%', '98%', '77%', '98%']  memcached=152.8%
[monitor] ['77%', '99%', '77%', '98%']  memcached=153.2%
[monitor] ['77%', '99%', '77%', '99%']  memcached=153.9%
[monitor] ['78%', '97%', '78%', '98%']  memcached=155.6%
[monitor] ['78%', '98%', '77%', '98%']  memcached=154.1%
[monitor] ['77%', '98%', '77%', '98%']  memcached=154.2%
[monitor] ['77%', '99%', '77%', '99%']  memcached=154.0%
[monitor] ['78%', '98%', '76%', '98%']  memcached=153.9%
[monitor] ['77%', '99%', '76%', '99%']  memcached=152.8%
[monitor] ['77%', '99%', '77%', '99%']  memcached=154.6%
[monitor] ['77%', '98%', '76%', '98%']  memcached=153.4%
[monitor] ['78%', '99%', '78%', '98%']  memcached=155.6%
[monitor] ['77%', '98%', '78%', '99%']  memcached=155.3%
[monitor] ['77%', '99%', '77%', '98%']  memcached=153.6%
[monitor] ['80%', '98%', '80%', '98%']  memcached=159.6%
[monitor] ['82%', '97%', '83%', '98%']  memcached=164.9%
[monitor] ['83%', '99%', '84%', '99%']  memcached=166.7%
[monitor] ['84%', '98%', '84%', '98%']  memcached=167.6%
[monitor] ['84%', '99%', '84%', '98%']  memcached=167.6%
[monitor] ['84%', '98%', '85%', '98%']  memcached=168.9%
[monitor] ['81%', '99%', '82%', '98%']  memcached=163.4%
[monitor] ['83%', '99%', '83%', '99%']  memcached=165.6%
[monitor] ['82%', '99%', '82%', '97%']  memcached=164.1%
[monitor] ['84%', '98%', '84%', '98%']  memcached=167.9%
[monitor] ['83%', '98%', '83%', '98%']  memcached=166.5%
[monitor] ['83%', '99%', '82%', '98%']  memcached=165.6%
[monitor] ['83%', '97%', '83%', '99%']  memcached=166.5%
[monitor] ['84%', '99%', '83%', '98%']  memcached=166.5%
[monitor] ['83%', '98%', '82%', '97%']  memcached=164.9%
[monitor] ['75%', '98%', '76%', '99%']  memcached=150.9%
[monitor] ['68%', '98%', '69%', '98%']  memcached=137.0%
[monitor] ['67%', '98%', '68%', '98%']  memcached=134.8%
[monitor] ['68%', '99%', '68%', '98%']  memcached=135.3%
[monitor] ['67%', '98%', '68%', '98%']  memcached=134.8%
[monitor] ['68%', '98%', '68%', '99%']  memcached=136.0%
[monitor] ['67%', '98%', '68%', '99%']  memcached=134.8%
[monitor] ['68%', '98%', '69%', '98%']  memcached=136.5%
[monitor] ['69%', '99%', '69%', '98%']  memcached=137.7%
[monitor] ['67%', '98%', '70%', '98%']  memcached=136.5%
[monitor] ['69%', '98%', '69%', '97%']  memcached=138.2%
[monitor] ['69%', '98%', '63%', '99%']  memcached=132.9%
[monitor] ['69%', '99%', '65%', '99%']  memcached=134.1%
[monitor] ['69%', '77%', '65%', '98%']  memcached=133.6%
[monitor] ['70%', '97%', '65%', '96%']  memcached=135.1%
[monitor] ['70%', '98%', '65%', '99%']  memcached=134.9%
[monitor] ['68%', '99%', '65%', '99%']  memcached=132.1%
[monitor] ['69%', '98%', '64%', '98%']  memcached=133.3%
[monitor] ['68%', '98%', '64%', '99%']  memcached=132.4%
[monitor] ['67%', '98%', '63%', '98%']  memcached=129.7%
[monitor] ['70%', '99%', '65%', '99%']  memcached=135.0%
[monitor] ['69%', '97%', '62%', '98%']  memcached=131.7%
[monitor] ['70%', '98%', '63%', '99%']  memcached=133.1%
[monitor] ['70%', '98%', '63%', '97%']  memcached=132.7%
[monitor] ['69%', '98%', '63%', '99%']  memcached=132.3%
[monitor] ['69%', '99%', '63%', '98%']  memcached=131.8%
[monitor] ['68%', '98%', '62%', '98%']  memcached=130.3%
[monitor] ['69%', '99%', '64%', '99%']  memcached=132.9%
[monitor] ['69%', '98%', '63%', '98%']  memcached=131.9%
[monitor] ['68%', '98%', '64%', '97%']  memcached=132.1%
[monitor] ['84%', '99%', '81%', '99%']  memcached=165.2%
[monitor] ['100%', '99%', '95%', '99%']  memcached=195.0%
[MEMCACHED] cores updated to: ['0', '2', '3']
[streamcluster] cores updated to: [1]
[monitor] ['83%', '100%', '84%', '81%']  memcached=247.8%
[monitor] ['81%', '100%', '81%', '77%']  memcached=238.7%
[monitor] ['79%', '100%', '81%', '78%']  memcached=238.7%
[monitor] ['81%', '100%', '82%', '79%']  memcached=241.6%
[monitor] ['81%', '100%', '80%', '78%']  memcached=238.1%
[monitor] ['80%', '100%', '81%', '77%']  memcached=239.1%
[monitor] ['81%', '100%', '81%', '77%']  memcached=238.0%
[monitor] ['79%', '100%', '80%', '77%']  memcached=236.6%
[monitor] ['82%', '100%', '81%', '79%']  memcached=241.7%
[monitor] ['83%', '100%', '82%', '80%']  memcached=244.6%
[monitor] ['81%', '100%', '81%', '78%']  memcached=240.5%
[monitor] ['82%', '100%', '83%', '80%']  memcached=244.0%
[monitor] ['80%', '100%', '80%', '76%']  memcached=236.1%
[monitor] ['35%', '100%', '31%', '31%']  memcached=97.6%
[MEMCACHED] cores updated to: ['0', '3']
[streamcluster] cores updated to: [1, 2]
[monitor] ['7%', '95%', '93%', '5%']  memcached=12.7%
[MEMCACHED] cores updated to: ['0']
[streamcluster] cores updated to: [3, 1, 2]
[monitor] ['12%', '99%', '79%', '100%']  memcached=11.8%
[monitor] ['11%', '100%', '78%', '100%']  memcached=11.0%
[monitor] ['14%', '100%', '79%', '99%']  memcached=13.8%
[monitor] ['14%', '99%', '79%', '99%']  memcached=13.8%
[monitor] ['10%', '100%', '79%', '100%']  memcached=10.0%
[monitor] ['11%', '99%', '81%', '99%']  memcached=10.9%
[monitor] ['12%', '100%', '79%', '100%']  memcached=12.0%
[monitor] ['12%', '100%', '79%', '100%']  memcached=11.8%
[monitor] ['12%', '99%', '78%', '100%']  memcached=11.7%
[monitor] ['8%', '100%', '76%', '100%']  memcached=7.9%
[monitor] ['10%', '99%', '79%', '100%']  memcached=9.9%
[monitor] ['10%', '100%', '78%', '100%']  memcached=10.0%
[monitor] ['13%', '99%', '78%', '99%']  memcached=12.8%
[monitor] ['24%', '100%', '81%', '100%']  memcached=23.6%
[monitor] ['25%', '99%', '80%', '100%']  memcached=25.0%
[monitor] ['28%', '100%', '80%', '99%']  memcached=28.3%
[monitor] ['25%', '99%', '81%', '100%']  memcached=25.3%
[monitor] ['24%', '100%', '81%', '100%']  memcached=24.1%
[monitor] ['25%', '99%', '80%', '99%']  memcached=25.0%
[monitor] ['27%', '99%', '81%', '100%']  memcached=27.0%
[monitor] ['29%', '100%', '82%', '100%']  memcached=28.6%
[monitor] ['26%', '78%', '63%', '99%']  memcached=25.8%
[monitor] ['27%', '98%', '79%', '100%']  memcached=26.7%
[monitor] ['29%', '99%', '83%', '99%']  memcached=28.9%
[monitor] ['32%', '100%', '82%', '99%']  memcached=32.3%
[monitor] ['35%', '100%', '80%', '98%']  memcached=35.3%
[monitor] ['31%', '99%', '81%', '99%']  memcached=30.5%
[monitor] ['25%', '99%', '82%', '100%']  memcached=25.0%
[monitor] ['25%', '99%', '81%', '100%']  memcached=24.8%
[monitor] ['21%', '98%', '80%', '100%']  memcached=21.0%
[monitor] ['22%', '99%', '79%', '100%']  memcached=22.2%
[monitor] ['23%', '99%', '80%', '100%']  memcached=23.0%
[monitor] ['20%', '98%', '80%', '100%']  memcached=19.8%
[monitor] ['18%', '99%', '79%', '99%']  memcached=18.3%
[monitor] ['16%', '98%', '81%', '100%']  memcached=16.1%
[monitor] ['13%', '98%', '80%', '100%']  memcached=13.2%
[monitor] ['11%', '98%', '79%', '100%']  memcached=11.4%
[monitor] ['14%', '99%', '79%', '100%']  memcached=14.1%
[monitor] ['11%', '99%', '79%', '99%']  memcached=11.2%
[monitor] ['11%', '99%', '78%', '100%']  memcached=11.2%
[monitor] ['12%', '100%', '79%', '100%']  memcached=12.2%
[monitor] ['14%', '100%', '78%', '99%']  memcached=14.3%
[monitor] ['13%', '100%', '79%', '100%']  memcached=13.2%
[monitor] ['81%', '98%', '90%', '99%']  memcached=81.5%
[monitor] ['89%', '99%', '92%', '99%']  memcached=89.2%
[MEMCACHED] cores updated to: ['0', '3']
[streamcluster] cores updated to: [1, 2]
[monitor] ['59%', '91%', '96%', '60%']  memcached=119.1%
[monitor] ['60%', '91%', '97%', '61%']  memcached=121.1%
[monitor] ['60%', '94%', '97%', '64%']  memcached=124.1%
[monitor] ['58%', '92%', '97%', '68%']  memcached=125.4%
[monitor] ['58%', '93%', '96%', '61%']  memcached=119.2%
[monitor] ['60%', '95%', '96%', '62%']  memcached=121.6%
[monitor] ['58%', '89%', '96%', '63%']  memcached=120.8%
[monitor] ['60%', '95%', '95%', '62%']  memcached=122.9%
[monitor] ['60%', '95%', '94%', '62%']  memcached=121.7%
[monitor] ['60%', '92%', '96%', '62%']  memcached=121.6%
[monitor] ['61%', '90%', '97%', '66%']  memcached=127.5%
[monitor] ['59%', '92%', '97%', '62%']  memcached=120.3%
[monitor] ['58%', '92%', '97%', '59%']  memcached=117.1%
[monitor] ['16%', '96%', '93%', '14%']  memcached=30.9%
[MEMCACHED] cores updated to: ['0']
[streamcluster] cores updated to: [3, 1, 2]
[monitor] ['28%', '99%', '80%', '100%']  memcached=28.1%
[monitor] ['29%', '100%', '80%', '99%']  memcached=29.2%
[monitor] ['31%', '99%', '82%', '100%']  memcached=31.1%
[monitor] ['26%', '100%', '82%', '99%']  memcached=26.4%
[monitor] ['31%', '99%', '82%', '100%']  memcached=31.1%
[monitor] ['29%', '100%', '82%', '100%']  memcached=29.2%
[monitor] ['29%', '99%', '81%', '99%']  memcached=28.9%
[monitor] ['27%', '100%', '82%', '100%']  memcached=27.3%
[monitor] ['29%', '100%', '83%', '100%']  memcached=28.9%
[monitor] ['30%', '79%', '63%', '99%']  memcached=30.4%
[monitor] ['30%', '99%', '79%', '97%']  memcached=29.7%
[monitor] ['31%', '99%', '82%', '99%']  memcached=31.1%
[monitor] ['32%', '99%', '83%', '100%']  memcached=31.5%
[monitor] ['36%', '98%', '82%', '100%']  memcached=36.0%
[monitor] ['100%', '99%', '94%', '100%']  memcached=100.0%
[MEMCACHED] cores updated to: ['0', '1', '2']
[streamcluster] cores updated to: [3]
[monitor] ['82%', '74%', '85%', '100%']  memcached=240.4%
[monitor] ['71%', '70%', '73%', '100%']  memcached=213.5%
[monitor] ['69%', '67%', '71%', '100%']  memcached=207.8%
[monitor] ['70%', '67%', '72%', '100%']  memcached=209.1%
[monitor] ['71%', '70%', '74%', '100%']  memcached=214.3%
[monitor] ['72%', '71%', '74%', '100%']  memcached=216.8%
[monitor] ['72%', '71%', '74%', '100%']  memcached=216.4%
[monitor] ['71%', '70%', '72%', '100%']  memcached=212.9%
[monitor] ['71%', '70%', '74%', '100%']  memcached=214.7%
[monitor] ['71%', '67%', '72%', '100%']  memcached=210.2%
[monitor] ['71%', '70%', '73%', '100%']  memcached=214.0%
[monitor] ['70%', '68%', '70%', '100%']  memcached=207.8%
[monitor] ['70%', '69%', '73%', '100%']  memcached=212.2%
[monitor] ['61%', '59%', '62%', '100%']  memcached=182.5%
[monitor] ['12%', '10%', '8%', '100%']  memcached=30.2%
[MEMCACHED] cores updated to: ['0']
[streamcluster] cores updated to: [3, 1, 2]
[monitor] ['40%', '98%', '84%', '100%']  memcached=39.6%
[monitor] ['41%', '100%', '82%', '99%']  memcached=40.6%
[monitor] ['39%', '100%', '83%', '98%']  memcached=39.4%
[monitor] ['40%', '100%', '82%', '98%']  memcached=39.8%
[monitor] ['40%', '100%', '84%', '100%']  memcached=39.6%
[monitor] ['40%', '99%', '82%', '99%']  memcached=39.6%
[monitor] ['42%', '99%', '83%', '100%']  memcached=41.8%
[monitor] ['38%', '99%', '83%', '100%']  memcached=37.9%
[monitor] ['37%', '100%', '83%', '100%']  memcached=36.6%
[monitor] ['40%', '99%', '82%', '100%']  memcached=40.0%
[monitor] ['38%', '99%', '83%', '99%']  memcached=37.9%
[monitor] ['41%', '100%', '84%', '100%']  memcached=41.4%
[monitor] ['38%', '100%', '81%', '99%']  memcached=37.5%
[monitor] ['58%', '99%', '88%', '99%']  memcached=57.9%
[monitor] ['100%', '99%', '96%', '99%']  memcached=100.0%
[MEMCACHED] cores updated to: ['0', '1', '3']
[streamcluster] cores updated to: [2]
[monitor] ['77%', '71%', '100%', '73%']  memcached=221.2%
[monitor] ['71%', '65%', '100%', '65%']  memcached=202.0%
[monitor] ['71%', '65%', '100%', '66%']  memcached=202.1%
[monitor] ['72%', '65%', '100%', '66%']  memcached=203.1%
[monitor] ['69%', '63%', '100%', '64%']  memcached=196.4%
[monitor] ['72%', '65%', '100%', '65%']  memcached=201.6%
[monitor] ['70%', '65%', '100%', '65%']  memcached=199.3%
[monitor] ['72%', '65%', '100%', '67%']  memcached=204.6%
[monitor] ['70%', '63%', '100%', '64%']  memcached=196.6%
[monitor] ['71%', '66%', '100%', '65%']  memcached=202.0%
[monitor] ['73%', '65%', '100%', '66%']  memcached=204.5%
[monitor] ['70%', '64%', '100%', '65%']  memcached=198.5%
[monitor] ['69%', '64%', '100%', '64%']  memcached=196.7%
[monitor] ['59%', '53%', '100%', '54%']  memcached=165.8%
[monitor] ['45%', '40%', '100%', '40%']  memcached=124.4%
[MEMCACHED] cores updated to: ['0', '3']
[streamcluster] cores updated to: [1, 2]
[monitor] ['60%', '95%', '96%', '58%']  memcached=118.0%
[monitor] ['58%', '92%', '96%', '58%']  memcached=116.7%
[monitor] ['58%', '92%', '98%', '59%']  memcached=117.2%
[monitor] ['61%', '93%', '97%', '62%']  memcached=122.5%
[monitor] ['59%', '96%', '95%', '60%']  memcached=119.3%
[monitor] ['58%', '93%', '96%', '59%']  memcached=116.5%
[monitor] ['57%', '91%', '97%', '58%']  memcached=115.5%
[monitor] ['58%', '94%', '97%', '58%']  memcached=116.0%
[monitor] ['58%', '94%', '96%', '57%']  memcached=114.5%
[monitor] ['63%', '95%', '96%', '58%']  memcached=120.2%
[monitor] ['57%', '94%', '97%', '59%']  memcached=116.3%
[monitor] ['58%', '88%', '98%', '60%']  memcached=117.9%
[monitor] ['58%', '94%', '97%', '59%']  memcached=116.8%
[monitor] ['40%', '94%', '92%', '39%']  memcached=79.0%
[MEMCACHED] cores updated to: ['0']
[streamcluster] cores updated to: [3, 1, 2]
[monitor] ['24%', '10%', '8%', '8%']  memcached=24.1%
[streamcluster] ended.
[vips] started on cores: [1, 2, 3] with 3 threads.
[monitor] ['25%', '46%', '19%', '46%']  memcached=25.3%
[monitor] ['23%', '98%', '16%', '9%']  memcached=23.3%
[monitor] ['29%', '100%', '100%', '100%']  memcached=29.2%
[monitor] ['24%', '100%', '100%', '100%']  memcached=24.4%
[monitor] ['26%', '100%', '99%', '100%']  memcached=26.4%
[monitor] ['44%', '100%', '100%', '100%']  memcached=44.3%
[monitor] ['32%', '100%', '100%', '100%']  memcached=31.9%
[monitor] ['28%', '100%', '100%', '100%']  memcached=28.4%
[monitor] ['31%', '100%', '100%', '100%']  memcached=31.1%
[monitor] ['26%', '100%', '100%', '100%']  memcached=26.1%
[monitor] ['27%', '100%', '100%', '100%']  memcached=27.1%
[monitor] ['70%', '100%', '100%', '100%']  memcached=70.1%
[monitor] ['100%', '100%', '100%', '100%']  memcached=100.0%
[MEMCACHED] cores updated to: ['0', '1', '2']
[vips] cores updated to: [3]
[monitor] ['100%', '69%', '76%', '100%']  memcached=245.1%
[monitor] ['79%', '72%', '98%', '100%']  memcached=250.1%
[monitor] ['88%', '68%', '87%', '100%']  memcached=242.8%
[monitor] ['88%', '69%', '87%', '100%']  memcached=244.3%
[monitor] ['89%', '82%', '80%', '100%']  memcached=251.4%
[monitor] ['73%', '100%', '77%', '100%']  memcached=250.6%
[monitor] ['74%', '100%', '76%', '100%']  memcached=249.5%
[monitor] ['74%', '79%', '93%', '100%']  memcached=245.1%
[monitor] ['88%', '83%', '76%', '100%']  memcached=246.2%
[monitor] ['94%', '71%', '83%', '100%']  memcached=248.2%
[monitor] ['95%', '72%', '83%', '100%']  memcached=250.3%
[monitor] ['81%', '71%', '83%', '100%']  memcached=235.4%
[monitor] ['73%', '70%', '76%', '100%']  memcached=218.8%
[monitor] ['73%', '68%', '76%', '100%']  memcached=216.7%
[monitor] ['63%', '58%', '65%', '100%']  memcached=186.5%
[monitor] ['57%', '51%', '58%', '100%']  memcached=166.6%
[monitor] ['58%', '54%', '59%', '100%']  memcached=170.2%
[monitor] ['57%', '53%', '59%', '100%']  memcached=168.8%
[monitor] ['55%', '50%', '59%', '100%']  memcached=164.5%
[monitor] ['58%', '52%', '59%', '100%']  memcached=169.3%
[monitor] ['58%', '55%', '60%', '100%']  memcached=173.4%
[monitor] ['57%', '51%', '58%', '100%']  memcached=166.7%
[monitor] ['58%', '52%', '59%', '100%']  memcached=170.1%
[monitor] ['56%', '52%', '57%', '100%']  memcached=165.0%
[monitor] ['57%', '52%', '60%', '100%']  memcached=168.8%
[monitor] ['56%', '51%', '58%', '100%']  memcached=164.8%
[monitor] ['58%', '53%', '59%', '100%']  memcached=170.2%
[monitor] ['57%', '54%', '60%', '100%']  memcached=171.3%
[monitor] ['55%', '49%', '59%', '100%']  memcached=163.1%
[monitor] ['78%', '75%', '80%', '100%']  memcached=233.4%
[monitor] ['84%', '79%', '85%', '100%']  memcached=247.7%
[monitor] ['85%', '81%', '87%', '100%']  memcached=253.1%
[monitor] ['84%', '79%', '85%', '100%']  memcached=248.1%
[monitor] ['84%', '78%', '86%', '100%']  memcached=248.1%
[monitor] ['84%', '79%', '85%', '100%']  memcached=247.6%
[monitor] ['84%', '77%', '85%', '100%']  memcached=246.3%
[monitor] ['84%', '78%', '85%', '100%']  memcached=246.9%
[monitor] ['88%', '79%', '94%', '100%']  memcached=260.7%
[monitor] ['93%', '80%', '93%', '100%']  memcached=266.4%
[monitor] ['95%', '80%', '88%', '100%']  memcached=263.2%
[monitor] ['83%', '78%', '85%', '100%']  memcached=247.1%
[monitor] ['83%', '78%', '85%', '100%']  memcached=246.1%
[monitor] ['83%', '77%', '85%', '100%']  memcached=244.1%
[monitor] ['84%', '79%', '86%', '100%']  memcached=248.4%
[monitor] ['35%', '30%', '32%', '100%']  memcached=96.1%
[MEMCACHED] cores updated to: ['0', '2']
[vips] cores updated to: [1, 3]
[monitor] ['28%', '100%', '24%', '100%']  memcached=51.9%
[MEMCACHED] cores updated to: ['0']
[vips] cores updated to: [1, 2, 3]
[monitor] ['44%', '100%', '100%', '100%']  memcached=43.9%
[monitor] ['43%', '100%', '100%', '100%']  memcached=43.2%
[monitor] ['42%', '100%', '100%', '100%']  memcached=41.8%
[monitor] ['42%', '100%', '100%', '100%']  memcached=41.7%
[monitor] ['41%', '100%', '100%', '100%']  memcached=41.1%
[monitor] ['43%', '100%', '100%', '100%']  memcached=43.0%
[monitor] ['41%', '100%', '100%', '100%']  memcached=40.7%
[monitor] ['43%', '28%', '21%', '84%']  memcached=43.2%
[vips] ended.
[MEMCACHED] cores updated to: ['0', '1', '2', '3']
